
--- RSS Fetch Errors at 2026-08-04 00:27:47 ---
Error fetching https://www.drive.com.au/feed/: HTTP Error 403: 
Error fetching https://leetgaming.com/feed/: Failed to perform, curl: (28) Connection timed out after 10002 milliseconds. See https://curl.se/libcurl/c/libcurl-errors.html first for more details.
Error fetching https://cliffhanger.hu/feed: HTTP Error 403: 
Error fetching https://velvet.hu/feed: HTTP Error 404: Not Found
Error fetching https://femina.hu/feed: HTTP Error 404: Not Found
Error fetching https://instylemen.hu/feed: HTTP Error 404: 
Error fetching https://hwsw.hu/hirek/rss: HTTP Error 404: 
[00:27:56] Summarizer: [DownloadWorker-8] SKIP (duplicate title): Mindenki ezt nézi? Az egész világon ráka...
[00:27:59] Summarizer: [Batch] 1 item(s) missing from response → marked for reprocessing
[00:28:16] Summarizer: [Batch] 1 item(s) missing from response → marked for reprocessing
[00:28:24] Summarizer: [DownloadWorker-1] SKIP (duplicate title): Nem hinnénk, de ezt teszi a szőlő a szer...
[00:28:28] Summarizer: [DownloadWorker-5] SKIP (duplicate title): Palesztin zászló miatt vették őrizetbe a...
[00:44:01] Image_Downloader: Download failed (https://storage.googleapis.com/gweb-uniblog-publish-prod/images/Sail_Tower_Carousel_1.width-1300.png): HTTPSConnectionPool(host='storage.googleapis.com', port=443): Read timed out.
[00:44:25] Summarizer: [MissingDetector] ⚠️ PAIRING FAIL: 'https://www.techpowerup.com/351328/lenovo-googlebook-15-renders-appear-months-ahead-of-hang' not found. KEEPING ITEM (Fallback).
[00:44:25] Summarizer: [Batch] 1 item(s) missing from response → marked for reprocessing
[00:44:25] Summarizer: [FreeGeminiAPI_3] ⚠️ PAIRING FAIL: 'https://www.techpowerup.com/351328/lenovo-googlebook-15-renders-appear-months-ahead-of-hang' not found. KEEPING ITEM (Fallback).
[01:00:21] Image_Downloader: Download failed (https://www.techpowerup.com/img/tE5bntrBIUQbCYuy.jpg): ('Connection aborted.', ConnectionResetError(54, 'Connection reset by peer'))
[01:00:58] Summarizer: [DownloadWorker-7] SKIP (duplicate title): 2027-ben ismét egy új taggal bővül a Sam...
[01:10:29] Summarizer: [DownloadWorker-8] SKIP (duplicate title): Bluetti's Popular AC70 768Wh 1,000W LiFe...
[01:26:49] Summarizer: TIMEOUT (180s) - backend call took too long
[01:26:49] Summarizer: [Batch] No response from API (attempt 1/3)
[01:26:53] Summarizer: TIMEOUT (180s) - backend call took too long
[01:26:53] Summarizer: [Batch] No response from API (attempt 1/3)
[01:27:16] Summarizer: [Batch] 1 item(s) missing from response → marked for reprocessing
[01:27:17] Summarizer: [Batch] 3 item(s) missing from response → marked for reprocessing
[01:42:39] Summarizer: [Batch] No response from API (attempt 1/3)
[01:42:54] Summarizer: TIMEOUT (180s) - backend call took too long
[01:42:54] Summarizer: [Batch] No response from API (attempt 1/3)
[01:43:05] Summarizer: [Batch] 1 item(s) missing from response → marked for reprocessing
[01:43:13] Summarizer: [MissingDetector] ⚠️ PAIRING FAIL: 'https://www.portfolio.hu/global/2026/08/03/elkepeszto-pusztitas-gorogorszagban-negyedik-napja-kuzdenek-az-erdotuzekkel-853850' not found. KEEPING ITEM (Fallback).
[01:43:13] Summarizer: [Batch] 1 item(s) missing from response → marked for reprocessing
[01:43:13] Summarizer: [FreeGeminiAPI_1] ⚠️ PAIRING FAIL: 'https://www.portfolio.hu/global/2026/08/03/elkepeszto-pusztitas-gorogorszagban-negyedik-napja-kuzdenek-az-erdotuzekkel-853850' not found. KEEPING ITEM (Fallback).
[01:43:21] Summarizer: [Batch] 1 item(s) missing from response → marked for reprocessing
[01:53:07] Image_Downloader: Download failed (https://cdn.penzcentrum.hu/images/articles/lead/2026/05/1779345234-Rn4jGOJVs_lg.jpg): HTTPSConnectionPool(host='cdn.penzcentrum.hu', port=443): Read timed out.
[02:27:13] Summarizer: TIMEOUT (180s) - backend call took too long
[02:27:13] Summarizer: [Batch] No response from API (attempt 1/3)
[02:45:31] Summarizer: TIMEOUT (180s) - backend call took too long
[02:45:31] Summarizer: [Batch] No response from API (attempt 1/3)
[02:45:32] Summarizer: TIMEOUT (180s) - backend call took too long
[02:45:32] Summarizer: [Batch] No response from API (attempt 1/3)
[03:02:01] Summarizer: [MissingDetector] ⚠️ PAIRING FAIL: 'https://www.pcguru.hu/hirek/pokember-legyozte-a-bosszuallokat-vadonatuj-nap-box-office-eszak-amerikai-marlasinger-/102839' not found. KEEPING ITEM (Fallback).
[03:02:01] Summarizer: [Batch] 1 item(s) missing from response → marked for reprocessing
[03:02:01] Summarizer: [FreeGeminiAPI_3] ⚠️ PAIRING FAIL: 'https://www.pcguru.hu/hirek/pokember-legyozte-a-bosszuallokat-vadonatuj-nap-box-office-eszak-amerikai-marlasinger-/102839' not found. KEEPING ITEM (Fallback).
[03:02:03] Summarizer: [MissingDetector] ⚠️ PAIRING FAIL: 'https://hvg.hu/gazdasag/20260803_hiteltamogatas-garancia-felulvizslaglat' not found. KEEPING ITEM (Fallback).
[03:02:03] Summarizer: [Batch] 1 item(s) missing from response → marked for reprocessing
[03:02:03] Summarizer: [FreeGeminiAPI_1] ⚠️ PAIRING FAIL: 'https://hvg.hu/gazdasag/20260803_hiteltamogatas-garancia-felulvizslaglat' not found. KEEPING ITEM (Fallback).
[03:02:10] Summarizer: [Batch] 1 item(s) missing from response → marked for reprocessing
[03:02:28] Summarizer: [MissingDetector] ⚠️ PAIRING FAIL: 'https://index.hu/belfold/20260803/mandiner-hetilap-kiadas-felfuggesztes-utolso-lapszam-elofizetok-schmidt-maria/' not found. KEEPING ITEM (Fallback).
[03:02:28] Summarizer: [MissingDetector] ⚠️ PAIRING FAIL: 'https://esport1.hu/news/20260803/filmek-es-sorozatok-pokember-vadonatuj-nap-rekord-eszak-amerika-mozi-bosszuallok-vegjatek-marlasinger' not found. KEEPING ITEM (Fallback).
[03:02:28] Summarizer: [Batch] 2 item(s) missing from response → marked for reprocessing
[03:02:28] Summarizer: [FreeGeminiAPI_3] ⚠️ PAIRING FAIL: 'https://index.hu/belfold/20260803/mandiner-hetilap-kiadas-felfuggesztes-utolso-lapszam-elofizetok-schmidt-maria/' not found. KEEPING ITEM (Fallback).
[03:02:28] Summarizer: [FreeGeminiAPI_3] ⚠️ PAIRING FAIL: 'https://esport1.hu/news/20260803/filmek-es-sorozatok-pokember-vadonatuj-nap-rekord-eszak-amerika-mozi-bosszuallok-vegjatek-marlasinger' not found. KEEPING ITEM (Fallback).
[03:02:35] Summarizer: [Batch] 2 item(s) missing from response → marked for reprocessing
[03:02:42] Summarizer: [Batch] 1 item(s) missing from response → marked for reprocessing
[03:19:16] Image_Downloader: Download failed (https://assets-prd.ignimgs.com/2026/07/30/spideybrd-blogroll-1785451040441.jpg?width=1280&format=jpg&auto=webp&quality=80): HTTPSConnectionPool(host='assets-prd.ignimgs.com', port=443): Read timed out.

--- RSS Fetch Errors at 2026-08-04 03:37:51 ---
Error fetching https://www.drive.com.au/feed/: HTTP Error 403: 
Error fetching https://leetgaming.com/feed/: Failed to perform, curl: (28) Connection timed out after 10001 milliseconds. See https://curl.se/libcurl/c/libcurl-errors.html first for more details.
Error fetching https://www.vezess.hu/feed/: Failed to perform, curl: (28) Connection timed out after 10001 milliseconds. See https://curl.se/libcurl/c/libcurl-errors.html first for more details.
Error fetching https://cliffhanger.hu/feed: HTTP Error 403: 
Error fetching https://velvet.hu/feed: HTTP Error 404: Not Found
Error fetching https://femina.hu/feed: HTTP Error 404: Not Found
Error fetching https://instylemen.hu/feed: HTTP Error 404: 
Error fetching https://hwsw.hu/hirek/rss: HTTP Error 404: 
[03:37:56] Summarizer: [DownloadWorker-2] SKIP (duplicate title): Megszűnik a Mandiner című hetilap...
[03:38:02] Summarizer: TIMEOUT (180s) - backend call took too long
[03:38:02] Summarizer: [Batch] No response from API (attempt 2/3)
[03:38:06] Summarizer: [DownloadWorker-0] SKIP (duplicate title): Habony Árpád már egy másik ország lakosa...
[03:38:08] Summarizer: [DownloadWorker-3] SKIP (duplicate title): Sárga tengeralattjáró bukkant fel az apa...
[03:38:09] Summarizer: [Batch] 4 item(s) missing from response → marked for reprocessing
[03:38:10] Summarizer: [DownloadWorker-1] SKIP (duplicate title): 10 AI-Powered Side Hustles: Smart Busine...
[03:38:11] Summarizer: [DownloadWorker-0] SKIP (duplicate title): Ez az angyal őrzi a csillagjegyek bizton...
[03:38:15] Summarizer: [DownloadWorker-7] SKIP (duplicate title): Borízű hang #281: 444-es rendszerváltá...
[03:38:18] Summarizer: [Batch] 2 item(s) missing from response → marked for reprocessing
[03:38:21] Summarizer: [DownloadWorker-8] SKIP (duplicate title): Megszűnik a Mandiner című hetilap...
[03:53:45] Image_Downloader: Download failed (https://i.cdn29.hu/apix_collect_c/ngg_images/2608/03/doom_paint_114031_1_original_760x425_cover.jpg): HTTPSConnectionPool(host='i.cdn29.hu', port=443): Read timed out.
[03:53:45] Summarizer: Reprocessing 5 pairing failures from data.json
[04:43:24] Summarizer: TIMEOUT (180s) - backend call took too long
[04:43:24] Summarizer: [Batch] No response from API (attempt 1/3)
[04:58:49] Summarizer: [Batch] 1 item(s) missing from response → marked for reprocessing
[04:58:56] Summarizer: Reprocessing 5 pairing failures from data.json

--- RSS Fetch Errors at 2026-08-04 06:18:40 ---
Error fetching https://www.drive.com.au/feed/: HTTP Error 403: 
Error fetching https://leetgaming.com/feed/: Failed to perform, curl: (28) Connection timed out after 10003 milliseconds. See https://curl.se/libcurl/c/libcurl-errors.html first for more details.
Error fetching https://www.space.com/feeds/all: Failed to perform, curl: (28) Connection timed out after 10003 milliseconds. See https://curl.se/libcurl/c/libcurl-errors.html first for more details.
Error fetching https://www.livescience.com/feeds/all: Failed to perform, curl: (28) Connection timed out after 10003 milliseconds. See https://curl.se/libcurl/c/libcurl-errors.html first for more details.
Error fetching https://cliffhanger.hu/feed: HTTP Error 403: 
Error fetching https://velvet.hu/feed: HTTP Error 404: Not Found
Error fetching https://femina.hu/feed: HTTP Error 404: Not Found
Error fetching https://hwsw.hu/hirek/rss: HTTP Error 404: 
Error fetching https://instylemen.hu/feed: HTTP Error 404: 
[06:19:12] Summarizer: [DownloadWorker-6] SKIP (duplicate title): Gears Of War: E-Day Beta — How To Play A...
[06:35:54] Summarizer: [DownloadWorker-8] SKIP (duplicate title): Lectric Back to School e-bike sale with ...
[06:36:03] Summarizer: [DownloadWorker-0] SKIP (duplicate title): Beast of Reincarnation review...
[06:36:19] Summarizer: [Batch] 3 item(s) missing from response → marked for reprocessing
[06:36:21] Image_Downloader: Download failed (https://apod.nasa.gov/apod/image/2608/BarnardLoop_Vargas_1080.jpg): 404 Client Error: Not Found for url: https://apod.nasa.gov/apod/image/2608/BarnardLoop_Vargas_1080.jpg
[07:21:19] Summarizer: TIMEOUT (180s) - backend call took too long
[07:21:19] Summarizer: [Batch] No response from API (attempt 1/3)
[07:37:17] Summarizer: TIMEOUT (180s) - backend call took too long
[07:37:17] Summarizer: [Batch] No response from API (attempt 1/3)
[07:37:20] Summarizer: TIMEOUT (180s) - backend call took too long
[07:37:20] Summarizer: [Batch] No response from API (attempt 1/3)
[07:37:39] Summarizer: [MissingDetector] ⚠️ PAIRING FAIL: 'https://cointelegraph.com/news/mastercopy-completes-bvnk-acquisition-stablecoin-push?utm_source=rss_feed&utm_medium=rss&utm_campaign=rss_partner_inbound' not found. KEEPING ITEM (Fallback).
[07:37:39] Summarizer: [Batch] 1 item(s) missing from response → marked for reprocessing
[07:37:39] Summarizer: [FreeGeminiAPI_3] ⚠️ PAIRING FAIL: 'https://cointelegraph.com/news/mastercopy-completes-bvnk-acquisition-stablecoin-push?utm_source=rss_feed&utm_medium=rss&utm_campaign=rss_partner_inbound' not found. KEEPING ITEM (Fallback).
[08:19:24] Summarizer: TIMEOUT (180s) - backend call took too long
[08:19:24] Summarizer: [Batch] No response from API (attempt 1/3)
[08:19:49] Summarizer: Reprocessing 1 pairing failures from data.json

--- RSS Fetch Errors at 2026-08-04 08:39:55 ---
Error fetching https://www.drive.com.au/feed/: HTTP Error 403: 
Error fetching https://leetgaming.com/feed/: Failed to perform, curl: (28) Connection timed out after 10002 milliseconds. See https://curl.se/libcurl/c/libcurl-errors.html first for more details.
Error fetching https://www.pcwplus.hu/site/rss/rss.xml: Failed to perform, curl: (28) Connection timed out after 10003 milliseconds. See https://curl.se/libcurl/c/libcurl-errors.html first for more details.
Error fetching https://pcguru.hu/rss: Failed to perform, curl: (28) Connection timed out after 10003 milliseconds. See https://curl.se/libcurl/c/libcurl-errors.html first for more details.
Error fetching https://cliffhanger.hu/feed: HTTP Error 403: 
Error fetching https://femina.hu/feed: HTTP Error 404: Not Found
Error fetching https://hwsw.hu/hirek/rss: HTTP Error 404: 
Error fetching https://instylemen.hu/feed: HTTP Error 404: 
Error fetching https://velvet.hu/feed: HTTP Error 404: Not Found
[08:55:42] Summarizer: [DownloadWorker-5] SKIP (duplicate title): Visszatérő híradók, újabb melegrekordok...
[08:55:43] Summarizer: [DownloadWorker-3] SKIP (duplicate title): Kvíz: Bajos csajok, Superbad, Juno – fel...
[08:55:46] Summarizer: [DownloadWorker-8] SKIP (duplicate title): Splitben is korlátozták az éjszakai alko...
[08:55:50] Summarizer: [Batch] 3 item(s) missing from response → marked for reprocessing
[08:55:56] Summarizer: [DownloadWorker-7] SKIP (duplicate title): Átvágták a Duna két sarkantyúját...
[08:55:58] Summarizer: [MissingDetector] ⚠️ PAIRING FAIL: 'https://roadster.hu/atadas-elott-az-epulet-ami-attorest-hozhat-magyarorszagon-a-modern-faepiteszet-hangsulyos-faepiteszetben' not found. KEEPING ITEM (Fallback).
[08:55:58] Summarizer: [Batch] 1 item(s) missing from response → marked for reprocessing
[08:55:58] Summarizer: [FreeGeminiAPI_1] ⚠️ PAIRING FAIL: 'https://roadster.hu/atadas-elott-az-epulet-ami-attorest-hozhat-magyarorszagon-a-modern-faepiteszet-hangsulyos-faepiteszetben' not found. KEEPING ITEM (Fallback).
[08:56:07] Summarizer: [Batch] 1 item(s) missing from response → marked for reprocessing
[09:03:06] Summarizer: Reprocessing 1 pairing failures from data.json

--- RSS Fetch Errors at 2026-08-04 12:33:08 ---
Error fetching https://techpowerup.com/rss/news: HTTP Error 403: 
Error fetching https://www.drive.com.au/feed/: HTTP Error 403: 
Error fetching https://leetgaming.com/feed/: Failed to perform, curl: (28) Connection timed out after 10003 milliseconds. See https://curl.se/libcurl/c/libcurl-errors.html first for more details.
Error fetching https://velvet.hu/feed: HTTP Error 404: Not Found
Error fetching https://cliffhanger.hu/feed: HTTP Error 403: 
Error fetching https://instylemen.hu/feed: HTTP Error 404: 
Error fetching https://femina.hu/feed: HTTP Error 404: Not Found
Error fetching https://hwsw.hu/hirek/rss: HTTP Error 404: 
[12:33:16] Summarizer: [DownloadWorker-5] SKIP (duplicate title): Megszűnt a nyomtatott Mandiner...
[12:49:54] Summarizer: [DownloadWorker-6] SKIP (duplicate title): Olcsó áramot hozhatna, mégis rettegünk a...
[12:49:58] Summarizer: [Batch] 1 item(s) missing from response → marked for reprocessing
[12:50:05] Summarizer: [MissingDetector] ⚠️ PAIRING FAIL: 'https://drive.hu/uti-cel/spanyol-falu-teljes-napfogyatkozsa-naplemente/' not found. KEEPING ITEM (Fallback).
[12:50:05] Summarizer: [Batch] 2 item(s) missing from response → marked for reprocessing
[12:50:05] Summarizer: [FreeGeminiAPI_2] ⚠️ PAIRING FAIL: 'https://drive.hu/uti-cel/spanyol-falu-teljes-napfogyatkozsa-naplemente/' not found. KEEPING ITEM (Fallback).
[12:50:10] Summarizer: [DownloadWorker-8] SKIP (duplicate title): Saját céget alapított a TEK éléről levál...
[12:50:11] Summarizer: [Batch] 2 item(s) missing from response → marked for reprocessing
[12:50:14] Summarizer: [Batch] No response from API (attempt 1/3)
[12:50:16] Summarizer: [DownloadWorker-2] SKIP (duplicate title): Délelőtti videó 1.: Star Wars: Visions P...
[12:50:20] Summarizer: [DownloadWorker-4] SKIP (duplicate title): Napi üzenet kedd – 2026. 08. 04....
[12:50:29] Summarizer: [Batch] 1 item(s) missing from response → marked for reprocessing
[12:50:33] Summarizer: [DownloadWorker-6] SKIP (duplicate title): Nem hagyták szó nélkül: Erős Antónia és ...
[12:50:46] Summarizer: [MissingDetector] ⚠️ PAIRING FAIL: 'https://nlc.hu/ezvan/2026/08/04/idojaras-elorejelzes-hoseg-vege-lehules/' not found. KEEPING ITEM (Fallback).
[12:50:46] Summarizer: [Batch] 1 item(s) missing from response → marked for reprocessing
[12:50:46] Summarizer: [FreeGeminiAPI_3] ⚠️ PAIRING FAIL: 'https://nlc.hu/ezvan/2026/08/04/idojaras-elorejelzes-hoseg-vege-lehules/' not found. KEEPING ITEM (Fallback).
[12:50:49] Summarizer: [Batch] 1 item(s) missing from response → marked for reprocessing
[12:50:56] Summarizer: [Batch] 1 item(s) missing from response → marked for reprocessing
[12:51:09] Summarizer: [MissingDetector] ⚠️ PAIRING FAIL: 'https://www.vezess.hu/hirek/2026/08/04/ujabb-bejelentes-az-energiahelyzet-leallnak-az-automosok-magyarorszagon/' not found. KEEPING ITEM (Fallback).
[12:51:09] Summarizer: [Batch] 2 item(s) missing from response → marked for reprocessing
[12:51:09] Summarizer: [FreeGeminiAPI_2] ⚠️ PAIRING FAIL: 'https://www.vezess.hu/hirek/2026/08/04/ujabb-bejelentes-az-energiahelyzet-leallnak-az-automosok-magyarorszagon/' not found. KEEPING ITEM (Fallback).
[12:51:11] Summarizer: [Batch] 1 item(s) missing from response → marked for reprocessing
[12:51:20] Summarizer: [MissingDetector] ⚠️ PAIRING FAIL: 'https://www.penzcentrum.hu/vilag/2026/08/04/nincs-mese-dontottek-a-szigoritasrol-a-migransaradat-utan-fizikai-akadalyokkal-vedenek-meg-europa-hatarait-1203360' not found. KEEPING ITEM (Fallback).
[12:51:20] Summarizer: [Batch] 1 item(s) missing from response → marked for reprocessing
[12:51:20] Summarizer: [FreeGeminiAPI_1] ⚠️ PAIRING FAIL: 'https://www.penzcentrum.hu/vilag/2026/08/04/nincs-mese-dontottek-a-szigoritasrol-a-migransaradat-utan-fizikai-akadalyokkal-vedenek-meg-europa-hatarait-1203360' not found. KEEPING ITEM (Fallback).
[12:51:26] Image_Downloader: Download failed (https://pcdn.hu/articles/images-lg/s/z/e/szennyviz-381788.jpg): HTTPSConnectionPool(host='pcdn.hu', port=443): Read timed out. (read timeout=5)
[12:51:27] Image_Downloader: Download failed (https://roadster.hu/uploads/2025/07/Nagymarosi_Iskola_0001.jpg): HTTPSConnectionPool(host='roadster.hu', port=443): Read timed out. (read timeout=5)
[12:51:28] Summarizer: [MissingDetector] ⚠️ PAIRING FAIL: 'https://www.mafab.hu/reviews/546262-intellektualis-odusszeusz-nolantof' not found. KEEPING ITEM (Fallback).
[12:51:28] Summarizer: [Batch] 1 item(s) missing from response → marked for reprocessing
[12:51:28] Summarizer: [FreeGeminiAPI_1] ⚠️ PAIRING FAIL: 'https://www.mafab.hu/reviews/546262-intellektualis-odusszeusz-nolantof' not found. KEEPING ITEM (Fallback).
[12:51:33] Summarizer: [Batch] 1 item(s) missing from response → marked for reprocessing
[12:51:38] Image_Downloader: Download failed (https://i.cdn29.hu/apix_collect_c/ngg_images/2608/03/paladins_132809_1_original_760x425_cover.jpg): HTTPSConnectionPool(host='i.cdn29.hu', port=443): Read timed out. (read timeout=5)
[12:51:47] Image_Downloader: Download failed (https://kep.cdn.index.hu/1/0/7083/70835/708357/70835729_5224689_0b9e36b86ec8199a36117da108767a92_wm.jpg): HTTPSConnectionPool(host='kep.cdn.index.hu', port=443): Read timed out. (read timeout=5)
[12:52:11] Image_Downloader: Download failed (https://kep.cdn.index.hu/1/0/7083/70837/708370/70837025_5224787_d5b46c920ce77b5eebf1014c04f74a39_wm.jpg): HTTPSConnectionPool(host='kep.cdn.index.hu', port=443): Read timed out. (read timeout=5)
[12:52:11] Summarizer: Reprocessing 5 pairing failures from data.json
[12:52:46] Image_Downloader: Download failed (https://img2.index.hu/img/1/2/3858/38582/3858277/38582776_b9f848c8b67b14092b7636e09c379a66_wm.jpg): HTTPSConnectionPool(host='img2.index.hu', port=443): Max retries exceeded with url: /img/1/2/3858/38582/3858277/38582776_b9f848c8b67b14092b7636e09c379a66_wm.jpg (Caused by NameResolutionError("HTTPSConnection(host='img2.index.hu', port=443): Failed to resolve 'img2.index.hu' ([Errno 8] nodename nor servname provided, or not known)"))
[12:52:46] Image_Downloader: Download failed (https://raw.githubusercontent.com/Derushir/Kepek/main/67c6357751300334f52e35f893ac854f/news/energetikai-felujitas-regi-panziokban-a-vendegelmeny-es-a-ko.jpg): 404 Client Error: Not Found for url: https://raw.githubusercontent.com/Derushir/Kepek/main/67c6357751300334f52e35f893ac854f/news/energetikai-felujitas-regi-panziokban-a-vendegelmeny-es-a-ko.jpg
[12:52:46] Image_Downloader: Download failed (https://raw.githubusercontent.com/Derushir/Kepek/main/67c6357751300334f52e35f893ac854f/news/vizkorlatozasok-a-shellnel-az-extrem-hoseg-miatt.jpg): 404 Client Error: Not Found for url: https://raw.githubusercontent.com/Derushir/Kepek/main/67c6357751300334f52e35f893ac854f/news/vizkorlatozasok-a-shellnel-az-extrem-hoseg-miatt.jpg
[12:52:46] Image_Downloader: Download failed (https://raw.githubusercontent.com/Derushir/Kepek/main/67c6357751300334f52e35f893ac854f/news/forgalomtechnikai-valtozasok-a-budapesti-jozsef-koruton-szep.jpg): 404 Client Error: Not Found for url: https://raw.githubusercontent.com/Derushir/Kepek/main/67c6357751300334f52e35f893ac854f/news/forgalomtechnikai-valtozasok-a-budapesti-jozsef-koruton-szep.jpg
[12:52:46] Image_Downloader: Download failed (https://raw.githubusercontent.com/Derushir/Kepek/main/67c6357751300334f52e35f893ac854f/news/orszagos-ellenorzessorozat-indult-a-magyarorszagi-akkumulato.jpg): 404 Client Error: Not Found for url: https://raw.githubusercontent.com/Derushir/Kepek/main/67c6357751300334f52e35f893ac854f/news/orszagos-ellenorzessorozat-indult-a-magyarorszagi-akkumulato.jpg
[12:52:46] Image_Downloader: Download failed (https://raw.githubusercontent.com/Derushir/Kepek/main/67c6357751300334f52e35f893ac854f/news/traktort-lopott-egy-belga-ferfi-boszenfan-hogy-hazajusson.jpg): 404 Client Error: Not Found for url: https://raw.githubusercontent.com/Derushir/Kepek/main/67c6357751300334f52e35f893ac854f/news/traktort-lopott-egy-belga-ferfi-boszenfan-hogy-hazajusson.jpg
[12:52:46] Image_Downloader: Download failed (https://raw.githubusercontent.com/Derushir/Kepek/main/67c6357751300334f52e35f893ac854f/news/emelkedesnek-indult-a-duna-vizszintje-paksnal-elkerultek-a-l.jpg): 404 Client Error: Not Found for url: https://raw.githubusercontent.com/Derushir/Kepek/main/67c6357751300334f52e35f893ac854f/news/emelkedesnek-indult-a-duna-vizszintje-paksnal-elkerultek-a-l.jpg
[12:52:47] Image_Downloader: Download failed (https://raw.githubusercontent.com/Derushir/Kepek/main/67c6357751300334f52e35f893ac854f/news/eletveszelyes-seruleseket-okozo-robbanas-tortent-egy-horvat-.jpg): 404 Client Error: Not Found for url: https://raw.githubusercontent.com/Derushir/Kepek/main/67c6357751300334f52e35f893ac854f/news/eletveszelyes-seruleseket-okozo-robbanas-tortent-egy-horvat-.jpg
[12:52:47] Image_Downloader: Download failed (https://raw.githubusercontent.com/Derushir/Kepek/main/67c6357751300334f52e35f893ac854f/news/magyarorszagon-volt-a-legmelegebb-europaban-40-fokos-csucser.jpg): 404 Client Error: Not Found for url: https://raw.githubusercontent.com/Derushir/Kepek/main/67c6357751300334f52e35f893ac854f/news/magyarorszagon-volt-a-legmelegebb-europaban-40-fokos-csucser.jpg
[12:52:47] Image_Downloader: Download failed (https://raw.githubusercontent.com/Derushir/Kepek/main/67c6357751300334f52e35f893ac854f/news/visszavonta-a-kozmedia-a-kinevezett-foszerkeszto-es-musorvez.jpg): 404 Client Error: Not Found for url: https://raw.githubusercontent.com/Derushir/Kepek/main/67c6357751300334f52e35f893ac854f/news/visszavonta-a-kozmedia-a-kinevezett-foszerkeszto-es-musorvez.jpg
[12:52:47] Image_Downloader: Download failed (https://raw.githubusercontent.com/Derushir/Kepek/main/67c6357751300334f52e35f893ac854f/news/kulonleges-jogszabalyok-menten-utazhat-biztonsagi-ov-nelkul-.jpg): 404 Client Error: Not Found for url: https://raw.githubusercontent.com/Derushir/Kepek/main/67c6357751300334f52e35f893ac854f/news/kulonleges-jogszabalyok-menten-utazhat-biztonsagi-ov-nelkul-.jpg
[12:52:47] Image_Downloader: Download failed (https://penzcentrum.hu/res/image/cikk/1114467/ceuta_migracio_large.jpg): 404 Client Error: Not Found for url: https://www.penzcentrum.hu/res/image/cikk/1114467/ceuta_migracio_large.jpg
[12:52:48] Image_Downloader: Download failed (https://raw.githubusercontent.com/Derushir/Kepek/main/67c6357751300334f52e35f893ac854f/news/sulyos-birsagok-jarnak-a-mentosav-szabalytalan-hasznalataert.jpg): 404 Client Error: Not Found for url: https://raw.githubusercontent.com/Derushir/Kepek/main/67c6357751300334f52e35f893ac854f/news/sulyos-birsagok-jarnak-a-mentosav-szabalytalan-hasznalataert.jpg
[12:52:48] Image_Downloader: Download failed (https://raw.githubusercontent.com/Derushir/Kepek/main/67c6357751300334f52e35f893ac854f/news/gajdos-tamas-jogi-lepeseket-tesz-a-tv2-vel-szemben-a-meghius.jpg): 404 Client Error: Not Found for url: https://raw.githubusercontent.com/Derushir/Kepek/main/67c6357751300334f52e35f893ac854f/news/gajdos-tamas-jogi-lepeseket-tesz-a-tv2-vel-szemben-a-meghius.jpg
[12:52:48] Image_Downloader: Download failed (https://raw.githubusercontent.com/Derushir/Kepek/main/67c6357751300334f52e35f893ac854f/news/barack-obama-65-eves-merfoldkovek-az-egyesult-allamok-44-eln.jpg): 404 Client Error: Not Found for url: https://raw.githubusercontent.com/Derushir/Kepek/main/67c6357751300334f52e35f893ac854f/news/barack-obama-65-eves-merfoldkovek-az-egyesult-allamok-44-eln.jpg
[12:52:49] Image_Downloader: Download failed (https://raw.githubusercontent.com/Derushir/Kepek/main/67c6357751300334f52e35f893ac854f/news/tortenelmi-melysegben-a-duna-vizszintje-rekordalacsony-vizal.jpg): 404 Client Error: Not Found for url: https://raw.githubusercontent.com/Derushir/Kepek/main/67c6357751300334f52e35f893ac854f/news/tortenelmi-melysegben-a-duna-vizszintje-rekordalacsony-vizal.jpg
[12:52:49] Image_Downloader: Download failed (https://raw.githubusercontent.com/Derushir/Kepek/main/67c6357751300334f52e35f893ac854f/news/surgos-viztakarekossagra-szolitottak-fel-orbottyan-lakoit-eg.jpg): 404 Client Error: Not Found for url: https://raw.githubusercontent.com/Derushir/Kepek/main/67c6357751300334f52e35f893ac854f/news/surgos-viztakarekossagra-szolitottak-fel-orbottyan-lakoit-eg.jpg
[12:52:50] Image_Downloader: Download failed (https://raw.githubusercontent.com/Derushir/Kepek/main/67c6357751300334f52e35f893ac854f/news/zsarolas-es-fenyegetes-miatt-vadat-emeltek-egy-volt-alkalmaz.jpg): 404 Client Error: Not Found for url: https://raw.githubusercontent.com/Derushir/Kepek/main/67c6357751300334f52e35f893ac854f/news/zsarolas-es-fenyegetes-miatt-vadat-emeltek-egy-volt-alkalmaz.jpg
[12:52:50] Image_Downloader: Download failed (https://raw.githubusercontent.com/Derushir/Kepek/main/67c6357751300334f52e35f893ac854f/news/rendorsegi-akcio-az-m0-son-birsagoljak-a-leallosavot-szabaly.jpg): 404 Client Error: Not Found for url: https://raw.githubusercontent.com/Derushir/Kepek/main/67c6357751300334f52e35f893ac854f/news/rendorsegi-akcio-az-m0-son-birsagoljak-a-leallosavot-szabaly.jpg
[12:52:50] Image_Downloader: Download failed (https://raw.githubusercontent.com/Derushir/Kepek/main/67c6357751300334f52e35f893ac854f/news/kozeledik-az-ai-szingularitas-a-technologiai-vezetok-szerint.jpg): 404 Client Error: Not Found for url: https://raw.githubusercontent.com/Derushir/Kepek/main/67c6357751300334f52e35f893ac854f/news/kozeledik-az-ai-szingularitas-a-technologiai-vezetok-szerint.jpg
[12:52:50] Image_Downloader: Download failed (https://raw.githubusercontent.com/Derushir/Kepek/main/67c6357751300334f52e35f893ac854f/news/az-audi-bemutatta-az-a2-e-tron-modellt-amely-a-marka-leghate.jpg): 404 Client Error: Not Found for url: https://raw.githubusercontent.com/Derushir/Kepek/main/67c6357751300334f52e35f893ac854f/news/az-audi-bemutatta-az-a2-e-tron-modellt-amely-a-marka-leghate.jpg
[12:52:50] Image_Downloader: Download failed (https://drive.hu/assets/images/placeholder.jpg): 404 Client Error: Not Found for url: https://drive.hu/assets/images/placeholder.jpg
[12:52:51] Image_Downloader: Download failed (https://raw.githubusercontent.com/Derushir/Kepek/main/67c6357751300334f52e35f893ac854f/news/miert-valt-legendava-a-mercedes-egyszeru-de-elnyuhetetlen-om.jpg): 404 Client Error: Not Found for url: https://raw.githubusercontent.com/Derushir/Kepek/main/67c6357751300334f52e35f893ac854f/news/miert-valt-legendava-a-mercedes-egyszeru-de-elnyuhetetlen-om.jpg
[12:52:51] Image_Downloader: Download failed (https://raw.githubusercontent.com/Derushir/Kepek/main/67c6357751300334f52e35f893ac854f/news/iphone-es-windows-kozotti-vagolap-szinkronizalas-keszul.jpg): 404 Client Error: Not Found for url: https://raw.githubusercontent.com/Derushir/Kepek/main/67c6357751300334f52e35f893ac854f/news/iphone-es-windows-kozotti-vagolap-szinkronizalas-keszul.jpg
[12:52:52] Image_Downloader: Download failed (https://raw.githubusercontent.com/Derushir/Kepek/main/67c6357751300334f52e35f893ac854f/news/lenovo-googlebook-ai-kozpontu-kialakitas-es-fizikai-kamerata.png): 404 Client Error: Not Found for url: https://raw.githubusercontent.com/Derushir/Kepek/main/67c6357751300334f52e35f893ac854f/news/lenovo-googlebook-ai-kozpontu-kialakitas-es-fizikai-kamerata.png
[12:52:52] Image_Downloader: Download failed (https://raw.githubusercontent.com/Derushir/Kepek/main/67c6357751300334f52e35f893ac854f/news/az-alaplapokhoz-mellekelt-m2-es-hutobordak-gyakran-rontjak-a.jpg): 404 Client Error: Not Found for url: https://raw.githubusercontent.com/Derushir/Kepek/main/67c6357751300334f52e35f893ac854f/news/az-alaplapokhoz-mellekelt-m2-es-hutobordak-gyakran-rontjak-a.jpg
[12:52:53] Image_Downloader: Download failed (https://raw.githubusercontent.com/Derushir/Kepek/main/67c6357751300334f52e35f893ac854f/news/hajtomu-minosegi-problemak-miatt-irt-ki-uj-palyazatot-az-ame.jpg): 404 Client Error: Not Found for url: https://raw.githubusercontent.com/Derushir/Kepek/main/67c6357751300334f52e35f893ac854f/news/hajtomu-minosegi-problemak-miatt-irt-ki-uj-palyazatot-az-ame.jpg
[12:52:53] Image_Downloader: Download failed (https://www.techpowerup.com): 403 Client Error: Forbidden for url: https://www.techpowerup.com/
[12:52:53] Image_Downloader: Download failed (https://raw.githubusercontent.com/Derushir/Kepek/main/67c6357751300334f52e35f893ac854f/news/a-tesla-elerte-a-10-millios-darabszamot-az-elektromos-autok-.jpg): 404 Client Error: Not Found for url: https://raw.githubusercontent.com/Derushir/Kepek/main/67c6357751300334f52e35f893ac854f/news/a-tesla-elerte-a-10-millios-darabszamot-az-elektromos-autok-.jpg
[12:52:53] Image_Downloader: Download failed (https://raw.githubusercontent.com/Derushir/Kepek/main/67c6357751300334f52e35f893ac854f/news/tomeges-csatornatorles-a-youtube-on-az-erotikus-asmr-tartalm.jpg): 404 Client Error: Not Found for url: https://raw.githubusercontent.com/Derushir/Kepek/main/67c6357751300334f52e35f893ac854f/news/tomeges-csatornatorles-a-youtube-on-az-erotikus-asmr-tartalm.jpg
[12:52:54] Image_Downloader: Download failed (https://raw.githubusercontent.com/Derushir/Kepek/main/67c6357751300334f52e35f893ac854f/news/nyaron-is-kulcsfontossagu-a-hoszigeteles-akar-80-szazalekkal.jpg): 404 Client Error: Not Found for url: https://raw.githubusercontent.com/Derushir/Kepek/main/67c6357751300334f52e35f893ac854f/news/nyaron-is-kulcsfontossagu-a-hoszigeteles-akar-80-szazalekkal.jpg
[12:52:54] Image_Downloader: Download failed (https://roadster.hu/wp-content/uploads/2024/09/budapest-school-nagymaros-01.jpg): 404 Client Error: Not Found for url: https://roadster.hu/wp-content/uploads/2024/09/budapest-school-nagymaros-01.jpg
[12:52:54] Image_Downloader: Download failed (https://raw.githubusercontent.com/Derushir/Kepek/main/67c6357751300334f52e35f893ac854f/news/uj-whatsapp-csalas-terjed-amihez-nem-kell-jelszo.jpg): 404 Client Error: Not Found for url: https://raw.githubusercontent.com/Derushir/Kepek/main/67c6357751300334f52e35f893ac854f/news/uj-whatsapp-csalas-terjed-amihez-nem-kell-jelszo.jpg
[12:52:54] Image_Downloader: Download failed (https://raw.githubusercontent.com/Derushir/Kepek/main/67c6357751300334f52e35f893ac854f/news/a-kozossegi-platformok-gyerekvedelmi-funkcioinak-tobbsege-me.jpg): 404 Client Error: Not Found for url: https://raw.githubusercontent.com/Derushir/Kepek/main/67c6357751300334f52e35f893ac854f/news/a-kozossegi-platformok-gyerekvedelmi-funkcioinak-tobbsege-me.jpg
[12:52:55] Image_Downloader: Download failed (https://raw.githubusercontent.com/Derushir/Kepek/main/67c6357751300334f52e35f893ac854f/news/lamborghini-revuelto-miura-60-limitalt-szerias-tisztelges-a-.jpg): 404 Client Error: Not Found for url: https://raw.githubusercontent.com/Derushir/Kepek/main/67c6357751300334f52e35f893ac854f/news/lamborghini-revuelto-miura-60-limitalt-szerias-tisztelges-a-.jpg
[12:52:56] Image_Downloader: Download failed (https://raw.githubusercontent.com/Derushir/Kepek/main/67c6357751300334f52e35f893ac854f/news/a-mesterseges-intelligencia-veszelyes-szervilizmusa-parkapcs.jpg): 404 Client Error: Not Found for url: https://raw.githubusercontent.com/Derushir/Kepek/main/67c6357751300334f52e35f893ac854f/news/a-mesterseges-intelligencia-veszelyes-szervilizmusa-parkapcs.jpg
[12:52:56] Image_Downloader: Download failed (https://raw.githubusercontent.com/Derushir/Kepek/main/67c6357751300334f52e35f893ac854f/news/11-ezer-eves-klimaarchivum-a-balaton-multbeli-aszalyai-figye.jpg): 404 Client Error: Not Found for url: https://raw.githubusercontent.com/Derushir/Kepek/main/67c6357751300334f52e35f893ac854f/news/11-ezer-eves-klimaarchivum-a-balaton-multbeli-aszalyai-figye.jpg
[12:52:56] Image_Downloader: Download failed (https://raw.githubusercontent.com/Derushir/Kepek/main/67c6357751300334f52e35f893ac854f/news/windows-feladatkezelo-macre-dave-plummer-projektje-beta-verz.jpg): 404 Client Error: Not Found for url: https://raw.githubusercontent.com/Derushir/Kepek/main/67c6357751300334f52e35f893ac854f/news/windows-feladatkezelo-macre-dave-plummer-projektje-beta-verz.jpg
[12:52:56] Image_Downloader: Download failed (https://raw.githubusercontent.com/Derushir/Kepek/main/67c6357751300334f52e35f893ac854f/news/sky-watcher-heliostar-76mm-professzionalis-napmegfigyeles-ot.jpg): 404 Client Error: Not Found for url: https://raw.githubusercontent.com/Derushir/Kepek/main/67c6357751300334f52e35f893ac854f/news/sky-watcher-heliostar-76mm-professzionalis-napmegfigyeles-ot.jpg
[12:52:56] Image_Downloader: Download failed (https://raw.githubusercontent.com/Derushir/Kepek/main/67c6357751300334f52e35f893ac854f/news/darren-aronofsky-ai-studiot-alapit-a-filmgyartasi-koltsegek-.jpg): 404 Client Error: Not Found for url: https://raw.githubusercontent.com/Derushir/Kepek/main/67c6357751300334f52e35f893ac854f/news/darren-aronofsky-ai-studiot-alapit-a-filmgyartasi-koltsegek-.jpg
[12:52:57] Image_Downloader: Download failed (https://raw.githubusercontent.com/Derushir/Kepek/main/67c6357751300334f52e35f893ac854f/news/nilusi-ludak-parazitaltak-egy-koronas-sas-feszket-del-afrika.jpg): 404 Client Error: Not Found for url: https://raw.githubusercontent.com/Derushir/Kepek/main/67c6357751300334f52e35f893ac854f/news/nilusi-ludak-parazitaltak-egy-koronas-sas-feszket-del-afrika.jpg
[12:52:58] Image_Downloader: Download failed (https://raw.githubusercontent.com/Derushir/Kepek/main/67c6357751300334f52e35f893ac854f/news/a-vizhiany-es-az-aszalyok-uj-ipari-infrastruktura-kiepiteset.jpg): 404 Client Error: Not Found for url: https://raw.githubusercontent.com/Derushir/Kepek/main/67c6357751300334f52e35f893ac854f/news/a-vizhiany-es-az-aszalyok-uj-ipari-infrastruktura-kiepiteset.jpg
[12:53:00] Image_Downloader: Download failed (https://raw.githubusercontent.com/Derushir/Kepek/main/67c6357751300334f52e35f893ac854f/news/augusztus-12-en-teljes-napfogyatkozas-a-kozmikus-veletlenek-.jpg): 404 Client Error: Not Found for url: https://raw.githubusercontent.com/Derushir/Kepek/main/67c6357751300334f52e35f893ac854f/news/augusztus-12-en-teljes-napfogyatkozas-a-kozmikus-veletlenek-.jpg
[12:53:01] Image_Downloader: Download failed (https://raw.githubusercontent.com/Derushir/Kepek/main/67c6357751300334f52e35f893ac854f/news/hasznos-befektetes-lehet-az-50-dollaros-hasznalt-tavcso.jpg): 404 Client Error: Not Found for url: https://raw.githubusercontent.com/Derushir/Kepek/main/67c6357751300334f52e35f893ac854f/news/hasznos-befektetes-lehet-az-50-dollaros-hasznalt-tavcso.jpg
[12:53:01] Image_Downloader: Download failed (https://raw.githubusercontent.com/Derushir/Kepek/main/67c6357751300334f52e35f893ac854f/news/digitalis-kornyezetvedelmi-monitorozassal-noveli-az-elszamol.jpg): 404 Client Error: Not Found for url: https://raw.githubusercontent.com/Derushir/Kepek/main/67c6357751300334f52e35f893ac854f/news/digitalis-kornyezetvedelmi-monitorozassal-noveli-az-elszamol.jpg
[12:53:03] Image_Downloader: Download failed (https://raw.githubusercontent.com/Derushir/Kepek/main/67c6357751300334f52e35f893ac854f/news/a-szuloi-szorongas-a-gyermekbetegsegekkel-szemben-nehezen-cs.png): 404 Client Error: Not Found for url: https://raw.githubusercontent.com/Derushir/Kepek/main/67c6357751300334f52e35f893ac854f/news/a-szuloi-szorongas-a-gyermekbetegsegekkel-szemben-nehezen-cs.png
[12:53:04] Image_Downloader: Download failed (https://raw.githubusercontent.com/Derushir/Kepek/main/67c6357751300334f52e35f893ac854f/news/40-milliard-forintot-koltott-kulfoldi-ingatlanokra-a-magyar-.jpg): 404 Client Error: Not Found for url: https://raw.githubusercontent.com/Derushir/Kepek/main/67c6357751300334f52e35f893ac854f/news/40-milliard-forintot-koltott-kulfoldi-ingatlanokra-a-magyar-.jpg
[12:53:05] Image_Downloader: Download failed (https://raw.githubusercontent.com/Derushir/Kepek/main/67c6357751300334f52e35f893ac854f/news/250-golya-gyulekezik-kiskunhalas-kornyeken-a-vandorlas-elott.jpg): HTTPSConnectionPool(host='raw.githubusercontent.com', port=443): Read timed out. (read timeout=5)
[12:53:05] Image_Downloader: Download failed (https://raw.githubusercontent.com/Derushir/Kepek/main/67c6357751300334f52e35f893ac854f/news/geologiai-folyamatok-allhatnak-az-antarktisz-korai-eljegesed.jpg): HTTPSConnectionPool(host='raw.githubusercontent.com', port=443): Read timed out. (read timeout=5)
[12:53:06] Image_Downloader: Download failed (https://raw.githubusercontent.com/Derushir/Kepek/main/67c6357751300334f52e35f893ac854f/news/tobb-szazezer-forintba-is-kerulhet-egy-apro-parkolasi-koccan.jpg): HTTPSConnectionPool(host='raw.githubusercontent.com', port=443): Read timed out. (read timeout=5)
[12:53:07] Image_Downloader: Download failed (https://raw.githubusercontent.com/Derushir/Kepek/main/67c6357751300334f52e35f893ac854f/news/a-goldman-sachs-szerint-80-90-dollar-korul-maradhat-az-olaja.jpg): 404 Client Error: Not Found for url: https://raw.githubusercontent.com/Derushir/Kepek/main/67c6357751300334f52e35f893ac854f/news/a-goldman-sachs-szerint-80-90-dollar-korul-maradhat-az-olaja.jpg
[12:53:08] Image_Downloader: Download failed (https://raw.githubusercontent.com/Derushir/Kepek/main/67c6357751300334f52e35f893ac854f/news/birosagi-dontes-a-kalshi-kontra-cftc-ugyben-tovabb-folytatod.jpg): 404 Client Error: Not Found for url: https://raw.githubusercontent.com/Derushir/Kepek/main/67c6357751300334f52e35f893ac854f/news/birosagi-dontes-a-kalshi-kontra-cftc-ugyben-tovabb-folytatod.jpg
[12:53:08] Image_Downloader: Download failed (https://raw.githubusercontent.com/Derushir/Kepek/main/67c6357751300334f52e35f893ac854f/news/kozeliti-egymast-a-forint-piaci-es-elmeleti-arfolyama-a-big-.jpg): 404 Client Error: Not Found for url: https://raw.githubusercontent.com/Derushir/Kepek/main/67c6357751300334f52e35f893ac854f/news/kozeliti-egymast-a-forint-piaci-es-elmeleti-arfolyama-a-big-.jpg
[12:53:09] Image_Downloader: Download failed (https://raw.githubusercontent.com/Derushir/Kepek/main/67c6357751300334f52e35f893ac854f/news/a-hatekonysag-kulcsa-nem-a-gyorsasag-hanem-a-fokuszalt-munka.jpg): 404 Client Error: Not Found for url: https://raw.githubusercontent.com/Derushir/Kepek/main/67c6357751300334f52e35f893ac854f/news/a-hatekonysag-kulcsa-nem-a-gyorsasag-hanem-a-fokuszalt-munka.jpg
[12:53:09] Image_Downloader: Download failed (https://raw.githubusercontent.com/Derushir/Kepek/main/67c6357751300334f52e35f893ac854f/news/kulfoldi-munkavegzes-igy-nem-veszitjuk-el-a-nyugdijjogosults.jpg): 404 Client Error: Not Found for url: https://raw.githubusercontent.com/Derushir/Kepek/main/67c6357751300334f52e35f893ac854f/news/kulfoldi-munkavegzes-igy-nem-veszitjuk-el-a-nyugdijjogosults.jpg
[12:53:10] Image_Downloader: Download failed (https://raw.githubusercontent.com/Derushir/Kepek/main/67c6357751300334f52e35f893ac854f/news/kulon-csomagban-ertekesitheti-magyarorszagi-halozatat-a-tesc.jpg): 404 Client Error: Not Found for url: https://raw.githubusercontent.com/Derushir/Kepek/main/67c6357751300334f52e35f893ac854f/news/kulon-csomagban-ertekesitheti-magyarorszagi-halozatat-a-tesc.jpg
[12:53:10] Image_Downloader: Download failed (https://raw.githubusercontent.com/Derushir/Kepek/main/67c6357751300334f52e35f893ac854f/news/a-bizalmi-deficit-es-a-multbeli-szabalyozasok-akadalyozzak-a.jpg): 404 Client Error: Not Found for url: https://raw.githubusercontent.com/Derushir/Kepek/main/67c6357751300334f52e35f893ac854f/news/a-bizalmi-deficit-es-a-multbeli-szabalyozasok-akadalyozzak-a.jpg
[12:53:10] Image_Downloader: Download failed (https://raw.githubusercontent.com/Derushir/Kepek/main/67c6357751300334f52e35f893ac854f/news/napfogyatkozas-izlandon-lathatok-lesznek-e-az-eszaki-fenyek.jpg): 404 Client Error: Not Found for url: https://raw.githubusercontent.com/Derushir/Kepek/main/67c6357751300334f52e35f893ac854f/news/napfogyatkozas-izlandon-lathatok-lesznek-e-az-eszaki-fenyek.jpg
[12:53:10] Image_Downloader: Download failed (https://raw.githubusercontent.com/Derushir/Kepek/main/67c6357751300334f52e35f893ac854f/news/a-chery-az-elso-kinai-gyarto-amely-elerte-a-20-millios-elada.jpg): HTTPSConnectionPool(host='raw.githubusercontent.com', port=443): Read timed out. (read timeout=5)
[12:53:12] Image_Downloader: Download failed (https://raw.githubusercontent.com/Derushir/Kepek/main/67c6357751300334f52e35f893ac854f/news/evi-200-ezer-dollaros-jovedelemig-ingyenes-lesz-a-kepzes-a-r.jpg): 404 Client Error: Not Found for url: https://raw.githubusercontent.com/Derushir/Kepek/main/67c6357751300334f52e35f893ac854f/news/evi-200-ezer-dollaros-jovedelemig-ingyenes-lesz-a-kepzes-a-r.jpg
[12:53:13] Image_Downloader: Download failed (https://raw.githubusercontent.com/Derushir/Kepek/main/67c6357751300334f52e35f893ac854f/news/szeptembertol-indul-a-kotelezo-nyugtaadat-szolgaltatas-a-mag.jpg): 404 Client Error: Not Found for url: https://raw.githubusercontent.com/Derushir/Kepek/main/67c6357751300334f52e35f893ac854f/news/szeptembertol-indul-a-kotelezo-nyugtaadat-szolgaltatas-a-mag.jpg
[12:53:13] Image_Downloader: Download failed (https://raw.githubusercontent.com/Derushir/Kepek/main/67c6357751300334f52e35f893ac854f/news/miert-valtak-megbizhatatlanna-az-oteves-karriertervek.jpg): 404 Client Error: Not Found for url: https://raw.githubusercontent.com/Derushir/Kepek/main/67c6357751300334f52e35f893ac854f/news/miert-valtak-megbizhatatlanna-az-oteves-karriertervek.jpg
[12:53:15] Image_Downloader: Download failed (https://raw.githubusercontent.com/Derushir/Kepek/main/67c6357751300334f52e35f893ac854f/news/anya-taylor-joy-a-szineszi-modszerek-nem-igazoljak-a-tisztel.jpg): 404 Client Error: Not Found for url: https://raw.githubusercontent.com/Derushir/Kepek/main/67c6357751300334f52e35f893ac854f/news/anya-taylor-joy-a-szineszi-modszerek-nem-igazoljak-a-tisztel.jpg
[12:53:16] Image_Downloader: Download failed (https://raw.githubusercontent.com/Derushir/Kepek/main/67c6357751300334f52e35f893ac854f/news/22-millio-dollaros-karteritesi-alap-nyilt-az-equifax-2022-es.jpg): HTTPSConnectionPool(host='raw.githubusercontent.com', port=443): Read timed out. (read timeout=5)
[12:53:17] Image_Downloader: Download failed (https://raw.githubusercontent.com/Derushir/Kepek/main/67c6357751300334f52e35f893ac854f/news/a-pokember-vadonatuj-nap-a-legerettebb-tom-holland-film-az-m.jpg): 404 Client Error: Not Found for url: https://raw.githubusercontent.com/Derushir/Kepek/main/67c6357751300334f52e35f893ac854f/news/a-pokember-vadonatuj-nap-a-legerettebb-tom-holland-film-az-m.jpg
[12:53:17] Image_Downloader: Download failed (https://raw.githubusercontent.com/Derushir/Kepek/main/67c6357751300334f52e35f893ac854f/news/vadito-ejszakak-parkapcsolati-tabukat-dontogeto-vigjatek-az-.jpg): HTTPSConnectionPool(host='raw.githubusercontent.com', port=443): Read timed out. (read timeout=5)
[12:53:18] Image_Downloader: Download failed (https://raw.githubusercontent.com/Derushir/Kepek/main/67c6357751300334f52e35f893ac854f/news/tom-cruise-eloregitett-kulsovel-ter-vissza-a-digger-cimu-fil.jpg): 404 Client Error: Not Found for url: https://raw.githubusercontent.com/Derushir/Kepek/main/67c6357751300334f52e35f893ac854f/news/tom-cruise-eloregitett-kulsovel-ter-vissza-a-digger-cimu-fil.jpg
[12:53:18] Image_Downloader: Download failed (https://raw.githubusercontent.com/Derushir/Kepek/main/67c6357751300334f52e35f893ac854f/news/a-disney-on-mar-elerheto-a-gyuruk-ura-trilogia.jpg): HTTPSConnectionPool(host='raw.githubusercontent.com', port=443): Read timed out. (read timeout=5)
[12:53:21] Image_Downloader: Download failed (https://raw.githubusercontent.com/Derushir/Kepek/main/67c6357751300334f52e35f893ac854f/news/stohl-luca-az-atv-tol-a-kozszolgalati-televiziohoz-igazol.jpg): 404 Client Error: Not Found for url: https://raw.githubusercontent.com/Derushir/Kepek/main/67c6357751300334f52e35f893ac854f/news/stohl-luca-az-atv-tol-a-kozszolgalati-televiziohoz-igazol.jpg
[12:53:23] Image_Downloader: Download failed (https://raw.githubusercontent.com/Derushir/Kepek/main/67c6357751300334f52e35f893ac854f/news/musicalismereti-kviz-a-vilag-leghiresebb-zenes-szinpadi-prod.jpg): 404 Client Error: Not Found for url: https://raw.githubusercontent.com/Derushir/Kepek/main/67c6357751300334f52e35f893ac854f/news/musicalismereti-kviz-a-vilag-leghiresebb-zenes-szinpadi-prod.jpg
[12:53:23] Image_Downloader: Download failed (https://raw.githubusercontent.com/Derushir/Kepek/main/67c6357751300334f52e35f893ac854f/news/lesujto-kritikakat-kapott-eli-roth-uj-horrorfilmje.jpg): 404 Client Error: Not Found for url: https://raw.githubusercontent.com/Derushir/Kepek/main/67c6357751300334f52e35f893ac854f/news/lesujto-kritikakat-kapott-eli-roth-uj-horrorfilmje.jpg
[12:53:24] Image_Downloader: Download failed (https://pcdn.hu/articles/images-xl/t/e/s/tesco-792928.jpg): HTTPSConnectionPool(host='pcdn.hu', port=443): Read timed out. (read timeout=5)
[12:53:25] Image_Downloader: Download failed (https://raw.githubusercontent.com/Derushir/Kepek/main/67c6357751300334f52e35f893ac854f/news/magyarorszag-az-europai-atlag-alatt-teljesit-az-elektromos-a.jpg): 404 Client Error: Not Found for url: https://raw.githubusercontent.com/Derushir/Kepek/main/67c6357751300334f52e35f893ac854f/news/magyarorszag-az-europai-atlag-alatt-teljesit-az-elektromos-a.jpg
[12:53:25] Image_Downloader: Download failed (https://raw.githubusercontent.com/Derushir/Kepek/main/67c6357751300334f52e35f893ac854f/news/huszonkettedik-alkalommal-rendezik-meg-az-abaligeti-bluegras.jpg): 404 Client Error: Not Found for url: https://raw.githubusercontent.com/Derushir/Kepek/main/67c6357751300334f52e35f893ac854f/news/huszonkettedik-alkalommal-rendezik-meg-az-abaligeti-bluegras.jpg
[12:53:26] Image_Downloader: Download failed (https://raw.githubusercontent.com/Derushir/Kepek/main/67c6357751300334f52e35f893ac854f/news/ariana-grande-hatarozatlan-idore-visszavonul-a-nyilvanos-sze.jpg): 404 Client Error: Not Found for url: https://raw.githubusercontent.com/Derushir/Kepek/main/67c6357751300334f52e35f893ac854f/news/ariana-grande-hatarozatlan-idore-visszavonul-a-nyilvanos-sze.jpg
[12:53:28] Image_Downloader: Download failed (https://raw.githubusercontent.com/Derushir/Kepek/main/67c6357751300334f52e35f893ac854f/news/teljes-arcplasztikan-esett-at-az-55-eves-denise-richards.jpg): 404 Client Error: Not Found for url: https://raw.githubusercontent.com/Derushir/Kepek/main/67c6357751300334f52e35f893ac854f/news/teljes-arcplasztikan-esett-at-az-55-eves-denise-richards.jpg
[12:53:30] Image_Downloader: Download failed (https://raw.githubusercontent.com/Derushir/Kepek/main/67c6357751300334f52e35f893ac854f/news/nostalgia-kviz-felismered-a-2000-es-evek-ikonikus-tinifilmje.jpg): HTTPSConnectionPool(host='raw.githubusercontent.com', port=443): Read timed out. (read timeout=5)
[12:53:31] Image_Downloader: Download failed (https://raw.githubusercontent.com/Derushir/Kepek/main/67c6357751300334f52e35f893ac854f/news/leallitja-a-sony-a-pokember-univerzum-spin-off-filmjeinek-gy.jpg): HTTPSConnectionPool(host='raw.githubusercontent.com', port=443): Read timed out. (read timeout=5)
[12:53:34] Image_Downloader: Download failed (https://raw.githubusercontent.com/Derushir/Kepek/main/67c6357751300334f52e35f893ac854f/news/elindult-a-lazado-szerelem-masodik-evada-a-netflixen.jpg): 404 Client Error: Not Found for url: https://raw.githubusercontent.com/Derushir/Kepek/main/67c6357751300334f52e35f893ac854f/news/elindult-a-lazado-szerelem-masodik-evada-a-netflixen.jpg
[12:53:36] Image_Downloader: Download failed (https://raw.githubusercontent.com/Derushir/Kepek/main/67c6357751300334f52e35f893ac854f/news/kinos-pillanatok-a-szerencsekerekben-kasza-tibi-sem-tudta-a-.webp): 404 Client Error: Not Found for url: https://raw.githubusercontent.com/Derushir/Kepek/main/67c6357751300334f52e35f893ac854f/news/kinos-pillanatok-a-szerencsekerekben-kasza-tibi-sem-tudta-a-.webp
[12:53:36] Image_Downloader: Download failed (https://raw.githubusercontent.com/Derushir/Kepek/main/67c6357751300334f52e35f893ac854f/news/kiuritettek-egy-kolumbiai-mozit-a-pokember-vadonatuj-nap-vet.jpg): 404 Client Error: Not Found for url: https://raw.githubusercontent.com/Derushir/Kepek/main/67c6357751300334f52e35f893ac854f/news/kiuritettek-egy-kolumbiai-mozit-a-pokember-vadonatuj-nap-vet.jpg
[12:53:37] Image_Downloader: Download failed (https://roadster.hu/uploads/2020/03/BroadwayShowShutDown_200312_92.width-1200.jpg): HTTPSConnectionPool(host='roadster.hu', port=443): Read timed out. (read timeout=5)
[12:53:37] Image_Downloader: Download failed (https://raw.githubusercontent.com/Derushir/Kepek/main/67c6357751300334f52e35f893ac854f/news/kritika-a-holnap-haboruja-latvanyos-sci-fi-gyenge-forgatokon.jpg): HTTPSConnectionPool(host='raw.githubusercontent.com', port=443): Read timed out. (read timeout=5)
[12:53:40] Image_Downloader: Download failed (https://raw.githubusercontent.com/Derushir/Kepek/main/67c6357751300334f52e35f893ac854f/news/andrew-garfield-csak-akkor-vallalna-a-csodalatos-pokember-3-.jpg): HTTPSConnectionPool(host='raw.githubusercontent.com', port=443): Read timed out. (read timeout=5)
[12:53:40] Image_Downloader: Download failed (https://kep.cdn.index.hu/1/0/7083/70838/708387/70838709_5224909_0bb188442a5523186e682a5140696543_wm.jpg): HTTPSConnectionPool(host='kep.cdn.index.hu', port=443): Read timed out. (read timeout=5)
[12:53:41] Image_Downloader: Download failed (https://raw.githubusercontent.com/Derushir/Kepek/main/67c6357751300334f52e35f893ac854f/news/kritikak-kereszttuzeben-az-ice-cream-man-cimu-horrorfilm.jpg): HTTPSConnectionPool(host='raw.githubusercontent.com', port=443): Read timed out. (read timeout=5)
[12:53:42] Image_Downloader: Download failed (https://raw.githubusercontent.com/Derushir/Kepek/main/67c6357751300334f52e35f893ac854f/news/sztarok-vallottak-a-legkellemetlenebb-es-legnehezebb-filmes-.webp): 404 Client Error: Not Found for url: https://raw.githubusercontent.com/Derushir/Kepek/main/67c6357751300334f52e35f893ac854f/news/sztarok-vallottak-a-legkellemetlenebb-es-legnehezebb-filmes-.webp
[12:53:43] Image_Downloader: Download failed (https://raw.githubusercontent.com/Derushir/Kepek/main/67c6357751300334f52e35f893ac854f/news/borlai-gergo-majdnem-a-primus-dobosa-lett.jpg): HTTPSConnectionPool(host='raw.githubusercontent.com', port=443): Read timed out. (read timeout=5)
[12:53:44] Image_Downloader: Download failed (https://raw.githubusercontent.com/Derushir/Kepek/main/67c6357751300334f52e35f893ac854f/news/tomeges-elbocsatasok-a-refactor-gamesnel-a-fifa-jatek-sikert.jpg): 404 Client Error: Not Found for url: https://raw.githubusercontent.com/Derushir/Kepek/main/67c6357751300334f52e35f893ac854f/news/tomeges-elbocsatasok-a-refactor-gamesnel-a-fifa-jatek-sikert.jpg
[12:53:45] Image_Downloader: Download failed (https://raw.githubusercontent.com/Derushir/Kepek/main/67c6357751300334f52e35f893ac854f/news/a-samsung-tv-plus-hollywoodi-marketingcsatornakent-hasznosit.jpg): 404 Client Error: Not Found for url: https://raw.githubusercontent.com/Derushir/Kepek/main/67c6357751300334f52e35f893ac854f/news/a-samsung-tv-plus-hollywoodi-marketingcsatornakent-hasznosit.jpg
[12:53:46] Image_Downloader: Download failed (https://raw.githubusercontent.com/Derushir/Kepek/main/67c6357751300334f52e35f893ac854f/news/a-sarkanyok-haza-utolso-evada-strukturalisan-is-erosebb-lehe.jpg): 404 Client Error: Not Found for url: https://raw.githubusercontent.com/Derushir/Kepek/main/67c6357751300334f52e35f893ac854f/news/a-sarkanyok-haza-utolso-evada-strukturalisan-is-erosebb-lehe.jpg
[12:53:48] Image_Downloader: Download failed (https://raw.githubusercontent.com/Derushir/Kepek/main/67c6357751300334f52e35f893ac854f/news/kritika-christopher-nolan-odusszeia-adaptacioja-elmarad-a-va.jpg): HTTPSConnectionPool(host='raw.githubusercontent.com', port=443): Read timed out. (read timeout=5)
[12:53:48] Image_Downloader: Download failed (https://raw.githubusercontent.com/Derushir/Kepek/main/67c6357751300334f52e35f893ac854f/news/javitotta-a-valve-a-counter-strike-2-sulyos-granat-bugjait.jpg): 404 Client Error: Not Found for url: https://raw.githubusercontent.com/Derushir/Kepek/main/67c6357751300334f52e35f893ac854f/news/javitotta-a-valve-a-counter-strike-2-sulyos-granat-bugjait.jpg
[12:53:51] Image_Downloader: Download failed (https://raw.githubusercontent.com/Derushir/Kepek/main/67c6357751300334f52e35f893ac854f/news/megugrott-a-marvels-spider-man-jatekok-nepszerusege-a-pokemb.jpg): 404 Client Error: Not Found for url: https://raw.githubusercontent.com/Derushir/Kepek/main/67c6357751300334f52e35f893ac854f/news/megugrott-a-marvels-spider-man-jatekok-nepszerusege-a-pokemb.jpg
[12:53:53] Image_Downloader: Download failed (https://raw.githubusercontent.com/Derushir/Kepek/main/67c6357751300334f52e35f893ac854f/news/cyberpunk-fesztival-a-steamen-jelentos-learazasok-a-mufaj-le.jpg): 404 Client Error: Not Found for url: https://raw.githubusercontent.com/Derushir/Kepek/main/67c6357751300334f52e35f893ac854f/news/cyberpunk-fesztival-a-steamen-jelentos-learazasok-a-mufaj-le.jpg
[12:53:53] Image_Downloader: Download failed (https://raw.githubusercontent.com/Derushir/Kepek/main/67c6357751300334f52e35f893ac854f/news/cafolta-a-microsoft-az-xbox-jatekok-steamrol-valo-kivonasaro.jpg): HTTPSConnectionPool(host='raw.githubusercontent.com', port=443): Read timed out. (read timeout=5)
[12:53:55] Image_Downloader: Download failed (https://raw.githubusercontent.com/Derushir/Kepek/main/67c6357751300334f52e35f893ac854f/news/egyedi-idokezelesi-rendszert-kap-a-the-blood-of-dawnwalker-r.jpg): HTTPSConnectionPool(host='raw.githubusercontent.com', port=443): Read timed out. (read timeout=5)
[12:53:57] Image_Downloader: Download failed (https://raw.githubusercontent.com/Derushir/Kepek/main/67c6357751300334f52e35f893ac854f/news/ps5-re-es-switch-2-re-is-megjelenik-a-starsand-island-cimu-n.jpg): 404 Client Error: Not Found for url: https://raw.githubusercontent.com/Derushir/Kepek/main/67c6357751300334f52e35f893ac854f/news/ps5-re-es-switch-2-re-is-megjelenik-a-starsand-island-cimu-n.jpg
[12:54:00] Image_Downloader: Download failed (https://raw.githubusercontent.com/Derushir/Kepek/main/67c6357751300334f52e35f893ac854f/news/jelentos-frissitest-kapott-a-pokemon-pokopia-megoldottak-a-t.jpg): 404 Client Error: Not Found for url: https://raw.githubusercontent.com/Derushir/Kepek/main/67c6357751300334f52e35f893ac854f/news/jelentos-frissitest-kapott-a-pokemon-pokopia-megoldottak-a-t.jpg
[12:54:02] Image_Downloader: Download failed (https://raw.githubusercontent.com/Derushir/Kepek/main/67c6357751300334f52e35f893ac854f/news/statisztikai-anomalia-a-linux-piaci-reszesedese-rekordot-don.jpg): 404 Client Error: Not Found for url: https://raw.githubusercontent.com/Derushir/Kepek/main/67c6357751300334f52e35f893ac854f/news/statisztikai-anomalia-a-linux-piaci-reszesedese-rekordot-don.jpg
[12:54:02] Image_Downloader: Download failed (https://raw.githubusercontent.com/Derushir/Kepek/main/67c6357751300334f52e35f893ac854f/news/kreativ-technologiaval-keszulnek-a-silent-hill-townfall-vide.jpg): 404 Client Error: Not Found for url: https://raw.githubusercontent.com/Derushir/Kepek/main/67c6357751300334f52e35f893ac854f/news/kreativ-technologiaval-keszulnek-a-silent-hill-townfall-vide.jpg
[12:54:02] Image_Downloader: Download failed (https://raw.githubusercontent.com/Derushir/Kepek/main/67c6357751300334f52e35f893ac854f/news/isztambuli-alvilagi-kaland-erkezik-a-muhit-cimu-akciojatek.jpg): 404 Client Error: Not Found for url: https://raw.githubusercontent.com/Derushir/Kepek/main/67c6357751300334f52e35f893ac854f/news/isztambuli-alvilagi-kaland-erkezik-a-muhit-cimu-akciojatek.jpg
[12:54:03] Image_Downloader: Download failed (https://raw.githubusercontent.com/Derushir/Kepek/main/67c6357751300334f52e35f893ac854f/news/a-nukemark-tesztprogram-a-legerosebb-videokartyakat-is-terdr.jpg): 404 Client Error: Not Found for url: https://raw.githubusercontent.com/Derushir/Kepek/main/67c6357751300334f52e35f893ac854f/news/a-nukemark-tesztprogram-a-legerosebb-videokartyakat-is-terdr.jpg
[12:54:04] Image_Downloader: Download failed (https://raw.githubusercontent.com/Derushir/Kepek/main/67c6357751300334f52e35f893ac854f/news/ingyenes-xbox-game-pass-elofizetes-discord-nitro-akcioval.jpg): 404 Client Error: Not Found for url: https://raw.githubusercontent.com/Derushir/Kepek/main/67c6357751300334f52e35f893ac854f/news/ingyenes-xbox-game-pass-elofizetes-discord-nitro-akcioval.jpg
[12:54:04] Image_Downloader: Download failed (https://raw.githubusercontent.com/Derushir/Kepek/main/67c6357751300334f52e35f893ac854f/news/fokozott-nehezseg-es-felig-nyitott-vilag-a-resident-evil-ver.jpg): 404 Client Error: Not Found for url: https://raw.githubusercontent.com/Derushir/Kepek/main/67c6357751300334f52e35f893ac854f/news/fokozott-nehezseg-es-felig-nyitott-vilag-a-resident-evil-ver.jpg
[12:54:04] Image_Downloader: Download failed (https://raw.githubusercontent.com/Derushir/Kepek/main/67c6357751300334f52e35f893ac854f/news/40-eves-a-bethesda-ajandekokkal-es-kedvezmenyekkel-unnepli-a.jpg): 404 Client Error: Not Found for url: https://raw.githubusercontent.com/Derushir/Kepek/main/67c6357751300334f52e35f893ac854f/news/40-eves-a-bethesda-ajandekokkal-es-kedvezmenyekkel-unnepli-a.jpg
[12:54:04] Image_Downloader: Download failed (https://raw.githubusercontent.com/Derushir/Kepek/main/67c6357751300334f52e35f893ac854f/news/vegyes-fogadtatasra-talalt-a-halo-campaign-evolved-a-playsta.jpg): 404 Client Error: Not Found for url: https://raw.githubusercontent.com/Derushir/Kepek/main/67c6357751300334f52e35f893ac854f/news/vegyes-fogadtatasra-talalt-a-halo-campaign-evolved-a-playsta.jpg
[12:54:06] Image_Downloader: Download failed (https://raw.githubusercontent.com/Derushir/Kepek/main/67c6357751300334f52e35f893ac854f/news/javitottak-a-counter-strike-2-egyik-kritikus-hibajat-mar-nem.jpg): 404 Client Error: Not Found for url: https://raw.githubusercontent.com/Derushir/Kepek/main/67c6357751300334f52e35f893ac854f/news/javitottak-a-counter-strike-2-egyik-kritikus-hibajat-mar-nem.jpg
[12:54:08] Image_Downloader: Download failed (https://raw.githubusercontent.com/Derushir/Kepek/main/67c6357751300334f52e35f893ac854f/news/gta-5-futtatasa-iphone-17-pro-maxon-technikai-kiserlet-emula.jpg): 404 Client Error: Not Found for url: https://raw.githubusercontent.com/Derushir/Kepek/main/67c6357751300334f52e35f893ac854f/news/gta-5-futtatasa-iphone-17-pro-maxon-technikai-kiserlet-emula.jpg
[12:54:08] Image_Downloader: Download failed (https://raw.githubusercontent.com/Derushir/Kepek/main/67c6357751300334f52e35f893ac854f/news/sulyos-kritikat-kapott-az-ea-sports-fc-27-uj-nyilt-vilagu-ja.png): 404 Client Error: Not Found for url: https://raw.githubusercontent.com/Derushir/Kepek/main/67c6357751300334f52e35f893ac854f/news/sulyos-kritikat-kapott-az-ea-sports-fc-27-uj-nyilt-vilagu-ja.png
[12:54:09] Image_Downloader: Download failed (https://raw.githubusercontent.com/Derushir/Kepek/main/67c6357751300334f52e35f893ac854f/news/bemutatkozott-a-810-loeros-shelby-f-150-super-snake-sport-ma.jpg): 404 Client Error: Not Found for url: https://raw.githubusercontent.com/Derushir/Kepek/main/67c6357751300334f52e35f893ac854f/news/bemutatkozott-a-810-loeros-shelby-f-150-super-snake-sport-ma.jpg
[12:54:11] Image_Downloader: Download failed (https://raw.githubusercontent.com/Derushir/Kepek/main/67c6357751300334f52e35f893ac854f/news/alulmulta-a-varakozasokat-a-game-freak-uj-akcio-rpg-jateka.jpg): 404 Client Error: Not Found for url: https://raw.githubusercontent.com/Derushir/Kepek/main/67c6357751300334f52e35f893ac854f/news/alulmulta-a-varakozasokat-a-game-freak-uj-akcio-rpg-jateka.jpg
[12:54:13] Image_Downloader: Download failed (https://raw.githubusercontent.com/Derushir/Kepek/main/67c6357751300334f52e35f893ac854f/news/augusztus-14-en-erkezik-a-magyar-fejlesztesu-blue-sign-mened.jpg): 404 Client Error: Not Found for url: https://raw.githubusercontent.com/Derushir/Kepek/main/67c6357751300334f52e35f893ac854f/news/augusztus-14-en-erkezik-a-magyar-fejlesztesu-blue-sign-mened.jpg
[12:54:14] Image_Downloader: Download failed (https://raw.githubusercontent.com/Derushir/Kepek/main/67c6357751300334f52e35f893ac854f/news/az-apple-rovid-idore-eltavolitotta-a-telegramot-az-app-store.jpg): 404 Client Error: Not Found for url: https://raw.githubusercontent.com/Derushir/Kepek/main/67c6357751300334f52e35f893ac854f/news/az-apple-rovid-idore-eltavolitotta-a-telegramot-az-app-store.jpg
[12:54:16] Image_Downloader: Download failed (https://raw.githubusercontent.com/Derushir/Kepek/main/67c6357751300334f52e35f893ac854f/news/uj-kriptoadozasi-szabalyokat-vezetett-be-nigeria-a-digitalis.png): 404 Client Error: Not Found for url: https://raw.githubusercontent.com/Derushir/Kepek/main/67c6357751300334f52e35f893ac854f/news/uj-kriptoadozasi-szabalyokat-vezetett-be-nigeria-a-digitalis.png
[12:54:18] Image_Downloader: Download failed (https://raw.githubusercontent.com/Derushir/Kepek/main/67c6357751300334f52e35f893ac854f/news/fiat-topolino-stilusos-varosi-kozlekedes-komoly-kompromisszu.jpg): 404 Client Error: Not Found for url: https://raw.githubusercontent.com/Derushir/Kepek/main/67c6357751300334f52e35f893ac854f/news/fiat-topolino-stilusos-varosi-kozlekedes-komoly-kompromisszu.jpg
[12:54:20] Image_Downloader: Download failed (https://raw.githubusercontent.com/Derushir/Kepek/main/67c6357751300334f52e35f893ac854f/news/a-jovo-szepseggyogyszerei-fogyas-izomvesztes-nelkul.png): 404 Client Error: Not Found for url: https://raw.githubusercontent.com/Derushir/Kepek/main/67c6357751300334f52e35f893ac854f/news/a-jovo-szepseggyogyszerei-fogyas-izomvesztes-nelkul.png
[12:54:20] Image_Downloader: Download failed (https://raw.githubusercontent.com/Derushir/Kepek/main/67c6357751300334f52e35f893ac854f/news/erosodott-a-strategy-strc-reszvenyarfolyama-a-juniusi-melypo.png): 404 Client Error: Not Found for url: https://raw.githubusercontent.com/Derushir/Kepek/main/67c6357751300334f52e35f893ac854f/news/erosodott-a-strategy-strc-reszvenyarfolyama-a-juniusi-melypo.png
[12:54:21] Image_Downloader: Download failed (https://raw.githubusercontent.com/Derushir/Kepek/main/67c6357751300334f52e35f893ac854f/news/a-kriptocegek-a-legfejlettebb-ai-modellekhez-valo-hozzaferes.jpg): 404 Client Error: Not Found for url: https://raw.githubusercontent.com/Derushir/Kepek/main/67c6357751300334f52e35f893ac854f/news/a-kriptocegek-a-legfejlettebb-ai-modellekhez-valo-hozzaferes.jpg
[12:54:23] Image_Downloader: Download failed (https://raw.githubusercontent.com/Derushir/Kepek/main/67c6357751300334f52e35f893ac854f/news/andaluz-stilusu-luxus-a-tengerparton-uj-rooftop-bar-nyilt-ma.jpg): 404 Client Error: Not Found for url: https://raw.githubusercontent.com/Derushir/Kepek/main/67c6357751300334f52e35f893ac854f/news/andaluz-stilusu-luxus-a-tengerparton-uj-rooftop-bar-nyilt-ma.jpg
[12:54:25] Image_Downloader: Download failed (https://raw.githubusercontent.com/Derushir/Kepek/main/67c6357751300334f52e35f893ac854f/news/az-aszpirin-nem-bizonyitott-megelozo-szer-a-vastagbelrak-ell.jpg): 404 Client Error: Not Found for url: https://raw.githubusercontent.com/Derushir/Kepek/main/67c6357751300334f52e35f893ac854f/news/az-aszpirin-nem-bizonyitott-megelozo-szer-a-vastagbelrak-ell.jpg
[12:54:26] Image_Downloader: Download failed (https://vezess.hu/wp-content/uploads/2022/10/automoso-omv-mol.jpg): 404 Client Error: Not Found for url: https://www.vezess.hu/wp-content/uploads/2022/10/automoso-omv-mol.jpg
[12:54:27] Image_Downloader: Download failed (https://raw.githubusercontent.com/Derushir/Kepek/main/67c6357751300334f52e35f893ac854f/news/miert-eletveszelyes-a-hoseg-az-idosebb-szervezetre.jpg): 404 Client Error: Not Found for url: https://raw.githubusercontent.com/Derushir/Kepek/main/67c6357751300334f52e35f893ac854f/news/miert-eletveszelyes-a-hoseg-az-idosebb-szervezetre.jpg
[12:54:27] Image_Downloader: Download failed (https://raw.githubusercontent.com/Derushir/Kepek/main/67c6357751300334f52e35f893ac854f/news/tevhit-a-torolkozos-trukk-nem-akadalyozza-meg-a-hotelszobai-.png): 404 Client Error: Not Found for url: https://raw.githubusercontent.com/Derushir/Kepek/main/67c6357751300334f52e35f893ac854f/news/tevhit-a-torolkozos-trukk-nem-akadalyozza-meg-a-hotelszobai-.png
[12:54:27] Image_Downloader: Download failed (https://raw.githubusercontent.com/Derushir/Kepek/main/67c6357751300334f52e35f893ac854f/news/vakuviharban-a-2000-es-evek-budapesti-partikulturajat-bemuta.jpg): 404 Client Error: Not Found for url: https://raw.githubusercontent.com/Derushir/Kepek/main/67c6357751300334f52e35f893ac854f/news/vakuviharban-a-2000-es-evek-budapesti-partikulturajat-bemuta.jpg
[12:54:29] Image_Downloader: Download failed (https://raw.githubusercontent.com/Derushir/Kepek/main/67c6357751300334f52e35f893ac854f/news/helikopterrel-mentettek-ki-egy-eltevedt-lovat-kaliforniaban.jpg): 404 Client Error: Not Found for url: https://raw.githubusercontent.com/Derushir/Kepek/main/67c6357751300334f52e35f893ac854f/news/helikopterrel-mentettek-ki-egy-eltevedt-lovat-kaliforniaban.jpg
[12:54:29] Image_Downloader: Download failed (https://raw.githubusercontent.com/Derushir/Kepek/main/67c6357751300334f52e35f893ac854f/news/praktikus-tanulosarok-kialakitasa-iskolakezdesre-szempontok-.jpg): 404 Client Error: Not Found for url: https://raw.githubusercontent.com/Derushir/Kepek/main/67c6357751300334f52e35f893ac854f/news/praktikus-tanulosarok-kialakitasa-iskolakezdesre-szempontok-.jpg
[12:54:29] Image_Downloader: Download failed (https://raw.githubusercontent.com/Derushir/Kepek/main/67c6357751300334f52e35f893ac854f/news/eva-longoria-fitneszrutinja-hogyan-orzi-meg-formajat-51-eves.jpg): 404 Client Error: Not Found for url: https://raw.githubusercontent.com/Derushir/Kepek/main/67c6357751300334f52e35f893ac854f/news/eva-longoria-fitneszrutinja-hogyan-orzi-meg-formajat-51-eves.jpg
[12:54:29] Image_Downloader: Download failed (https://raw.githubusercontent.com/Derushir/Kepek/main/67c6357751300334f52e35f893ac854f/news/ot-legendas-megfizetheto-hasznalt-auto-amely-igazi-elmenyt-n.jpg): 404 Client Error: Not Found for url: https://raw.githubusercontent.com/Derushir/Kepek/main/67c6357751300334f52e35f893ac854f/news/ot-legendas-megfizetheto-hasznalt-auto-amely-igazi-elmenyt-n.jpg
[12:54:31] Image_Downloader: Download failed (https://raw.githubusercontent.com/Derushir/Kepek/main/67c6357751300334f52e35f893ac854f/news/az-olasz-eszpresszo-kulturaja-es-az-alacsony-arak-hattere.jpg): 404 Client Error: Not Found for url: https://raw.githubusercontent.com/Derushir/Kepek/main/67c6357751300334f52e35f893ac854f/news/az-olasz-eszpresszo-kulturaja-es-az-alacsony-arak-hattere.jpg
[12:54:32] Image_Downloader: Download failed (https://raw.githubusercontent.com/Derushir/Kepek/main/67c6357751300334f52e35f893ac854f/news/hoseg-okozta-oroszlanpusztulas-tokioban-a-magyar-allatkertek.jpg): 404 Client Error: Not Found for url: https://raw.githubusercontent.com/Derushir/Kepek/main/67c6357751300334f52e35f893ac854f/news/hoseg-okozta-oroszlanpusztulas-tokioban-a-magyar-allatkertek.jpg
[12:54:33] Image_Downloader: Download failed (https://raw.githubusercontent.com/Derushir/Kepek/main/67c6357751300334f52e35f893ac854f/news/haromszog-modszer-igy-rendezzuk-be-a-polcokat-a-szakertok-sz.jpg): 404 Client Error: Not Found for url: https://raw.githubusercontent.com/Derushir/Kepek/main/67c6357751300334f52e35f893ac854f/news/haromszog-modszer-igy-rendezzuk-be-a-polcokat-a-szakertok-sz.jpg
[12:54:36] Image_Downloader: Download failed (https://raw.githubusercontent.com/Derushir/Kepek/main/67c6357751300334f52e35f893ac854f/news/a-manchester-city-kivar-a-rodri-atigazolassal-a-barcelona-is.jpg): 404 Client Error: Not Found for url: https://raw.githubusercontent.com/Derushir/Kepek/main/67c6357751300334f52e35f893ac854f/news/a-manchester-city-kivar-a-rodri-atigazolassal-a-barcelona-is.jpg
[12:54:36] Image_Downloader: Download failed (https://raw.githubusercontent.com/Derushir/Kepek/main/67c6357751300334f52e35f893ac854f/news/tevhit-a-strandon-elkaphato-fertozesekrol-nem-a-medence-vize.jpg): 404 Client Error: Not Found for url: https://raw.githubusercontent.com/Derushir/Kepek/main/67c6357751300334f52e35f893ac854f/news/tevhit-a-strandon-elkaphato-fertozesekrol-nem-a-medence-vize.jpg
[12:54:37] Image_Downloader: Download failed (https://raw.githubusercontent.com/Derushir/Kepek/main/67c6357751300334f52e35f893ac854f/news/tengeri-izek-es-marokkoi-mediterran-menu-a-majorelle-ben.jpg): 404 Client Error: Not Found for url: https://raw.githubusercontent.com/Derushir/Kepek/main/67c6357751300334f52e35f893ac854f/news/tengeri-izek-es-marokkoi-mediterran-menu-a-majorelle-ben.jpg
[12:54:38] Image_Downloader: Download failed (https://raw.githubusercontent.com/Derushir/Kepek/main/67c6357751300334f52e35f893ac854f/news/eljegyeztek-karis-cameront-az-off-campus-sztarjat.jpg): 404 Client Error: Not Found for url: https://raw.githubusercontent.com/Derushir/Kepek/main/67c6357751300334f52e35f893ac854f/news/eljegyeztek-karis-cameront-az-off-campus-sztarjat.jpg
[12:54:39] Image_Downloader: Download failed (https://raw.githubusercontent.com/Derushir/Kepek/main/67c6357751300334f52e35f893ac854f/news/a-whoop-uj-strategiaja-az-elettartam-helyett-az-egeszsegben-.jpg): 404 Client Error: Not Found for url: https://raw.githubusercontent.com/Derushir/Kepek/main/67c6357751300334f52e35f893ac854f/news/a-whoop-uj-strategiaja-az-elettartam-helyett-az-egeszsegben-.jpg
[12:54:39] Image_Downloader: Download failed (https://raw.githubusercontent.com/Derushir/Kepek/main/67c6357751300334f52e35f893ac854f/news/rasszista-tamadasok-erik-szabo-kittit-es-parjat-az-internete.jpg): 404 Client Error: Not Found for url: https://raw.githubusercontent.com/Derushir/Kepek/main/67c6357751300334f52e35f893ac854f/news/rasszista-tamadasok-erik-szabo-kittit-es-parjat-az-internete.jpg
[12:54:39] Image_Downloader: Download failed (https://raw.githubusercontent.com/Derushir/Kepek/main/67c6357751300334f52e35f893ac854f/news/szulo-lett-sebastian-stan-es-annabelle-wallis.jpg): 404 Client Error: Not Found for url: https://raw.githubusercontent.com/Derushir/Kepek/main/67c6357751300334f52e35f893ac854f/news/szulo-lett-sebastian-stan-es-annabelle-wallis.jpg
[12:54:39] Image_Downloader: Download failed (https://raw.githubusercontent.com/Derushir/Kepek/main/67c6357751300334f52e35f893ac854f/news/mihalik-eniko-balatoni-fotokon-mutatta-meg-kislanya-novekede.jpg): 404 Client Error: Not Found for url: https://raw.githubusercontent.com/Derushir/Kepek/main/67c6357751300334f52e35f893ac854f/news/mihalik-eniko-balatoni-fotokon-mutatta-meg-kislanya-novekede.jpg
[12:54:40] Image_Downloader: Download failed (https://raw.githubusercontent.com/Derushir/Kepek/main/67c6357751300334f52e35f893ac854f/news/elhunyt-allan-nascimento-a-34-eves-ufc-harcos.jpg): 404 Client Error: Not Found for url: https://raw.githubusercontent.com/Derushir/Kepek/main/67c6357751300334f52e35f893ac854f/news/elhunyt-allan-nascimento-a-34-eves-ufc-harcos.jpg
[12:54:42] Image_Downloader: Download failed (https://raw.githubusercontent.com/Derushir/Kepek/main/67c6357751300334f52e35f893ac854f/news/lewis-hamilton-jo-formaja-nehez-helyzetbe-hozza-a-ferrari-fi.jpg): 404 Client Error: Not Found for url: https://raw.githubusercontent.com/Derushir/Kepek/main/67c6357751300334f52e35f893ac854f/news/lewis-hamilton-jo-formaja-nehez-helyzetbe-hozza-a-ferrari-fi.jpg
[12:54:43] Image_Downloader: Download failed (https://raw.githubusercontent.com/Derushir/Kepek/main/67c6357751300334f52e35f893ac854f/news/kik-az-idei-aranylabda-legfobb-varomanyosai.jpg): 404 Client Error: Not Found for url: https://raw.githubusercontent.com/Derushir/Kepek/main/67c6357751300334f52e35f893ac854f/news/kik-az-idei-aranylabda-legfobb-varomanyosai.jpg
[12:54:47] Image_Downloader: Download failed (https://raw.githubusercontent.com/Derushir/Kepek/main/67c6357751300334f52e35f893ac854f/news/tortenelmi-rekord-bartlomiej-kubkowski-megallas-nelkul-uszta.jpg): 404 Client Error: Not Found for url: https://raw.githubusercontent.com/Derushir/Kepek/main/67c6357751300334f52e35f893ac854f/news/tortenelmi-rekord-bartlomiej-kubkowski-megallas-nelkul-uszta.jpg
