
===== PIPELINE RUN START 2026-08-11T00:03:18 [run_pipeline_persistent] =====

--- RSS Fetch Errors at 2026-08-11 00:05:45 ---
Error fetching https://www.drive.com.au/feed/: HTTP Error 403: 
Error fetching https://www.hwsw.hu/xml/latest_news_rss.xml: Failed to perform, curl: (28) Connection timed out after 10003 milliseconds. See https://curl.se/libcurl/c/libcurl-errors.html first for more details.
Error fetching https://femina.hu/24ora/rss.xml: Failed to perform, curl: (28) Connection timed out after 10003 milliseconds. See https://curl.se/libcurl/c/libcurl-errors.html first for more details.
Error fetching https://www.maxim.com/feed: Failed to perform, curl: (28) Connection timed out after 10002 milliseconds. See https://curl.se/libcurl/c/libcurl-errors.html first for more details.

===== PIPELINE RUN START 2026-08-11T00:10:18 [run_pipeline_persistent] =====

--- RSS Fetch Errors at 2026-08-11 00:11:06 ---
Error fetching https://www.drive.com.au/feed/: HTTP Error 403: 

===== PIPELINE RUN START 2026-08-11T00:15:19 [run_pipeline_persistent] =====

--- RSS Fetch Errors at 2026-08-11 00:16:54 ---
Error fetching https://www.drive.com.au/feed/: HTTP Error 403: 
Error fetching https://www.economx.hu/feed: Failed to perform, curl: (28) Connection timed out after 10004 milliseconds. See https://curl.se/libcurl/c/libcurl-errors.html first for more details.
Error fetching https://player.hu/feed: Failed to perform, curl: (28) Connection timed out after 10003 milliseconds. See https://curl.se/libcurl/c/libcurl-errors.html first for more details.

===== PIPELINE RUN START 2026-08-11T00:21:08 [run_pipeline_persistent] =====

--- RSS Fetch Errors at 2026-08-11 00:22:46 ---
Error fetching https://www.drive.com.au/feed/: HTTP Error 403: 
Error fetching https://femina.hu/24ora/rss.xml: Failed to perform, curl: (28) Connection timed out after 10002 milliseconds. See https://curl.se/libcurl/c/libcurl-errors.html first for more details.
Error fetching https://www.playboy.com/read/celebrities/feed: Failed to perform, curl: (28) Connection timed out after 10003 milliseconds. See https://curl.se/libcurl/c/libcurl-errors.html first for more details.

===== PIPELINE RUN START 2026-08-11T00:26:08 [run_pipeline_persistent] =====

--- RSS Fetch Errors at 2026-08-11 00:27:38 ---
Error fetching https://www.drive.com.au/feed/: HTTP Error 403: 

===== PIPELINE RUN START 2026-08-11T00:31:53 [run_pipeline_persistent] =====

--- RSS Fetch Errors at 2026-08-11 00:32:39 ---
Error fetching https://www.drive.com.au/feed/: HTTP Error 403: 

===== PIPELINE RUN START 2026-08-11T00:36:53 [run_pipeline_persistent] =====

--- RSS Fetch Errors at 2026-08-11 00:37:40 ---
Error fetching https://www.drive.com.au/feed/: HTTP Error 403: 

===== PIPELINE RUN START 2026-08-11T00:41:53 [run_pipeline_persistent] =====

--- RSS Fetch Errors at 2026-08-11 00:43:27 ---
Error fetching https://www.drive.com.au/feed/: HTTP Error 403: 
Error fetching https://azutazo.hu/feed: Failed to perform, curl: (28) Connection timed out after 10003 milliseconds. See https://curl.se/libcurl/c/libcurl-errors.html first for more details.
Error fetching https://sorozatjunkie.hu/feed: Failed to perform, curl: (28) Operation timed out after 25003 milliseconds with 0 bytes received. See https://curl.se/libcurl/c/libcurl-errors.html first for more details.

===== PIPELINE RUN START 2026-08-11T00:46:54 [run_pipeline_persistent] =====

--- RSS Fetch Errors at 2026-08-11 00:48:20 ---
Error fetching https://www.drive.com.au/feed/: HTTP Error 403: 
Error fetching https://www.hwsw.hu/xml/latest_news_rss.xml: Failed to perform, curl: (28) Connection timed out after 10002 milliseconds. See https://curl.se/libcurl/c/libcurl-errors.html first for more details.
Error fetching https://roadster.hu/feed: Failed to perform, curl: (28) Connection timed out after 10003 milliseconds. See https://curl.se/libcurl/c/libcurl-errors.html first for more details.
Error fetching https://www.maxim.com/feed: Failed to perform, curl: (28) Operation timed out after 25003 milliseconds with 0 bytes received. See https://curl.se/libcurl/c/libcurl-errors.html first for more details.

===== PIPELINE RUN START 2026-08-11T00:51:54 [run_pipeline_persistent] =====

--- RSS Fetch Errors at 2026-08-11 00:53:21 ---
Error fetching https://www.drive.com.au/feed/: HTTP Error 403: 
Error fetching https://www.maxim.com/feed: Failed to perform, curl: (28) Connection timed out after 10002 milliseconds. See https://curl.se/libcurl/c/libcurl-errors.html first for more details.
Error fetching https://travelmagazin.hu/feed: Failed to perform, curl: (28) Resolving timed out after 10003 milliseconds. See https://curl.se/libcurl/c/libcurl-errors.html first for more details.

===== PIPELINE RUN START 2026-08-11T00:56:54 [run_pipeline_persistent] =====

--- RSS Fetch Errors at 2026-08-11 00:58:59 ---
Error fetching https://www.drive.com.au/feed/: HTTP Error 403: 
Error fetching https://femina.hu/24ora/rss.xml: Failed to perform, curl: (28) Connection timed out after 10003 milliseconds. See https://curl.se/libcurl/c/libcurl-errors.html first for more details.

===== PIPELINE RUN START 2026-08-11T01:01:54 [run_pipeline_persistent] =====

--- RSS Fetch Errors at 2026-08-11 01:03:21 ---
Error fetching https://www.drive.com.au/feed/: HTTP Error 403: 
Error fetching https://www.economx.hu/feed: Failed to perform, curl: (28) Connection timed out after 10003 milliseconds. See https://curl.se/libcurl/c/libcurl-errors.html first for more details.
Error fetching https://www.playboy.com/read/classics/feed: Failed to perform, curl: (28) Connection timed out after 10002 milliseconds. See https://curl.se/libcurl/c/libcurl-errors.html first for more details.
Error fetching https://sokszinuvidek.24.hu/?oembed=true&format=xml&url=https%3A%2F%2Fsokszinuvidek.24.hu%2F: Failed to perform, curl: (28) Connection timed out after 10003 milliseconds. See https://curl.se/libcurl/c/libcurl-errors.html first for more details.

===== PIPELINE RUN START 2026-08-11T01:06:54 [run_pipeline_persistent] =====

--- RSS Fetch Errors at 2026-08-11 01:09:04 ---
Error fetching https://www.drive.com.au/feed/: HTTP Error 403: 
Error fetching https://roadster.hu/feed: Failed to perform, curl: (28) Connection timed out after 10003 milliseconds. See https://curl.se/libcurl/c/libcurl-errors.html first for more details.
Error fetching https://www.hwsw.hu/xml/latest_news_rss.xml: Failed to perform, curl: (28) Connection timed out after 10003 milliseconds. See https://curl.se/libcurl/c/libcurl-errors.html first for more details.
Error fetching https://www.playboy.com/read/sex-relationships/feed: Failed to perform, curl: (28) Connection timed out after 10003 milliseconds. See https://curl.se/libcurl/c/libcurl-errors.html first for more details.

===== PIPELINE RUN START 2026-08-11T01:11:54 [run_pipeline_persistent] =====

--- RSS Fetch Errors at 2026-08-11 01:12:43 ---
Error fetching https://www.drive.com.au/feed/: HTTP Error 403: 

===== PIPELINE RUN START 2026-08-11T01:16:55 [run_pipeline_persistent] =====

--- RSS Fetch Errors at 2026-08-11 01:18:24 ---
Error fetching https://www.drive.com.au/feed/: HTTP Error 403: 
Error fetching https://sorozatjunkie.hu/feed: Failed to perform, curl: (28) Operation timed out after 25003 milliseconds with 0 bytes received. See https://curl.se/libcurl/c/libcurl-errors.html first for more details.

===== PIPELINE RUN START 2026-08-11T01:22:17 [run_pipeline_persistent] =====

--- RSS Fetch Errors at 2026-08-11 01:23:52 ---
Error fetching https://www.drive.com.au/feed/: HTTP Error 403: 
Error fetching https://www.economx.hu/feed: Failed to perform, curl: (28) Connection timed out after 10003 milliseconds. See https://curl.se/libcurl/c/libcurl-errors.html first for more details.

===== PIPELINE RUN START 2026-08-11T01:27:17 [run_pipeline_persistent] =====

--- RSS Fetch Errors at 2026-08-11 01:28:48 ---
Error fetching https://www.drive.com.au/feed/: HTTP Error 403: 
Error fetching https://www.hwsw.hu/xml/latest_news_rss.xml: Failed to perform, curl: (28) Connection timed out after 10002 milliseconds. See https://curl.se/libcurl/c/libcurl-errors.html first for more details.
Error fetching https://roadster.hu/feed: Failed to perform, curl: (28) Connection timed out after 10002 milliseconds. See https://curl.se/libcurl/c/libcurl-errors.html first for more details.

===== PIPELINE RUN START 2026-08-11T01:33:17 [run_pipeline_persistent] =====

--- RSS Fetch Errors at 2026-08-11 01:34:50 ---
Error fetching https://www.drive.com.au/feed/: HTTP Error 403: 
Error fetching https://www.economx.hu/feed: Failed to perform, curl: (28) Connection timed out after 10003 milliseconds. See https://curl.se/libcurl/c/libcurl-errors.html first for more details.
Error fetching https://femina.hu/24ora/rss.xml: Failed to perform, curl: (28) Connection timed out after 10003 milliseconds. See https://curl.se/libcurl/c/libcurl-errors.html first for more details.
Error fetching https://index.hu/tudomany/til/rss/: Failed to perform, curl: (28) Connection timed out after 10003 milliseconds. See https://curl.se/libcurl/c/libcurl-errors.html first for more details.

===== PIPELINE RUN START 2026-08-11T01:38:17 [run_pipeline_persistent] =====

--- RSS Fetch Errors at 2026-08-11 01:39:51 ---
Error fetching https://www.drive.com.au/feed/: HTTP Error 403: 
Error fetching https://www.playboy.com/read/classics/feed: Failed to perform, curl: (28) Connection timed out after 10002 milliseconds. See https://curl.se/libcurl/c/libcurl-errors.html first for more details.

===== PIPELINE RUN START 2026-08-11T01:43:17 [run_pipeline_persistent] =====

--- RSS Fetch Errors at 2026-08-11 01:44:47 ---
Error fetching https://www.drive.com.au/feed/: HTTP Error 403: 
Error fetching https://femina.hu/24ora/rss.xml: Failed to perform, curl: (28) Connection timed out after 10001 milliseconds. See https://curl.se/libcurl/c/libcurl-errors.html first for more details.
Error fetching https://www.penzcentrum.hu/rss/all.xml: Failed to perform, curl: (28) Operation timed out after 25003 milliseconds with 0 bytes received. See https://curl.se/libcurl/c/libcurl-errors.html first for more details.

===== PIPELINE RUN START 2026-08-11T01:48:18 [run_pipeline_persistent] =====

--- RSS Fetch Errors at 2026-08-11 01:49:54 ---
Error fetching https://www.drive.com.au/feed/: HTTP Error 403: 

===== PIPELINE RUN START 2026-08-11T01:53:18 [run_pipeline_persistent] =====

--- RSS Fetch Errors at 2026-08-11 01:54:54 ---
Error fetching https://www.drive.com.au/feed/: HTTP Error 403: 

===== PIPELINE RUN START 2026-08-11T01:58:38 [run_pipeline_persistent] =====

--- RSS Fetch Errors at 2026-08-11 02:00:40 ---
Error fetching https://www.drive.com.au/feed/: HTTP Error 403: 
Error fetching https://sorozatjunkie.hu/feed: Failed to perform, curl: (28) Connection timed out after 10004 milliseconds. See https://curl.se/libcurl/c/libcurl-errors.html first for more details.
Error fetching https://index.hu/tudomany/til/rss/: Failed to perform, curl: (28) Connection timed out after 10002 milliseconds. See https://curl.se/libcurl/c/libcurl-errors.html first for more details.

===== PIPELINE RUN START 2026-08-11T02:03:38 [run_pipeline_persistent] =====

--- RSS Fetch Errors at 2026-08-11 02:06:02 ---
Error fetching https://www.drive.com.au/feed/: HTTP Error 403: 
Error fetching https://player.hu/feed: Failed to perform, curl: (28) Connection timed out after 10002 milliseconds. See https://curl.se/libcurl/c/libcurl-errors.html first for more details.
Error fetching https://sokszinuvidek.24.hu/?oembed=true&format=xml&url=https%3A%2F%2Fsokszinuvidek.24.hu%2F: Failed to perform, curl: (28) Connection timed out after 10003 milliseconds. See https://curl.se/libcurl/c/libcurl-errors.html first for more details.

===== PIPELINE RUN START 2026-08-11T02:09:25 [run_pipeline_persistent] =====

--- RSS Fetch Errors at 2026-08-11 02:10:56 ---
Error fetching https://www.drive.com.au/feed/: HTTP Error 403: 
Error fetching https://www.maxim.com/feed: Failed to perform, curl: (28) Connection timed out after 10003 milliseconds. See https://curl.se/libcurl/c/libcurl-errors.html first for more details.
Error fetching https://mafab.hu/rss: Failed to perform, curl: (28) Connection timed out after 10003 milliseconds. See https://curl.se/libcurl/c/libcurl-errors.html first for more details.

===== PIPELINE RUN START 2026-08-11T02:14:25 [run_pipeline_persistent] =====

--- RSS Fetch Errors at 2026-08-11 02:15:50 ---
Error fetching https://www.drive.com.au/feed/: HTTP Error 403: 
Error fetching https://www.maxim.com/feed: Failed to perform, curl: (28) Connection timed out after 10003 milliseconds. See https://curl.se/libcurl/c/libcurl-errors.html first for more details.
Error fetching https://index.hu/tudomany/til/rss/: Failed to perform, curl: (28) Connection timed out after 10002 milliseconds. See https://curl.se/libcurl/c/libcurl-errors.html first for more details.
Error fetching https://wmn.hu/feed/: Failed to perform, curl: (28) Connection timed out after 10003 milliseconds. See https://curl.se/libcurl/c/libcurl-errors.html first for more details.
Error fetching https://femina.hu/24ora/rss.xml: Failed to perform, curl: (28) Operation timed out after 25002 milliseconds with 0 bytes received. See https://curl.se/libcurl/c/libcurl-errors.html first for more details.

===== PIPELINE RUN START 2026-08-11T02:19:25 [run_pipeline_persistent] =====

--- RSS Fetch Errors at 2026-08-11 02:20:52 ---
Error fetching https://www.drive.com.au/feed/: HTTP Error 403: 
Error fetching https://aihirfolyam.hu/feed: Failed to perform, curl: (28) Connection timed out after 10003 milliseconds. See https://curl.se/libcurl/c/libcurl-errors.html first for more details.
Error fetching https://femina.hu/24ora/rss.xml: Failed to perform, curl: (28) Connection timed out after 10003 milliseconds. See https://curl.se/libcurl/c/libcurl-errors.html first for more details.
Error fetching https://sorozatjunkie.hu/feed: Failed to perform, curl: (28) Connection timed out after 10003 milliseconds. See https://curl.se/libcurl/c/libcurl-errors.html first for more details.
Error fetching https://www.hwsw.hu/xml/latest_news_rss.xml: Failed to perform, curl: (28) Connection timed out after 10003 milliseconds. See https://curl.se/libcurl/c/libcurl-errors.html first for more details.
Error fetching https://bankless.com/feed: Failed to perform, curl: (28) Resolving timed out after 10001 milliseconds. See https://curl.se/libcurl/c/libcurl-errors.html first for more details.
Error fetching https://roadster.hu/feed: Failed to perform, curl: (28) Operation timed out after 25003 milliseconds with 0 bytes received. See https://curl.se/libcurl/c/libcurl-errors.html first for more details.

===== PIPELINE RUN START 2026-08-11T02:24:25 [run_pipeline_persistent] =====

--- RSS Fetch Errors at 2026-08-11 02:26:49 ---
Error fetching https://www.drive.com.au/feed/: HTTP Error 403: 
Error fetching https://www.economx.hu/feed: Failed to perform, curl: (28) Connection timed out after 10003 milliseconds. See https://curl.se/libcurl/c/libcurl-errors.html first for more details.
Error fetching https://aihirfolyam.hu/feed: Failed to perform, curl: (28) Connection timed out after 10003 milliseconds. See https://curl.se/libcurl/c/libcurl-errors.html first for more details.
Error fetching https://www.hwsw.hu/xml/latest_news_rss.xml: Failed to perform, curl: (28) Connection timed out after 10004 milliseconds. See https://curl.se/libcurl/c/libcurl-errors.html first for more details.
