
--- RSS Fetch Errors at 2026-07-26 00:27:28 ---
Error fetching https://www.drive.com.au/feed/: HTTP Error 403: 
Error fetching https://techpowerup.com/rss/news: HTTP Error 403: 
Error fetching https://leetgaming.com/feed/: Failed to perform, curl: (28) Connection timed out after 10003 milliseconds. See https://curl.se/libcurl/c/libcurl-errors.html first for more details.
Error fetching https://velvet.hu/feed: HTTP Error 404: Not Found
Error fetching https://femina.hu/feed: HTTP Error 404: Not Found
Error fetching https://instylemen.hu/feed: HTTP Error 404: 
Error fetching https://cliffhanger.hu/feed: HTTP Error 403: 
Error fetching https://hwsw.hu/hirek/rss: Failed to perform, curl: (28) Connection timed out after 10001 milliseconds. See https://curl.se/libcurl/c/libcurl-errors.html first for more details.
[00:30:31] Summarizer: [Batch] 1 item(s) missing from response → marked for reprocessing
[00:30:39] Summarizer: [DownloadWorker-8] SKIP (duplicate title): A nap legfontosabb hírei – 2026.07.25....
[00:30:39] Summarizer: [DownloadWorker-0] SKIP (duplicate title): Mi volt a hét csalódása?...
[00:31:12] Summarizer: [Batch] 1 item(s) missing from response → marked for reprocessing
[00:31:12] Summarizer: [Batch] 1 item(s) missing from response → marked for reprocessing
[00:31:19] Summarizer: [DownloadWorker-5] SKIP (duplicate title): Melyik volt a hét legjobb sorozatepizódj...
[00:31:23] Summarizer: [Batch] 2 item(s) missing from response → marked for reprocessing
[00:31:27] Summarizer: [Batch] 2 item(s) missing from response → marked for reprocessing
[00:31:31] Image_Downloader: Download failed (https://i.cdn29.hu/apix_collect_c/ngg_images/2605/07/stranger_than_heaven_062509_7_original_760x425_cover.jpg): HTTPSConnectionPool(host='i.cdn29.hu', port=443): Read timed out. (read timeout=5)
[00:31:40] Image_Downloader: Download failed (https://www.cnet.com/wp-content/uploads/sites/2/GettyImages-2285281756.jpg): HTTPSConnectionPool(host='www.cnet.com', port=443): Read timed out. (read timeout=20)
[00:36:02] Image_Downloader: Download failed (https://img.hvg.hu/Img/8133bb77-3fc3-490f-b374-cb198a0455cc/03eeca8e-347a-4916-b91f-116df0589cae.jpg): HTTPSConnectionPool(host='img.hvg.hu', port=443): Read timed out. (read timeout=5)
[00:36:06] Image_Downloader: Download failed (https://assets.4cdn.hu/kraken/8MiygZeibL0wK6EIs-lg.jpeg): ('Connection aborted.', ConnectionResetError(54, 'Connection reset by peer'))
[00:36:09] Summarizer: [DownloadWorker-2] SKIP (duplicate title): Best Apple Watch for 2026...
[00:36:13] Summarizer: [MissingDetector] ⚠️ PAIRING FAIL: 'https://www.economx.hu/belfold/ujabb-ejszakai-jaratok-indulnak-augusztustol-visegradtol-etyekig-konnyebb-lesz-a-hazajutas-budapestrot/' not found. KEEPING ITEM (Fallback).
[00:36:13] Summarizer: [Batch] 1 item(s) missing from response → marked for reprocessing
[00:36:13] Summarizer: [FreeGeminiAPI_3] ⚠️ PAIRING FAIL: 'https://www.economx.hu/belfold/ujabb-ejszakai-jaratok-indulnak-augusztustol-visegradtol-etyekig-konnyebb-lesz-a-hazajutas-budapestrot/' not found. KEEPING ITEM (Fallback).
[00:36:18] Summarizer: [Batch] 3 item(s) missing from response → marked for reprocessing
[00:36:18] Summarizer: [DownloadWorker-6] SKIP (duplicate title): Hihetetlen bravúr: 11 éves kislány döntö...
[00:36:24] Summarizer: [Batch] 2 item(s) missing from response → marked for reprocessing
[00:36:27] Summarizer: [MissingDetector] ⚠️ PAIRING FAIL: 'https://hvg.hu/gazdatag/20260725_helyere-kerult-a-vasuti-hid-a-soroksari-ut-felett' not found. KEEPING ITEM (Fallback).
[00:36:27] Summarizer: [Batch] 1 item(s) missing from response → marked for reprocessing
[00:36:27] Summarizer: [FreeGeminiAPI_1] ⚠️ PAIRING FAIL: 'https://hvg.hu/gazdatag/20260725_helyere-kerult-a-vasuti-hid-a-soroksari-ut-felett' not found. KEEPING ITEM (Fallback).
[00:36:35] Summarizer: [Batch] 2 item(s) missing from response → marked for reprocessing
[00:36:38] Summarizer: [Batch] 1 item(s) missing from response → marked for reprocessing
[00:36:48] Summarizer: [Batch] 1 item(s) missing from response → marked for reprocessing
[00:53:24] Summarizer: [DownloadWorker-2] SKIP (duplicate title): Sony Reon Pocket Pro Plus Air Conditione...
[00:53:54] Summarizer: Reprocessing 2 pairing failures from data.json

--- RSS Fetch Errors at 2026-07-26 03:02:11 ---
Error fetching https://techpowerup.com/rss/news: HTTP Error 403: 
Error fetching https://index.hu/belfold/rss/: Failed to perform, curl: (28) Connection timed out after 10002 milliseconds. See https://curl.se/libcurl/c/libcurl-errors.html first for more details.
Error fetching https://index.hu/kulfold/rss/: Failed to perform, curl: (28) Connection timed out after 10002 milliseconds. See https://curl.se/libcurl/c/libcurl-errors.html first for more details.
Error fetching https://leetgaming.com/feed/: Failed to perform, curl: (28) Connection timed out after 10002 milliseconds. See https://curl.se/libcurl/c/libcurl-errors.html first for more details.
Error fetching https://hwsw.hu/xml/latest_news_rss.xml: Failed to perform, curl: (28) Connection timed out after 10001 milliseconds. See https://curl.se/libcurl/c/libcurl-errors.html first for more details.
Error fetching https://index.hu/24ora/rss: Failed to perform, curl: (28) Connection timed out after 10003 milliseconds. See https://curl.se/libcurl/c/libcurl-errors.html first for more details.
Error fetching https://www.drive.com.au/feed/: HTTP Error 403: 
Error fetching https://www.cnet.com/rss/news/: Failed to perform, curl: (28) Connection timed out after 10003 milliseconds. See https://curl.se/libcurl/c/libcurl-errors.html first for more details.
Error fetching https://index.hu/tudomany/rss/: Failed to perform, curl: (28) Operation timed out after 1007556 milliseconds with 0 bytes received. See https://curl.se/libcurl/c/libcurl-errors.html first for more details.
Error fetching https://bitcoinmagazine.com/.rss/full/: Failed to perform, curl: (28) Operation timed out after 1000023 milliseconds with 304 bytes received. See https://curl.se/libcurl/c/libcurl-errors.html first for more details.
Error fetching https://velvet.hu/feed: HTTP Error 404: Not Found
Error fetching https://femina.hu/feed: HTTP Error 404: Not Found
Error fetching https://cliffhanger.hu/feed: HTTP Error 403: 
Error fetching https://hwsw.hu/hirek/rss: HTTP Error 404: 
Error fetching https://instylemen.hu/feed: HTTP Error 404: 
[03:18:55] Summarizer: [DownloadWorker-6] SKIP (duplicate title): Kalshi demands Netflix take down trailer...
[03:18:56] Summarizer: [DownloadWorker-0] SKIP (duplicate title): Videogame villains who sing at you are t...
[03:18:57] Summarizer: [DownloadWorker-8] SKIP (duplicate title): How The Rose Bowl Is Reinventing Itself ...
[03:18:58] Summarizer: [DownloadWorker-5] SKIP (duplicate title): Büntetések, Norris-pole és tánc – ez tör...
[03:18:58] Summarizer: [Batch] 2 item(s) missing from response → marked for reprocessing
[03:18:59] Summarizer: [DownloadWorker-4] SKIP (duplicate title): Logitech G316 X és G305 X Superlight – T...
[03:18:59] Summarizer: [DownloadWorker-8] SKIP (duplicate title): Bőröndbe zárva szállítottak két kutyát a...
[03:19:00] Summarizer: [DownloadWorker-0] SKIP (duplicate title): Újabb éjszakai járatok indulnak augusztu...
[03:19:03] Summarizer: [DownloadWorker-4] SKIP (duplicate title): Why The Executive Athlete Will Become Th...
[03:19:05] Summarizer: [DownloadWorker-6] SKIP (duplicate title): Bitcoin advocacy group to join US State ...
