
===== PIPELINE RUN START 2026-08-24T00:03:31 [run_pipeline_persistent] =====

--- RSS Fetch Errors at 2026-08-24 00:08:45 ---
Error fetching https://prog.hu/hirek/rss: HTTP Error 502: 
[00:09:05] Summarizer: [DownloadWorker-5] SKIP (duplicate title): TRADING ECONOMICS...
[00:09:12] Summarizer: [DownloadWorker-9] SKIP (duplicate title): TRADING ECONOMICS...
[00:09:18] Summarizer: [DownloadWorker-0] SKIP (duplicate title): TRADING ECONOMICS...
[00:09:24] Summarizer: [DownloadWorker-4] SKIP (duplicate title): TRADING ECONOMICS...
[00:09:40] Summarizer: [DownloadWorker-2] SKIP (duplicate title): Trading Economics...
[00:09:49] Summarizer: [DownloadWorker-7] SKIP (duplicate title): TRADING ECONOMICS...
[00:09:53] Summarizer: [DownloadWorker-1] SKIP (duplicate title): TRADING ECONOMICS...
[00:09:59] Summarizer: [DownloadWorker-9] SKIP (duplicate title): TRADING ECONOMICS...

===== PIPELINE RUN START 2026-08-24T00:10:32 [run_pipeline_persistent] =====

--- RSS Fetch Errors at 2026-08-24 00:11:33 ---
Error fetching https://www.economx.hu/feed: Failed to perform, curl: (35) TLS connect error: error:00000000:invalid library (0):OPENSSL_internal:invalid library (0). See https://curl.se/libcurl/c/libcurl-errors.html first for more details.

===== PIPELINE RUN START 2026-08-24T00:15:33 [run_pipeline_persistent] =====

--- RSS Fetch Errors at 2026-08-24 00:16:34 ---
Error fetching https://tldr.tech/rss: HTTP Error 429: 

===== PIPELINE RUN START 2026-08-24T00:20:35 [run_pipeline_persistent] =====

===== PIPELINE RUN START 2026-08-24T00:25:37 [run_pipeline_persistent] =====

--- RSS Fetch Errors at 2026-08-24 00:26:37 ---
Error fetching https://tldr.tech/rss: HTTP Error 429: 

===== PIPELINE RUN START 2026-08-24T00:30:40 [run_pipeline_persistent] =====

===== PIPELINE RUN START 2026-08-24T00:35:41 [run_pipeline_persistent] =====

===== PIPELINE RUN START 2026-08-24T00:40:42 [run_pipeline_persistent] =====

--- RSS Fetch Errors at 2026-08-24 00:41:42 ---
Error fetching https://tldr.tech/rss: HTTP Error 429: 

===== PIPELINE RUN START 2026-08-24T00:45:44 [run_pipeline_persistent] =====

===== PIPELINE RUN START 2026-08-24T00:50:46 [run_pipeline_persistent] =====
