
===== PIPELINE RUN START 2026-09-07T00:12:01 [run_pipeline_persistent] =====

===== PIPELINE RUN START 2026-09-07T00:18:15 [run_pipeline_persistent] =====

--- RSS Fetch Errors at 2026-09-07 00:19:56 ---
Error fetching https://www.hwsw.hu/xml/latest_news_rss.xml: Failed to perform, curl: (28) Connection timed out after 10003 milliseconds. See https://curl.se/libcurl/c/libcurl-errors.html first for more details.
[00:20:01] Summarizer: [DownloadWorker-8] SKIP (duplicate title): Eseménynaptár - 2026. szeptember 14. (hé...
[00:20:05] Summarizer: [DownloadWorker-2] SKIP (duplicate title): Eseménynaptár - 2026. szeptember 17. (cs...

===== PIPELINE RUN START 2026-09-07T00:23:17 [run_pipeline_persistent] =====

===== PIPELINE RUN START 2026-09-07T00:28:19 [run_pipeline_persistent] =====

--- RSS Fetch Errors at 2026-09-07 00:29:44 ---
Error fetching https://sokszinuvidek.24.hu/feed/: Failed to perform, curl: (28) Connection timed out after 10003 milliseconds. See https://curl.se/libcurl/c/libcurl-errors.html first for more details.

===== PIPELINE RUN START 2026-09-07T00:33:21 [run_pipeline_persistent] =====

===== PIPELINE RUN START 2026-09-07T00:38:22 [run_pipeline_persistent] =====

===== PIPELINE RUN START 2026-09-07T00:43:23 [run_pipeline_persistent] =====
[00:45:32] Summarizer: [Batch] No response from API (attempt 1/3)

===== PIPELINE RUN START 2026-09-07T00:48:25 [run_pipeline_persistent] =====

--- RSS Fetch Errors at 2026-09-07 00:49:57 ---
Error fetching https://www.hwsw.hu/xml/latest_news_rss.xml: Failed to perform, curl: (28) Connection timed out after 10003 milliseconds. See https://curl.se/libcurl/c/libcurl-errors.html first for more details.
Error fetching https://www.theguardian.com/europe/rss: Failed to perform, curl: (28) Connection timed out after 10001 milliseconds. See https://curl.se/libcurl/c/libcurl-errors.html first for more details.

===== PIPELINE RUN START 2026-09-07T00:53:26 [run_pipeline_persistent] =====

===== PIPELINE RUN START 2026-09-07T00:58:28 [run_pipeline_persistent] =====

===== PIPELINE RUN START 2026-09-07T01:03:30 [run_pipeline_persistent] =====

--- RSS Fetch Errors at 2026-09-07 01:04:57 ---
Error fetching https://sokszinuvidek.24.hu/feed/: Failed to perform, curl: (28) Connection timed out after 10003 milliseconds. See https://curl.se/libcurl/c/libcurl-errors.html first for more details.

===== PIPELINE RUN START 2026-09-07T01:08:31 [run_pipeline_persistent] =====

===== PIPELINE RUN START 2026-09-07T01:13:33 [run_pipeline_persistent] =====

--- RSS Fetch Errors at 2026-09-07 01:14:58 ---
Error fetching https://www.theguardian.com/europe/rss: Failed to perform, curl: (28) Connection timed out after 10003 milliseconds. See https://curl.se/libcurl/c/libcurl-errors.html first for more details.

===== PIPELINE RUN START 2026-09-07T01:18:35 [run_pipeline_persistent] =====

--- RSS Fetch Errors at 2026-09-07 01:19:56 ---
Error fetching https://sokszinuvidek.24.hu/feed/: Failed to perform, curl: (28) Connection timed out after 10003 milliseconds. See https://curl.se/libcurl/c/libcurl-errors.html first for more details.

===== PIPELINE RUN START 2026-09-07T01:23:36 [run_pipeline_persistent] =====

--- RSS Fetch Errors at 2026-09-07 01:25:05 ---
Error fetching https://www.hwsw.hu/xml/latest_news_rss.xml: Failed to perform, curl: (28) Connection timed out after 10003 milliseconds. See https://curl.se/libcurl/c/libcurl-errors.html first for more details.
Error fetching https://www.mentalfloss.com/feed: Failed to perform, curl: (28) Connection timed out after 10003 milliseconds. See https://curl.se/libcurl/c/libcurl-errors.html first for more details.

===== PIPELINE RUN START 2026-09-07T01:28:38 [run_pipeline_persistent] =====

--- RSS Fetch Errors at 2026-09-07 01:30:09 ---
Error fetching https://faroutmagazine.co.uk/art/feed: Failed to perform, curl: (28) Connection timed out after 10003 milliseconds. See https://curl.se/libcurl/c/libcurl-errors.html first for more details.

===== PIPELINE RUN START 2026-09-07T01:33:40 [run_pipeline_persistent] =====

--- RSS Fetch Errors at 2026-09-07 01:35:07 ---
Error fetching https://www.hwsw.hu/xml/latest_news_rss.xml: Failed to perform, curl: (28) Connection timed out after 10003 milliseconds. See https://curl.se/libcurl/c/libcurl-errors.html first for more details.
Error fetching https://index.hu/tudomany/til/rss/: Failed to perform, curl: (28) Connection timed out after 10004 milliseconds. See https://curl.se/libcurl/c/libcurl-errors.html first for more details.

===== PIPELINE RUN START 2026-09-07T01:38:42 [run_pipeline_persistent] =====

===== PIPELINE RUN START 2026-09-07T01:43:44 [run_pipeline_persistent] =====

===== PIPELINE RUN START 2026-09-07T01:48:46 [run_pipeline_persistent] =====

--- RSS Fetch Errors at 2026-09-07 01:50:14 ---
Error fetching https://index.hu/tudomany/til/rss/: Failed to perform, curl: (28) Connection timed out after 10002 milliseconds. See https://curl.se/libcurl/c/libcurl-errors.html first for more details.
Error fetching https://cryptofalka.hu/feed: Failed to perform, curl: (28) Connection timed out after 10003 milliseconds. See https://curl.se/libcurl/c/libcurl-errors.html first for more details.

===== PIPELINE RUN START 2026-09-07T01:53:47 [run_pipeline_persistent] =====

===== PIPELINE RUN START 2026-09-07T01:58:49 [run_pipeline_persistent] =====

===== PIPELINE RUN START 2026-09-07T02:03:50 [run_pipeline_persistent] =====

===== PIPELINE RUN START 2026-09-07T02:08:51 [run_pipeline_persistent] =====

===== PIPELINE RUN START 2026-09-07T02:13:52 [run_pipeline_persistent] =====

--- RSS Fetch Errors at 2026-09-07 02:15:19 ---
Error fetching https://www.hwsw.hu/xml/latest_news_rss.xml: Failed to perform, curl: (28) Connection timed out after 10003 milliseconds. See https://curl.se/libcurl/c/libcurl-errors.html first for more details.
