
===== PIPELINE RUN START 2026-08-28T10:21:24 [run_pipeline_persistent] =====

--- RSS Fetch Errors at 2026-08-28 10:26:44 ---
Error fetching https://www.vice.com/feed/: HTTP Error 404: 
[10:26:59] Summarizer: [DownloadWorker-3] SKIP (duplicate title): TRADING ECONOMICS...
[10:26:59] Summarizer: [DownloadWorker-7] SKIP (duplicate title): Rivian's CFO Is Leaving The Company...
[10:27:13] Summarizer: [DownloadWorker-8] SKIP (duplicate title): TRADING ECONOMICS...
[10:27:18] Summarizer: [DownloadWorker-8] SKIP (duplicate title): Felmentették a Honvédkórház igazgatóját...
[10:27:22] Summarizer: [DownloadWorker-2] SKIP (duplicate title): TRADING ECONOMICS...
[10:27:29] Summarizer: [DownloadWorker-6] SKIP (duplicate title): TRADING ECONOMICS...
[10:27:30] Image_Downloader: Download failed (https://welovebudapest.com/assets/_empty.php): 404 Client Error: Not Found for url: https://welovebudapest.com/assets/_empty.php
[10:27:33] Summarizer: [DownloadWorker-8] SKIP (duplicate title): Napi üzenet péntek – 2026. 08. 28....
[10:27:39] Summarizer: [DownloadWorker-8] SKIP (duplicate title): TRADING ECONOMICS...
[10:28:10] Summarizer: [DownloadWorker-4] SKIP (duplicate title): Még lehet pályázni a CFO of the year díj...
[10:28:39] Summarizer: [Batch] Minor issues fixed: 7
[10:29:00] Image_Downloader: Download failed (https://9to5mac.com/wp-content/uploads/sites/6/2026/08/dark-matter.jpg?quality=82&strip=all&resize=1200,628): HTTPSConnectionPool(host='9to5mac.com', port=443): Max retries exceeded with url: /wp-content/uploads/sites/6/2026/08/dark-matter.jpg?quality=82&strip=all&resize=1200,628 (Caused by NewConnectionError("HTTPSConnection(host='9to5mac.com', port=443): Failed to establish a new connection: [Errno 61] Connection refused"))
[10:29:28] Image_Downloader: Download failed (https://player.hu/uploads/2026/05/GettyImages-2226030181-1290x675.jpg): HTTPSConnectionPool(host='player.hu', port=443): Read timed out. (read timeout=10)
[10:29:30] Image_Downloader: Download failed (https://www.cnet.com/wp-content/uploads/sites/2/nancy-grace-roman-space-telescope-2_bec840.jpg): HTTPSConnectionPool(host='www.cnet.com', port=443): Read timed out. (read timeout=10)
[10:29:31] Image_Downloader: Download failed (https://i.cdn29.hu/apix_collect_c/ngg_images/2608/27/lego_super_mario_151553_1_original_760x425_cover.jpg): HTTPSConnectionPool(host='i.cdn29.hu', port=443): Read timed out. (read timeout=10)

===== PIPELINE RUN START 2026-08-28T10:33:04 [run_pipeline_persistent] =====

--- RSS Fetch Errors at 2026-08-28 10:34:07 ---
Error fetching https://sokszinuvidek.24.hu/feed/: Failed to perform, curl: (28) Connection timed out after 10002 milliseconds. See https://curl.se/libcurl/c/libcurl-errors.html first for more details.
[10:34:46] Summarizer: [Batch] No response from API (attempt 1/3)

===== PIPELINE RUN START 2026-08-28T10:38:04 [run_pipeline_persistent] =====

--- RSS Fetch Errors at 2026-08-28 10:39:20 ---
Error fetching https://index.hu/tudomany/til/rss/: Failed to perform, curl: (28) Connection timed out after 10001 milliseconds. See https://curl.se/libcurl/c/libcurl-errors.html first for more details.
Error fetching https://femina.hu/24ora/rss.xml: Failed to perform, curl: (28) Operation timed out after 35001 milliseconds with 0 bytes received. See https://curl.se/libcurl/c/libcurl-errors.html first for more details.
[10:39:28] Summarizer: [Batch] No response from API (attempt 1/3)
[10:40:07] Summarizer: [Batch] No response from API (attempt 1/3)

===== PIPELINE RUN START 2026-08-28T10:43:04 [run_pipeline_persistent] =====

--- RSS Fetch Errors at 2026-08-28 10:44:25 ---
Error fetching https://www.hwsw.hu/xml/latest_news_rss.xml: Failed to perform, curl: (28) Connection timed out after 10002 milliseconds. See https://curl.se/libcurl/c/libcurl-errors.html first for more details.
Error fetching https://faroutmagazine.co.uk/film/feed: Failed to perform, curl: (28) Connection timed out after 10002 milliseconds. See https://curl.se/libcurl/c/libcurl-errors.html first for more details.

===== PIPELINE RUN START 2026-08-28T10:48:04 [run_pipeline_persistent] =====

--- RSS Fetch Errors at 2026-08-28 10:49:21 ---
Error fetching https://www.theguardian.com/europe/rss: Failed to perform, curl: (28) Connection timed out after 10001 milliseconds. See https://curl.se/libcurl/c/libcurl-errors.html first for more details.
Error fetching https://mult-kor.hu/feed: Failed to perform, curl: (28) Operation timed out after 35002 milliseconds with 0 bytes received. See https://curl.se/libcurl/c/libcurl-errors.html first for more details.

===== PIPELINE RUN START 2026-08-28T10:53:04 [run_pipeline_persistent] =====

--- RSS Fetch Errors at 2026-08-28 10:54:18 ---
Error fetching https://femina.hu/24ora/rss.xml: Failed to perform, curl: (28) Connection timed out after 10003 milliseconds. See https://curl.se/libcurl/c/libcurl-errors.html first for more details.

===== PIPELINE RUN START 2026-08-28T10:58:04 [run_pipeline_persistent] =====

===== PIPELINE RUN START 2026-08-28T11:03:04 [run_pipeline_persistent] =====
[11:04:52] Summarizer: [Batch] Minor issues fixed: 1

===== PIPELINE RUN START 2026-08-28T11:08:05 [run_pipeline_persistent] =====

--- RSS Fetch Errors at 2026-08-28 11:09:04 ---
Error fetching https://www.economx.hu/feed: Failed to perform, curl: (28) Connection timed out after 10002 milliseconds. See https://curl.se/libcurl/c/libcurl-errors.html first for more details.
Error fetching https://femina.hu/24ora/rss.xml: Failed to perform, curl: (28) Connection timed out after 10002 milliseconds. See https://curl.se/libcurl/c/libcurl-errors.html first for more details.

===== PIPELINE RUN START 2026-08-28T11:13:05 [run_pipeline_persistent] =====

--- RSS Fetch Errors at 2026-08-28 11:14:12 ---
Error fetching https://www.economx.hu/feed: Failed to perform, curl: (28) Connection timed out after 10003 milliseconds. See https://curl.se/libcurl/c/libcurl-errors.html first for more details.
Error fetching https://www.hwsw.hu/xml/latest_news_rss.xml: Failed to perform, curl: (28) Connection timed out after 10004 milliseconds. See https://curl.se/libcurl/c/libcurl-errors.html first for more details.

===== PIPELINE RUN START 2026-08-28T11:18:05 [run_pipeline_persistent] =====

===== PIPELINE RUN START 2026-08-28T11:23:05 [run_pipeline_persistent] =====

===== PIPELINE RUN START 2026-08-28T11:28:05 [run_pipeline_persistent] =====

--- RSS Fetch Errors at 2026-08-28 11:29:14 ---
Error fetching https://bankless.com/feed: Failed to perform, curl: (28) Connection timed out after 10002 milliseconds. See https://curl.se/libcurl/c/libcurl-errors.html first for more details.

===== PIPELINE RUN START 2026-08-28T11:33:05 [run_pipeline_persistent] =====
[11:34:44] Summarizer: [Batch] No response from API (attempt 1/3)

===== PIPELINE RUN START 2026-08-28T11:38:05 [run_pipeline_persistent] =====

===== PIPELINE RUN START 2026-08-28T11:43:06 [run_pipeline_persistent] =====

===== PIPELINE RUN START 2026-08-28T11:48:06 [run_pipeline_persistent] =====

--- RSS Fetch Errors at 2026-08-28 11:49:14 ---
Error fetching https://www.economx.hu/feed: Failed to perform, curl: (28) Connection timed out after 10003 milliseconds. See https://curl.se/libcurl/c/libcurl-errors.html first for more details.
Error fetching https://9to5mac.com/feed/: Failed to perform, curl: (56) Connection closed abruptly. See https://curl.se/libcurl/c/libcurl-errors.html first for more details.

===== PIPELINE RUN START 2026-08-28T11:53:06 [run_pipeline_persistent] =====

--- RSS Fetch Errors at 2026-08-28 11:54:21 ---
Error fetching https://www.theguardian.com/europe/rss: Failed to perform, curl: (28) Connection timed out after 10001 milliseconds. See https://curl.se/libcurl/c/libcurl-errors.html first for more details.

===== PIPELINE RUN START 2026-08-28T11:58:06 [run_pipeline_persistent] =====

--- RSS Fetch Errors at 2026-08-28 11:59:21 ---
Error fetching https://femina.hu/24ora/rss.xml: Failed to perform, curl: (28) Connection timed out after 10002 milliseconds. See https://curl.se/libcurl/c/libcurl-errors.html first for more details.
Error fetching https://index.hu/tudomany/til/rss/: Failed to perform, curl: (28) Connection timed out after 10001 milliseconds. See https://curl.se/libcurl/c/libcurl-errors.html first for more details.

===== PIPELINE RUN START 2026-08-28T12:03:06 [run_pipeline_persistent] =====

--- RSS Fetch Errors at 2026-08-28 12:04:13 ---
Error fetching https://www.economx.hu/feed: Failed to perform, curl: (28) Connection timed out after 10001 milliseconds. See https://curl.se/libcurl/c/libcurl-errors.html first for more details.

===== PIPELINE RUN START 2026-08-28T12:08:06 [run_pipeline_persistent] =====

--- RSS Fetch Errors at 2026-08-28 12:09:25 ---
Error fetching https://www.maxim.com/feed: Failed to perform, curl: (28) Operation timed out after 35003 milliseconds with 0 bytes received. See https://curl.se/libcurl/c/libcurl-errors.html first for more details.

===== PIPELINE RUN START 2026-08-28T12:13:06 [run_pipeline_persistent] =====

===== PIPELINE RUN START 2026-08-28T12:18:07 [run_pipeline_persistent] =====

--- RSS Fetch Errors at 2026-08-28 12:19:24 ---
Error fetching https://femina.hu/24ora/rss.xml: Failed to perform, curl: (28) Connection timed out after 10002 milliseconds. See https://curl.se/libcurl/c/libcurl-errors.html first for more details.

===== PIPELINE RUN START 2026-08-28T12:23:07 [run_pipeline_persistent] =====

===== PIPELINE RUN START 2026-08-28T12:28:07 [run_pipeline_persistent] =====

--- RSS Fetch Errors at 2026-08-28 12:29:06 ---
Error fetching https://www.economx.hu/feed: Failed to perform, curl: (28) Connection timed out after 10002 milliseconds. See https://curl.se/libcurl/c/libcurl-errors.html first for more details.
Error fetching https://index.hu/tudomany/til/rss/: Failed to perform, curl: (28) Connection timed out after 10001 milliseconds. See https://curl.se/libcurl/c/libcurl-errors.html first for more details.
[12:29:36] Summarizer: [Batch] No response from API (attempt 1/3)

===== PIPELINE RUN START 2026-08-28T12:33:07 [run_pipeline_persistent] =====
[12:34:41] Summarizer: [Batch] No response from API (attempt 1/3)

===== PIPELINE RUN START 2026-08-28T12:38:07 [run_pipeline_persistent] =====

===== PIPELINE RUN START 2026-08-28T12:43:07 [run_pipeline_persistent] =====

--- RSS Fetch Errors at 2026-08-28 12:44:04 ---
Error fetching https://www.hwsw.hu/xml/latest_news_rss.xml: Failed to perform, curl: (28) Connection timed out after 10002 milliseconds. See https://curl.se/libcurl/c/libcurl-errors.html first for more details.
Error fetching https://www.playboy.com/read/classics/feed: Failed to perform, curl: (28) Connection timed out after 10002 milliseconds. See https://curl.se/libcurl/c/libcurl-errors.html first for more details.

===== PIPELINE RUN START 2026-08-28T12:48:07 [run_pipeline_persistent] =====

===== PIPELINE RUN START 2026-08-28T12:53:07 [run_pipeline_persistent] =====

===== PIPELINE RUN START 2026-08-28T12:58:07 [run_pipeline_persistent] =====

--- RSS Fetch Errors at 2026-08-28 12:59:19 ---
Error fetching https://androgeek.hu/rss/rss.php: Failed to perform, curl: (28) Connection timed out after 10001 milliseconds. See https://curl.se/libcurl/c/libcurl-errors.html first for more details.
Error fetching https://9to5mac.com/feed/: Failed to perform, curl: (28) Connection timed out after 10002 milliseconds. See https://curl.se/libcurl/c/libcurl-errors.html first for more details.
Error fetching https://mafab.hu/rss: Failed to perform, curl: (28) Connection timed out after 10002 milliseconds. See https://curl.se/libcurl/c/libcurl-errors.html first for more details.
Error fetching https://www.uniladtech.com/index.rss: Failed to perform, curl: (28) Operation timed out after 35004 milliseconds with 0 bytes received. See https://curl.se/libcurl/c/libcurl-errors.html first for more details.
Error fetching https://mult-kor.hu/feed: Failed to perform, curl: (28) Operation timed out after 35001 milliseconds with 0 bytes received. See https://curl.se/libcurl/c/libcurl-errors.html first for more details.

===== PIPELINE RUN START 2026-08-28T13:03:08 [run_pipeline_persistent] =====
[13:04:52] Summarizer: [Batch] No response from API (attempt 1/3)

===== PIPELINE RUN START 2026-08-28T13:08:08 [run_pipeline_persistent] =====

===== PIPELINE RUN START 2026-08-28T13:13:08 [run_pipeline_persistent] =====

===== PIPELINE RUN START 2026-08-28T13:18:08 [run_pipeline_persistent] =====

--- RSS Fetch Errors at 2026-08-28 13:19:17 ---
Error fetching https://www.maxim.com/feed: Failed to perform, curl: (28) Connection timed out after 10001 milliseconds. See https://curl.se/libcurl/c/libcurl-errors.html first for more details.
Error fetching https://index.hu/tudomany/til/rss/: Failed to perform, curl: (28) Connection timed out after 10002 milliseconds. See https://curl.se/libcurl/c/libcurl-errors.html first for more details.
Error fetching https://www.theguardian.com/europe/rss: Failed to perform, curl: (28) Connection timed out after 10002 milliseconds. See https://curl.se/libcurl/c/libcurl-errors.html first for more details.
Error fetching https://www.economx.hu/feed: Failed to perform, curl: (28) Operation timed out after 35002 milliseconds with 0 bytes received. See https://curl.se/libcurl/c/libcurl-errors.html first for more details.
Error fetching https://starity.hu/magazin/rss/: Failed to perform, curl: (28) Operation timed out after 35002 milliseconds with 0 bytes received. See https://curl.se/libcurl/c/libcurl-errors.html first for more details.
[13:19:25] Summarizer: [Batch] No response from API (attempt 1/3)

===== PIPELINE RUN START 2026-08-28T13:23:08 [run_pipeline_persistent] =====

--- RSS Fetch Errors at 2026-08-28 13:24:23 ---
Error fetching https://www.economx.hu/feed: Failed to perform, curl: (28) Connection timed out after 10002 milliseconds. See https://curl.se/libcurl/c/libcurl-errors.html first for more details.
Error fetching https://mafab.hu/rss: Failed to perform, curl: (28) Connection timed out after 10002 milliseconds. See https://curl.se/libcurl/c/libcurl-errors.html first for more details.
[13:25:36] Summarizer: [Batch] No response from API (attempt 1/3)
[13:26:02] Summarizer: [Batch] No response from API (attempt 1/3)
[13:26:12] Summarizer: [Batch] No response from API (attempt 2/3)

===== PIPELINE RUN START 2026-08-28T13:28:08 [run_pipeline_persistent] =====

--- RSS Fetch Errors at 2026-08-28 13:29:28 ---
Error fetching https://quirkofhistory.com/feed.xml: Failed to perform, curl: (28) Connection timed out after 10002 milliseconds. See https://curl.se/libcurl/c/libcurl-errors.html first for more details.
[13:29:44] Summarizer: [Batch] 1 item(s) missing from response → marked for reprocessing

===== PIPELINE RUN START 2026-08-28T13:33:08 [run_pipeline_persistent] =====
[13:34:52] Summarizer: [Batch] No response from API (attempt 1/3)

===== PIPELINE RUN START 2026-08-28T13:38:08 [run_pipeline_persistent] =====

--- RSS Fetch Errors at 2026-08-28 13:39:07 ---
Error fetching https://www.theguardian.com/europe/rss: Failed to perform, curl: (28) Connection timed out after 10002 milliseconds. See https://curl.se/libcurl/c/libcurl-errors.html first for more details.

===== PIPELINE RUN START 2026-08-28T13:43:08 [run_pipeline_persistent] =====

===== PIPELINE RUN START 2026-08-28T13:48:08 [run_pipeline_persistent] =====

--- RSS Fetch Errors at 2026-08-28 13:49:19 ---
Error fetching https://fhm.com/feed: Failed to perform, curl: (28) Connection timed out after 10000 milliseconds. See https://curl.se/libcurl/c/libcurl-errors.html first for more details.
Error fetching https://prog.hu/hirek/rss: Failed to perform, curl: (28) Connection timed out after 10002 milliseconds. See https://curl.se/libcurl/c/libcurl-errors.html first for more details.

===== PIPELINE RUN START 2026-08-28T13:53:09 [run_pipeline_persistent] =====

===== PIPELINE RUN START 2026-08-28T13:58:09 [run_pipeline_persistent] =====

--- RSS Fetch Errors at 2026-08-28 13:59:08 ---
Error fetching https://sokszinuvidek.24.hu/feed/: Failed to perform, curl: (28) Connection timed out after 10002 milliseconds. See https://curl.se/libcurl/c/libcurl-errors.html first for more details.

===== PIPELINE RUN START 2026-08-28T14:03:09 [run_pipeline_persistent] =====

===== PIPELINE RUN START 2026-08-28T14:08:09 [run_pipeline_persistent] =====

--- RSS Fetch Errors at 2026-08-28 14:09:19 ---
Error fetching https://sokszinuvidek.24.hu/feed/: Failed to perform, curl: (28) Connection timed out after 10002 milliseconds. See https://curl.se/libcurl/c/libcurl-errors.html first for more details.

===== PIPELINE RUN START 2026-08-28T14:13:09 [run_pipeline_persistent] =====

--- RSS Fetch Errors at 2026-08-28 14:14:26 ---
Error fetching https://www.economx.hu/feed: Failed to perform, curl: (28) Connection timed out after 10002 milliseconds. See https://curl.se/libcurl/c/libcurl-errors.html first for more details.
Error fetching https://faroutmagazine.co.uk/art/feed: Failed to perform, curl: (28) Connection timed out after 10002 milliseconds. See https://curl.se/libcurl/c/libcurl-errors.html first for more details.

===== PIPELINE RUN START 2026-08-28T14:18:09 [run_pipeline_persistent] =====

--- RSS Fetch Errors at 2026-08-28 14:19:05 ---
Error fetching https://femina.hu/24ora/rss.xml: Failed to perform, curl: (28) Connection timed out after 10002 milliseconds. See https://curl.se/libcurl/c/libcurl-errors.html first for more details.
Error fetching https://www.maxim.com/feed: Failed to perform, curl: (28) Connection timed out after 10002 milliseconds. See https://curl.se/libcurl/c/libcurl-errors.html first for more details.

===== PIPELINE RUN START 2026-08-28T14:23:09 [run_pipeline_persistent] =====

--- RSS Fetch Errors at 2026-08-28 14:24:06 ---
Error fetching https://www.theguardian.com/europe/rss: Failed to perform, curl: (28) Connection timed out after 10002 milliseconds. See https://curl.se/libcurl/c/libcurl-errors.html first for more details.

===== PIPELINE RUN START 2026-08-28T14:28:13 [run_pipeline_persistent] =====

--- RSS Fetch Errors at 2026-08-28 14:29:27 ---
Error fetching https://sokszinuvidek.24.hu/feed/: Failed to perform, curl: (28) Connection timed out after 10001 milliseconds. See https://curl.se/libcurl/c/libcurl-errors.html first for more details.

===== PIPELINE RUN START 2026-08-28T14:33:13 [run_pipeline_persistent] =====

--- RSS Fetch Errors at 2026-08-28 14:34:11 ---
Error fetching https://femina.hu/24ora/rss.xml: Failed to perform, curl: (28) Connection timed out after 10003 milliseconds. See https://curl.se/libcurl/c/libcurl-errors.html first for more details.
Error fetching https://roadster.hu/feed: Failed to perform, curl: (28) Connection timed out after 10003 milliseconds. See https://curl.se/libcurl/c/libcurl-errors.html first for more details.
Error fetching https://quirkofhistory.com/feed.xml: Failed to perform, curl: (28) Connection timed out after 10001 milliseconds. See https://curl.se/libcurl/c/libcurl-errors.html first for more details.

===== PIPELINE RUN START 2026-08-28T14:38:13 [run_pipeline_persistent] =====

--- RSS Fetch Errors at 2026-08-28 14:39:08 ---
Error fetching https://www.theguardian.com/europe/rss: Failed to perform, curl: (28) Connection timed out after 10002 milliseconds. See https://curl.se/libcurl/c/libcurl-errors.html first for more details.

===== PIPELINE RUN START 2026-08-28T14:43:13 [run_pipeline_persistent] =====

--- RSS Fetch Errors at 2026-08-28 14:44:25 ---
Error fetching https://www.playboy.com/read/sex-relationships/feed: Failed to perform, curl: (28) Connection timed out after 10002 milliseconds. See https://curl.se/libcurl/c/libcurl-errors.html first for more details.

===== PIPELINE RUN START 2026-08-28T14:48:13 [run_pipeline_persistent] =====

--- RSS Fetch Errors at 2026-08-28 14:49:26 ---
Error fetching https://www.economx.hu/feed: Failed to perform, curl: (28) Connection timed out after 10002 milliseconds. See https://curl.se/libcurl/c/libcurl-errors.html first for more details.
Error fetching https://index.hu/tudomany/til/rss/: Failed to perform, curl: (28) Connection timed out after 10003 milliseconds. See https://curl.se/libcurl/c/libcurl-errors.html first for more details.

===== PIPELINE RUN START 2026-08-28T14:53:13 [run_pipeline_persistent] =====

--- RSS Fetch Errors at 2026-08-28 14:54:07 ---
Error fetching https://sorozatjunkie.hu/feed: Failed to perform, curl: (28) Connection timed out after 10002 milliseconds. See https://curl.se/libcurl/c/libcurl-errors.html first for more details.
Error fetching https://www.theguardian.com/europe/rss: Failed to perform, curl: (28) Connection timed out after 10003 milliseconds. See https://curl.se/libcurl/c/libcurl-errors.html first for more details.

===== PIPELINE RUN START 2026-08-28T14:58:13 [run_pipeline_persistent] =====

===== PIPELINE RUN START 2026-08-28T15:03:13 [run_pipeline_persistent] =====

--- RSS Fetch Errors at 2026-08-28 15:04:18 ---
Error fetching https://sokszinuvidek.24.hu/feed/: Failed to perform, curl: (28) Connection timed out after 10002 milliseconds. See https://curl.se/libcurl/c/libcurl-errors.html first for more details.

===== PIPELINE RUN START 2026-08-28T15:08:14 [run_pipeline_persistent] =====

--- RSS Fetch Errors at 2026-08-28 15:09:05 ---
Error fetching https://www.hwsw.hu/xml/latest_news_rss.xml: Failed to perform, curl: (28) Connection timed out after 10003 milliseconds. See https://curl.se/libcurl/c/libcurl-errors.html first for more details.
Error fetching https://www.theguardian.com/europe/rss: Failed to perform, curl: (28) Connection timed out after 10003 milliseconds. See https://curl.se/libcurl/c/libcurl-errors.html first for more details.
Error fetching https://index.hu/tudomany/til/rss/: Failed to perform, curl: (28) Connection timed out after 10003 milliseconds. See https://curl.se/libcurl/c/libcurl-errors.html first for more details.

===== PIPELINE RUN START 2026-08-28T15:13:14 [run_pipeline_persistent] =====

--- RSS Fetch Errors at 2026-08-28 15:14:07 ---
Error fetching https://www.economx.hu/feed: Failed to perform, curl: (28) Connection timed out after 10003 milliseconds. See https://curl.se/libcurl/c/libcurl-errors.html first for more details.

===== PIPELINE RUN START 2026-08-28T15:18:14 [run_pipeline_persistent] =====
[15:19:28] Summarizer: [Batch] No response from API (attempt 1/3)

===== PIPELINE RUN START 2026-08-28T15:23:14 [run_pipeline_persistent] =====

--- RSS Fetch Errors at 2026-08-28 15:24:23 ---
Error fetching https://www.economx.hu/feed: Failed to perform, curl: (28) Connection timed out after 10003 milliseconds. See https://curl.se/libcurl/c/libcurl-errors.html first for more details.
Error fetching https://mafab.hu/rss: Failed to perform, curl: (28) Operation timed out after 35003 milliseconds with 0 bytes received. See https://curl.se/libcurl/c/libcurl-errors.html first for more details.
[15:24:32] Summarizer: [Batch] No response from API (attempt 1/3)

===== PIPELINE RUN START 2026-08-28T15:28:15 [run_pipeline_persistent] =====

===== PIPELINE RUN START 2026-08-28T15:33:15 [run_pipeline_persistent] =====
[15:34:29] Summarizer: [Batch] No response from API (attempt 1/3)

===== PIPELINE RUN START 2026-08-28T15:38:15 [run_pipeline_persistent] =====

===== PIPELINE RUN START 2026-08-28T15:43:15 [run_pipeline_persistent] =====

--- RSS Fetch Errors at 2026-08-28 15:44:18 ---
Error fetching https://9to5mac.com/feed/: Failed to perform, curl: (56) Connection closed abruptly. See https://curl.se/libcurl/c/libcurl-errors.html first for more details.
Error fetching https://www.economx.hu/feed: Failed to perform, curl: (28) Connection timed out after 10001 milliseconds. See https://curl.se/libcurl/c/libcurl-errors.html first for more details.
Error fetching https://www.hwsw.hu/xml/latest_news_rss.xml: Failed to perform, curl: (28) Connection timed out after 10002 milliseconds. See https://curl.se/libcurl/c/libcurl-errors.html first for more details.
Error fetching https://www.theguardian.com/europe/rss: Failed to perform, curl: (28) Connection timed out after 10002 milliseconds. See https://curl.se/libcurl/c/libcurl-errors.html first for more details.

===== PIPELINE RUN START 2026-08-28T15:48:15 [run_pipeline_persistent] =====

===== PIPELINE RUN START 2026-08-28T15:53:16 [run_pipeline_persistent] =====

--- RSS Fetch Errors at 2026-08-28 15:54:25 ---
Error fetching https://www.hwsw.hu/xml/latest_news_rss.xml: Failed to perform, curl: (28) Connection timed out after 10003 milliseconds. See https://curl.se/libcurl/c/libcurl-errors.html first for more details.
Error fetching https://cryptofalka.hu/feed: Failed to perform, curl: (28) Operation timed out after 35003 milliseconds with 0 bytes received. See https://curl.se/libcurl/c/libcurl-errors.html first for more details.

===== PIPELINE RUN START 2026-08-28T15:58:16 [run_pipeline_persistent] =====

===== PIPELINE RUN START 2026-08-28T16:03:16 [run_pipeline_persistent] =====

--- RSS Fetch Errors at 2026-08-28 16:04:12 ---
Error fetching https://velvet.hu/24ora/rss/: Failed to perform, curl: (28) Connection timed out after 10003 milliseconds. See https://curl.se/libcurl/c/libcurl-errors.html first for more details.
Error fetching https://nlc.hu/feed: Failed to perform, curl: (28) Connection timed out after 10003 milliseconds. See https://curl.se/libcurl/c/libcurl-errors.html first for more details.
Error fetching https://index.hu/tudomany/til/rss/: Failed to perform, curl: (28) Connection timed out after 10002 milliseconds. See https://curl.se/libcurl/c/libcurl-errors.html first for more details.
[16:06:10] Summarizer: [Batch] No response from API (attempt 1/3)

===== PIPELINE RUN START 2026-08-28T16:08:16 [run_pipeline_persistent] =====

--- RSS Fetch Errors at 2026-08-28 16:09:13 ---
Error fetching https://www.economx.hu/feed: Failed to perform, curl: (28) Connection timed out after 10002 milliseconds. See https://curl.se/libcurl/c/libcurl-errors.html first for more details.
Error fetching https://azutazo.hu/feed: Failed to perform, curl: (28) Connection timed out after 10001 milliseconds. See https://curl.se/libcurl/c/libcurl-errors.html first for more details.
Error fetching https://www.theguardian.com/europe/rss: Failed to perform, curl: (28) Connection timed out after 10002 milliseconds. See https://curl.se/libcurl/c/libcurl-errors.html first for more details.

===== PIPELINE RUN START 2026-08-28T16:13:16 [run_pipeline_persistent] =====
[16:14:09] Summarizer: [Batch] No response from API (attempt 1/3)

===== PIPELINE RUN START 2026-08-28T16:18:17 [run_pipeline_persistent] =====

--- RSS Fetch Errors at 2026-08-28 16:19:11 ---
Error fetching https://femina.hu/24ora/rss.xml: Failed to perform, curl: (28) Connection timed out after 10003 milliseconds. See https://curl.se/libcurl/c/libcurl-errors.html first for more details.
[16:19:25] Summarizer: [Batch] No response from API (attempt 1/3)

===== PIPELINE RUN START 2026-08-28T16:23:17 [run_pipeline_persistent] =====

--- RSS Fetch Errors at 2026-08-28 16:24:21 ---
Error fetching https://www.vice.com/feed/: HTTP Error 404: 
Error fetching https://www.economx.hu/feed: Failed to perform, curl: (28) Connection timed out after 10003 milliseconds. See https://curl.se/libcurl/c/libcurl-errors.html first for more details.
Error fetching https://sokszinuvidek.24.hu/feed/: Failed to perform, curl: (28) Connection timed out after 10003 milliseconds. See https://curl.se/libcurl/c/libcurl-errors.html first for more details.
Error fetching https://cryptofalka.hu/feed: Failed to perform, curl: (28) Connection timed out after 10002 milliseconds. See https://curl.se/libcurl/c/libcurl-errors.html first for more details.
Error fetching https://index.hu/tudomany/til/rss/: Failed to perform, curl: (28) Operation timed out after 35002 milliseconds with 0 bytes received. See https://curl.se/libcurl/c/libcurl-errors.html first for more details.
[16:24:58] Image_Downloader: Download failed (https://www.sciencedaily.com/images/1920/conjunctival-eye-ointment.webp): HTTPSConnectionPool(host='www.sciencedaily.com', port=443): Read timed out. (read timeout=10)
[16:25:10] Summarizer: [Batch] No response from API (attempt 1/3)
[16:25:23] Image_Downloader: Download failed (http://kep.cdn.index.hu/1/0/7129/71298/712985/71298573_e64d53d5a18fae839ec8711d2c1095cc_wm.png): HTTPConnectionPool(host='kep.cdn.index.hu', port=80): Read timed out. (read timeout=30)

===== PIPELINE RUN START 2026-08-28T16:28:17 [run_pipeline_persistent] =====

--- RSS Fetch Errors at 2026-08-28 16:29:12 ---
Error fetching https://www.playboy.com/read/celebrities/feed: Failed to perform, curl: (28) Connection timed out after 10003 milliseconds. See https://curl.se/libcurl/c/libcurl-errors.html first for more details.

===== PIPELINE RUN START 2026-08-28T16:33:17 [run_pipeline_persistent] =====

===== PIPELINE RUN START 2026-08-28T16:38:17 [run_pipeline_persistent] =====

===== PIPELINE RUN START 2026-08-28T16:43:17 [run_pipeline_persistent] =====

--- RSS Fetch Errors at 2026-08-28 16:44:17 ---
Error fetching https://nlc.hu/feed: Failed to perform, curl: (28) Connection timed out after 10003 milliseconds. See https://curl.se/libcurl/c/libcurl-errors.html first for more details.
Error fetching https://9to5mac.com/feed/: Failed to perform, curl: (56) Connection closed abruptly. See https://curl.se/libcurl/c/libcurl-errors.html first for more details.
Error fetching https://www.uniladtech.com/index.rss: Failed to perform, curl: (28) Connection timed out after 10002 milliseconds. See https://curl.se/libcurl/c/libcurl-errors.html first for more details.
Error fetching https://www.historyoasis.com/rss.xml: Failed to perform, curl: (28) Connection timed out after 10002 milliseconds. See https://curl.se/libcurl/c/libcurl-errors.html first for more details.

===== PIPELINE RUN START 2026-08-28T16:48:18 [run_pipeline_persistent] =====

--- RSS Fetch Errors at 2026-08-28 16:49:12 ---
Error fetching https://www.hwsw.hu/xml/latest_news_rss.xml: Failed to perform, curl: (28) Connection timed out after 10003 milliseconds. See https://curl.se/libcurl/c/libcurl-errors.html first for more details.

===== PIPELINE RUN START 2026-08-28T16:53:18 [run_pipeline_persistent] =====

===== PIPELINE RUN START 2026-08-28T16:58:18 [run_pipeline_persistent] =====

===== PIPELINE RUN START 2026-08-28T17:03:18 [run_pipeline_persistent] =====

===== PIPELINE RUN START 2026-08-28T17:08:18 [run_pipeline_persistent] =====

===== PIPELINE RUN START 2026-08-28T17:13:18 [run_pipeline_persistent] =====

===== PIPELINE RUN START 2026-08-28T17:18:19 [run_pipeline_persistent] =====

--- RSS Fetch Errors at 2026-08-28 17:19:26 ---
Error fetching https://www.economx.hu/feed: Failed to perform, curl: (28) Connection timed out after 10002 milliseconds. See https://curl.se/libcurl/c/libcurl-errors.html first for more details.
Error fetching https://sokszinuvidek.24.hu/feed/: Failed to perform, curl: (28) Connection timed out after 10001 milliseconds. See https://curl.se/libcurl/c/libcurl-errors.html first for more details.
Error fetching https://starity.hu/magazin/rss/: Failed to perform, curl: (28) Operation timed out after 35002 milliseconds with 0 bytes received. See https://curl.se/libcurl/c/libcurl-errors.html first for more details.

===== PIPELINE RUN START 2026-08-28T17:23:19 [run_pipeline_persistent] =====
[17:24:22] Summarizer: [Batch] No response from API (attempt 1/3)
[17:25:05] Image_Downloader: Download failed (https://kep.cdn.index.hu/1/0/7129/71297/712979/71297905_5257671_1896847bfcc26fdb2e1571115f447d30_wm.jpg): HTTPSConnectionPool(host='kep.cdn.index.hu', port=443): Read timed out. (read timeout=10)
[17:25:07] Image_Downloader: Download failed (https://www.maxim.com/wp-content/uploads/2026/08/Brooks-Nader-Astral-Tequila-Feature-2026.jpg): HTTPSConnectionPool(host='www.maxim.com', port=443): Read timed out. (read timeout=10)

===== PIPELINE RUN START 2026-08-28T17:28:21 [run_pipeline_persistent] =====

--- RSS Fetch Errors at 2026-08-28 17:29:18 ---
Error fetching https://www.theguardian.com/europe/rss: Failed to perform, curl: (28) Connection timed out after 10002 milliseconds. See https://curl.se/libcurl/c/libcurl-errors.html first for more details.
Error fetching https://www.historyoasis.com/rss.xml: Failed to perform, curl: (28) Connection timed out after 10001 milliseconds. See https://curl.se/libcurl/c/libcurl-errors.html first for more details.

===== PIPELINE RUN START 2026-08-28T17:33:21 [run_pipeline_persistent] =====

--- RSS Fetch Errors at 2026-08-28 17:34:33 ---
Error fetching https://sokszinuvidek.24.hu/feed/: Failed to perform, curl: (28) Connection timed out after 10002 milliseconds. See https://curl.se/libcurl/c/libcurl-errors.html first for more details.

===== PIPELINE RUN START 2026-08-28T17:38:22 [run_pipeline_persistent] =====

--- RSS Fetch Errors at 2026-08-28 17:39:30 ---
Error fetching https://9to5mac.com/feed/: Failed to perform, curl: (56) Connection closed abruptly. See https://curl.se/libcurl/c/libcurl-errors.html first for more details.
Error fetching https://www.playboy.com/read/classics/feed: Failed to perform, curl: (28) Connection timed out after 10002 milliseconds. See https://curl.se/libcurl/c/libcurl-errors.html first for more details.
Error fetching https://www.theguardian.com/europe/rss: Failed to perform, curl: (28) Connection timed out after 10002 milliseconds. See https://curl.se/libcurl/c/libcurl-errors.html first for more details.
Error fetching https://player.hu/feed: Failed to perform, curl: (28) Operation timed out after 35002 milliseconds with 0 bytes received. See https://curl.se/libcurl/c/libcurl-errors.html first for more details.

===== PIPELINE RUN START 2026-08-28T17:43:22 [run_pipeline_persistent] =====

===== PIPELINE RUN START 2026-08-28T17:48:22 [run_pipeline_persistent] =====

--- RSS Fetch Errors at 2026-08-28 17:49:17 ---
Error fetching https://femina.hu/24ora/rss.xml: Failed to perform, curl: (28) Connection timed out after 10003 milliseconds. See https://curl.se/libcurl/c/libcurl-errors.html first for more details.
Error fetching https://index.hu/tudomany/til/rss/: Failed to perform, curl: (28) Connection timed out after 10002 milliseconds. See https://curl.se/libcurl/c/libcurl-errors.html first for more details.
Error fetching https://www.theguardian.com/europe/rss: Failed to perform, curl: (28) Connection timed out after 10003 milliseconds. See https://curl.se/libcurl/c/libcurl-errors.html first for more details.

===== PIPELINE RUN START 2026-08-28T17:53:22 [run_pipeline_persistent] =====

===== PIPELINE RUN START 2026-08-28T17:58:22 [run_pipeline_persistent] =====

--- RSS Fetch Errors at 2026-08-28 17:59:47 ---
Error fetching https://femina.hu/24ora/rss.xml: Failed to perform, curl: (28) Connection timed out after 10003 milliseconds. See https://curl.se/libcurl/c/libcurl-errors.html first for more details.

===== PIPELINE RUN START 2026-08-28T18:03:22 [run_pipeline_persistent] =====

--- RSS Fetch Errors at 2026-08-28 18:04:19 ---
Error fetching https://mafab.hu/rss: Failed to perform, curl: (28) Connection timed out after 10002 milliseconds. See https://curl.se/libcurl/c/libcurl-errors.html first for more details.

===== PIPELINE RUN START 2026-08-28T18:08:22 [run_pipeline_persistent] =====

--- RSS Fetch Errors at 2026-08-28 18:09:15 ---
Error fetching https://www.economx.hu/feed: Failed to perform, curl: (28) Connection timed out after 10002 milliseconds. See https://curl.se/libcurl/c/libcurl-errors.html first for more details.
Error fetching https://www.hwsw.hu/xml/latest_news_rss.xml: Failed to perform, curl: (28) Connection timed out after 10001 milliseconds. See https://curl.se/libcurl/c/libcurl-errors.html first for more details.
[18:09:27] Summarizer: [Batch] No response from API (attempt 1/3)

===== PIPELINE RUN START 2026-08-28T18:13:22 [run_pipeline_persistent] =====

--- RSS Fetch Errors at 2026-08-28 18:14:22 ---
Error fetching https://www.maxim.com/feed: Failed to perform, curl: (28) Connection timed out after 10001 milliseconds. See https://curl.se/libcurl/c/libcurl-errors.html first for more details.

===== PIPELINE RUN START 2026-08-28T18:18:22 [run_pipeline_persistent] =====
[18:20:15] Summarizer: [Batch] No response from API (attempt 1/3)
[18:20:23] Summarizer: [Batch] No response from API (attempt 1/3)

===== PIPELINE RUN START 2026-08-28T18:23:23 [run_pipeline_persistent] =====
[18:25:12] Summarizer: [DownloadWorker-4] SKIP (duplicate title): Gundel Takács Gábort is megkeresték az á...

===== PIPELINE RUN START 2026-08-28T18:28:23 [run_pipeline_persistent] =====

--- RSS Fetch Errors at 2026-08-28 18:32:58 ---
Error fetching https://www.makeuseof.com/feed: Failed to perform, curl: (7) Failed to connect to www.makeuseof.com port 443 after 109 ms: Could not connect to server. See https://curl.se/libcurl/c/libcurl-errors.html first for more details.
Error fetching https://www.xda-developers.com/feed: Failed to perform, curl: (7) Failed to connect to www.xda-developers.com port 443 after 88 ms: Could not connect to server. See https://curl.se/libcurl/c/libcurl-errors.html first for more details.
[18:33:02] Summarizer: [DownloadWorker-4] SKIP (duplicate title): TRADING ECONOMICS...
[18:33:10] Summarizer: [DownloadWorker-8] SKIP (duplicate title): TRADING ECONOMICS...

===== PIPELINE RUN START 2026-08-28T18:35:50 [run_pipeline_persistent] =====
[18:37:25] Summarizer: [Batch] No response from API (attempt 1/3)

===== PIPELINE RUN START 2026-08-28T18:40:50 [run_pipeline_persistent] =====
[18:43:29] Image_Downloader: Download failed (https://tldr.tech/logo-jpg.jpg): HTTPSConnectionPool(host='tldr.tech', port=443): Max retries exceeded with url: /logo-jpg.jpg (Caused by NewConnectionError("HTTPSConnection(host='tldr.tech', port=443): Failed to establish a new connection: [Errno 61] Connection refused"))
[18:43:29] Image_Downloader: Download failed (https://tldr.tech/logo-jpg.jpg): HTTPSConnectionPool(host='tldr.tech', port=443): Max retries exceeded with url: /logo-jpg.jpg (Caused by NewConnectionError("HTTPSConnection(host='tldr.tech', port=443): Failed to establish a new connection: [Errno 61] Connection refused"))
[18:43:29] Image_Downloader: Download failed (https://tldr.tech/logo-jpg.jpg): HTTPSConnectionPool(host='tldr.tech', port=443): Max retries exceeded with url: /logo-jpg.jpg (Caused by NewConnectionError("HTTPSConnection(host='tldr.tech', port=443): Failed to establish a new connection: [Errno 61] Connection refused"))

===== PIPELINE RUN START 2026-08-28T18:45:50 [run_pipeline_persistent] =====
