
===== PIPELINE RUN START 2026-09-11T00:04:57 [run_pipeline_persistent] =====

--- RSS Fetch Errors at 2026-09-11 00:09:40 ---
Error fetching https://www.hwsw.hu/xml/latest_news_rss.xml: Failed to perform, curl: (28) Connection timed out after 10002 milliseconds. See https://curl.se/libcurl/c/libcurl-errors.html first for more details.
[00:09:44] Summarizer: [DownloadWorker-0] SKIP (duplicate title): TRADING ECONOMICS...
[00:09:56] Summarizer: [Batch] No response from API (attempt 1/3)

===== PIPELINE RUN START 2026-09-11T00:11:51 [run_pipeline_persistent] =====

--- RSS Fetch Errors at 2026-09-11 00:14:23 ---
Error fetching https://aihirfolyam.hu/feed: Failed to perform, curl: (28) Connection timed out after 10002 milliseconds. See https://curl.se/libcurl/c/libcurl-errors.html first for more details.
Error fetching https://player.hu/feed: Failed to perform, curl: (28) Connection timed out after 10002 milliseconds. See https://curl.se/libcurl/c/libcurl-errors.html first for more details.
[00:14:38] Summarizer: [MissingDetector] ⚠️ PAIRING FAIL: 'https://divany.hu/eletem/2026/09/10/ot-es-felszeresere-nott-az-ingatlanok-erteke-lakasvasaras/' not found. KEEPING ITEM (Fallback).
[00:14:38] Summarizer: [Batch] 3 item(s) missing from response → marked for reprocessing
[00:14:38] Summarizer: [FreeGeminiAPI_1] ⚠️ PAIRING FAIL: 'https://divany.hu/eletem/2026/09/10/ot-es-felszeresere-nott-az-ingatlanok-erteke-lakasvasaras/' not found. KEEPING ITEM (Fallback).
[00:15:31] Summarizer: Reprocessing 1 pairing failures from data.json

===== PIPELINE RUN START 2026-09-11T00:16:52 [run_pipeline_persistent] =====

--- RSS Fetch Errors at 2026-09-11 00:18:17 ---
Error fetching https://tldr.tech/rss: HTTP Error 429: 
Error fetching https://www.hwsw.hu/xml/latest_news_rss.xml: Failed to perform, curl: (28) Connection timed out after 10003 milliseconds. See https://curl.se/libcurl/c/libcurl-errors.html first for more details.
Error fetching https://www.theguardian.com/europe/rss: Failed to perform, curl: (28) Connection timed out after 10003 milliseconds. See https://curl.se/libcurl/c/libcurl-errors.html first for more details.
Error fetching https://www.todayifoundout.com/?feed=rss2: Failed to perform, curl: (28) Operation timed out after 35003 milliseconds with 0 bytes received. See https://curl.se/libcurl/c/libcurl-errors.html first for more details.

===== PIPELINE RUN START 2026-09-11T00:21:53 [run_pipeline_persistent] =====

===== PIPELINE RUN START 2026-09-11T00:26:54 [run_pipeline_persistent] =====

--- RSS Fetch Errors at 2026-09-11 00:28:05 ---
Error fetching https://tldr.tech/rss: HTTP Error 429: 
Error fetching https://index.hu/tudomany/til/rss/: Failed to perform, curl: (28) Connection timed out after 10002 milliseconds. See https://curl.se/libcurl/c/libcurl-errors.html first for more details.
Error fetching https://www.mentalfloss.com/feed: Failed to perform, curl: (28) Connection timed out after 10002 milliseconds. See https://curl.se/libcurl/c/libcurl-errors.html first for more details.

===== PIPELINE RUN START 2026-09-11T00:31:55 [run_pipeline_persistent] =====

--- RSS Fetch Errors at 2026-09-11 00:32:53 ---
Error fetching https://sorozatjunkie.hu/feed: Failed to perform, curl: (28) Connection timed out after 10002 milliseconds. See https://curl.se/libcurl/c/libcurl-errors.html first for more details.
Error fetching https://www.hwsw.hu/xml/latest_news_rss.xml: Failed to perform, curl: (28) Connection timed out after 10002 milliseconds. See https://curl.se/libcurl/c/libcurl-errors.html first for more details.

===== PIPELINE RUN START 2026-09-11T00:36:57 [run_pipeline_persistent] =====

--- RSS Fetch Errors at 2026-09-11 00:37:58 ---
Error fetching https://index.hu/tudomany/til/rss/: Failed to perform, curl: (28) Connection timed out after 10003 milliseconds. See https://curl.se/libcurl/c/libcurl-errors.html first for more details.

===== PIPELINE RUN START 2026-09-11T00:41:58 [run_pipeline_persistent] =====

--- RSS Fetch Errors at 2026-09-11 00:43:07 ---
Error fetching https://www.hwsw.hu/xml/latest_news_rss.xml: Failed to perform, curl: (28) Operation timed out after 35002 milliseconds with 0 bytes received. See https://curl.se/libcurl/c/libcurl-errors.html first for more details.

===== PIPELINE RUN START 2026-09-11T00:46:59 [run_pipeline_persistent] =====

--- RSS Fetch Errors at 2026-09-11 00:48:16 ---
Error fetching https://www.economx.hu/feed: Failed to perform, curl: (28) Connection timed out after 10002 milliseconds. See https://curl.se/libcurl/c/libcurl-errors.html first for more details.

===== PIPELINE RUN START 2026-09-11T00:52:00 [run_pipeline_persistent] =====

--- RSS Fetch Errors at 2026-09-11 00:52:53 ---
Error fetching https://tldr.tech/rss: HTTP Error 429: 

===== PIPELINE RUN START 2026-09-11T00:57:01 [run_pipeline_persistent] =====

--- RSS Fetch Errors at 2026-09-11 00:58:01 ---
Error fetching https://www.economx.hu/feed: Failed to perform, curl: (28) Connection timed out after 10004 milliseconds. See https://curl.se/libcurl/c/libcurl-errors.html first for more details.
Error fetching https://sokszinuvidek.24.hu/feed/: Failed to perform, curl: (28) Connection timed out after 10002 milliseconds. See https://curl.se/libcurl/c/libcurl-errors.html first for more details.
