
--- RSS Fetch Errors at 2026-08-05 00:07:59 ---
Error fetching https://techpowerup.com/rss/news: HTTP Error 403: 
Error fetching https://www.drive.com.au/feed/: HTTP Error 403: 
Error fetching https://leetgaming.com/feed/: Failed to perform, curl: (28) Connection timed out after 10002 milliseconds. See https://curl.se/libcurl/c/libcurl-errors.html first for more details.
[00:08:14] Summarizer: [MissingDetector] ⚠️ PAIRING FAIL: 'https://www.gamingbible.com/news/platform/playstation/playstation-5-freebie-no-ps-not-004302-20260804' not found. KEEPING ITEM (Fallback).
[00:08:14] Summarizer: [Batch] 1 item(s) missing from response → marked for reprocessing
[00:08:14] Summarizer: [FreeGeminiAPI_1] ⚠️ PAIRING FAIL: 'https://www.gamingbible.com/news/platform/playstation/playstation-5-freebie-no-ps-not-004302-20260804' not found. KEEPING ITEM (Fallback).
[00:08:16] Summarizer: [DownloadWorker-3] SKIP (duplicate title): August 2026 Satellite Puzzler...
[00:08:21] Summarizer: [DownloadWorker-8] SKIP (duplicate title): August full moon 2026: When, where and h...
[00:08:37] Summarizer: [Batch] 2 item(s) missing from response → marked for reprocessing
[00:08:37] Summarizer: [DownloadWorker-7] SKIP (duplicate title): Chevy Blazer EV prices remain the same f...
[00:08:45] Summarizer: [DownloadWorker-4] SKIP (duplicate title): Ames Science Stars of the Month – August...
[00:08:48] Summarizer: [MissingDetector] ⚠️ PAIRING FAIL: 'https://www.portfolio.hu/gazdasag/20260804/tisza-kormany-5-centit-nott-a-duna-vizszintje-paksnál-elkerulhetove-valhat-a-leallas-853890' not found. KEEPING ITEM (Fallback).
[00:08:48] Summarizer: [Batch] 3 item(s) missing from response → marked for reprocessing
[00:08:48] Summarizer: [FreeGeminiAPI_2] ⚠️ PAIRING FAIL: 'https://www.portfolio.hu/gazdasag/20260804/tisza-kormany-5-centit-nott-a-duna-vizszintje-paksnál-elkerulhetove-valhat-a-leallas-853890' not found. KEEPING ITEM (Fallback).
[00:09:11] Summarizer: [MissingDetector] ⚠️ PAIRING FAIL: 'https://www.forbes.com/sites/louismosca/2026/08/04/the-45-billion-distraction-private-equitys-real-2026-problem-isnt-where-everyones-long/' not found. KEEPING ITEM (Fallback).
[00:09:11] Summarizer: [Batch] 1 item(s) missing from response → marked for reprocessing
[00:09:11] Summarizer: [FreeGeminiAPI_1] ⚠️ PAIRING FAIL: 'https://www.forbes.com/sites/louismosca/2026/08/04/the-45-billion-distraction-private-equitys-real-2026-problem-isnt-where-everyones-long/' not found. KEEPING ITEM (Fallback).
[00:09:12] Summarizer: [Batch] 2 item(s) missing from response → marked for reprocessing
[00:09:28] Summarizer: [Batch] 1 item(s) missing from response → marked for reprocessing
[00:09:34] Summarizer: [DownloadWorker-0] SKIP (duplicate title): 2 ‘Flaky’ Habits Only Highly Intelligent...
[00:09:37] Summarizer: [Batch] 1 item(s) missing from response → marked for reprocessing
[00:09:39] Summarizer: [DownloadWorker-2] SKIP (duplicate title): The FlashForge AD5X Multi-Color 3D Print...
[00:09:41] Summarizer: [Batch] 2 item(s) missing from response → marked for reprocessing
[00:09:45] Summarizer: [Batch] 1 item(s) missing from response → marked for reprocessing
[00:10:28] Summarizer: Reprocessing 2 pairing failures from data.json

--- RSS Fetch Errors at 2026-08-05 00:13:19 ---
Error fetching https://techpowerup.com/rss/news: HTTP Error 403: 
Error fetching https://www.drive.com.au/feed/: HTTP Error 403: 
Error fetching https://electrek.co/feed/: Failed to perform, curl: (56) Connection closed abruptly. See https://curl.se/libcurl/c/libcurl-errors.html first for more details.
Error fetching https://leetgaming.com/feed/: Failed to perform, curl: (28) Connection timed out after 10003 milliseconds. See https://curl.se/libcurl/c/libcurl-errors.html first for more details.
Error fetching https://feeds.feedburner.com/ign/games-all: Failed to perform, curl: (28) Connection timed out after 10003 milliseconds. See https://curl.se/libcurl/c/libcurl-errors.html first for more details.
Error fetching https://velvet.hu/feed: HTTP Error 404: Not Found
Error fetching https://instylemen.hu/feed: HTTP Error 404: 
Error fetching https://cliffhanger.hu/feed: HTTP Error 403: 
Error fetching https://femina.hu/feed: HTTP Error 404: Not Found
Error fetching https://hwsw.hu/hirek/rss: HTTP Error 404: 
[00:13:27] Summarizer: [DownloadWorker-5] SKIP (duplicate title): Bíróság elé is állt a városligeti Robote...
[00:13:28] Summarizer: [DownloadWorker-9] SKIP (duplicate title): 800 lóerő 800 millió forintért Amerikábó...
[00:13:30] Summarizer: [DownloadWorker-2] SKIP (duplicate title): Talán nem tudtad, de az első magyar űrha...
[00:13:31] Summarizer: [DownloadWorker-4] SKIP (duplicate title): Eladó Skócia világhírű szurdoka...
[00:13:37] Summarizer: [DownloadWorker-6] SKIP (duplicate title): The $45 Billion Distraction: Private Equ...
[00:13:37] Summarizer: [DownloadWorker-7] SKIP (duplicate title): This New Color for Sony’s WH-1000XM6 Hea...
[00:13:51] Summarizer: [MissingDetector] ⚠️ PAIRING FAIL: 'https://roadster.hu/garda-vs-comoi-tó' not found. KEEPING ITEM (Fallback).
[00:13:51] Summarizer: [Batch] 2 item(s) missing from response → marked for reprocessing
[00:13:51] Summarizer: [FreeGeminiAPI_1] ⚠️ PAIRING FAIL: 'https://roadster.hu/garda-vs-comoi-tó' not found. KEEPING ITEM (Fallback).
[00:13:55] Summarizer: [Batch] 4 item(s) missing from response → marked for reprocessing
[00:14:00] Summarizer: [Batch] 4 item(s) missing from response → marked for reprocessing
[00:14:00] Summarizer: [MissingDetector] ⚠️ PAIRING FAIL: 'https://www.mafab.hu/hu/article/mar-holnap-a-netflixen-a-platform-egyik-legambiciozatabb-sorozata-elerkezett-a-nagy-finalehoz-45' not found. KEEPING ITEM (Fallback).
[00:14:00] Summarizer: [Batch] 1 item(s) missing from response → marked for reprocessing
[00:14:00] Summarizer: [FreeGeminiAPI_2] ⚠️ PAIRING FAIL: 'https://www.mafab.hu/hu/article/mar-holnap-a-netflixen-a-platform-egyik-legambiciozatabb-sorozata-elerkezett-a-nagy-finalehoz-45' not found. KEEPING ITEM (Fallback).
[00:14:07] Summarizer: [Batch] 1 item(s) missing from response → marked for reprocessing
[00:14:09] Summarizer: [MissingDetector] ⚠️ PAIRING FAIL: 'https://port.hu/cikk/mozi/kiderult-hogy-az-uj-producer-kideritette-mikor-derul-ki-ki-lesz-az-uj-james-bond/article-129584' not found. KEEPING ITEM (Fallback).
[00:14:09] Summarizer: [Batch] 1 item(s) missing from response → marked for reprocessing
[00:14:09] Summarizer: [FreeGeminiAPI_2] ⚠️ PAIRING FAIL: 'https://port.hu/cikk/mozi/kiderult-hogy-az-uj-producer-kideritette-mikor-derul-ki-ki-lesz-az-uj-james-bond/article-129584' not found. KEEPING ITEM (Fallback).
[00:14:13] Summarizer: [Batch] 3 item(s) missing from response → marked for reprocessing
[00:14:27] Summarizer: Reprocessing 2 pairing failures from data.json
[00:14:54] Image_Downloader: Download failed (https://raw.githubusercontent.com/Derushir/Kepek/main/67c6357751300334f52e35f893ac854f/news/uj-olivasszurke-szinben-erheto-el-a-sony-wh-1000xm6-fejhallg.jpg): 404 Client Error: Not Found for url: https://raw.githubusercontent.com/Derushir/Kepek/main/67c6357751300334f52e35f893ac854f/news/uj-olivasszurke-szinben-erheto-el-a-sony-wh-1000xm6-fejhallg.jpg
[00:14:54] Image_Downloader: Download failed (https://raw.githubusercontent.com/Derushir/Kepek/main/67c6357751300334f52e35f893ac854f/news/eladova-valt-a-skociai-finnich-glen-azaz-a-satan-szoszeke.jpg): 404 Client Error: Not Found for url: https://raw.githubusercontent.com/Derushir/Kepek/main/67c6357751300334f52e35f893ac854f/news/eladova-valt-a-skociai-finnich-glen-azaz-a-satan-szoszeke.jpg
[00:14:56] Image_Downloader: Download failed (https://raw.githubusercontent.com/Derushir/Kepek/main/67c6357751300334f52e35f893ac854f/news/a-galaxisok-koruli-lathatatlan-gazfelhokben-rejtozik-az-univ.jpg): 404 Client Error: Not Found for url: https://raw.githubusercontent.com/Derushir/Kepek/main/67c6357751300334f52e35f893ac854f/news/a-galaxisok-koruli-lathatatlan-gazfelhokben-rejtozik-az-univ.jpg
[00:14:56] Image_Downloader: Download failed (https://raw.githubusercontent.com/Derushir/Kepek/main/67c6357751300334f52e35f893ac854f/news/vedooltassal-mentenek-meg-a-kihalastol-az-uj-zelandi-madarfa.jpg): 404 Client Error: Not Found for url: https://raw.githubusercontent.com/Derushir/Kepek/main/67c6357751300334f52e35f893ac854f/news/vedooltassal-mentenek-meg-a-kihalastol-az-uj-zelandi-madarfa.jpg
[00:14:57] Image_Downloader: Download failed (https://raw.githubusercontent.com/Derushir/Kepek/main/67c6357751300334f52e35f893ac854f/news/valsagban-a-magantoke-alapok-3800-milliard-dollarnyi-eladatl.jpg): 404 Client Error: Not Found for url: https://raw.githubusercontent.com/Derushir/Kepek/main/67c6357751300334f52e35f893ac854f/news/valsagban-a-magantoke-alapok-3800-milliard-dollarnyi-eladatl.jpg
[00:14:58] Image_Downloader: Download failed (https://raw.githubusercontent.com/Derushir/Kepek/main/67c6357751300334f52e35f893ac854f/news/optimista-fordulat-a-magyar-csaladi-vallalkozasoknal.jpg): 404 Client Error: Not Found for url: https://raw.githubusercontent.com/Derushir/Kepek/main/67c6357751300334f52e35f893ac854f/news/optimista-fordulat-a-magyar-csaladi-vallalkozasoknal.jpg
[00:14:58] Image_Downloader: Download failed (https://raw.githubusercontent.com/Derushir/Kepek/main/67c6357751300334f52e35f893ac854f/news/kiadta-az-elso-promokepeket-a-blade-runner-2099-sorozat.jpg): 404 Client Error: Not Found for url: https://raw.githubusercontent.com/Derushir/Kepek/main/67c6357751300334f52e35f893ac854f/news/kiadta-az-elso-promokepeket-a-blade-runner-2099-sorozat.jpg
[00:14:59] Image_Downloader: Download failed (https://raw.githubusercontent.com/Derushir/Kepek/main/67c6357751300334f52e35f893ac854f/news/a-20-szazadi-robotlaz-a-budapesti-nemzetkozi-vasar-elfeledet.jpg): 404 Client Error: Not Found for url: https://raw.githubusercontent.com/Derushir/Kepek/main/67c6357751300334f52e35f893ac854f/news/a-20-szazadi-robotlaz-a-budapesti-nemzetkozi-vasar-elfeledet.jpg
[00:14:59] Image_Downloader: Download failed (https://raw.githubusercontent.com/Derushir/Kepek/main/67c6357751300334f52e35f893ac854f/news/5-kultikus-tinifilm-amely-ma-mar-erkolcsileg-aggalyosnak-sza.webp): 404 Client Error: Not Found for url: https://raw.githubusercontent.com/Derushir/Kepek/main/67c6357751300334f52e35f893ac854f/news/5-kultikus-tinifilm-amely-ma-mar-erkolcsileg-aggalyosnak-sza.webp
[00:14:59] Image_Downloader: Download failed (https://raw.githubusercontent.com/Derushir/Kepek/main/67c6357751300334f52e35f893ac854f/news/sandra-oh-ultimatuma-nelkul-nem-o-lett-volna-cristina-yang-a.jpg): 404 Client Error: Not Found for url: https://raw.githubusercontent.com/Derushir/Kepek/main/67c6357751300334f52e35f893ac854f/news/sandra-oh-ultimatuma-nelkul-nem-o-lett-volna-cristina-yang-a.jpg
[00:14:59] Image_Downloader: Download failed (https://raw.githubusercontent.com/Derushir/Kepek/main/67c6357751300334f52e35f893ac854f/news/a-lelepekzes-napja-spielberg-uj-filmje-a-popcornmozik-vilaga.jpg): 404 Client Error: Not Found for url: https://raw.githubusercontent.com/Derushir/Kepek/main/67c6357751300334f52e35f893ac854f/news/a-lelepekzes-napja-spielberg-uj-filmje-a-popcornmozik-vilaga.jpg
[00:15:00] Image_Downloader: Download failed (https://raw.githubusercontent.com/Derushir/Kepek/main/67c6357751300334f52e35f893ac854f/news/robert-eggers-nosferatu-feldolgozasa-megerkezett-a-netflixre.jpg): 404 Client Error: Not Found for url: https://raw.githubusercontent.com/Derushir/Kepek/main/67c6357751300334f52e35f893ac854f/news/robert-eggers-nosferatu-feldolgozasa-megerkezett-a-netflixre.jpg
[00:15:00] Image_Downloader: Download failed (https://raw.githubusercontent.com/Derushir/Kepek/main/67c6357751300334f52e35f893ac854f/news/az-erenyes-gemstonek-szatirikus-gorbe-tukor-a-vallasi-biznis.jpg): 404 Client Error: Not Found for url: https://raw.githubusercontent.com/Derushir/Kepek/main/67c6357751300334f52e35f893ac854f/news/az-erenyes-gemstonek-szatirikus-gorbe-tukor-a-vallasi-biznis.jpg
[00:15:00] Image_Downloader: Download failed (https://raw.githubusercontent.com/Derushir/Kepek/main/67c6357751300334f52e35f893ac854f/news/negyedszazada-jelent-meg-a-heaven-street-seven-cukor-cimu-al.jpg): 404 Client Error: Not Found for url: https://raw.githubusercontent.com/Derushir/Kepek/main/67c6357751300334f52e35f893ac854f/news/negyedszazada-jelent-meg-a-heaven-street-seven-cukor-cimu-al.jpg
[00:15:00] Image_Downloader: Download failed (https://raw.githubusercontent.com/Derushir/Kepek/main/67c6357751300334f52e35f893ac854f/news/lestatra-koncentral-az-interju-a-vampirral-harmadik-evada.jpg): 404 Client Error: Not Found for url: https://raw.githubusercontent.com/Derushir/Kepek/main/67c6357751300334f52e35f893ac854f/news/lestatra-koncentral-az-interju-a-vampirral-harmadik-evada.jpg
[00:15:00] Image_Downloader: Download failed (https://raw.githubusercontent.com/Derushir/Kepek/main/67c6357751300334f52e35f893ac854f/news/megszuletett-szabados-agi-es-parja-elso-kozos-gyermeke.jpg): 404 Client Error: Not Found for url: https://raw.githubusercontent.com/Derushir/Kepek/main/67c6357751300334f52e35f893ac854f/news/megszuletett-szabados-agi-es-parja-elso-kozos-gyermeke.jpg
[00:15:01] Image_Downloader: Download failed (https://raw.githubusercontent.com/Derushir/Kepek/main/67c6357751300334f52e35f893ac854f/news/fc-27-bemutatkozott-a-the-grounds-nyilt-vilagu-online-jatekm.jpg): 404 Client Error: Not Found for url: https://raw.githubusercontent.com/Derushir/Kepek/main/67c6357751300334f52e35f893ac854f/news/fc-27-bemutatkozott-a-the-grounds-nyilt-vilagu-online-jatekm.jpg
[00:15:03] Image_Downloader: Download failed (https://raw.githubusercontent.com/Derushir/Kepek/main/67c6357751300334f52e35f893ac854f/news/penzugyi-kockazatok-a-tiktokon-miert-veszelyesek-a-finfluenc.jpg): 404 Client Error: Not Found for url: https://raw.githubusercontent.com/Derushir/Kepek/main/67c6357751300334f52e35f893ac854f/news/penzugyi-kockazatok-a-tiktokon-miert-veszelyesek-a-finfluenc.jpg
[00:15:04] Image_Downloader: Download failed (https://raw.githubusercontent.com/Derushir/Kepek/main/67c6357751300334f52e35f893ac854f/news/igy-hozhatjuk-helyre-muskatlinkat-a-nyari-hoseg-utan.jpg): 404 Client Error: Not Found for url: https://raw.githubusercontent.com/Derushir/Kepek/main/67c6357751300334f52e35f893ac854f/news/igy-hozhatjuk-helyre-muskatlinkat-a-nyari-hoseg-utan.jpg
[00:15:04] Image_Downloader: Download failed (https://raw.githubusercontent.com/Derushir/Kepek/main/67c6357751300334f52e35f893ac854f/news/led-fenyterapia-otthon-igy-hozd-ki-a-legtobbet-a-nyari-arcap.jpg): 404 Client Error: Not Found for url: https://raw.githubusercontent.com/Derushir/Kepek/main/67c6357751300334f52e35f893ac854f/news/led-fenyterapia-otthon-igy-hozd-ki-a-legtobbet-a-nyari-arcap.jpg
[00:15:04] Image_Downloader: Download failed (https://raw.githubusercontent.com/Derushir/Kepek/main/67c6357751300334f52e35f893ac854f/news/hatekony-praktikak-a-mell-alatti-izzadas-kezelesere-es-a-bor.jpg): 404 Client Error: Not Found for url: https://raw.githubusercontent.com/Derushir/Kepek/main/67c6357751300334f52e35f893ac854f/news/hatekony-praktikak-a-mell-alatti-izzadas-kezelesere-es-a-bor.jpg
[00:15:04] Image_Downloader: Download failed (https://raw.githubusercontent.com/Derushir/Kepek/main/67c6357751300334f52e35f893ac854f/news/visszahivjak-a-forgalombol-a-tedi-egyik-kinaban-gyartott-wok.jpg): 404 Client Error: Not Found for url: https://raw.githubusercontent.com/Derushir/Kepek/main/67c6357751300334f52e35f893ac854f/news/visszahivjak-a-forgalombol-a-tedi-egyik-kinaban-gyartott-wok.jpg
[00:15:04] Image_Downloader: Download failed (https://raw.githubusercontent.com/Derushir/Kepek/main/67c6357751300334f52e35f893ac854f/news/comoi-to-vagy-garda-to-hogyan-valasszunk-az-olasz-uti-celok-.jpg): 404 Client Error: Not Found for url: https://raw.githubusercontent.com/Derushir/Kepek/main/67c6357751300334f52e35f893ac854f/news/comoi-to-vagy-garda-to-hogyan-valasszunk-az-olasz-uti-celok-.jpg
[00:15:04] Image_Downloader: Download failed (https://raw.githubusercontent.com/Derushir/Kepek/main/67c6357751300334f52e35f893ac854f/news/nyari-dia-oszinten-beszelt-kislanya-ritka-gerincbetegsegerol.jpg): 404 Client Error: Not Found for url: https://raw.githubusercontent.com/Derushir/Kepek/main/67c6357751300334f52e35f893ac854f/news/nyari-dia-oszinten-beszelt-kislanya-ritka-gerincbetegsegerol.jpg
[00:15:04] Image_Downloader: Download failed (https://raw.githubusercontent.com/Derushir/Kepek/main/67c6357751300334f52e35f893ac854f/news/az-ekszerteknos-tartasanak-valos-koltsegei-2026-ban.jpg): 404 Client Error: Not Found for url: https://raw.githubusercontent.com/Derushir/Kepek/main/67c6357751300334f52e35f893ac854f/news/az-ekszerteknos-tartasanak-valos-koltsegei-2026-ban.jpg
[00:15:04] Image_Downloader: Download failed (https://raw.githubusercontent.com/Derushir/Kepek/main/67c6357751300334f52e35f893ac854f/news/arnold-schwarzenegger-adta-ossze-a-rendezo-brad-peytont-es-p.jpg): 404 Client Error: Not Found for url: https://raw.githubusercontent.com/Derushir/Kepek/main/67c6357751300334f52e35f893ac854f/news/arnold-schwarzenegger-adta-ossze-a-rendezo-brad-peytont-es-p.jpg
[00:15:04] Image_Downloader: Download failed (https://raw.githubusercontent.com/Derushir/Kepek/main/67c6357751300334f52e35f893ac854f/news/machine-gun-kelly-egy-rovid-videoban-mutatta-meg-kislanyat.jpg): 404 Client Error: Not Found for url: https://raw.githubusercontent.com/Derushir/Kepek/main/67c6357751300334f52e35f893ac854f/news/machine-gun-kelly-egy-rovid-videoban-mutatta-meg-kislanyat.jpg
[00:15:04] Image_Downloader: Download failed (https://raw.githubusercontent.com/Derushir/Kepek/main/67c6357751300334f52e35f893ac854f/news/marcos-llorente-visszautasitotta-a-kozossegi-mediaban-megjel.png): 404 Client Error: Not Found for url: https://raw.githubusercontent.com/Derushir/Kepek/main/67c6357751300334f52e35f893ac854f/news/marcos-llorente-visszautasitotta-a-kozossegi-mediaban-megjel.png
[00:15:19] Image_Downloader: Download failed (https://www.economx.hu/neon/media/images/GettyImages-2285176838.format-jpeg.max-3840x2160.jpg): HTTPSConnectionPool(host='www.economx.hu', port=443): Read timed out. (read timeout=5)
