
===== PIPELINE RUN START 2026-08-22T11:18:46 [run_pipeline_persistent] =====

--- RSS Fetch Errors at 2026-08-22 11:25:33 ---
Error fetching https://www.cnet.com/rss/news/: HTTP Error 404: 
Error fetching https://www.vice.com/feed/: HTTP Error 404: 
Error fetching https://aihirfolyam.hu/feed: Failed to perform, curl: (28) Connection timed out after 10002 milliseconds. See https://curl.se/libcurl/c/libcurl-errors.html first for more details.
Error fetching https://www.playboy.com/blog/feed/: Failed to perform, curl: (7) Failed to connect to playboyclub.com port 443 after 310 ms: Could not connect to server. See https://curl.se/libcurl/c/libcurl-errors.html first for more details.
Error fetching https://androgeek.hu/rss/rss.php: Failed to perform, curl: (28) Connection timed out after 10001 milliseconds. See https://curl.se/libcurl/c/libcurl-errors.html first for more details.
Error fetching https://9to5mac.com/feed/: Failed to perform, curl: (28) Connection timed out after 10003 milliseconds. See https://curl.se/libcurl/c/libcurl-errors.html first for more details.
Error fetching https://minner.hu/feed/: Failed to perform, curl: (7) Failed to connect to minner.hu port 443 after 119 ms: Could not connect to server. See https://curl.se/libcurl/c/libcurl-errors.html first for more details.
Error fetching https://www.tomshardware.com/feeds.xml: Failed to perform, curl: (7) Failed to connect to www.tomshardware.com port 443 after 126 ms: Could not connect to server. See https://curl.se/libcurl/c/libcurl-errors.html first for more details.
Error fetching https://www.gsplus.hu/hir/alig-lehet-raismerni-gabe-newellre-386900.html: Failed to perform, curl: (28) Connection timed out after 10002 milliseconds. See https://curl.se/libcurl/c/libcurl-errors.html first for more details.
Error fetching https://www.gsplus.hu/gstv/doctor-doom-gta-6szivargas-es-katonai-eltav-a-heti-gs-hypeban-386899.html: Failed to perform, curl: (28) Connection timed out after 10002 milliseconds. See https://curl.se/libcurl/c/libcurl-errors.html first for more details.
[11:25:43] Summarizer: [DownloadWorker-0] SKIP (duplicate title): TRADING ECONOMICS...
[11:25:51] Image_Downloader: Download failed (https://s.24.hu/app/uploads/sites/11/2026/08/geralt-climate-change-3836835_1920-e1787213604299-1024x577.jpg): HTTPSConnectionPool(host='s.24.hu', port=443): Max retries exceeded with url: /app/uploads/sites/11/2026/08/geralt-climate-change-3836835_1920-e1787213604299-1024x577.jpg (Caused by NewConnectionError("HTTPSConnection(host='s.24.hu', port=443): Failed to establish a new connection: [Errno 61] Connection refused"))
[11:25:57] Summarizer: [DownloadWorker-2] SKIP (duplicate title): TRADING ECONOMICS...
[11:26:08] Summarizer: [DownloadWorker-4] SKIP (duplicate title): TRADING ECONOMICS...
[11:26:16] Image_Downloader: Download failed (https://s.24.hu/app/uploads/2026/08/elek-gabor-1440x810_wm.jpg): HTTPSConnectionPool(host='s.24.hu', port=443): Max retries exceeded with url: /app/uploads/2026/08/elek-gabor-1440x810_wm.jpg (Caused by NewConnectionError("HTTPSConnection(host='s.24.hu', port=443): Failed to establish a new connection: [Errno 61] Connection refused"))
[11:26:22] Summarizer: [DownloadWorker-1] SKIP (duplicate title): TRADING ECONOMICS...
[11:26:28] Image_Downloader: Download failed (https://s.24.hu/app/uploads/sites/11/2026/08/690966872_122099413443296768_6197152884320136958_n-e1787381734515-1024x576.jpg): HTTPSConnectionPool(host='s.24.hu', port=443): Max retries exceeded with url: /app/uploads/sites/11/2026/08/690966872_122099413443296768_6197152884320136958_n-e1787381734515-1024x576.jpg (Caused by NewConnectionError("HTTPSConnection(host='s.24.hu', port=443): Failed to establish a new connection: [Errno 61] Connection refused"))
[11:26:34] Summarizer: [DownloadWorker-8] SKIP (duplicate title): Globális terjeszkedésbe kezd Kína YouTub...
[11:26:38] Summarizer: [DownloadWorker-7] SKIP (duplicate title): TRADING ECONOMICS...
[11:26:46] Image_Downloader: Download failed (https://ng.24.hu/uploads/2026/08/6a89251c9f5a9348004619597905924-scaled.jpg): HTTPSConnectionPool(host='ng.24.hu', port=443): Max retries exceeded with url: /uploads/2026/08/6a89251c9f5a9348004619597905924-scaled.jpg (Caused by ConnectTimeoutError(<HTTPSConnection(host='ng.24.hu', port=443) at 0x110b1a210>, 'Connection to ng.24.hu timed out. (connect timeout=10)'))
[11:26:49] Summarizer: [DownloadWorker-4] SKIP (duplicate title): TRADING ECONOMICS...
[11:27:00] Summarizer: [DownloadWorker-2] SKIP (duplicate title): TRADING ECONOMICS...
[11:27:06] Summarizer: [DownloadWorker-2] SKIP (duplicate title): TRADING ECONOMICS...
[11:27:17] Summarizer: [Batch] Minor issues fixed: 7
[11:27:17] Summarizer: [DownloadWorker-2] SKIP (duplicate title): TRADING ECONOMICS...
[11:27:24] Summarizer: [DownloadWorker-5] SKIP (duplicate title): InStyle...
[11:27:27] Summarizer: [DownloadWorker-3] SKIP (duplicate title): TRADING ECONOMICS...

===== PIPELINE RUN START 2026-08-22T11:34:40 [run_pipeline_persistent] =====
[11:36:17] Summarizer: [DownloadWorker-2] SKIP (duplicate title): A Riot leállítja a 2XKO aktív fejlesztés...
[11:36:32] Summarizer: [DownloadWorker-1] SKIP (duplicate title): InStyle...
[11:38:07] Summarizer: [Batch] No response from API (attempt 1/3)
[11:38:11] Summarizer: [Batch] No response from API (attempt 1/3)

===== PIPELINE RUN START 2026-08-22T11:40:07 [run_pipeline_persistent] =====

--- RSS Fetch Errors at 2026-08-22 11:41:12 ---
Error fetching https://femina.hu/24ora/rss.xml: Failed to perform, curl: (28) Connection timed out after 10002 milliseconds. See https://curl.se/libcurl/c/libcurl-errors.html first for more details.
Error fetching https://www.hwsw.hu/xml/latest_news_rss.xml: Failed to perform, curl: (28) Connection timed out after 10001 milliseconds. See https://curl.se/libcurl/c/libcurl-errors.html first for more details.
Error fetching https://index.hu/tudomany/til/rss/: Failed to perform, curl: (28) Connection timed out after 10002 milliseconds. See https://curl.se/libcurl/c/libcurl-errors.html first for more details.
Error fetching https://www.playboy.com/read/classics/feed: Failed to perform, curl: (28) Connection timed out after 10001 milliseconds. See https://curl.se/libcurl/c/libcurl-errors.html first for more details.
Error fetching https://faroutmagazine.co.uk/film/feed: Failed to perform, curl: (28) Connection timed out after 10001 milliseconds. See https://curl.se/libcurl/c/libcurl-errors.html first for more details.
Error fetching https://bankless.com/feed: Failed to perform, curl: (28) Connection timed out after 10002 milliseconds. See https://curl.se/libcurl/c/libcurl-errors.html first for more details.

===== PIPELINE RUN START 2026-08-22T11:45:08 [run_pipeline_persistent] =====

--- RSS Fetch Errors at 2026-08-22 11:46:33 ---
Error fetching https://sokszinuvidek.24.hu/feed/: Failed to perform, curl: (28) Connection timed out after 10001 milliseconds. See https://curl.se/libcurl/c/libcurl-errors.html first for more details.

===== PIPELINE RUN START 2026-08-22T11:50:08 [run_pipeline_persistent] =====
[11:52:00] Image_Downloader: Download failed (https://roadster.hu/uploads/2024/03/GettyImages-1150922787.jpg): HTTPSConnectionPool(host='roadster.hu', port=443): Read timed out. (read timeout=10)

===== PIPELINE RUN START 2026-08-22T11:55:09 [run_pipeline_persistent] =====

===== PIPELINE RUN START 2026-08-22T12:00:10 [run_pipeline_persistent] =====
