
===== PIPELINE RUN START 2026-08-18T00:02:33 [run_pipeline_persistent] =====

--- RSS Fetch Errors at 2026-08-18 00:06:46 ---
Error fetching https://travelmagazin.hu/feed: Failed to perform, curl: (28) Resolving timed out after 10005 milliseconds. See https://curl.se/libcurl/c/libcurl-errors.html first for more details.

===== PIPELINE RUN START 2026-08-18T00:08:55 [run_pipeline_persistent] =====

--- RSS Fetch Errors at 2026-08-18 00:11:21 ---
Error fetching https://totalcar.hu/feed: Failed to perform, curl: (28) Connection timed out after 10003 milliseconds. See https://curl.se/libcurl/c/libcurl-errors.html first for more details.
Error fetching https://prog.hu/hirek/rss: Failed to perform, curl: (28) Connection timed out after 10003 milliseconds. See https://curl.se/libcurl/c/libcurl-errors.html first for more details.
Error fetching https://femina.hu/24ora/rss.xml: Failed to perform, curl: (28) Connection timed out after 10003 milliseconds. See https://curl.se/libcurl/c/libcurl-errors.html first for more details.
Error fetching https://www.economx.hu/feed: Failed to perform, curl: (28) Connection timed out after 10003 milliseconds. See https://curl.se/libcurl/c/libcurl-errors.html first for more details.
Error fetching https://nlc.hu/feed: Failed to perform, curl: (28) Connection timed out after 10001 milliseconds. See https://curl.se/libcurl/c/libcurl-errors.html first for more details.
Error fetching https://fhm.com/feed: Failed to perform, curl: (28) Connection timed out after 10002 milliseconds. See https://curl.se/libcurl/c/libcurl-errors.html first for more details.
Error fetching https://roadster.hu/feed: Failed to perform, curl: (28) Connection timed out after 10002 milliseconds. See https://curl.se/libcurl/c/libcurl-errors.html first for more details.
Error fetching https://index.hu/tudomany/til/rss/: Failed to perform, curl: (28) Operation timed out after 25003 milliseconds with 0 bytes received. See https://curl.se/libcurl/c/libcurl-errors.html first for more details.
Error fetching https://player.hu/feed: Failed to perform, curl: (28) Operation timed out after 25003 milliseconds with 6623 bytes received. See https://curl.se/libcurl/c/libcurl-errors.html first for more details.

===== PIPELINE RUN START 2026-08-18T00:13:56 [run_pipeline_persistent] =====

===== PIPELINE RUN START 2026-08-18T00:18:56 [run_pipeline_persistent] =====
[00:21:21] Summarizer: [Batch] No response from API (attempt 1/3)

===== PIPELINE RUN START 2026-08-18T00:23:57 [run_pipeline_persistent] =====

===== PIPELINE RUN START 2026-08-18T00:28:58 [run_pipeline_persistent] =====

===== PIPELINE RUN START 2026-08-18T00:33:59 [run_pipeline_persistent] =====

--- RSS Fetch Errors at 2026-08-18 00:35:24 ---
Error fetching https://fhm.com/feed: Failed to perform, curl: (28) Connection timed out after 10002 milliseconds. See https://curl.se/libcurl/c/libcurl-errors.html first for more details.

===== PIPELINE RUN START 2026-08-18T00:39:01 [run_pipeline_persistent] =====

--- RSS Fetch Errors at 2026-08-18 00:40:24 ---
Error fetching https://bankless.com/feed: Failed to perform, curl: (28) Connection timed out after 10003 milliseconds. See https://curl.se/libcurl/c/libcurl-errors.html first for more details.

===== PIPELINE RUN START 2026-08-18T00:44:02 [run_pipeline_persistent] =====

--- RSS Fetch Errors at 2026-08-18 00:45:27 ---
Error fetching https://index.hu/tudomany/til/rss/: Failed to perform, curl: (28) Connection timed out after 10003 milliseconds. See https://curl.se/libcurl/c/libcurl-errors.html first for more details.
