
--- RSS Fetch Errors at 2026-08-06 02:58:34 ---
Error fetching https://prohardver.hu/hirfolyam/anyagok/rss.xml: HTTP Error 503: 
Error fetching https://prohardver.hu/hirfolyam/hirek/rss.xml: HTTP Error 503: 
Error fetching https://www.drive.com.au/feed/: HTTP Error 403: 
Error fetching https://leetgaming.com/feed/: Failed to perform, curl: (28) Connection timed out after 10002 milliseconds. See https://curl.se/libcurl/c/libcurl-errors.html first for more details.
Error fetching https://vezess.hu/rss: Failed to perform, curl: (28) Connection timed out after 10003 milliseconds. See https://curl.se/libcurl/c/libcurl-errors.html first for more details.
Error fetching https://www.cnet.com/rss/all/: Failed to perform, curl: (28) Connection timed out after 10002 milliseconds. See https://curl.se/libcurl/c/libcurl-errors.html first for more details.
Error fetching https://pcguru.hu/rss: Failed to perform, curl: (28) Connection timed out after 10003 milliseconds. See https://curl.se/libcurl/c/libcurl-errors.html first for more details.
Error fetching https://cliffhanger.hu/feed: HTTP Error 403: 
Error fetching https://velvet.hu/feed: HTTP Error 404: Not Found
Error fetching https://femina.hu/feed: HTTP Error 404: Not Found
Error fetching https://prog.hu/hirek/rss: HTTP Error 500: 
Error fetching https://hwsw.hu/hirek/rss: HTTP Error 404: 
Error fetching https://instylemen.hu/feed: HTTP Error 404: 
[03:15:02] Summarizer: [DownloadWorker-6] SKIP (duplicate title): Milk Road...
[03:15:06] Summarizer: [DownloadWorker-4] SKIP (duplicate title): A Prime Video augusztusa...
[03:15:22] Summarizer: [DownloadWorker-8] SKIP (duplicate title): Milk Road...
[03:15:23] Summarizer: [DownloadWorker-0] SKIP (duplicate title): Belső vizsgálatot indított az SZFE Farka...
[03:15:23] Summarizer: [DownloadWorker-6] SKIP (duplicate title): Gyengült estére a forint...
[03:15:29] Summarizer: [Batch] 1 item(s) missing from response → marked for reprocessing
[03:15:34] Summarizer: [Batch] 1 item(s) missing from response → marked for reprocessing
[03:15:35] Summarizer: [Batch] 2 item(s) missing from response → marked for reprocessing
[03:32:13] Summarizer: [DownloadWorker-5] SKIP (duplicate title): Milk Road...
[03:32:25] Image_Downloader: Download failed (https://s.24.hu/app/uploads/2026/08/balogun-1440x810_wm.jpg): HTTPSConnectionPool(host='s.24.hu', port=443): Read timed out. (read timeout=20)
[03:32:36] Summarizer: [Batch] 1 item(s) missing from response → marked for reprocessing
[03:32:44] Summarizer: [Batch] 1 item(s) missing from response → marked for reprocessing
[03:32:50] Summarizer: [DownloadWorker-5] SKIP (duplicate title): Friss! A Skandináv lottó nyerőszámai a 3...
[03:32:51] Summarizer: [Batch] 1 item(s) missing from response → marked for reprocessing
[03:50:11] Summarizer: [Batch] 1 item(s) missing from response → marked for reprocessing
[03:50:16] Summarizer: [Batch] 3 item(s) missing from response → marked for reprocessing
[03:50:21] Summarizer: [Batch] 4 item(s) missing from response → marked for reprocessing
[03:50:25] Summarizer: [DownloadWorker-6] SKIP (duplicate title): Former FBI Agent Breaks Down Nancy Guthr...
[03:50:29] Summarizer: [Batch] 1 item(s) missing from response → marked for reprocessing
[04:24:49] Summarizer: TIMEOUT (180s) - backend call took too long
[04:24:49] Summarizer: [Batch] No response from API (attempt 1/3)
[04:24:51] Summarizer: TIMEOUT (180s) - backend call took too long
[04:24:51] Summarizer: [Batch] No response from API (attempt 1/3)
[04:25:07] Summarizer: [Batch] 1 item(s) missing from response → marked for reprocessing
[04:41:20] Image_Downloader: Download failed (https://kep.cdn.index.hu/1/0/7083/70835/708353/70835323_5224667_b0b2503de8cd0f9757687f5b982e2331_wm.jpg): ('Connection aborted.', ConnectionResetError(54, 'Connection reset by peer'))
[04:58:44] Summarizer: TIMEOUT (180s) - backend call took too long
[04:58:44] Summarizer: [Batch] No response from API (attempt 1/3)
[04:59:00] Summarizer: [Batch] 2 item(s) missing from response → marked for reprocessing
[05:32:30] Summarizer: TIMEOUT (180s) - backend call took too long
[05:32:30] Summarizer: [Batch] No response from API (attempt 1/3)
[05:32:32] Summarizer: TIMEOUT (180s) - backend call took too long
[05:32:32] Summarizer: [Batch] No response from API (attempt 1/3)
[05:32:49] Summarizer: [Batch] 1 item(s) missing from response → marked for reprocessing
[05:32:56] Summarizer: [Batch] 1 item(s) missing from response → marked for reprocessing
[05:33:10] Summarizer: [Batch] 3 item(s) missing from response → marked for reprocessing
[05:33:13] Summarizer: [Batch] 1 item(s) missing from response → marked for reprocessing
[05:33:38] Summarizer: [MissingDetector] ⚠️ PAIRING FAIL: 'https://www.penzcentrum.hu/megtakaritas/20260805/nagyon-fontos-hirt-kaptak-a-takarekoskodok-tizezreket-erint-valtozas-lepett-eletbe-1203420' not found. KEEPING ITEM (Fallback).
[05:33:38] Summarizer: [Batch] 1 item(s) missing from response → marked for reprocessing
[05:33:38] Summarizer: [FreeGeminiAPI_2] ⚠️ PAIRING FAIL: 'https://www.penzcentrum.hu/megtakaritas/20260805/nagyon-fontos-hirt-kaptak-a-takarekoskodok-tizezreket-erint-valtozas-lepett-eletbe-1203420' not found. KEEPING ITEM (Fallback).
[05:33:40] Summarizer: [Batch] 3 item(s) missing from response → marked for reprocessing
[05:34:02] Summarizer: TIMEOUT (180s) - backend call took too long
[05:34:02] Summarizer: [Batch] No response from API (attempt 1/3)
[05:34:23] Summarizer: Reprocessing 1 pairing failures from data.json

--- RSS Fetch Errors at 2026-08-06 07:18:11 ---
Error fetching https://prohardver.hu/hirfolyam/hirek/rss.xml: HTTP Error 503: 
Error fetching https://prohardver.hu/hirfolyam/anyagok/rss.xml: HTTP Error 503: 
Error fetching https://www.drive.com.au/feed/: HTTP Error 403: 
Error fetching https://www.pcgamer.com/rss/: Failed to perform, curl: (28) Connection timed out after 1056134 milliseconds. See https://curl.se/libcurl/c/libcurl-errors.html first for more details.
Error fetching https://hold.hu/holdblog/feed: Failed to perform, curl: (28) Connection timed out after 1057062 milliseconds. See https://curl.se/libcurl/c/libcurl-errors.html first for more details.
Error fetching https://leetgaming.com/feed/: Failed to perform, curl: (28) Connection timed out after 1057177 milliseconds. See https://curl.se/libcurl/c/libcurl-errors.html first for more details.
Error fetching https://www.cnet.com/rss/news/: Failed to perform, curl: (28) Connection timed out after 1057026 milliseconds. See https://curl.se/libcurl/c/libcurl-errors.html first for more details.
Error fetching https://feeds.feedburner.com/ign/movies-articles: Failed to perform, curl: (28) Connection timed out after 1053227 milliseconds. See https://curl.se/libcurl/c/libcurl-errors.html first for more details.
Error fetching https://welovebudapest.com/feed/: Failed to perform, curl: (28) Connection timed out after 1052795 milliseconds. See https://curl.se/libcurl/c/libcurl-errors.html first for more details.
Error fetching https://electrek.co/feed/: Failed to perform, curl: (28) Connection timed out after 1056024 milliseconds. See https://curl.se/libcurl/c/libcurl-errors.html first for more details.
Error fetching https://vezess.hu/rss: Failed to perform, curl: (28) Connection timed out after 1056026 milliseconds. See https://curl.se/libcurl/c/libcurl-errors.html first for more details.
Error fetching https://www.livescience.com/feeds/all: Failed to perform, curl: (28) Connection timed out after 1057028 milliseconds. See https://curl.se/libcurl/c/libcurl-errors.html first for more details.
Error fetching https://hwsw.hu/xml/latest_news_rss.xml: Failed to perform, curl: (28) Operation timed out after 1057591 milliseconds with 0 bytes received. See https://curl.se/libcurl/c/libcurl-errors.html first for more details.
Error fetching https://drive.hu/rss: Failed to perform, curl: (28) Connection timed out after 1054022 milliseconds. See https://curl.se/libcurl/c/libcurl-errors.html first for more details.
Error fetching https://gsplus.hu/site/rss/rss.xml: Failed to perform, curl: (28) Connection timed out after 1053039 milliseconds. See https://curl.se/libcurl/c/libcurl-errors.html first for more details.
Error fetching https://techcrunch.com/feed: Failed to perform, curl: (28) Connection timed out after 1054023 milliseconds. See https://curl.se/libcurl/c/libcurl-errors.html first for more details.
Error fetching https://prog.hu/site/backend/proghu-rss.xml: Failed to perform, curl: (28) Connection timed out after 1053043 milliseconds. See https://curl.se/libcurl/c/libcurl-errors.html first for more details.
Error fetching https://insideevs.com/rss/articles/all: Failed to perform, curl: (28) Connection timed out after 1056024 milliseconds. See https://curl.se/libcurl/c/libcurl-errors.html first for more details.
Error fetching https://feeds.feedburner.com/ign/games-all: Failed to perform, curl: (28) Connection timed out after 1054028 milliseconds. See https://curl.se/libcurl/c/libcurl-errors.html first for more details.
Error fetching https://feeds.forbes.com/real-time/feed2/: Failed to perform, curl: (28) Operation timed out after 1055127 milliseconds with 0 bytes received. See https://curl.se/libcurl/c/libcurl-errors.html first for more details.
Error fetching https://24.hu/feed/: Failed to perform, curl: (28) Connection timed out after 1053220 milliseconds. See https://curl.se/libcurl/c/libcurl-errors.html first for more details.
Error fetching https://cliffhanger.hu/feed: HTTP Error 403: 
Error fetching https://velvet.hu/feed: HTTP Error 404: Not Found
Error fetching https://femina.hu/feed: HTTP Error 404: Not Found
Error fetching https://prog.hu/hirek/rss: HTTP Error 500: 
Error fetching https://hwsw.hu/hirek/rss: HTTP Error 404: 
Error fetching https://instylemen.hu/feed: HTTP Error 404: 
[07:18:27] Summarizer: [DownloadWorker-7] SKIP (duplicate title): Óriásit repült a rolleres Veszprémben, é...
[07:18:30] Summarizer: [Batch] 3 item(s) missing from response → marked for reprocessing
[07:18:30] Summarizer: [DownloadWorker-1] SKIP (duplicate title): A Shards szereplői párosával és egyeséve...
[07:18:31] Summarizer: [DownloadWorker-6] SKIP (duplicate title): Why Lightspeed is going all-in on creato...
[07:18:37] Summarizer: [Batch] 1 item(s) missing from response → marked for reprocessing
[07:18:37] Summarizer: [DownloadWorker-0] SKIP (duplicate title): Playboy’s Miss Augusts of the 1980s...
[07:18:38] Summarizer: [DownloadWorker-4] SKIP (duplicate title): Black Library veteran Toby Longworth giv...
[07:18:42] Summarizer: [Batch] 3 item(s) missing from response → marked for reprocessing
[07:18:44] Summarizer: [DownloadWorker-7] SKIP (duplicate title): Former FBI Agent Breaks Down Nancy Guthr...
[07:18:44] Summarizer: [DownloadWorker-4] SKIP (duplicate title): Get up to $400 off your TechCrunch Disru...
[07:18:45] Summarizer: [DownloadWorker-2] SKIP (duplicate title): 16 Playboy Women In Their Underwear...
[07:18:47] Summarizer: [DownloadWorker-6] SKIP (duplicate title): Sterling Point-nemkritika...
[07:18:50] Summarizer: [DownloadWorker-8] SKIP (duplicate title): EA UFC 6 Update: UFC 330 Content, 2 New ...
[07:36:03] Image_Downloader: Download failed (https://player.hu/uploads/2026/08/NGC-4372-1290x675.jpg): ('Connection aborted.', ConnectionResetError(54, 'Connection reset by peer'))
[07:36:04] Summarizer: [DownloadWorker-4] SKIP (duplicate title): Lemondta az esküvőjét az ATV műsorvezető...
[07:36:08] Summarizer: [DownloadWorker-8] SKIP (duplicate title): Athletes And Actors Owe Us More Than Gre...
[07:36:13] Summarizer: [DownloadWorker-8] SKIP (duplicate title): Augusztus szerencsenapjai: ezeken a napo...
[07:36:15] Summarizer: [DownloadWorker-8] SKIP (duplicate title): Fodor Zsóka 84 évesen költözni kényszerü...
[07:36:22] Image_Downloader: Download failed (https://s.24.hu/app/uploads/2026/08/central-0791749396-e1785989985513-1440x810_wm.jpg): HTTPSConnectionPool(host='s.24.hu', port=443): Read timed out.
[07:36:30] Summarizer: [Batch] 2 item(s) missing from response → marked for reprocessing
[07:36:45] Summarizer: [Batch] 1 item(s) missing from response → marked for reprocessing
[07:41:31] Summarizer: [DownloadWorker-0] SKIP (duplicate title): My Major League Pickleball Pre-Season Po...
[08:13:14] Summarizer: TIMEOUT (180s) - backend call took too long
[08:13:14] Summarizer: [Batch] No response from API (attempt 1/3)
[08:13:15] Summarizer: TIMEOUT (180s) - backend call took too long
[08:13:15] Summarizer: [Batch] No response from API (attempt 1/3)
[08:13:29] Summarizer: [Batch] 4 item(s) missing from response → marked for reprocessing
[08:13:30] Summarizer: [Batch] 2 item(s) missing from response → marked for reprocessing
[08:13:42] Image_Downloader: Download failed (https://marieclaire.hu/uploads/2026/07/petrezselyem-virag-eheto-mergezo.jpg): HTTPSConnectionPool(host='marieclaire.hu', port=443): Max retries exceeded with url: /uploads/2026/07/petrezselyem-virag-eheto-mergezo.jpg (Caused by ConnectTimeoutError(<HTTPSConnection(host='marieclaire.hu', port=443) at 0x1188e2c10>, 'Connection to marieclaire.hu timed out. (connect timeout=5)'))
[08:13:52] Image_Downloader: Download failed (https://www.pcguru.hu/images/news/2026-08/az_apple_is_ramegy_a_kavamentes_eletre_az_iphone_20_prokkal_1785943315_db9ea24b2517c4e11be7.jpg): HTTPSConnectionPool(host='www.pcguru.hu', port=443): Read timed out. (read timeout=20)
[08:13:58] Summarizer: TIMEOUT (180s) - backend call took too long
[08:13:58] Summarizer: [Batch] No response from API (attempt 1/3)
[08:14:06] Summarizer: [Batch] 2 item(s) missing from response → marked for reprocessing
[08:14:13] Summarizer: [MissingDetector] ⚠️ PAIRING FAIL: 'https://www.penzcentrum.hu/gazdasag/2026/08/06/mar-szinte-unios-arakat-fizetunk-a-boltokban-de-hol-vannak-a-kulfoldi-berek-1203456' not found. KEEPING ITEM (Fallback).
[08:14:13] Summarizer: [Batch] 2 item(s) missing from response → marked for reprocessing
[08:14:13] Summarizer: [FreeGeminiAPI_1] ⚠️ PAIRING FAIL: 'https://www.penzcentrum.hu/gazdasag/2026/08/06/mar-szinte-unios-arakat-fizetunk-a-boltokban-de-hol-vannak-a-kulfoldi-berek-1203456' not found. KEEPING ITEM (Fallback).
[08:14:16] Summarizer: [MissingDetector] ⚠️ PAIRING FAIL: 'https://hvg.hu/cegauto/20260806_igazi-tekintetmagnes-a-nyithato-tetejju-honda-prelude-convertible' not found. KEEPING ITEM (Fallback).
[08:14:16] Summarizer: [Batch] 2 item(s) missing from response → marked for reprocessing
[08:14:16] Summarizer: [FreeGeminiAPI_3] ⚠️ PAIRING FAIL: 'https://hvg.hu/cegauto/20260806_igazi-tekintetmagnes-a-nyithato-tetejju-honda-prelude-convertible' not found. KEEPING ITEM (Fallback).
[08:14:21] Summarizer: [Batch] 3 item(s) missing from response → marked for reprocessing
[08:37:56] Summarizer: TIMEOUT (180s) - backend call took too long
[08:37:56] Summarizer: [Batch] No response from API (attempt 1/3)
[08:38:13] Summarizer: [Batch] 2 item(s) missing from response → marked for reprocessing
[08:38:16] Summarizer: Reprocessing 2 pairing failures from data.json

--- RSS Fetch Errors at 2026-08-06 18:08:18 ---
Error fetching https://prohardver.hu/hirfolyam/hirek/rss.xml: HTTP Error 503: 
Error fetching https://prohardver.hu/hirfolyam/anyagok/rss.xml: HTTP Error 503: 
Error fetching https://www.drive.com.au/feed/: HTTP Error 403: 
Error fetching https://leetgaming.com/feed/: Failed to perform, curl: (28) Connection timed out after 10003 milliseconds. See https://curl.se/libcurl/c/libcurl-errors.html first for more details.
Error fetching https://www.livescience.com/feeds/all: Failed to perform, curl: (28) Connection timed out after 10002 milliseconds. See https://curl.se/libcurl/c/libcurl-errors.html first for more details.
Error fetching https://hwsw.hu/hirek/rss: HTTP Error 404: 
Error fetching https://femina.hu/feed: HTTP Error 404: Not Found
Error fetching https://instylemen.hu/feed: HTTP Error 404: 
Error fetching https://www.economx.hu/feed: Failed to perform, curl: (7) Failed to connect to www.economx.hu port 443 after 2004 ms: Could not connect to server. See https://curl.se/libcurl/c/libcurl-errors.html first for more details.
Error fetching https://velvet.hu/feed: HTTP Error 404: Not Found
Error fetching https://cliffhanger.hu/feed: HTTP Error 403: 
Error fetching https://totalcar.hu/feed: Failed to perform, curl: (35) TLS connect error: error:00000000:invalid library (0):OPENSSL_internal:invalid library (0). See https://curl.se/libcurl/c/libcurl-errors.html first for more details.
[18:08:33] Summarizer: [DownloadWorker-6] SKIP (duplicate title): Izgalmas programokkal, kulisszatitkokkal...
[18:08:36] Summarizer: [Batch] 1 item(s) missing from response → marked for reprocessing
[18:08:41] Summarizer: [DownloadWorker-4] SKIP (duplicate title): LEGO Mario Kart – Mario & Standard Kart ...
[18:08:41] Summarizer: [DownloadWorker-8] SKIP (duplicate title): A hivatalos vizsgálatok szerint a 19-es ...
[18:08:45] Summarizer: [DownloadWorker-3] SKIP (duplicate title): Délelőtti videó 4.: Keleti palota 1. éva...
[18:08:46] Summarizer: [Batch] 1 item(s) missing from response → marked for reprocessing
[18:08:53] Summarizer: [DownloadWorker-6] SKIP (duplicate title): Játssz és NYERJ! 25 páros mozijegy keres...
[18:08:55] Summarizer: [DownloadWorker-2] SKIP (duplicate title): Napi üzenet csütörtök – 2026. 08. 06....
[18:08:56] Summarizer: [DownloadWorker-4] SKIP (duplicate title): Milk Road...
[18:08:59] Summarizer: [Batch] 2 item(s) missing from response → marked for reprocessing
[18:09:12] Summarizer: [DownloadWorker-9] SKIP (duplicate title): Délelőtti videó 3.: Hit Point...
[18:09:15] Summarizer: [Batch] 2 item(s) missing from response → marked for reprocessing
[18:09:15] Summarizer: [Batch] 1 item(s) missing from response → marked for reprocessing
[18:09:18] Summarizer: [DownloadWorker-0] SKIP (duplicate title): Milk Road...
[18:09:29] Summarizer: [Batch] 2 item(s) missing from response → marked for reprocessing
[18:09:31] Summarizer: [MissingDetector] ⚠️ PAIRING FAIL: 'https://firstclass.hu/life/2026/08/06/sultcsirkes-kekszet-keszitettek-te-megkosztolnad/' not found. KEEPING ITEM (Fallback).
[18:09:31] Summarizer: [Batch] 2 item(s) missing from response → marked for reprocessing
[18:09:31] Summarizer: [FreeGeminiAPI_1] ⚠️ PAIRING FAIL: 'https://firstclass.hu/life/2026/08/06/sultcsirkes-kekszet-keszitettek-te-megkosztolnad/' not found. KEEPING ITEM (Fallback).
[18:09:39] Summarizer: [Batch] 1 item(s) missing from response → marked for reprocessing
[18:09:39] Summarizer: [DownloadWorker-3] SKIP (duplicate title): Délelőtti videó 2.: Futurama...
[18:25:25] Summarizer: [DownloadWorker-5] SKIP (duplicate title): Orr nélkül, rímekkel...
[18:25:29] Summarizer: [DownloadWorker-3] SKIP (duplicate title): Ismét csökken az üzemanyag ára a hazai k...
[18:25:31] Summarizer: [DownloadWorker-1] SKIP (duplicate title): JCK Illustrates Why Jewelry Is World’s B...
[18:25:33] Summarizer: [Batch] 2 item(s) missing from response → marked for reprocessing
[18:25:40] Summarizer: [DownloadWorker-4] SKIP (duplicate title): Kiderült, melyek a világ legvonzóbb váro...
[18:25:42] Summarizer: [DownloadWorker-7] SKIP (duplicate title): Így él ma Krug Emília, egy kis faluban t...
[18:25:43] Summarizer: [DownloadWorker-4] SKIP (duplicate title): A legtöbben rosszul teszik vázába a virá...
[18:25:48] Summarizer: [Batch] 3 item(s) missing from response → marked for reprocessing
[18:25:54] Summarizer: [DownloadWorker-1] SKIP (duplicate title): Too Many Requests (429)...
[18:25:55] Summarizer: [Batch] 1 item(s) missing from response → marked for reprocessing
[18:25:55] Summarizer: [DownloadWorker-5] SKIP (duplicate title): Délelőtti videó 1.: Outer Banks...
[18:26:12] Summarizer: [Batch] 1 item(s) missing from response → marked for reprocessing
[18:26:14] Summarizer: [DownloadWorker-9] SKIP (duplicate title): Csecsemőköpködés és meztelen harmatfürdő...
[18:26:17] Summarizer: [Batch] 2 item(s) missing from response → marked for reprocessing
[18:26:20] Summarizer: [DownloadWorker-9] SKIP (duplicate title): Too Many Requests (429)...
[18:26:21] Summarizer: [DownloadWorker-2] SKIP (duplicate title): Onimusha: Way of the Sword – The Final P...
[18:26:27] Summarizer: [DownloadWorker-8] SKIP (duplicate title): Az utolsó fillérig kivették a nyereséget...
[18:26:41] Summarizer: [DownloadWorker-6] SKIP (duplicate title): Átlagon felüli a rajzfilmismereted, ha e...
[18:26:43] Summarizer: [MissingDetector] ⚠️ PAIRING FAIL: 'https://cointelegraph.com/news/crypto-wrench-attacks-steal-30-million-2026?utm_source=rss_feed&utm_campaign=rss_partner_inbound' not found. KEEPING ITEM (Fallback).
[18:26:43] Summarizer: [Batch] 1 item(s) missing from response → marked for reprocessing
[18:26:43] Summarizer: [FreeGeminiAPI_2] ⚠️ PAIRING FAIL: 'https://cointelegraph.com/news/crypto-wrench-attacks-steal-30-million-2026?utm_source=rss_feed&utm_campaign=rss_partner_inbound' not found. KEEPING ITEM (Fallback).
[18:26:44] Summarizer: [DownloadWorker-1] SKIP (duplicate title): Csütörtöki friss hírek, forgalom, időjár...
[18:26:55] Summarizer: [DownloadWorker-9] SKIP (duplicate title): Mit nézzek? Csak SZERDÁN 9 új film és so...
[18:27:02] Summarizer: [MissingDetector] ⚠️ PAIRING FAIL: 'https://www.cnet.com/home/security/these-studies-show-even-one-home-security-camera-is-a-deal-breaker-for-burglars/' not found. KEEPING ITEM (Fallback).
[18:27:02] Summarizer: [Batch] 1 item(s) missing from response → marked for reprocessing
[18:27:02] Summarizer: [FreeGeminiAPI_2] ⚠️ PAIRING FAIL: 'https://www.cnet.com/home/security/these-studies-show-even-one-home-security-camera-is-a-deal-breaker-for-burglars/' not found. KEEPING ITEM (Fallback).
[18:27:03] Summarizer: [DownloadWorker-2] SKIP (duplicate title): Szó szerint leesett Andrew Garfield álla...
[18:27:07] Summarizer: [Batch] 3 item(s) missing from response → marked for reprocessing
[18:27:14] Summarizer: [DownloadWorker-9] SKIP (duplicate title): Best Adjustable Beds 2026...
[18:27:15] Summarizer: [Batch] 1 item(s) missing from response → marked for reprocessing
[18:27:43] Summarizer: [MissingDetector] ⚠️ PAIRING FAIL: 'https://telex.hu/after/2026/08/06/jakab-juli-kovesi-zsombor-georgita-mate-dezso-ismet-lesz-kerekasztal-beszeglet-a-telex-rendezvenyen-hatodik-szuletesnap' not found. KEEPING ITEM (Fallback).
[18:27:43] Summarizer: [Batch] 1 item(s) missing from response → marked for reprocessing
[18:27:43] Summarizer: [FreeGeminiAPI_2] ⚠️ PAIRING FAIL: 'https://telex.hu/after/2026/08/06/jakab-juli-kovesi-zsombor-georgita-mate-dezso-ismet-lesz-kerekasztal-beszeglet-a-telex-rendezvenyen-hatodik-szuletesnap' not found. KEEPING ITEM (Fallback).
[18:27:53] Summarizer: [MissingDetector] ⚠️ PAIRING FAIL: 'https://hvg.hu/itthon/20260806_komp-nagymaros-visegrád' not found. KEEPING ITEM (Fallback).
[18:27:53] Summarizer: [Batch] 1 item(s) missing from response → marked for reprocessing
[18:27:53] Summarizer: [FreeGeminiAPI_2] ⚠️ PAIRING FAIL: 'https://hvg.hu/itthon/20260806_komp-nagymaros-visegrád' not found. KEEPING ITEM (Fallback).
[18:27:59] Summarizer: [Batch] 3 item(s) missing from response → marked for reprocessing
[18:28:11] Summarizer: TIMEOUT (180s) - backend call took too long
[18:28:11] Summarizer: [Batch] No response from API (attempt 1/3)
[18:28:18] Summarizer: TIMEOUT (180s) - backend call took too long
[18:28:18] Summarizer: [Batch] No response from API (attempt 1/3)
[18:28:21] Summarizer: [Batch] 1 item(s) missing from response → marked for reprocessing
[18:28:29] Summarizer: [Batch] 1 item(s) missing from response → marked for reprocessing
[18:28:36] Summarizer: [Batch] 1 item(s) missing from response → marked for reprocessing
[18:28:44] Summarizer: [Batch] 1 item(s) missing from response → marked for reprocessing
[18:29:06] Summarizer: [Batch] 1 item(s) missing from response → marked for reprocessing
[18:29:16] Summarizer: [MissingDetector] ⚠️ PAIRING FAIL: 'https://www.mafab.hu/hu/article/115-milliard-dollar-mostantol-ez-2026-legmagasabb-bevetelu-filmje-07' not found. KEEPING ITEM (Fallback).
[18:29:16] Summarizer: [Batch] 1 item(s) missing from response → marked for reprocessing
[18:29:16] Summarizer: [FreeGeminiAPI_2] ⚠️ PAIRING FAIL: 'https://www.mafab.hu/hu/article/115-milliard-dollar-mostantol-ez-2026-legmagasabb-bevetelu-filmje-07' not found. KEEPING ITEM (Fallback).
[18:29:19] Summarizer: [Batch] 4 item(s) missing from response → marked for reprocessing
[18:29:23] Summarizer: [Batch] 1 item(s) missing from response → marked for reprocessing
[18:29:27] Summarizer: [Batch] 2 item(s) missing from response → marked for reprocessing
[18:29:30] Summarizer: [Batch] 1 item(s) missing from response → marked for reprocessing
[18:29:42] Summarizer: [Batch] 2 item(s) missing from response → marked for reprocessing
[18:31:15] Summarizer: Reprocessing 5 pairing failures from data.json
