
===== PIPELINE RUN START 2026-10-02T00:03:47 [run_pipeline_persistent] =====

--- RSS Fetch Errors at 2026-10-02 00:09:15 ---
Error fetching https://totalcar.hu/feed: Failed to perform, curl: (28) Connection timed out after 10003 milliseconds. See https://curl.se/libcurl/c/libcurl-errors.html first for more details.
[00:09:21] Summarizer: [DownloadWorker-0] SKIP (duplicate title): Eseménynaptár - 2026. október 17. (szomb...
[00:09:24] Summarizer: [DownloadWorker-3] SKIP (duplicate title): Eseménynaptár - 2026. október 29. (csütö...
[00:09:30] Summarizer: [DownloadWorker-4] SKIP (duplicate title): Fejér megye - Programturizmus, az élmény...

===== PIPELINE RUN START 2026-10-02T00:12:20 [run_pipeline_persistent] =====

--- RSS Fetch Errors at 2026-10-02 00:17:47 ---
Error fetching https://totalcar.hu/24ora/rss/: Failed to perform, curl: (35) TLS connect error: error:00000000:invalid library (0):OPENSSL_internal:invalid library (0). See https://curl.se/libcurl/c/libcurl-errors.html first for more details.
Error fetching https://femina.hu/24ora/rss/: Failed to perform, curl: (35) TLS connect error: error:00000000:invalid library (0):OPENSSL_internal:invalid library (0). See https://curl.se/libcurl/c/libcurl-errors.html first for more details.
Error fetching https://totalcar.hu/feed: Failed to perform, curl: (35) TLS connect error: error:00000000:invalid library (0):OPENSSL_internal:invalid library (0). See https://curl.se/libcurl/c/libcurl-errors.html first for more details.
Error fetching https://www.economx.hu/feed: Failed to perform, curl: (35) TLS connect error: error:00000000:invalid library (0):OPENSSL_internal:invalid library (0). See https://curl.se/libcurl/c/libcurl-errors.html first for more details.
Error fetching https://velvet.hu/24ora/rss/: Failed to perform, curl: (35) TLS connect error: error:00000000:invalid library (0):OPENSSL_internal:invalid library (0). See https://curl.se/libcurl/c/libcurl-errors.html first for more details.

===== PIPELINE RUN START 2026-10-02T00:19:02 [run_pipeline_persistent] =====

--- RSS Fetch Errors at 2026-10-02 00:22:03 ---
Error fetching https://welovebudapest.com/feed/: Failed to perform, curl: (35) TLS connect error: error:00000000:invalid library (0):OPENSSL_internal:invalid library (0). See https://curl.se/libcurl/c/libcurl-errors.html first for more details.
Error fetching https://femina.hu/24ora/rss/: Failed to perform, curl: (35) TLS connect error: error:00000000:invalid library (0):OPENSSL_internal:invalid library (0). See https://curl.se/libcurl/c/libcurl-errors.html first for more details.
Error fetching https://www.economx.hu/feed: Failed to perform, curl: (35) TLS connect error: error:00000000:invalid library (0):OPENSSL_internal:invalid library (0). See https://curl.se/libcurl/c/libcurl-errors.html first for more details.
Error fetching https://index.hu/tudomany/til/rss/: Failed to perform, curl: (35) TLS connect error: error:00000000:invalid library (0):OPENSSL_internal:invalid library (0). See https://curl.se/libcurl/c/libcurl-errors.html first for more details.

===== PIPELINE RUN START 2026-10-02T00:24:39 [run_pipeline_persistent] =====

===== PIPELINE RUN START 2026-10-02T00:29:41 [run_pipeline_persistent] =====

--- RSS Fetch Errors at 2026-10-02 00:32:16 ---
Error fetching https://totalcar.hu/24ora/rss/: Failed to perform, curl: (35) TLS connect error: error:00000000:invalid library (0):OPENSSL_internal:invalid library (0). See https://curl.se/libcurl/c/libcurl-errors.html first for more details.
Error fetching https://velvet.hu/24ora/rss/: Failed to perform, curl: (35) TLS connect error: error:00000000:invalid library (0):OPENSSL_internal:invalid library (0). See https://curl.se/libcurl/c/libcurl-errors.html first for more details.
Error fetching https://totalcar.hu/feed: Failed to perform, curl: (35) TLS connect error: error:00000000:invalid library (0):OPENSSL_internal:invalid library (0). See https://curl.se/libcurl/c/libcurl-errors.html first for more details.

===== PIPELINE RUN START 2026-10-02T00:38:45 [run_pipeline_persistent] =====

--- RSS Fetch Errors at 2026-10-02 00:40:56 ---
Error fetching https://femina.hu/24ora/rss/: Failed to perform, curl: (35) TLS connect error: error:00000000:invalid library (0):OPENSSL_internal:invalid library (0). See https://curl.se/libcurl/c/libcurl-errors.html first for more details.

===== PIPELINE RUN START 2026-10-02T00:44:39 [run_pipeline_persistent] =====

--- RSS Fetch Errors at 2026-10-02 00:46:50 ---
Error fetching https://www.economx.hu/feed: Failed to perform, curl: (35) TLS connect error: error:00000000:invalid library (0):OPENSSL_internal:invalid library (0). See https://curl.se/libcurl/c/libcurl-errors.html first for more details.
