
===== PIPELINE RUN START 2026-09-03T00:05:07 [run_pipeline_persistent] =====

===== PIPELINE RUN START 2026-09-03T00:12:41 [run_pipeline_persistent] =====

===== PIPELINE RUN START 2026-09-03T00:19:55 [run_pipeline_persistent] =====

===== PIPELINE RUN START 2026-09-03T00:27:31 [run_pipeline_persistent] =====

===== PIPELINE RUN START 2026-09-03T00:34:57 [run_pipeline_persistent] =====

===== PIPELINE RUN START 2026-09-03T00:42:22 [run_pipeline_persistent] =====

===== PIPELINE RUN START 2026-09-03T00:49:38 [run_pipeline_persistent] =====

===== PIPELINE RUN START 2026-09-03T00:57:08 [run_pipeline_persistent] =====

===== PIPELINE RUN START 2026-09-03T01:04:28 [run_pipeline_persistent] =====

===== PIPELINE RUN START 2026-09-03T01:12:00 [run_pipeline_persistent] =====

===== PIPELINE RUN START 2026-09-03T01:19:12 [run_pipeline_persistent] =====

===== PIPELINE RUN START 2026-09-03T01:26:44 [run_pipeline_persistent] =====

===== PIPELINE RUN START 2026-09-03T01:34:01 [run_pipeline_persistent] =====

===== PIPELINE RUN START 2026-09-03T01:41:37 [run_pipeline_persistent] =====

--- RSS Fetch Errors at 2026-09-03 01:48:51 ---
Error fetching https://totalcar.hu/feed: Failed to perform, curl: (6) Could not resolve host: totalcar.hu. See https://curl.se/libcurl/c/libcurl-errors.html first for more details.
Error fetching https://aihirfolyam.hu/feed: Failed to perform, curl: (6) Could not resolve host: aihirfolyam.hu. See https://curl.se/libcurl/c/libcurl-errors.html first for more details.
Error fetching https://sorozatjunkie.hu/feed: Failed to perform, curl: (6) Could not resolve host: sorozatjunkie.hu. See https://curl.se/libcurl/c/libcurl-errors.html first for more details.
Error fetching https://nlc.hu/feed: Failed to perform, curl: (6) Could not resolve host: nlc.hu. See https://curl.se/libcurl/c/libcurl-errors.html first for more details.
Error fetching https://the-zone.hu/feed: Failed to perform, curl: (6) Could not resolve host: the-zone.hu. See https://curl.se/libcurl/c/libcurl-errors.html first for more details.
Error fetching https://www.economx.hu/feed: Failed to perform, curl: (6) Could not resolve host: www.economx.hu. See https://curl.se/libcurl/c/libcurl-errors.html first for more details.
Error fetching https://www.hwsw.hu/xml/latest_news_rss.xml: Failed to perform, curl: (6) Could not resolve host: www.hwsw.hu. See https://curl.se/libcurl/c/libcurl-errors.html first for more details.
Error fetching https://marieclaire.hu/feed: Failed to perform, curl: (6) Could not resolve host: marieclaire.hu. See https://curl.se/libcurl/c/libcurl-errors.html first for more details.
Error fetching https://ng.24.hu/feed: Failed to perform, curl: (6) Could not resolve host: ng.24.hu. See https://curl.se/libcurl/c/libcurl-errors.html first for more details.
Error fetching https://fhm.com/feed: Failed to perform, curl: (6) Could not resolve host: fhm.com. See https://curl.se/libcurl/c/libcurl-errors.html first for more details.
Error fetching https://funzine.hu/feed: Failed to perform, curl: (6) Could not resolve host: funzine.hu. See https://curl.se/libcurl/c/libcurl-errors.html first for more details.
Error fetching https://prog.hu/hirek/rss: Failed to perform, curl: (6) Could not resolve host: prog.hu. See https://curl.se/libcurl/c/libcurl-errors.html first for more details.
Error fetching https://www.maxim.com/feed: Failed to perform, curl: (6) Could not resolve host: www.maxim.com. See https://curl.se/libcurl/c/libcurl-errors.html first for more details.
Error fetching https://offmedia.hu/feed: Failed to perform, curl: (6) Could not resolve host: offmedia.hu. See https://curl.se/libcurl/c/libcurl-errors.html first for more details.
Error fetching https://velvet.hu/24ora/rss/: Failed to perform, curl: (6) Could not resolve host: velvet.hu. See https://curl.se/libcurl/c/libcurl-errors.html first for more details.
Error fetching https://player.hu/feed: Failed to perform, curl: (6) Could not resolve host: player.hu. See https://curl.se/libcurl/c/libcurl-errors.html first for more details.
Error fetching https://roadster.hu/feed: Failed to perform, curl: (6) Could not resolve host: roadster.hu. See https://curl.se/libcurl/c/libcurl-errors.html first for more details.
Error fetching https://firstclass.hu/feed: Failed to perform, curl: (6) Could not resolve host: firstclass.hu. See https://curl.se/libcurl/c/libcurl-errors.html first for more details.
Error fetching https://caravantimes.co.uk/feed: Failed to perform, curl: (6) Could not resolve host: caravantimes.co.uk. See https://curl.se/libcurl/c/libcurl-errors.html first for more details.
Error fetching https://azutazo.hu/feed: Failed to perform, curl: (6) Could not resolve host: azutazo.hu. See https://curl.se/libcurl/c/libcurl-errors.html first for more details.
Error fetching https://www.penzcentrum.hu/rss/all.xml: Failed to perform, curl: (6) Could not resolve host: www.penzcentrum.hu. See https://curl.se/libcurl/c/libcurl-errors.html first for more details.
Error fetching https://travelmagazin.hu/feed: Failed to perform, curl: (6) Could not resolve host: travelmagazin.hu. See https://curl.se/libcurl/c/libcurl-errors.html first for more details.
Error fetching https://9to5mac.com/feed/: Failed to perform, curl: (6) Could not resolve host: 9to5mac.com. See https://curl.se/libcurl/c/libcurl-errors.html first for more details.

===== PIPELINE RUN START 2026-09-03T01:48:52 [run_pipeline_persistent] =====

===== PIPELINE RUN START 2026-09-03T01:56:21 [run_pipeline_persistent] =====

===== PIPELINE RUN START 2026-09-03T02:03:39 [run_pipeline_persistent] =====

===== PIPELINE RUN START 2026-09-03T02:11:11 [run_pipeline_persistent] =====

===== PIPELINE RUN START 2026-09-03T02:18:36 [run_pipeline_persistent] =====

===== PIPELINE RUN START 2026-09-03T02:26:06 [run_pipeline_persistent] =====

===== PIPELINE RUN START 2026-09-03T02:33:18 [run_pipeline_persistent] =====

===== PIPELINE RUN START 2026-09-03T02:40:51 [run_pipeline_persistent] =====

===== PIPELINE RUN START 2026-09-03T02:48:04 [run_pipeline_persistent] =====

===== PIPELINE RUN START 2026-09-03T02:55:43 [run_pipeline_persistent] =====

--- RSS Fetch Errors at 2026-09-03 03:02:55 ---
Error fetching https://femina.hu/24ora/rss.xml: Failed to perform, curl: (6) Could not resolve host: femina.hu. See https://curl.se/libcurl/c/libcurl-errors.html first for more details.

===== PIPELINE RUN START 2026-09-03T03:02:56 [run_pipeline_persistent] =====

===== PIPELINE RUN START 2026-09-03T03:10:25 [run_pipeline_persistent] =====

===== PIPELINE RUN START 2026-09-03T03:17:41 [run_pipeline_persistent] =====

===== PIPELINE RUN START 2026-09-03T03:25:10 [run_pipeline_persistent] =====

===== PIPELINE RUN START 2026-09-03T03:32:22 [run_pipeline_persistent] =====

--- RSS Fetch Errors at 2026-09-03 03:39:33 ---
Error fetching https://hu.ign.com/feed.xml: Failed to perform, curl: (6) Could not resolve host: hu.ign.com. See https://curl.se/libcurl/c/libcurl-errors.html first for more details.
Error fetching https://hu.ign.com/feed.xml: Failed to perform, curl: (6) Could not resolve host: hu.ign.com. See https://curl.se/libcurl/c/libcurl-errors.html first for more details.

===== PIPELINE RUN START 2026-09-03T03:39:47 [run_pipeline_persistent] =====

===== PIPELINE RUN START 2026-09-03T03:47:05 [run_pipeline_persistent] =====

===== PIPELINE RUN START 2026-09-03T03:54:36 [run_pipeline_persistent] =====

===== PIPELINE RUN START 2026-09-03T04:01:50 [run_pipeline_persistent] =====

--- RSS Fetch Errors at 2026-09-03 04:15:37 ---
Error fetching https://qubit.hu/feed: Failed to perform, curl: (6) Could not resolve host: qubit.hu. See https://curl.se/libcurl/c/libcurl-errors.html first for more details.
Error fetching https://index.hu/24ora/rss: Failed to perform, curl: (6) Could not resolve host: index.hu. See https://curl.se/libcurl/c/libcurl-errors.html first for more details.
Error fetching https://444.hu/category/belfold/feed: Failed to perform, curl: (6) Could not resolve host: 444.hu. See https://curl.se/libcurl/c/libcurl-errors.html first for more details.
Error fetching https://telex.hu/rss: Failed to perform, curl: (6) Could not resolve host: telex.hu. See https://curl.se/libcurl/c/libcurl-errors.html first for more details.
Error fetching https://index.hu/belfold/rss/: Failed to perform, curl: (6) Could not resolve host: index.hu. See https://curl.se/libcurl/c/libcurl-errors.html first for more details.
Error fetching https://index.hu/kulfold/rss/: Failed to perform, curl: (6) Could not resolve host: index.hu. See https://curl.se/libcurl/c/libcurl-errors.html first for more details.
Error fetching https://index.hu/sitemap/friss.xml: Failed to perform, curl: (6) Could not resolve host: index.hu. See https://curl.se/libcurl/c/libcurl-errors.html first for more details.
Error fetching https://index.hu/tudomany/rss/: Failed to perform, curl: (6) Could not resolve host: index.hu. See https://curl.se/libcurl/c/libcurl-errors.html first for more details.
Error fetching https://hold.hu/holdblog/feed: Failed to perform, curl: (6) Could not resolve host: hold.hu. See https://curl.se/libcurl/c/libcurl-errors.html first for more details.
Error fetching https://sg.hu/rss: Failed to perform, curl: (6) Could not resolve host: sg.hu. See https://curl.se/libcurl/c/libcurl-errors.html first for more details.
Error fetching https://sg.hu/plain/rss.xml: Failed to perform, curl: (6) Could not resolve host: sg.hu. See https://curl.se/libcurl/c/libcurl-errors.html first for more details.
Error fetching https://444.hu/feed: Failed to perform, curl: (6) Could not resolve host: 444.hu. See https://curl.se/libcurl/c/libcurl-errors.html first for more details.
Error fetching https://totalcar.hu/24ora/rss/: Failed to perform, curl: (6) Could not resolve host: totalcar.hu. See https://curl.se/libcurl/c/libcurl-errors.html first for more details.
Error fetching https://telex.hu/rss/archivum?filters=%7B%22superTagSlugs%22%3A%5B%22eszkombajn%22%5D%2C%22parentId%22%3A%5B%22null%22%5D%7D&perPage=10: Failed to perform, curl: (6) Could not resolve host: telex.hu. See https://curl.se/libcurl/c/libcurl-errors.html first for more details.
Error fetching https://hwsw.hu/xml/latest_news_rss.xml: Failed to perform, curl: (6) Could not resolve host: hwsw.hu. See https://curl.se/libcurl/c/libcurl-errors.html first for more details.
Error fetching https://prohardver.hu/hirfolyam/hirek/rss.xml: Failed to perform, curl: (6) Could not resolve host: prohardver.hu. See https://curl.se/libcurl/c/libcurl-errors.html first for more details.
Error fetching https://esport1.hu/rss: Failed to perform, curl: (6) Could not resolve host: esport1.hu. See https://curl.se/libcurl/c/libcurl-errors.html first for more details.
Error fetching https://www.penzcentrum.hu/rss: Failed to perform, curl: (6) Could not resolve host: www.penzcentrum.hu. See https://curl.se/libcurl/c/libcurl-errors.html first for more details.
Error fetching https://vezess.hu/rss: Failed to perform, curl: (6) Could not resolve host: vezess.hu. See https://curl.se/libcurl/c/libcurl-errors.html first for more details.
Error fetching https://raketa.hu/feed: Failed to perform, curl: (6) Could not resolve host: raketa.hu. See https://curl.se/libcurl/c/libcurl-errors.html first for more details.
Error fetching https://forbes.hu/feed/: Failed to perform, curl: (6) Could not resolve host: forbes.hu. See https://curl.se/libcurl/c/libcurl-errors.html first for more details.
Error fetching https://rss.nytimes.com/services/xml/rss/nyt/Science.xml: Failed to perform, curl: (6) Could not resolve host: rss.nytimes.com. See https://curl.se/libcurl/c/libcurl-errors.html first for more details.
Error fetching https://www.portfolio.hu/rss/: Failed to perform, curl: (6) Could not resolve host: www.portfolio.hu. See https://curl.se/libcurl/c/libcurl-errors.html first for more details.
Error fetching https://prohardver.hu/hirfolyam/anyagok/rss.xml: Failed to perform, curl: (6) Could not resolve host: prohardver.hu. See https://curl.se/libcurl/c/libcurl-errors.html first for more details.
Error fetching https://media.sg.hu/rss/rss.xml: Failed to perform, curl: (6) Could not resolve host: media.sg.hu. See https://curl.se/libcurl/c/libcurl-errors.html first for more details.
Error fetching https://www.sciencedaily.com/rss/top.xml: Failed to perform, curl: (6) Could not resolve host: www.sciencedaily.com. See https://curl.se/libcurl/c/libcurl-errors.html first for more details.
Error fetching https://techpowerup.com/rss/news: Failed to perform, curl: (6) Could not resolve host: techpowerup.com. See https://curl.se/libcurl/c/libcurl-errors.html first for more details.
Error fetching https://github.blog/feed/: Failed to perform, curl: (6) Could not resolve host: github.blog. See https://curl.se/libcurl/c/libcurl-errors.html first for more details.
Error fetching https://www.livescience.com/feeds/all: Failed to perform, curl: (6) Could not resolve host: www.livescience.com. See https://curl.se/libcurl/c/libcurl-errors.html first for more details.
Error fetching https://www.space.com/feeds/all: Failed to perform, curl: (6) Could not resolve host: www.space.com. See https://curl.se/libcurl/c/libcurl-errors.html first for more details.
Error fetching https://www.gamingbible.com/index.rss: Failed to perform, curl: (6) Could not resolve host: www.gamingbible.com. See https://curl.se/libcurl/c/libcurl-errors.html first for more details.
Error fetching https://www.nasa.gov/rss/dyn/breaking_news.rss: Failed to perform, curl: (6) Could not resolve host: www.nasa.gov. See https://curl.se/libcurl/c/libcurl-errors.html first for more details.
Error fetching https://www.vezess.hu/feed/: Failed to perform, curl: (6) Could not resolve host: www.vezess.hu. See https://curl.se/libcurl/c/libcurl-errors.html first for more details.
Error fetching https://www.sciencedaily.com/rss/all.xml: Failed to perform, curl: (6) Could not resolve host: www.sciencedaily.com. See https://curl.se/libcurl/c/libcurl-errors.html first for more details.
Error fetching https://futurism.com/feed: Failed to perform, curl: (6) Could not resolve host: futurism.com. See https://curl.se/libcurl/c/libcurl-errors.html first for more details.
Error fetching https://www.pcgamer.com/rss/: Failed to perform, curl: (6) Could not resolve host: www.pcgamer.com. See https://curl.se/libcurl/c/libcurl-errors.html first for more details.
Error fetching https://bitcoinmagazine.com/.rss/full/: Failed to perform, curl: (6) Could not resolve host: bitcoinmagazine.com. See https://curl.se/libcurl/c/libcurl-errors.html first for more details.
Error fetching https://drive.hu/rss: Failed to perform, curl: (6) Could not resolve host: drive.hu. See https://curl.se/libcurl/c/libcurl-errors.html first for more details.
Error fetching https://bitcoinmagazine.com/feed: Failed to perform, curl: (6) Could not resolve host: bitcoinmagazine.com. See https://curl.se/libcurl/c/libcurl-errors.html first for more details.
Error fetching https://insideevs.com/rss/articles/all: Failed to perform, curl: (6) Could not resolve host: insideevs.com. See https://curl.se/libcurl/c/libcurl-errors.html first for more details.
Error fetching https://cointelegraph.com/rss: Failed to perform, curl: (6) Could not resolve host: cointelegraph.com. See https://curl.se/libcurl/c/libcurl-errors.html first for more details.
Error fetching https://feeds.forbes.com/real-time/feed2/: Failed to perform, curl: (6) Could not resolve host: feeds.forbes.com. See https://curl.se/libcurl/c/libcurl-errors.html first for more details.
Error fetching https://insideevs.com/rss/news/all/: Failed to perform, curl: (6) Could not resolve host: insideevs.com. See https://curl.se/libcurl/c/libcurl-errors.html first for more details.
Error fetching https://pcguru.hu/rss: Failed to perform, curl: (6) Could not resolve host: pcguru.hu. See https://curl.se/libcurl/c/libcurl-errors.html first for more details.
Error fetching https://www.forbes.com/most-popular/feed/: Failed to perform, curl: (6) Could not resolve host: www.forbes.com. See https://curl.se/libcurl/c/libcurl-errors.html first for more details.
Error fetching https://decrypt.co/feed: Failed to perform, curl: (6) Could not resolve host: decrypt.co. See https://curl.se/libcurl/c/libcurl-errors.html first for more details.
Error fetching https://rss.nytimes.com/services/xml/rss/nyt/Technology.xml: Failed to perform, curl: (6) Could not resolve host: rss.nytimes.com. See https://curl.se/libcurl/c/libcurl-errors.html first for more details.
Error fetching https://feeds.feedburner.com/ign/movies-articles: Failed to perform, curl: (6) Could not resolve host: feeds.feedburner.com. See https://curl.se/libcurl/c/libcurl-errors.html first for more details.
Error fetching https://gsplus.hu/site/rss/rss.xml: Failed to perform, curl: (6) Could not resolve host: gsplus.hu. See https://curl.se/libcurl/c/libcurl-errors.html first for more details.
Error fetching https://24.hu/feed/: Failed to perform, curl: (6) Could not resolve host: 24.hu. See https://curl.se/libcurl/c/libcurl-errors.html first for more details.
Error fetching https://hvg.hu/rss: Failed to perform, curl: (6) Could not resolve host: hvg.hu. See https://curl.se/libcurl/c/libcurl-errors.html first for more details.
Error fetching https://feeds.feedburner.com/ign/games-all: Failed to perform, curl: (6) Could not resolve host: feeds.feedburner.com. See https://curl.se/libcurl/c/libcurl-errors.html first for more details.
Error fetching https://feeds.feedburner.com/ign/tv-articles: Failed to perform, curl: (6) Could not resolve host: feeds.feedburner.com. See https://curl.se/libcurl/c/libcurl-errors.html first for more details.
Error fetching https://prog.hu/site/backend/proghu-rss.xml: Failed to perform, curl: (6) Could not resolve host: prog.hu. See https://curl.se/libcurl/c/libcurl-errors.html first for more details.
Error fetching https://feeds.feedburner.com/ign/tech-articles: Failed to perform, curl: (6) Could not resolve host: feeds.feedburner.com. See https://curl.se/libcurl/c/libcurl-errors.html first for more details.
Error fetching https://feeds.feedburner.com/ign/all: Failed to perform, curl: (6) Could not resolve host: feeds.feedburner.com. See https://curl.se/libcurl/c/libcurl-errors.html first for more details.
Error fetching https://welovebudapest.com/feed/: Failed to perform, curl: (6) Could not resolve host: welovebudapest.com. See https://curl.se/libcurl/c/libcurl-errors.html first for more details.
Error fetching https://blog.google/rss/: Failed to perform, curl: (6) Could not resolve host: blog.google. See https://curl.se/libcurl/c/libcurl-errors.html first for more details.
Error fetching https://www.portfolio.hu/rss/all.xml: Failed to perform, curl: (6) Could not resolve host: www.portfolio.hu. See https://curl.se/libcurl/c/libcurl-errors.html first for more details.
Error fetching https://techcrunch.com/feed: Failed to perform, curl: (6) Could not resolve host: techcrunch.com. See https://curl.se/libcurl/c/libcurl-errors.html first for more details.
Error fetching https://www.pcwplus.hu/site/rss/rss.xml: Failed to perform, curl: (6) Could not resolve host: www.pcwplus.hu. See https://curl.se/libcurl/c/libcurl-errors.html first for more details.
Error fetching https://www.cnet.com/rss/news/: Failed to perform, curl: (6) Could not resolve host: www.cnet.com. See https://curl.se/libcurl/c/libcurl-errors.html first for more details.
Error fetching https://www.cnet.com/rss/all/: Failed to perform, curl: (6) Could not resolve host: www.cnet.com. See https://curl.se/libcurl/c/libcurl-errors.html first for more details.
Error fetching https://electrek.co/feed/: Failed to perform, curl: (6) Could not resolve host: electrek.co. See https://curl.se/libcurl/c/libcurl-errors.html first for more details.
Error fetching https://444.hu/category/tudomany/feed: Failed to perform, curl: (6) Could not resolve host: 444.hu. See https://curl.se/libcurl/c/libcurl-errors.html first for more details.

===== PIPELINE RUN START 2026-09-03T04:32:03 [run_pipeline_persistent] =====

===== PIPELINE RUN START 2026-09-03T04:39:26 [run_pipeline_persistent] =====

===== PIPELINE RUN START 2026-09-03T04:46:57 [run_pipeline_persistent] =====

===== PIPELINE RUN START 2026-09-03T04:54:19 [run_pipeline_persistent] =====

===== PIPELINE RUN START 2026-09-03T05:01:52 [run_pipeline_persistent] =====

===== PIPELINE RUN START 2026-09-03T05:09:07 [run_pipeline_persistent] =====

===== PIPELINE RUN START 2026-09-03T05:16:36 [run_pipeline_persistent] =====

===== PIPELINE RUN START 2026-09-03T05:23:52 [run_pipeline_persistent] =====

===== PIPELINE RUN START 2026-09-03T05:31:24 [run_pipeline_persistent] =====

===== PIPELINE RUN START 2026-09-03T05:38:46 [run_pipeline_persistent] =====

===== PIPELINE RUN START 2026-09-03T05:46:14 [run_pipeline_persistent] =====

===== PIPELINE RUN START 2026-09-03T05:53:29 [run_pipeline_persistent] =====

===== PIPELINE RUN START 2026-09-03T06:01:13 [run_pipeline_persistent] =====

===== PIPELINE RUN START 2026-09-03T06:08:26 [run_pipeline_persistent] =====

===== PIPELINE RUN START 2026-09-03T06:15:55 [run_pipeline_persistent] =====

===== PIPELINE RUN START 2026-09-03T06:23:09 [run_pipeline_persistent] =====

===== PIPELINE RUN START 2026-09-03T06:30:34 [run_pipeline_persistent] =====

===== PIPELINE RUN START 2026-09-03T06:37:48 [run_pipeline_persistent] =====

===== PIPELINE RUN START 2026-09-03T06:45:21 [run_pipeline_persistent] =====

===== PIPELINE RUN START 2026-09-03T06:52:33 [run_pipeline_persistent] =====

===== PIPELINE RUN START 2026-09-03T07:00:08 [run_pipeline_persistent] =====

===== PIPELINE RUN START 2026-09-03T07:07:30 [run_pipeline_persistent] =====

===== PIPELINE RUN START 2026-09-03T07:14:56 [run_pipeline_persistent] =====

===== PIPELINE RUN START 2026-09-03T07:22:11 [run_pipeline_persistent] =====

===== PIPELINE RUN START 2026-09-03T07:29:41 [run_pipeline_persistent] =====

===== PIPELINE RUN START 2026-09-03T07:37:05 [run_pipeline_persistent] =====

===== PIPELINE RUN START 2026-09-03T07:44:46 [run_pipeline_persistent] =====

--- RSS Fetch Errors at 2026-09-03 07:52:02 ---
Error fetching https://aihirfolyam.hu/feed: Failed to perform, curl: (6) Could not resolve host: aihirfolyam.hu. See https://curl.se/libcurl/c/libcurl-errors.html first for more details.
Error fetching https://prog.hu/hirek/rss: Failed to perform, curl: (6) Could not resolve host: prog.hu. See https://curl.se/libcurl/c/libcurl-errors.html first for more details.
Error fetching https://ng.24.hu/feed: Failed to perform, curl: (6) Could not resolve host: ng.24.hu. See https://curl.se/libcurl/c/libcurl-errors.html first for more details.
Error fetching https://the-zone.hu/feed: Failed to perform, curl: (6) Could not resolve host: the-zone.hu. See https://curl.se/libcurl/c/libcurl-errors.html first for more details.
Error fetching https://funzine.hu/feed: Failed to perform, curl: (6) Could not resolve host: funzine.hu. See https://curl.se/libcurl/c/libcurl-errors.html first for more details.
Error fetching https://fhm.com/feed: Failed to perform, curl: (6) Could not resolve host: fhm.com. See https://curl.se/libcurl/c/libcurl-errors.html first for more details.
Error fetching https://sorozatjunkie.hu/feed: Failed to perform, curl: (6) Could not resolve host: sorozatjunkie.hu. See https://curl.se/libcurl/c/libcurl-errors.html first for more details.
Error fetching https://marieclaire.hu/feed: Failed to perform, curl: (6) Could not resolve host: marieclaire.hu. See https://curl.se/libcurl/c/libcurl-errors.html first for more details.
Error fetching https://www.maxim.com/feed: Failed to perform, curl: (6) Could not resolve host: www.maxim.com. See https://curl.se/libcurl/c/libcurl-errors.html first for more details.
Error fetching https://www.hwsw.hu/xml/latest_news_rss.xml: Failed to perform, curl: (6) Could not resolve host: www.hwsw.hu. See https://curl.se/libcurl/c/libcurl-errors.html first for more details.
Error fetching https://offmedia.hu/feed: Failed to perform, curl: (6) Could not resolve host: offmedia.hu. See https://curl.se/libcurl/c/libcurl-errors.html first for more details.
Error fetching https://velvet.hu/24ora/rss/: Failed to perform, curl: (6) Could not resolve host: velvet.hu. See https://curl.se/libcurl/c/libcurl-errors.html first for more details.
Error fetching https://www.economx.hu/feed: Failed to perform, curl: (6) Could not resolve host: www.economx.hu. See https://curl.se/libcurl/c/libcurl-errors.html first for more details.
Error fetching https://totalcar.hu/feed: Failed to perform, curl: (6) Could not resolve host: totalcar.hu. See https://curl.se/libcurl/c/libcurl-errors.html first for more details.
Error fetching https://nlc.hu/feed: Failed to perform, curl: (6) Could not resolve host: nlc.hu. See https://curl.se/libcurl/c/libcurl-errors.html first for more details.
Error fetching https://roadster.hu/feed: Failed to perform, curl: (6) Could not resolve host: roadster.hu. See https://curl.se/libcurl/c/libcurl-errors.html first for more details.
Error fetching https://firstclass.hu/feed: Failed to perform, curl: (6) Could not resolve host: firstclass.hu. See https://curl.se/libcurl/c/libcurl-errors.html first for more details.
Error fetching https://player.hu/feed: Failed to perform, curl: (6) Could not resolve host: player.hu. See https://curl.se/libcurl/c/libcurl-errors.html first for more details.
Error fetching https://travelmagazin.hu/feed: Failed to perform, curl: (6) Could not resolve host: travelmagazin.hu. See https://curl.se/libcurl/c/libcurl-errors.html first for more details.
Error fetching https://caravantimes.co.uk/feed: Failed to perform, curl: (6) Could not resolve host: caravantimes.co.uk. See https://curl.se/libcurl/c/libcurl-errors.html first for more details.
Error fetching https://azutazo.hu/feed: Failed to perform, curl: (6) Could not resolve host: azutazo.hu. See https://curl.se/libcurl/c/libcurl-errors.html first for more details.
Error fetching https://www.penzcentrum.hu/rss/all.xml: Failed to perform, curl: (6) Could not resolve host: www.penzcentrum.hu. See https://curl.se/libcurl/c/libcurl-errors.html first for more details.
Error fetching https://9to5mac.com/feed/: Failed to perform, curl: (6) Could not resolve host: 9to5mac.com. See https://curl.se/libcurl/c/libcurl-errors.html first for more details.

===== PIPELINE RUN START 2026-09-03T07:52:03 [run_pipeline_persistent] =====

===== PIPELINE RUN START 2026-09-03T07:59:40 [run_pipeline_persistent] =====

===== PIPELINE RUN START 2026-09-03T08:07:00 [run_pipeline_persistent] =====

===== PIPELINE RUN START 2026-09-03T08:14:29 [run_pipeline_persistent] =====

===== PIPELINE RUN START 2026-09-03T08:21:54 [run_pipeline_persistent] =====

===== PIPELINE RUN START 2026-09-03T08:29:20 [run_pipeline_persistent] =====

===== PIPELINE RUN START 2026-09-03T08:36:36 [run_pipeline_persistent] =====

===== PIPELINE RUN START 2026-09-03T08:44:08 [run_pipeline_persistent] =====

===== PIPELINE RUN START 2026-09-03T08:51:26 [run_pipeline_persistent] =====

===== PIPELINE RUN START 2026-09-03T08:58:55 [run_pipeline_persistent] =====

--- RSS Fetch Errors at 2026-09-03 09:06:15 ---
Error fetching https://femina.hu/24ora/rss.xml: Failed to perform, curl: (6) Could not resolve host: femina.hu. See https://curl.se/libcurl/c/libcurl-errors.html first for more details.

===== PIPELINE RUN START 2026-09-03T09:06:15 [run_pipeline_persistent] =====

===== PIPELINE RUN START 2026-09-03T09:13:48 [run_pipeline_persistent] =====

===== PIPELINE RUN START 2026-09-03T09:21:06 [run_pipeline_persistent] =====

===== PIPELINE RUN START 2026-09-03T09:28:38 [run_pipeline_persistent] =====

===== PIPELINE RUN START 2026-09-03T09:35:58 [run_pipeline_persistent] =====

--- RSS Fetch Errors at 2026-09-03 09:43:21 ---
Error fetching https://hu.ign.com/feed.xml: Failed to perform, curl: (6) Could not resolve host: hu.ign.com. See https://curl.se/libcurl/c/libcurl-errors.html first for more details.
Error fetching https://hu.ign.com/feed.xml: Failed to perform, curl: (6) Could not resolve host: hu.ign.com. See https://curl.se/libcurl/c/libcurl-errors.html first for more details.

===== PIPELINE RUN START 2026-09-03T09:43:35 [run_pipeline_persistent] =====

===== PIPELINE RUN START 2026-09-03T09:50:53 [run_pipeline_persistent] =====

===== PIPELINE RUN START 2026-09-03T09:58:25 [run_pipeline_persistent] =====

===== PIPELINE RUN START 2026-09-03T10:05:44 [run_pipeline_persistent] =====

--- RSS Fetch Errors at 2026-09-03 10:19:30 ---
Error fetching https://www.livescience.com/feeds/all: Failed to perform, curl: (6) Could not resolve host: www.livescience.com. See https://curl.se/libcurl/c/libcurl-errors.html first for more details.
Error fetching https://bitcoinmagazine.com/.rss/full/: Failed to perform, curl: (6) Could not resolve host: bitcoinmagazine.com. See https://curl.se/libcurl/c/libcurl-errors.html first for more details.
Error fetching https://prohardver.hu/hirfolyam/anyagok/rss.xml: Failed to perform, curl: (6) Could not resolve host: prohardver.hu. See https://curl.se/libcurl/c/libcurl-errors.html first for more details.
Error fetching https://www.sciencedaily.com/rss/top.xml: Failed to perform, curl: (6) Could not resolve host: www.sciencedaily.com. See https://curl.se/libcurl/c/libcurl-errors.html first for more details.
Error fetching https://444.hu/category/tudomany/feed: Failed to perform, curl: (6) Could not resolve host: 444.hu. See https://curl.se/libcurl/c/libcurl-errors.html first for more details.
Error fetching https://www.sciencedaily.com/rss/all.xml: Failed to perform, curl: (6) Could not resolve host: www.sciencedaily.com. See https://curl.se/libcurl/c/libcurl-errors.html first for more details.
Error fetching https://444.hu/feed: Failed to perform, curl: (6) Could not resolve host: 444.hu. See https://curl.se/libcurl/c/libcurl-errors.html first for more details.
Error fetching https://decrypt.co/feed: Failed to perform, curl: (6) Could not resolve host: decrypt.co. See https://curl.se/libcurl/c/libcurl-errors.html first for more details.
Error fetching https://feeds.feedburner.com/ign/tech-articles: Failed to perform, curl: (6) Could not resolve host: feeds.feedburner.com. See https://curl.se/libcurl/c/libcurl-errors.html first for more details.
Error fetching https://rss.nytimes.com/services/xml/rss/nyt/Science.xml: Failed to perform, curl: (6) Could not resolve host: rss.nytimes.com. See https://curl.se/libcurl/c/libcurl-errors.html first for more details.
Error fetching https://insideevs.com/rss/news/all/: Failed to perform, curl: (6) Could not resolve host: insideevs.com. See https://curl.se/libcurl/c/libcurl-errors.html first for more details.
Error fetching https://www.pcwplus.hu/site/rss/rss.xml: Failed to perform, curl: (6) Could not resolve host: www.pcwplus.hu. See https://curl.se/libcurl/c/libcurl-errors.html first for more details.
Error fetching https://www.vezess.hu/feed/: Failed to perform, curl: (6) Could not resolve host: www.vezess.hu. See https://curl.se/libcurl/c/libcurl-errors.html first for more details.
Error fetching https://prohardver.hu/hirfolyam/hirek/rss.xml: Failed to perform, curl: (6) Could not resolve host: prohardver.hu. See https://curl.se/libcurl/c/libcurl-errors.html first for more details.
Error fetching https://index.hu/24ora/rss: Failed to perform, curl: (6) Could not resolve host: index.hu. See https://curl.se/libcurl/c/libcurl-errors.html first for more details.
Error fetching https://cointelegraph.com/rss: Failed to perform, curl: (6) Could not resolve host: cointelegraph.com. See https://curl.se/libcurl/c/libcurl-errors.html first for more details.
Error fetching https://raketa.hu/feed: Failed to perform, curl: (6) Could not resolve host: raketa.hu. See https://curl.se/libcurl/c/libcurl-errors.html first for more details.
Error fetching https://rss.nytimes.com/services/xml/rss/nyt/Technology.xml: Failed to perform, curl: (6) Could not resolve host: rss.nytimes.com. See https://curl.se/libcurl/c/libcurl-errors.html first for more details.
Error fetching https://forbes.hu/feed/: Failed to perform, curl: (6) Could not resolve host: forbes.hu. See https://curl.se/libcurl/c/libcurl-errors.html first for more details.
Error fetching https://totalcar.hu/24ora/rss/: Failed to perform, curl: (6) Could not resolve host: totalcar.hu. See https://curl.se/libcurl/c/libcurl-errors.html first for more details.
Error fetching https://telex.hu/rss: Failed to perform, curl: (6) Could not resolve host: telex.hu. See https://curl.se/libcurl/c/libcurl-errors.html first for more details.
Error fetching https://index.hu/sitemap/friss.xml: Failed to perform, curl: (6) Could not resolve host: index.hu. See https://curl.se/libcurl/c/libcurl-errors.html first for more details.
Error fetching https://hold.hu/holdblog/feed: Failed to perform, curl: (6) Could not resolve host: hold.hu. See https://curl.se/libcurl/c/libcurl-errors.html first for more details.
Error fetching https://sg.hu/plain/rss.xml: Failed to perform, curl: (6) Could not resolve host: sg.hu. See https://curl.se/libcurl/c/libcurl-errors.html first for more details.
Error fetching https://vezess.hu/rss: Failed to perform, curl: (6) Could not resolve host: vezess.hu. See https://curl.se/libcurl/c/libcurl-errors.html first for more details.
Error fetching https://media.sg.hu/rss/rss.xml: Failed to perform, curl: (6) Could not resolve host: media.sg.hu. See https://curl.se/libcurl/c/libcurl-errors.html first for more details.
Error fetching https://index.hu/tudomany/rss/: Failed to perform, curl: (6) Could not resolve host: index.hu. See https://curl.se/libcurl/c/libcurl-errors.html first for more details.
Error fetching https://telex.hu/rss/archivum?filters=%7B%22superTagSlugs%22%3A%5B%22eszkombajn%22%5D%2C%22parentId%22%3A%5B%22null%22%5D%7D&perPage=10: Failed to perform, curl: (6) Could not resolve host: telex.hu. See https://curl.se/libcurl/c/libcurl-errors.html first for more details.
Error fetching https://electrek.co/feed/: Failed to perform, curl: (6) Could not resolve host: electrek.co. See https://curl.se/libcurl/c/libcurl-errors.html first for more details.
Error fetching https://qubit.hu/feed: Failed to perform, curl: (6) Could not resolve host: qubit.hu. See https://curl.se/libcurl/c/libcurl-errors.html first for more details.
Error fetching https://www.gamingbible.com/index.rss: Failed to perform, curl: (6) Could not resolve host: www.gamingbible.com. See https://curl.se/libcurl/c/libcurl-errors.html first for more details.
Error fetching https://www.cnet.com/rss/all/: Failed to perform, curl: (6) Could not resolve host: www.cnet.com. See https://curl.se/libcurl/c/libcurl-errors.html first for more details.
Error fetching https://techcrunch.com/feed: Failed to perform, curl: (6) Could not resolve host: techcrunch.com. See https://curl.se/libcurl/c/libcurl-errors.html first for more details.
Error fetching https://techpowerup.com/rss/news: Failed to perform, curl: (6) Could not resolve host: techpowerup.com. See https://curl.se/libcurl/c/libcurl-errors.html first for more details.
Error fetching https://esport1.hu/rss: Failed to perform, curl: (6) Could not resolve host: esport1.hu. See https://curl.se/libcurl/c/libcurl-errors.html first for more details.
Error fetching https://www.penzcentrum.hu/rss: Failed to perform, curl: (6) Could not resolve host: www.penzcentrum.hu. See https://curl.se/libcurl/c/libcurl-errors.html first for more details.
Error fetching https://www.portfolio.hu/rss/: Failed to perform, curl: (6) Could not resolve host: www.portfolio.hu. See https://curl.se/libcurl/c/libcurl-errors.html first for more details.
Error fetching https://www.pcgamer.com/rss/: Failed to perform, curl: (6) Could not resolve host: www.pcgamer.com. See https://curl.se/libcurl/c/libcurl-errors.html first for more details.
Error fetching https://www.cnet.com/rss/news/: Failed to perform, curl: (6) Could not resolve host: www.cnet.com. See https://curl.se/libcurl/c/libcurl-errors.html first for more details.
Error fetching https://welovebudapest.com/feed/: Failed to perform, curl: (6) Could not resolve host: welovebudapest.com. See https://curl.se/libcurl/c/libcurl-errors.html first for more details.
Error fetching https://github.blog/feed/: Failed to perform, curl: (6) Could not resolve host: github.blog. See https://curl.se/libcurl/c/libcurl-errors.html first for more details.
Error fetching https://sg.hu/rss: Failed to perform, curl: (6) Could not resolve host: sg.hu. See https://curl.se/libcurl/c/libcurl-errors.html first for more details.
Error fetching https://index.hu/belfold/rss/: Failed to perform, curl: (6) Could not resolve host: index.hu. See https://curl.se/libcurl/c/libcurl-errors.html first for more details.
Error fetching https://www.forbes.com/most-popular/feed/: Failed to perform, curl: (6) Could not resolve host: www.forbes.com. See https://curl.se/libcurl/c/libcurl-errors.html first for more details.
Error fetching https://hwsw.hu/xml/latest_news_rss.xml: Failed to perform, curl: (6) Could not resolve host: hwsw.hu. See https://curl.se/libcurl/c/libcurl-errors.html first for more details.
Error fetching https://www.nasa.gov/rss/dyn/breaking_news.rss: Failed to perform, curl: (6) Could not resolve host: www.nasa.gov. See https://curl.se/libcurl/c/libcurl-errors.html first for more details.
Error fetching https://444.hu/category/belfold/feed: Failed to perform, curl: (6) Could not resolve host: 444.hu. See https://curl.se/libcurl/c/libcurl-errors.html first for more details.
Error fetching https://pcguru.hu/rss: Failed to perform, curl: (6) Could not resolve host: pcguru.hu. See https://curl.se/libcurl/c/libcurl-errors.html first for more details.
Error fetching https://index.hu/kulfold/rss/: Failed to perform, curl: (6) Could not resolve host: index.hu. See https://curl.se/libcurl/c/libcurl-errors.html first for more details.
Error fetching https://blog.google/rss/: Failed to perform, curl: (6) Could not resolve host: blog.google. See https://curl.se/libcurl/c/libcurl-errors.html first for more details.
Error fetching https://drive.hu/rss: Failed to perform, curl: (6) Could not resolve host: drive.hu. See https://curl.se/libcurl/c/libcurl-errors.html first for more details.
Error fetching https://www.space.com/feeds/all: Failed to perform, curl: (6) Could not resolve host: www.space.com. See https://curl.se/libcurl/c/libcurl-errors.html first for more details.
Error fetching https://feeds.forbes.com/real-time/feed2/: Failed to perform, curl: (6) Could not resolve host: feeds.forbes.com. See https://curl.se/libcurl/c/libcurl-errors.html first for more details.
Error fetching https://www.portfolio.hu/rss/all.xml: Failed to perform, curl: (6) Could not resolve host: www.portfolio.hu. See https://curl.se/libcurl/c/libcurl-errors.html first for more details.
Error fetching https://feeds.feedburner.com/ign/games-all: Failed to perform, curl: (6) Could not resolve host: feeds.feedburner.com. See https://curl.se/libcurl/c/libcurl-errors.html first for more details.
Error fetching https://bitcoinmagazine.com/feed: Failed to perform, curl: (6) Could not resolve host: bitcoinmagazine.com. See https://curl.se/libcurl/c/libcurl-errors.html first for more details.
Error fetching https://hvg.hu/rss: Failed to perform, curl: (6) Could not resolve host: hvg.hu. See https://curl.se/libcurl/c/libcurl-errors.html first for more details.
Error fetching https://insideevs.com/rss/articles/all: Failed to perform, curl: (6) Could not resolve host: insideevs.com. See https://curl.se/libcurl/c/libcurl-errors.html first for more details.
Error fetching https://feeds.feedburner.com/ign/movies-articles: Failed to perform, curl: (6) Could not resolve host: feeds.feedburner.com. See https://curl.se/libcurl/c/libcurl-errors.html first for more details.
Error fetching https://feeds.feedburner.com/ign/all: Failed to perform, curl: (6) Could not resolve host: feeds.feedburner.com. See https://curl.se/libcurl/c/libcurl-errors.html first for more details.
Error fetching https://24.hu/feed/: Failed to perform, curl: (6) Could not resolve host: 24.hu. See https://curl.se/libcurl/c/libcurl-errors.html first for more details.
Error fetching https://feeds.feedburner.com/ign/tv-articles: Failed to perform, curl: (6) Could not resolve host: feeds.feedburner.com. See https://curl.se/libcurl/c/libcurl-errors.html first for more details.
Error fetching https://gsplus.hu/site/rss/rss.xml: Failed to perform, curl: (6) Could not resolve host: gsplus.hu. See https://curl.se/libcurl/c/libcurl-errors.html first for more details.
Error fetching https://prog.hu/site/backend/proghu-rss.xml: Failed to perform, curl: (6) Could not resolve host: prog.hu. See https://curl.se/libcurl/c/libcurl-errors.html first for more details.
Error fetching https://futurism.com/feed: Failed to perform, curl: (6) Could not resolve host: futurism.com. See https://curl.se/libcurl/c/libcurl-errors.html first for more details.

===== PIPELINE RUN START 2026-09-03T10:35:59 [run_pipeline_persistent] =====

===== PIPELINE RUN START 2026-09-03T10:43:12 [run_pipeline_persistent] =====

===== PIPELINE RUN START 2026-09-03T10:50:50 [run_pipeline_persistent] =====

===== PIPELINE RUN START 2026-09-03T10:58:12 [run_pipeline_persistent] =====

===== PIPELINE RUN START 2026-09-03T11:05:42 [run_pipeline_persistent] =====

===== PIPELINE RUN START 2026-09-03T11:12:58 [run_pipeline_persistent] =====

===== PIPELINE RUN START 2026-09-03T11:20:31 [run_pipeline_persistent] =====

===== PIPELINE RUN START 2026-09-03T11:27:51 [run_pipeline_persistent] =====

===== PIPELINE RUN START 2026-09-03T11:35:24 [run_pipeline_persistent] =====

===== PIPELINE RUN START 2026-09-03T11:42:46 [run_pipeline_persistent] =====

===== PIPELINE RUN START 2026-09-03T11:50:30 [run_pipeline_persistent] =====

===== PIPELINE RUN START 2026-09-03T11:57:49 [run_pipeline_persistent] =====

===== PIPELINE RUN START 2026-09-03T12:05:21 [run_pipeline_persistent] =====

===== PIPELINE RUN START 2026-09-03T12:12:36 [run_pipeline_persistent] =====

===== PIPELINE RUN START 2026-09-03T12:20:17 [run_pipeline_persistent] =====

===== PIPELINE RUN START 2026-09-03T12:27:33 [run_pipeline_persistent] =====

===== PIPELINE RUN START 2026-09-03T12:35:08 [run_pipeline_persistent] =====

===== PIPELINE RUN START 2026-09-03T12:42:26 [run_pipeline_persistent] =====

===== PIPELINE RUN START 2026-09-03T12:49:55 [run_pipeline_persistent] =====

===== PIPELINE RUN START 2026-09-03T12:57:17 [run_pipeline_persistent] =====

===== PIPELINE RUN START 2026-09-03T13:04:53 [run_pipeline_persistent] =====

===== PIPELINE RUN START 2026-09-03T13:12:10 [run_pipeline_persistent] =====

===== PIPELINE RUN START 2026-09-03T13:19:49 [run_pipeline_persistent] =====

===== PIPELINE RUN START 2026-09-03T13:27:05 [run_pipeline_persistent] =====

===== PIPELINE RUN START 2026-09-03T13:34:41 [run_pipeline_persistent] =====

===== PIPELINE RUN START 2026-09-03T13:42:03 [run_pipeline_persistent] =====

===== PIPELINE RUN START 2026-09-03T13:49:41 [run_pipeline_persistent] =====

--- RSS Fetch Errors at 2026-09-03 13:57:03 ---
Error fetching https://velvet.hu/24ora/rss/: Failed to perform, curl: (6) Could not resolve host: velvet.hu. See https://curl.se/libcurl/c/libcurl-errors.html first for more details.
Error fetching https://fhm.com/feed: Failed to perform, curl: (6) Could not resolve host: fhm.com. See https://curl.se/libcurl/c/libcurl-errors.html first for more details.
Error fetching https://aihirfolyam.hu/feed: Failed to perform, curl: (6) Could not resolve host: aihirfolyam.hu. See https://curl.se/libcurl/c/libcurl-errors.html first for more details.
Error fetching https://prog.hu/hirek/rss: Failed to perform, curl: (6) Could not resolve host: prog.hu. See https://curl.se/libcurl/c/libcurl-errors.html first for more details.
Error fetching https://funzine.hu/feed: Failed to perform, curl: (6) Could not resolve host: funzine.hu. See https://curl.se/libcurl/c/libcurl-errors.html first for more details.
Error fetching https://www.economx.hu/feed: Failed to perform, curl: (6) Could not resolve host: www.economx.hu. See https://curl.se/libcurl/c/libcurl-errors.html first for more details.
Error fetching https://nlc.hu/feed: Failed to perform, curl: (6) Could not resolve host: nlc.hu. See https://curl.se/libcurl/c/libcurl-errors.html first for more details.
Error fetching https://www.maxim.com/feed: Failed to perform, curl: (6) Could not resolve host: www.maxim.com. See https://curl.se/libcurl/c/libcurl-errors.html first for more details.
Error fetching https://marieclaire.hu/feed: Failed to perform, curl: (6) Could not resolve host: marieclaire.hu. See https://curl.se/libcurl/c/libcurl-errors.html first for more details.
Error fetching https://www.hwsw.hu/xml/latest_news_rss.xml: Failed to perform, curl: (6) Could not resolve host: www.hwsw.hu. See https://curl.se/libcurl/c/libcurl-errors.html first for more details.
Error fetching https://sorozatjunkie.hu/feed: Failed to perform, curl: (6) Could not resolve host: sorozatjunkie.hu. See https://curl.se/libcurl/c/libcurl-errors.html first for more details.
Error fetching https://offmedia.hu/feed: Failed to perform, curl: (6) Could not resolve host: offmedia.hu. See https://curl.se/libcurl/c/libcurl-errors.html first for more details.
Error fetching https://ng.24.hu/feed: Failed to perform, curl: (6) Could not resolve host: ng.24.hu. See https://curl.se/libcurl/c/libcurl-errors.html first for more details.
Error fetching https://totalcar.hu/feed: Failed to perform, curl: (6) Could not resolve host: totalcar.hu. See https://curl.se/libcurl/c/libcurl-errors.html first for more details.
Error fetching https://the-zone.hu/feed: Failed to perform, curl: (6) Could not resolve host: the-zone.hu. See https://curl.se/libcurl/c/libcurl-errors.html first for more details.
Error fetching https://roadster.hu/feed: Failed to perform, curl: (6) Could not resolve host: roadster.hu. See https://curl.se/libcurl/c/libcurl-errors.html first for more details.
Error fetching https://firstclass.hu/feed: Failed to perform, curl: (6) Could not resolve host: firstclass.hu. See https://curl.se/libcurl/c/libcurl-errors.html first for more details.
Error fetching https://player.hu/feed: Failed to perform, curl: (6) Could not resolve host: player.hu. See https://curl.se/libcurl/c/libcurl-errors.html first for more details.
Error fetching https://azutazo.hu/feed: Failed to perform, curl: (6) Could not resolve host: azutazo.hu. See https://curl.se/libcurl/c/libcurl-errors.html first for more details.
Error fetching https://travelmagazin.hu/feed: Failed to perform, curl: (6) Could not resolve host: travelmagazin.hu. See https://curl.se/libcurl/c/libcurl-errors.html first for more details.
Error fetching https://caravantimes.co.uk/feed: Failed to perform, curl: (6) Could not resolve host: caravantimes.co.uk. See https://curl.se/libcurl/c/libcurl-errors.html first for more details.
Error fetching https://www.penzcentrum.hu/rss/all.xml: Failed to perform, curl: (6) Could not resolve host: www.penzcentrum.hu. See https://curl.se/libcurl/c/libcurl-errors.html first for more details.
Error fetching https://9to5mac.com/feed/: Failed to perform, curl: (6) Could not resolve host: 9to5mac.com. See https://curl.se/libcurl/c/libcurl-errors.html first for more details.

===== PIPELINE RUN START 2026-09-03T13:57:04 [run_pipeline_persistent] =====

===== PIPELINE RUN START 2026-09-03T14:04:32 [run_pipeline_persistent] =====

===== PIPELINE RUN START 2026-09-03T14:11:56 [run_pipeline_persistent] =====

===== PIPELINE RUN START 2026-09-03T14:19:29 [run_pipeline_persistent] =====

===== PIPELINE RUN START 2026-09-03T14:26:40 [run_pipeline_persistent] =====

===== PIPELINE RUN START 2026-09-03T14:34:16 [run_pipeline_persistent] =====

===== PIPELINE RUN START 2026-09-03T14:41:38 [run_pipeline_persistent] =====

===== PIPELINE RUN START 2026-09-03T14:49:09 [run_pipeline_persistent] =====

===== PIPELINE RUN START 2026-09-03T14:56:28 [run_pipeline_persistent] =====

===== PIPELINE RUN START 2026-09-03T15:04:00 [run_pipeline_persistent] =====

--- RSS Fetch Errors at 2026-09-03 15:11:19 ---
Error fetching https://femina.hu/24ora/rss.xml: Failed to perform, curl: (6) Could not resolve host: femina.hu. See https://curl.se/libcurl/c/libcurl-errors.html first for more details.

===== PIPELINE RUN START 2026-09-03T15:11:19 [run_pipeline_persistent] =====

===== PIPELINE RUN START 2026-09-03T15:18:55 [run_pipeline_persistent] =====

===== PIPELINE RUN START 2026-09-03T15:26:14 [run_pipeline_persistent] =====

===== PIPELINE RUN START 2026-09-03T15:33:39 [run_pipeline_persistent] =====

===== PIPELINE RUN START 2026-09-03T15:40:54 [run_pipeline_persistent] =====

--- RSS Fetch Errors at 2026-09-03 15:48:11 ---
Error fetching https://hu.ign.com/feed.xml: Failed to perform, curl: (6) Could not resolve host: hu.ign.com. See https://curl.se/libcurl/c/libcurl-errors.html first for more details.
Error fetching https://hu.ign.com/feed.xml: Failed to perform, curl: (6) Could not resolve host: hu.ign.com. See https://curl.se/libcurl/c/libcurl-errors.html first for more details.

===== PIPELINE RUN START 2026-09-03T15:48:25 [run_pipeline_persistent] =====

===== PIPELINE RUN START 2026-09-03T15:55:41 [run_pipeline_persistent] =====

===== PIPELINE RUN START 2026-09-03T16:03:07 [run_pipeline_persistent] =====

===== PIPELINE RUN START 2026-09-03T16:10:23 [run_pipeline_persistent] =====

--- RSS Fetch Errors at 2026-09-03 16:24:09 ---
Error fetching https://rss.nytimes.com/services/xml/rss/nyt/Technology.xml: Failed to perform, curl: (6) Could not resolve host: rss.nytimes.com. See https://curl.se/libcurl/c/libcurl-errors.html first for more details.
Error fetching https://raketa.hu/feed: Failed to perform, curl: (6) Could not resolve host: raketa.hu. See https://curl.se/libcurl/c/libcurl-errors.html first for more details.
Error fetching https://index.hu/tudomany/rss/: Failed to perform, curl: (6) Could not resolve host: index.hu. See https://curl.se/libcurl/c/libcurl-errors.html first for more details.
Error fetching https://www.portfolio.hu/rss/all.xml: Failed to perform, curl: (6) Could not resolve host: www.portfolio.hu. See https://curl.se/libcurl/c/libcurl-errors.html first for more details.
Error fetching https://vezess.hu/rss: Failed to perform, curl: (6) Could not resolve host: vezess.hu. See https://curl.se/libcurl/c/libcurl-errors.html first for more details.
Error fetching https://sg.hu/rss: Failed to perform, curl: (6) Could not resolve host: sg.hu. See https://curl.se/libcurl/c/libcurl-errors.html first for more details.
Error fetching https://www.pcwplus.hu/site/rss/rss.xml: Failed to perform, curl: (6) Could not resolve host: www.pcwplus.hu. See https://curl.se/libcurl/c/libcurl-errors.html first for more details.
Error fetching https://444.hu/category/tudomany/feed: Failed to perform, curl: (6) Could not resolve host: 444.hu. See https://curl.se/libcurl/c/libcurl-errors.html first for more details.
Error fetching https://index.hu/sitemap/friss.xml: Failed to perform, curl: (6) Could not resolve host: index.hu. See https://curl.se/libcurl/c/libcurl-errors.html first for more details.
Error fetching https://telex.hu/rss/archivum?filters=%7B%22superTagSlugs%22%3A%5B%22eszkombajn%22%5D%2C%22parentId%22%3A%5B%22null%22%5D%7D&perPage=10: Failed to perform, curl: (6) Could not resolve host: telex.hu. See https://curl.se/libcurl/c/libcurl-errors.html first for more details.
Error fetching https://totalcar.hu/24ora/rss/: Failed to perform, curl: (6) Could not resolve host: totalcar.hu. See https://curl.se/libcurl/c/libcurl-errors.html first for more details.
Error fetching https://www.sciencedaily.com/rss/top.xml: Failed to perform, curl: (6) Could not resolve host: www.sciencedaily.com. See https://curl.se/libcurl/c/libcurl-errors.html first for more details.
Error fetching https://prohardver.hu/hirfolyam/anyagok/rss.xml: Failed to perform, curl: (6) Could not resolve host: prohardver.hu. See https://curl.se/libcurl/c/libcurl-errors.html first for more details.
Error fetching https://index.hu/24ora/rss: Failed to perform, curl: (6) Could not resolve host: index.hu. See https://curl.se/libcurl/c/libcurl-errors.html first for more details.
Error fetching https://telex.hu/rss: Failed to perform, curl: (6) Could not resolve host: telex.hu. See https://curl.se/libcurl/c/libcurl-errors.html first for more details.
Error fetching https://www.portfolio.hu/rss/: Failed to perform, curl: (6) Could not resolve host: www.portfolio.hu. See https://curl.se/libcurl/c/libcurl-errors.html first for more details.
Error fetching https://www.livescience.com/feeds/all: Failed to perform, curl: (6) Could not resolve host: www.livescience.com. See https://curl.se/libcurl/c/libcurl-errors.html first for more details.
Error fetching https://sg.hu/plain/rss.xml: Failed to perform, curl: (6) Could not resolve host: sg.hu. See https://curl.se/libcurl/c/libcurl-errors.html first for more details.
Error fetching https://qubit.hu/feed: Failed to perform, curl: (6) Could not resolve host: qubit.hu. See https://curl.se/libcurl/c/libcurl-errors.html first for more details.
Error fetching https://www.space.com/feeds/all: Failed to perform, curl: (6) Could not resolve host: www.space.com. See https://curl.se/libcurl/c/libcurl-errors.html first for more details.
Error fetching https://hold.hu/holdblog/feed: Failed to perform, curl: (6) Could not resolve host: hold.hu. See https://curl.se/libcurl/c/libcurl-errors.html first for more details.
Error fetching https://www.cnet.com/rss/news/: Failed to perform, curl: (6) Could not resolve host: www.cnet.com. See https://curl.se/libcurl/c/libcurl-errors.html first for more details.
Error fetching https://techpowerup.com/rss/news: Failed to perform, curl: (6) Could not resolve host: techpowerup.com. See https://curl.se/libcurl/c/libcurl-errors.html first for more details.
Error fetching https://index.hu/kulfold/rss/: Failed to perform, curl: (6) Could not resolve host: index.hu. See https://curl.se/libcurl/c/libcurl-errors.html first for more details.
Error fetching https://media.sg.hu/rss/rss.xml: Failed to perform, curl: (6) Could not resolve host: media.sg.hu. See https://curl.se/libcurl/c/libcurl-errors.html first for more details.
Error fetching https://github.blog/feed/: Failed to perform, curl: (6) Could not resolve host: github.blog. See https://curl.se/libcurl/c/libcurl-errors.html first for more details.
Error fetching https://www.cnet.com/rss/all/: Failed to perform, curl: (6) Could not resolve host: www.cnet.com. See https://curl.se/libcurl/c/libcurl-errors.html first for more details.
Error fetching https://hwsw.hu/xml/latest_news_rss.xml: Failed to perform, curl: (6) Could not resolve host: hwsw.hu. See https://curl.se/libcurl/c/libcurl-errors.html first for more details.
Error fetching https://rss.nytimes.com/services/xml/rss/nyt/Science.xml: Failed to perform, curl: (6) Could not resolve host: rss.nytimes.com. See https://curl.se/libcurl/c/libcurl-errors.html first for more details.
Error fetching https://www.nasa.gov/rss/dyn/breaking_news.rss: Failed to perform, curl: (6) Could not resolve host: www.nasa.gov. See https://curl.se/libcurl/c/libcurl-errors.html first for more details.
Error fetching https://esport1.hu/rss: Failed to perform, curl: (6) Could not resolve host: esport1.hu. See https://curl.se/libcurl/c/libcurl-errors.html first for more details.
Error fetching https://index.hu/belfold/rss/: Failed to perform, curl: (6) Could not resolve host: index.hu. See https://curl.se/libcurl/c/libcurl-errors.html first for more details.
Error fetching https://welovebudapest.com/feed/: Failed to perform, curl: (6) Could not resolve host: welovebudapest.com. See https://curl.se/libcurl/c/libcurl-errors.html first for more details.
Error fetching https://444.hu/feed: Failed to perform, curl: (6) Could not resolve host: 444.hu. See https://curl.se/libcurl/c/libcurl-errors.html first for more details.
Error fetching https://futurism.com/feed: Failed to perform, curl: (6) Could not resolve host: futurism.com. See https://curl.se/libcurl/c/libcurl-errors.html first for more details.
Error fetching https://www.vezess.hu/feed/: Failed to perform, curl: (6) Could not resolve host: www.vezess.hu. See https://curl.se/libcurl/c/libcurl-errors.html first for more details.
Error fetching https://www.forbes.com/most-popular/feed/: Failed to perform, curl: (6) Could not resolve host: www.forbes.com. See https://curl.se/libcurl/c/libcurl-errors.html first for more details.
Error fetching https://insideevs.com/rss/news/all/: Failed to perform, curl: (6) Could not resolve host: insideevs.com. See https://curl.se/libcurl/c/libcurl-errors.html first for more details.
Error fetching https://cointelegraph.com/rss: Failed to perform, curl: (6) Could not resolve host: cointelegraph.com. See https://curl.se/libcurl/c/libcurl-errors.html first for more details.
Error fetching https://electrek.co/feed/: Failed to perform, curl: (6) Could not resolve host: electrek.co. See https://curl.se/libcurl/c/libcurl-errors.html first for more details.
Error fetching https://www.gamingbible.com/index.rss: Failed to perform, curl: (6) Could not resolve host: www.gamingbible.com. See https://curl.se/libcurl/c/libcurl-errors.html first for more details.
Error fetching https://feeds.forbes.com/real-time/feed2/: Failed to perform, curl: (6) Could not resolve host: feeds.forbes.com. See https://curl.se/libcurl/c/libcurl-errors.html first for more details.
Error fetching https://www.sciencedaily.com/rss/all.xml: Failed to perform, curl: (6) Could not resolve host: www.sciencedaily.com. See https://curl.se/libcurl/c/libcurl-errors.html first for more details.
Error fetching https://insideevs.com/rss/articles/all: Failed to perform, curl: (6) Could not resolve host: insideevs.com. See https://curl.se/libcurl/c/libcurl-errors.html first for more details.
Error fetching https://bitcoinmagazine.com/feed: Failed to perform, curl: (6) Could not resolve host: bitcoinmagazine.com. See https://curl.se/libcurl/c/libcurl-errors.html first for more details.
Error fetching https://feeds.feedburner.com/ign/games-all: Failed to perform, curl: (6) Could not resolve host: feeds.feedburner.com. See https://curl.se/libcurl/c/libcurl-errors.html first for more details.
Error fetching https://pcguru.hu/rss: Failed to perform, curl: (6) Could not resolve host: pcguru.hu. See https://curl.se/libcurl/c/libcurl-errors.html first for more details.
Error fetching https://decrypt.co/feed: Failed to perform, curl: (6) Could not resolve host: decrypt.co. See https://curl.se/libcurl/c/libcurl-errors.html first for more details.
Error fetching https://gsplus.hu/site/rss/rss.xml: Failed to perform, curl: (6) Could not resolve host: gsplus.hu. See https://curl.se/libcurl/c/libcurl-errors.html first for more details.
Error fetching https://techcrunch.com/feed: Failed to perform, curl: (6) Could not resolve host: techcrunch.com. See https://curl.se/libcurl/c/libcurl-errors.html first for more details.
Error fetching https://hvg.hu/rss: Failed to perform, curl: (6) Could not resolve host: hvg.hu. See https://curl.se/libcurl/c/libcurl-errors.html first for more details.
Error fetching https://drive.hu/rss: Failed to perform, curl: (6) Could not resolve host: drive.hu. See https://curl.se/libcurl/c/libcurl-errors.html first for more details.
Error fetching https://feeds.feedburner.com/ign/all: Failed to perform, curl: (6) Could not resolve host: feeds.feedburner.com. See https://curl.se/libcurl/c/libcurl-errors.html first for more details.
Error fetching https://feeds.feedburner.com/ign/tv-articles: Failed to perform, curl: (6) Could not resolve host: feeds.feedburner.com. See https://curl.se/libcurl/c/libcurl-errors.html first for more details.
Error fetching https://feeds.feedburner.com/ign/movies-articles: Failed to perform, curl: (6) Could not resolve host: feeds.feedburner.com. See https://curl.se/libcurl/c/libcurl-errors.html first for more details.
Error fetching https://bitcoinmagazine.com/.rss/full/: Failed to perform, curl: (6) Could not resolve host: bitcoinmagazine.com. See https://curl.se/libcurl/c/libcurl-errors.html first for more details.
Error fetching https://www.pcgamer.com/rss/: Failed to perform, curl: (6) Could not resolve host: www.pcgamer.com. See https://curl.se/libcurl/c/libcurl-errors.html first for more details.
Error fetching https://feeds.feedburner.com/ign/tech-articles: Failed to perform, curl: (6) Could not resolve host: feeds.feedburner.com. See https://curl.se/libcurl/c/libcurl-errors.html first for more details.
Error fetching https://24.hu/feed/: Failed to perform, curl: (6) Could not resolve host: 24.hu. See https://curl.se/libcurl/c/libcurl-errors.html first for more details.
Error fetching https://prog.hu/site/backend/proghu-rss.xml: Failed to perform, curl: (6) Could not resolve host: prog.hu. See https://curl.se/libcurl/c/libcurl-errors.html first for more details.
Error fetching https://blog.google/rss/: Failed to perform, curl: (6) Could not resolve host: blog.google. See https://curl.se/libcurl/c/libcurl-errors.html first for more details.
Error fetching https://444.hu/category/belfold/feed: Failed to perform, curl: (6) Could not resolve host: 444.hu. See https://curl.se/libcurl/c/libcurl-errors.html first for more details.
Error fetching https://forbes.hu/feed/: Failed to perform, curl: (6) Could not resolve host: forbes.hu. See https://curl.se/libcurl/c/libcurl-errors.html first for more details.
Error fetching https://prohardver.hu/hirfolyam/hirek/rss.xml: Failed to perform, curl: (6) Could not resolve host: prohardver.hu. See https://curl.se/libcurl/c/libcurl-errors.html first for more details.
Error fetching https://www.penzcentrum.hu/rss: Failed to perform, curl: (6) Could not resolve host: www.penzcentrum.hu. See https://curl.se/libcurl/c/libcurl-errors.html first for more details.

===== PIPELINE RUN START 2026-09-03T16:40:36 [run_pipeline_persistent] =====

===== PIPELINE RUN START 2026-09-03T16:47:52 [run_pipeline_persistent] =====

===== PIPELINE RUN START 2026-09-03T16:55:21 [run_pipeline_persistent] =====

===== PIPELINE RUN START 2026-09-03T17:02:34 [run_pipeline_persistent] =====

===== PIPELINE RUN START 2026-09-03T17:10:04 [run_pipeline_persistent] =====

===== PIPELINE RUN START 2026-09-03T17:17:28 [run_pipeline_persistent] =====

===== PIPELINE RUN START 2026-09-03T17:24:50 [run_pipeline_persistent] =====

===== PIPELINE RUN START 2026-09-03T17:32:11 [run_pipeline_persistent] =====

===== PIPELINE RUN START 2026-09-03T17:39:41 [run_pipeline_persistent] =====

===== PIPELINE RUN START 2026-09-03T17:47:02 [run_pipeline_persistent] =====

===== PIPELINE RUN START 2026-09-03T17:54:29 [run_pipeline_persistent] =====

===== PIPELINE RUN START 2026-09-03T18:01:54 [run_pipeline_persistent] =====

===== PIPELINE RUN START 2026-09-03T18:09:20 [run_pipeline_persistent] =====

===== PIPELINE RUN START 2026-09-03T18:16:37 [run_pipeline_persistent] =====

===== PIPELINE RUN START 2026-09-03T18:24:02 [run_pipeline_persistent] =====

===== PIPELINE RUN START 2026-09-03T18:31:19 [run_pipeline_persistent] =====

===== PIPELINE RUN START 2026-09-03T18:38:52 [run_pipeline_persistent] =====

===== PIPELINE RUN START 2026-09-03T18:46:11 [run_pipeline_persistent] =====

===== PIPELINE RUN START 2026-09-03T18:53:35 [run_pipeline_persistent] =====

===== PIPELINE RUN START 2026-09-03T19:00:50 [run_pipeline_persistent] =====

===== PIPELINE RUN START 2026-09-03T19:08:19 [run_pipeline_persistent] =====

===== PIPELINE RUN START 2026-09-03T19:15:35 [run_pipeline_persistent] =====

===== PIPELINE RUN START 2026-09-03T19:23:02 [run_pipeline_persistent] =====

===== PIPELINE RUN START 2026-09-03T19:30:18 [run_pipeline_persistent] =====

===== PIPELINE RUN START 2026-09-03T19:37:48 [run_pipeline_persistent] =====

===== PIPELINE RUN START 2026-09-03T19:45:11 [run_pipeline_persistent] =====

===== PIPELINE RUN START 2026-09-03T19:52:43 [run_pipeline_persistent] =====

--- RSS Fetch Errors at 2026-09-03 19:59:55 ---
Error fetching https://aihirfolyam.hu/feed: Failed to perform, curl: (6) Could not resolve host: aihirfolyam.hu. See https://curl.se/libcurl/c/libcurl-errors.html first for more details.
Error fetching https://ng.24.hu/feed: Failed to perform, curl: (6) Could not resolve host: ng.24.hu. See https://curl.se/libcurl/c/libcurl-errors.html first for more details.
Error fetching https://nlc.hu/feed: Failed to perform, curl: (6) Could not resolve host: nlc.hu. See https://curl.se/libcurl/c/libcurl-errors.html first for more details.
Error fetching https://prog.hu/hirek/rss: Failed to perform, curl: (6) Could not resolve host: prog.hu. See https://curl.se/libcurl/c/libcurl-errors.html first for more details.
Error fetching https://www.economx.hu/feed: Failed to perform, curl: (6) Could not resolve host: www.economx.hu. See https://curl.se/libcurl/c/libcurl-errors.html first for more details.
Error fetching https://totalcar.hu/feed: Failed to perform, curl: (6) Could not resolve host: totalcar.hu. See https://curl.se/libcurl/c/libcurl-errors.html first for more details.
Error fetching https://sorozatjunkie.hu/feed: Failed to perform, curl: (6) Could not resolve host: sorozatjunkie.hu. See https://curl.se/libcurl/c/libcurl-errors.html first for more details.
Error fetching https://the-zone.hu/feed: Failed to perform, curl: (6) Could not resolve host: the-zone.hu. See https://curl.se/libcurl/c/libcurl-errors.html first for more details.
Error fetching https://fhm.com/feed: Failed to perform, curl: (6) Could not resolve host: fhm.com. See https://curl.se/libcurl/c/libcurl-errors.html first for more details.
Error fetching https://marieclaire.hu/feed: Failed to perform, curl: (6) Could not resolve host: marieclaire.hu. See https://curl.se/libcurl/c/libcurl-errors.html first for more details.
Error fetching https://www.maxim.com/feed: Failed to perform, curl: (6) Could not resolve host: www.maxim.com. See https://curl.se/libcurl/c/libcurl-errors.html first for more details.
Error fetching https://offmedia.hu/feed: Failed to perform, curl: (6) Could not resolve host: offmedia.hu. See https://curl.se/libcurl/c/libcurl-errors.html first for more details.
Error fetching https://funzine.hu/feed: Failed to perform, curl: (6) Could not resolve host: funzine.hu. See https://curl.se/libcurl/c/libcurl-errors.html first for more details.
Error fetching https://velvet.hu/24ora/rss/: Failed to perform, curl: (6) Could not resolve host: velvet.hu. See https://curl.se/libcurl/c/libcurl-errors.html first for more details.
Error fetching https://www.hwsw.hu/xml/latest_news_rss.xml: Failed to perform, curl: (6) Could not resolve host: www.hwsw.hu. See https://curl.se/libcurl/c/libcurl-errors.html first for more details.
Error fetching https://roadster.hu/feed: Failed to perform, curl: (6) Could not resolve host: roadster.hu. See https://curl.se/libcurl/c/libcurl-errors.html first for more details.
Error fetching https://firstclass.hu/feed: Failed to perform, curl: (6) Could not resolve host: firstclass.hu. See https://curl.se/libcurl/c/libcurl-errors.html first for more details.
Error fetching https://player.hu/feed: Failed to perform, curl: (6) Could not resolve host: player.hu. See https://curl.se/libcurl/c/libcurl-errors.html first for more details.
Error fetching https://azutazo.hu/feed: Failed to perform, curl: (6) Could not resolve host: azutazo.hu. See https://curl.se/libcurl/c/libcurl-errors.html first for more details.
Error fetching https://travelmagazin.hu/feed: Failed to perform, curl: (6) Could not resolve host: travelmagazin.hu. See https://curl.se/libcurl/c/libcurl-errors.html first for more details.
Error fetching https://caravantimes.co.uk/feed: Failed to perform, curl: (6) Could not resolve host: caravantimes.co.uk. See https://curl.se/libcurl/c/libcurl-errors.html first for more details.
Error fetching https://www.penzcentrum.hu/rss/all.xml: Failed to perform, curl: (6) Could not resolve host: www.penzcentrum.hu. See https://curl.se/libcurl/c/libcurl-errors.html first for more details.
Error fetching https://9to5mac.com/feed/: Failed to perform, curl: (6) Could not resolve host: 9to5mac.com. See https://curl.se/libcurl/c/libcurl-errors.html first for more details.

===== PIPELINE RUN START 2026-09-03T19:59:56 [run_pipeline_persistent] =====

===== PIPELINE RUN START 2026-09-03T20:07:29 [run_pipeline_persistent] =====

===== PIPELINE RUN START 2026-09-03T20:14:48 [run_pipeline_persistent] =====

===== PIPELINE RUN START 2026-09-03T20:22:13 [run_pipeline_persistent] =====

===== PIPELINE RUN START 2026-09-03T20:29:28 [run_pipeline_persistent] =====

===== PIPELINE RUN START 2026-09-03T20:36:58 [run_pipeline_persistent] =====

===== PIPELINE RUN START 2026-09-03T20:44:17 [run_pipeline_persistent] =====

===== PIPELINE RUN START 2026-09-03T20:51:43 [run_pipeline_persistent] =====

===== PIPELINE RUN START 2026-09-03T20:58:58 [run_pipeline_persistent] =====

===== PIPELINE RUN START 2026-09-03T21:06:26 [run_pipeline_persistent] =====

--- RSS Fetch Errors at 2026-09-03 21:13:51 ---
Error fetching https://femina.hu/24ora/rss.xml: Failed to perform, curl: (6) Could not resolve host: femina.hu. See https://curl.se/libcurl/c/libcurl-errors.html first for more details.

===== PIPELINE RUN START 2026-09-03T21:13:51 [run_pipeline_persistent] =====

===== PIPELINE RUN START 2026-09-03T21:21:24 [run_pipeline_persistent] =====

===== PIPELINE RUN START 2026-09-03T21:28:50 [run_pipeline_persistent] =====

===== PIPELINE RUN START 2026-09-03T21:36:15 [run_pipeline_persistent] =====

===== PIPELINE RUN START 2026-09-03T21:43:30 [run_pipeline_persistent] =====

--- RSS Fetch Errors at 2026-09-03 21:50:47 ---
Error fetching https://hu.ign.com/feed.xml: Failed to perform, curl: (6) Could not resolve host: hu.ign.com. See https://curl.se/libcurl/c/libcurl-errors.html first for more details.
Error fetching https://hu.ign.com/feed.xml: Failed to perform, curl: (6) Could not resolve host: hu.ign.com. See https://curl.se/libcurl/c/libcurl-errors.html first for more details.

===== PIPELINE RUN START 2026-09-03T21:51:01 [run_pipeline_persistent] =====

===== PIPELINE RUN START 2026-09-03T21:58:26 [run_pipeline_persistent] =====

===== PIPELINE RUN START 2026-09-03T22:05:56 [run_pipeline_persistent] =====

===== PIPELINE RUN START 2026-09-03T22:13:08 [run_pipeline_persistent] =====

--- RSS Fetch Errors at 2026-09-03 22:26:57 ---
Error fetching https://rss.nytimes.com/services/xml/rss/nyt/Science.xml: Failed to perform, curl: (6) Could not resolve host: rss.nytimes.com. See https://curl.se/libcurl/c/libcurl-errors.html first for more details.
Error fetching https://hwsw.hu/xml/latest_news_rss.xml: Failed to perform, curl: (6) Could not resolve host: hwsw.hu. See https://curl.se/libcurl/c/libcurl-errors.html first for more details.
Error fetching https://sg.hu/rss: Failed to perform, curl: (6) Could not resolve host: sg.hu. See https://curl.se/libcurl/c/libcurl-errors.html first for more details.
Error fetching https://www.pcwplus.hu/site/rss/rss.xml: Failed to perform, curl: (6) Could not resolve host: www.pcwplus.hu. See https://curl.se/libcurl/c/libcurl-errors.html first for more details.
Error fetching https://index.hu/24ora/rss: Failed to perform, curl: (6) Could not resolve host: index.hu. See https://curl.se/libcurl/c/libcurl-errors.html first for more details.
Error fetching https://444.hu/category/belfold/feed: Failed to perform, curl: (6) Could not resolve host: 444.hu. See https://curl.se/libcurl/c/libcurl-errors.html first for more details.
Error fetching https://esport1.hu/rss: Failed to perform, curl: (6) Could not resolve host: esport1.hu. See https://curl.se/libcurl/c/libcurl-errors.html first for more details.
Error fetching https://forbes.hu/feed/: Failed to perform, curl: (6) Could not resolve host: forbes.hu. See https://curl.se/libcurl/c/libcurl-errors.html first for more details.
Error fetching https://index.hu/sitemap/friss.xml: Failed to perform, curl: (6) Could not resolve host: index.hu. See https://curl.se/libcurl/c/libcurl-errors.html first for more details.
Error fetching https://telex.hu/rss/archivum?filters=%7B%22superTagSlugs%22%3A%5B%22eszkombajn%22%5D%2C%22parentId%22%3A%5B%22null%22%5D%7D&perPage=10: Failed to perform, curl: (6) Could not resolve host: telex.hu. See https://curl.se/libcurl/c/libcurl-errors.html first for more details.
Error fetching https://www.portfolio.hu/rss/all.xml: Failed to perform, curl: (6) Could not resolve host: www.portfolio.hu. See https://curl.se/libcurl/c/libcurl-errors.html first for more details.
Error fetching https://index.hu/belfold/rss/: Failed to perform, curl: (6) Could not resolve host: index.hu. See https://curl.se/libcurl/c/libcurl-errors.html first for more details.
Error fetching https://telex.hu/rss: Failed to perform, curl: (6) Could not resolve host: telex.hu. See https://curl.se/libcurl/c/libcurl-errors.html first for more details.
Error fetching https://media.sg.hu/rss/rss.xml: Failed to perform, curl: (6) Could not resolve host: media.sg.hu. See https://curl.se/libcurl/c/libcurl-errors.html first for more details.
Error fetching https://444.hu/category/tudomany/feed: Failed to perform, curl: (6) Could not resolve host: 444.hu. See https://curl.se/libcurl/c/libcurl-errors.html first for more details.
Error fetching https://prohardver.hu/hirfolyam/hirek/rss.xml: Failed to perform, curl: (6) Could not resolve host: prohardver.hu. See https://curl.se/libcurl/c/libcurl-errors.html first for more details.
Error fetching https://index.hu/tudomany/rss/: Failed to perform, curl: (6) Could not resolve host: index.hu. See https://curl.se/libcurl/c/libcurl-errors.html first for more details.
Error fetching https://totalcar.hu/24ora/rss/: Failed to perform, curl: (6) Could not resolve host: totalcar.hu. See https://curl.se/libcurl/c/libcurl-errors.html first for more details.
Error fetching https://www.cnet.com/rss/all/: Failed to perform, curl: (6) Could not resolve host: www.cnet.com. See https://curl.se/libcurl/c/libcurl-errors.html first for more details.
Error fetching https://raketa.hu/feed: Failed to perform, curl: (6) Could not resolve host: raketa.hu. See https://curl.se/libcurl/c/libcurl-errors.html first for more details.
Error fetching https://www.sciencedaily.com/rss/all.xml: Failed to perform, curl: (6) Could not resolve host: www.sciencedaily.com. See https://curl.se/libcurl/c/libcurl-errors.html first for more details.
Error fetching https://www.cnet.com/rss/news/: Failed to perform, curl: (6) Could not resolve host: www.cnet.com. See https://curl.se/libcurl/c/libcurl-errors.html first for more details.
Error fetching https://techpowerup.com/rss/news: Failed to perform, curl: (6) Could not resolve host: techpowerup.com. See https://curl.se/libcurl/c/libcurl-errors.html first for more details.
Error fetching https://www.sciencedaily.com/rss/top.xml: Failed to perform, curl: (6) Could not resolve host: www.sciencedaily.com. See https://curl.se/libcurl/c/libcurl-errors.html first for more details.
Error fetching https://www.vezess.hu/feed/: Failed to perform, curl: (6) Could not resolve host: www.vezess.hu. See https://curl.se/libcurl/c/libcurl-errors.html first for more details.
Error fetching https://www.livescience.com/feeds/all: Failed to perform, curl: (6) Could not resolve host: www.livescience.com. See https://curl.se/libcurl/c/libcurl-errors.html first for more details.
Error fetching https://www.nasa.gov/rss/dyn/breaking_news.rss: Failed to perform, curl: (6) Could not resolve host: www.nasa.gov. See https://curl.se/libcurl/c/libcurl-errors.html first for more details.
Error fetching https://github.blog/feed/: Failed to perform, curl: (6) Could not resolve host: github.blog. See https://curl.se/libcurl/c/libcurl-errors.html first for more details.
Error fetching https://insideevs.com/rss/articles/all: Failed to perform, curl: (6) Could not resolve host: insideevs.com. See https://curl.se/libcurl/c/libcurl-errors.html first for more details.
Error fetching https://futurism.com/feed: Failed to perform, curl: (6) Could not resolve host: futurism.com. See https://curl.se/libcurl/c/libcurl-errors.html first for more details.
Error fetching https://rss.nytimes.com/services/xml/rss/nyt/Technology.xml: Failed to perform, curl: (6) Could not resolve host: rss.nytimes.com. See https://curl.se/libcurl/c/libcurl-errors.html first for more details.
Error fetching https://hold.hu/holdblog/feed: Failed to perform, curl: (6) Could not resolve host: hold.hu. See https://curl.se/libcurl/c/libcurl-errors.html first for more details.
Error fetching https://insideevs.com/rss/news/all/: Failed to perform, curl: (6) Could not resolve host: insideevs.com. See https://curl.se/libcurl/c/libcurl-errors.html first for more details.
Error fetching https://electrek.co/feed/: Failed to perform, curl: (6) Could not resolve host: electrek.co. See https://curl.se/libcurl/c/libcurl-errors.html first for more details.
Error fetching https://www.pcgamer.com/rss/: Failed to perform, curl: (6) Could not resolve host: www.pcgamer.com. See https://curl.se/libcurl/c/libcurl-errors.html first for more details.
Error fetching https://www.gamingbible.com/index.rss: Failed to perform, curl: (6) Could not resolve host: www.gamingbible.com. See https://curl.se/libcurl/c/libcurl-errors.html first for more details.
Error fetching https://bitcoinmagazine.com/.rss/full/: Failed to perform, curl: (6) Could not resolve host: bitcoinmagazine.com. See https://curl.se/libcurl/c/libcurl-errors.html first for more details.
Error fetching https://pcguru.hu/rss: Failed to perform, curl: (6) Could not resolve host: pcguru.hu. See https://curl.se/libcurl/c/libcurl-errors.html first for more details.
Error fetching https://blog.google/rss/: Failed to perform, curl: (6) Could not resolve host: blog.google. See https://curl.se/libcurl/c/libcurl-errors.html first for more details.
Error fetching https://bitcoinmagazine.com/feed: Failed to perform, curl: (6) Could not resolve host: bitcoinmagazine.com. See https://curl.se/libcurl/c/libcurl-errors.html first for more details.
Error fetching https://drive.hu/rss: Failed to perform, curl: (6) Could not resolve host: drive.hu. See https://curl.se/libcurl/c/libcurl-errors.html first for more details.
Error fetching https://decrypt.co/feed: Failed to perform, curl: (6) Could not resolve host: decrypt.co. See https://curl.se/libcurl/c/libcurl-errors.html first for more details.
Error fetching https://feeds.feedburner.com/ign/tech-articles: Failed to perform, curl: (6) Could not resolve host: feeds.feedburner.com. See https://curl.se/libcurl/c/libcurl-errors.html first for more details.
Error fetching https://feeds.forbes.com/real-time/feed2/: Failed to perform, curl: (6) Could not resolve host: feeds.forbes.com. See https://curl.se/libcurl/c/libcurl-errors.html first for more details.
Error fetching https://www.forbes.com/most-popular/feed/: Failed to perform, curl: (6) Could not resolve host: www.forbes.com. See https://curl.se/libcurl/c/libcurl-errors.html first for more details.
Error fetching https://hvg.hu/rss: Failed to perform, curl: (6) Could not resolve host: hvg.hu. See https://curl.se/libcurl/c/libcurl-errors.html first for more details.
Error fetching https://feeds.feedburner.com/ign/tv-articles: Failed to perform, curl: (6) Could not resolve host: feeds.feedburner.com. See https://curl.se/libcurl/c/libcurl-errors.html first for more details.
Error fetching https://feeds.feedburner.com/ign/all: Failed to perform, curl: (6) Could not resolve host: feeds.feedburner.com. See https://curl.se/libcurl/c/libcurl-errors.html first for more details.
Error fetching https://techcrunch.com/feed: Failed to perform, curl: (6) Could not resolve host: techcrunch.com. See https://curl.se/libcurl/c/libcurl-errors.html first for more details.
Error fetching https://feeds.feedburner.com/ign/movies-articles: Failed to perform, curl: (6) Could not resolve host: feeds.feedburner.com. See https://curl.se/libcurl/c/libcurl-errors.html first for more details.
Error fetching https://cointelegraph.com/rss: Failed to perform, curl: (6) Could not resolve host: cointelegraph.com. See https://curl.se/libcurl/c/libcurl-errors.html first for more details.
Error fetching https://feeds.feedburner.com/ign/games-all: Failed to perform, curl: (6) Could not resolve host: feeds.feedburner.com. See https://curl.se/libcurl/c/libcurl-errors.html first for more details.
Error fetching https://24.hu/feed/: Failed to perform, curl: (6) Could not resolve host: 24.hu. See https://curl.se/libcurl/c/libcurl-errors.html first for more details.
Error fetching https://prog.hu/site/backend/proghu-rss.xml: Failed to perform, curl: (6) Could not resolve host: prog.hu. See https://curl.se/libcurl/c/libcurl-errors.html first for more details.
Error fetching https://gsplus.hu/site/rss/rss.xml: Failed to perform, curl: (6) Could not resolve host: gsplus.hu. See https://curl.se/libcurl/c/libcurl-errors.html first for more details.
Error fetching https://www.penzcentrum.hu/rss: Failed to perform, curl: (6) Could not resolve host: www.penzcentrum.hu. See https://curl.se/libcurl/c/libcurl-errors.html first for more details.
Error fetching https://www.portfolio.hu/rss/: Failed to perform, curl: (6) Could not resolve host: www.portfolio.hu. See https://curl.se/libcurl/c/libcurl-errors.html first for more details.
Error fetching https://qubit.hu/feed: Failed to perform, curl: (6) Could not resolve host: qubit.hu. See https://curl.se/libcurl/c/libcurl-errors.html first for more details.
Error fetching https://index.hu/kulfold/rss/: Failed to perform, curl: (6) Could not resolve host: index.hu. See https://curl.se/libcurl/c/libcurl-errors.html first for more details.
Error fetching https://vezess.hu/rss: Failed to perform, curl: (6) Could not resolve host: vezess.hu. See https://curl.se/libcurl/c/libcurl-errors.html first for more details.
Error fetching https://www.space.com/feeds/all: Failed to perform, curl: (6) Could not resolve host: www.space.com. See https://curl.se/libcurl/c/libcurl-errors.html first for more details.
Error fetching https://sg.hu/plain/rss.xml: Failed to perform, curl: (6) Could not resolve host: sg.hu. See https://curl.se/libcurl/c/libcurl-errors.html first for more details.
Error fetching https://prohardver.hu/hirfolyam/anyagok/rss.xml: Failed to perform, curl: (6) Could not resolve host: prohardver.hu. See https://curl.se/libcurl/c/libcurl-errors.html first for more details.
Error fetching https://welovebudapest.com/feed/: Failed to perform, curl: (6) Could not resolve host: welovebudapest.com. See https://curl.se/libcurl/c/libcurl-errors.html first for more details.
Error fetching https://444.hu/feed: Failed to perform, curl: (6) Could not resolve host: 444.hu. See https://curl.se/libcurl/c/libcurl-errors.html first for more details.

===== PIPELINE RUN START 2026-09-03T22:43:22 [run_pipeline_persistent] =====

===== PIPELINE RUN START 2026-09-03T22:50:42 [run_pipeline_persistent] =====

===== PIPELINE RUN START 2026-09-03T22:58:17 [run_pipeline_persistent] =====

===== PIPELINE RUN START 2026-09-03T23:05:40 [run_pipeline_persistent] =====

===== PIPELINE RUN START 2026-09-03T23:13:12 [run_pipeline_persistent] =====

===== PIPELINE RUN START 2026-09-03T23:20:30 [run_pipeline_persistent] =====

===== PIPELINE RUN START 2026-09-03T23:27:56 [run_pipeline_persistent] =====

===== PIPELINE RUN START 2026-09-03T23:35:16 [run_pipeline_persistent] =====

===== PIPELINE RUN START 2026-09-03T23:42:42 [run_pipeline_persistent] =====

===== PIPELINE RUN START 2026-09-03T23:49:59 [run_pipeline_persistent] =====

===== PIPELINE RUN START 2026-09-03T23:57:28 [run_pipeline_persistent] =====
