
--- RSS Fetch Errors at 2026-08-03 00:38:52 ---
Error fetching https://techpowerup.com/rss/news: HTTP Error 403: 
Error fetching https://index.hu/tudomany/rss/: Failed to perform, curl: (28) Connection timed out after 10003 milliseconds. See https://curl.se/libcurl/c/libcurl-errors.html first for more details.
Error fetching https://leetgaming.com/feed/: Failed to perform, curl: (28) Connection timed out after 10002 milliseconds. See https://curl.se/libcurl/c/libcurl-errors.html first for more details.
Error fetching https://www.drive.com.au/feed/: HTTP Error 403: 
Error fetching https://techcrunch.com/feed: Failed to perform, curl: (56) Connection closed abruptly. See https://curl.se/libcurl/c/libcurl-errors.html first for more details.
Error fetching https://gsplus.hu/site/rss/rss.xml: Failed to perform, curl: (28) Connection timed out after 10003 milliseconds. See https://curl.se/libcurl/c/libcurl-errors.html first for more details.
Error fetching https://index.hu/sitemap/friss.xml: Failed to perform, curl: (28) Operation timed out after 25002 milliseconds with 0 bytes received. See https://curl.se/libcurl/c/libcurl-errors.html first for more details.
Error fetching https://femina.hu/feed: HTTP Error 404: Not Found
Error fetching https://hwsw.hu/hirek/rss: HTTP Error 404: 
Error fetching https://cliffhanger.hu/feed: HTTP Error 403: 
Error fetching https://instylemen.hu/feed: HTTP Error 404: 
Error fetching https://velvet.hu/feed: Failed to perform, curl: (28) Connection timed out after 10002 milliseconds. See https://curl.se/libcurl/c/libcurl-errors.html first for more details.
Error fetching https://player.hu/feed: Failed to perform, curl: (28) Operation timed out after 279541 milliseconds with 10430 bytes received. See https://curl.se/libcurl/c/libcurl-errors.html first for more details.
[00:39:01] Summarizer: [DownloadWorker-6] SKIP (duplicate title): Délelőtti videó 3.: Evangelion...

--- RSS Fetch Errors at 2026-08-03 00:39:02 ---
Error fetching https://techpowerup.com/rss/news: HTTP Error 403: 
Error fetching https://www.drive.com.au/feed/: HTTP Error 403: 
Error fetching https://leetgaming.com/feed/: Failed to perform, curl: (28) Connection timed out after 10003 milliseconds. See https://curl.se/libcurl/c/libcurl-errors.html first for more details.
Error fetching https://www.economx.hu/feed: Failed to perform, curl: (28) Resolving timed out after 939219 milliseconds. See https://curl.se/libcurl/c/libcurl-errors.html first for more details.
Error fetching https://totalcar.hu/feed: Failed to perform, curl: (28) Resolving timed out after 939219 milliseconds. See https://curl.se/libcurl/c/libcurl-errors.html first for more details.
Error fetching https://aihirfolyam.hu/feed: Failed to perform, curl: (28) Resolving timed out after 939222 milliseconds. See https://curl.se/libcurl/c/libcurl-errors.html first for more details.
Error fetching https://prog.hu/hirek/rss: Failed to perform, curl: (28) Resolving timed out after 939230 milliseconds. See https://curl.se/libcurl/c/libcurl-errors.html first for more details.
Error fetching https://velvet.hu/feed: Failed to perform, curl: (28) Resolving timed out after 939229 milliseconds. See https://curl.se/libcurl/c/libcurl-errors.html first for more details.
Error fetching https://femina.hu/feed: Failed to perform, curl: (28) Resolving timed out after 939229 milliseconds. See https://curl.se/libcurl/c/libcurl-errors.html first for more details.
Error fetching https://ng.24.hu/feed: Failed to perform, curl: (28) Resolving timed out after 939229 milliseconds. See https://curl.se/libcurl/c/libcurl-errors.html first for more details.
Error fetching https://nlc.hu/feed: Failed to perform, curl: (28) Resolving timed out after 939231 milliseconds. See https://curl.se/libcurl/c/libcurl-errors.html first for more details.
Error fetching https://offmedia.hu/feed: Failed to perform, curl: (28) Resolving timed out after 939237 milliseconds. See https://curl.se/libcurl/c/libcurl-errors.html first for more details.
Error fetching https://the-zone.hu/feed: Failed to perform, curl: (28) Resolving timed out after 939238 milliseconds. See https://curl.se/libcurl/c/libcurl-errors.html first for more details.
Error fetching https://cliffhanger.hu/feed: Failed to perform, curl: (28) Resolving timed out after 939245 milliseconds. See https://curl.se/libcurl/c/libcurl-errors.html first for more details.
Error fetching https://sorozatjunkie.hu/feed: Failed to perform, curl: (28) Resolving timed out after 939284 milliseconds. See https://curl.se/libcurl/c/libcurl-errors.html first for more details.
Error fetching https://fhm.com/feed: Failed to perform, curl: (28) Resolving timed out after 939285 milliseconds. See https://curl.se/libcurl/c/libcurl-errors.html first for more details.
Error fetching https://marieclaire.hu/feed: Failed to perform, curl: (28) Resolving timed out after 939283 milliseconds. See https://curl.se/libcurl/c/libcurl-errors.html first for more details.
Error fetching https://www.maxim.com/feed: Failed to perform, curl: (28) Resolving timed out after 939284 milliseconds. See https://curl.se/libcurl/c/libcurl-errors.html first for more details.
Error fetching https://hwsw.hu/hirek/rss: Failed to perform, curl: (28) Resolving timed out after 939282 milliseconds. See https://curl.se/libcurl/c/libcurl-errors.html first for more details.
Error fetching https://funzine.hu/feed: Failed to perform, curl: (28) Resolving timed out after 939285 milliseconds. See https://curl.se/libcurl/c/libcurl-errors.html first for more details.
Error fetching https://starity.hu/magazin/rss/: Failed to perform, curl: (28) Resolving timed out after 939284 milliseconds. See https://curl.se/libcurl/c/libcurl-errors.html first for more details.
Error fetching https://www.playboy.com/wp-json/oembed/1.0/embed?url=https%3A%2F%2Fwww.playboy.com%2F&format=xml: Failed to perform, curl: (28) Resolving timed out after 939284 milliseconds. See https://curl.se/libcurl/c/libcurl-errors.html first for more details.
Error fetching https://d3e5kp2e91w0k0.cloudfront.net/favicon.svg: Failed to perform, curl: (28) Resolving timed out after 939284 milliseconds. See https://curl.se/libcurl/c/libcurl-errors.html first for more details.
Error fetching https://instylemen.hu/feed: HTTP Error 404: 
Error fetching https://firstclass.hu/feed: Failed to perform, curl: (28) Connection timed out after 10003 milliseconds. See https://curl.se/libcurl/c/libcurl-errors.html first for more details.
Error fetching https://hetediksor.hu/comments/feed/: Failed to perform, curl: (28) Connection timed out after 10003 milliseconds. See https://curl.se/libcurl/c/libcurl-errors.html first for more details.
Error fetching https://hetediksor.hu/wp-json/oembed/1.0/embed?url=https%3A%2F%2Fhetediksor.hu%2F&format=xml: Failed to perform, curl: (28) Connection timed out after 10002 milliseconds. See https://curl.se/libcurl/c/libcurl-errors.html first for more details.
[00:39:03] Summarizer: [Batch] 2 item(s) missing from response → marked for reprocessing
[00:39:09] Summarizer: [DownloadWorker-5] SKIP (duplicate title): Elhunyt a Maffiózók színésze, Vincent Pa...
[00:39:14] Summarizer: [DownloadWorker-0] SKIP (duplicate title): Elhunyt a Maffiózók színésze, Vincent Pa...
[00:39:15] Summarizer: [Batch] 1 item(s) missing from response → marked for reprocessing
[00:39:20] Summarizer: [Batch] 1 item(s) missing from response → marked for reprocessing
[00:39:24] Summarizer: [DownloadWorker-4] SKIP (duplicate title): A Blaha Lujza téri villamosmegállóba csa...
[00:39:26] Summarizer: [Batch] 3 item(s) missing from response → marked for reprocessing
[00:46:22] Summarizer: [DownloadWorker-2] SKIP (duplicate title): A hét alakítása...
[00:46:25] Summarizer: [DownloadWorker-4] SKIP (duplicate title): Magyar nézettség (2026. július 20-26.)...
[00:46:29] Summarizer: [Batch] 2 item(s) missing from response → marked for reprocessing
[00:46:54] Summarizer: [Batch] 1 item(s) missing from response → marked for reprocessing
[00:46:59] Summarizer: [Batch] 1 item(s) missing from response → marked for reprocessing
[00:47:02] Summarizer: [Batch] 1 item(s) missing from response → marked for reprocessing
[01:23:43] Summarizer: TIMEOUT (180s) - backend call took too long
[01:23:43] Summarizer: [Batch] No response from API (attempt 1/3)
[01:23:44] Summarizer: TIMEOUT (180s) - backend call took too long
[01:23:44] Summarizer: [Batch] No response from API (attempt 1/3)
[01:23:46] Summarizer: TIMEOUT (180s) - backend call took too long
[01:23:46] Summarizer: [Batch] No response from API (attempt 1/3)
[01:23:58] Summarizer: [Batch] 3 item(s) missing from response → marked for reprocessing
[01:24:04] Summarizer: [Batch] Minor issues fixed: 1
[01:24:05] Summarizer: [Batch] 2 item(s) missing from response → marked for reprocessing
[01:24:12] Summarizer: [Batch] 1 item(s) missing from response → marked for reprocessing
[01:41:22] Image_Downloader: Download failed (https://assets.telex.hu/images/20260802/1785687906-temp-2kttt689von97lpckhf_facebook.jpg): ('Connection aborted.', ConnectionResetError(54, 'Connection reset by peer'))
[01:41:39] Summarizer: TIMEOUT (180s) - backend call took too long
[01:41:39] Summarizer: [Batch] No response from API (attempt 1/3)
[01:41:41] Summarizer: TIMEOUT (180s) - backend call took too long
[01:41:41] Summarizer: [Batch] No response from API (attempt 1/3)
[01:41:42] Summarizer: TIMEOUT (180s) - backend call took too long
[01:41:42] Summarizer: [Batch] No response from API (attempt 1/3)
[01:41:55] Summarizer: [Batch] 3 item(s) missing from response → marked for reprocessing
[02:23:42] Summarizer: TIMEOUT (180s) - backend call took too long
[02:23:42] Summarizer: [Batch] No response from API (attempt 1/3)
[02:23:50] Summarizer: TIMEOUT (180s) - backend call took too long
[02:23:50] Summarizer: [Batch] No response from API (attempt 1/3)
[02:23:50] Summarizer: TIMEOUT (180s) - backend call took too long
[02:23:50] Summarizer: [Batch] No response from API (attempt 1/3)
[02:40:50] Summarizer: [Batch] 2 item(s) missing from response → marked for reprocessing
[02:40:58] Summarizer: [Batch] 1 item(s) missing from response → marked for reprocessing
[02:41:03] Summarizer: TIMEOUT (180s) - backend call took too long
[02:41:03] Summarizer: [Batch] No response from API (attempt 2/3)
[02:41:06] Summarizer: [Batch] 1 item(s) missing from response → marked for reprocessing
[02:41:13] Summarizer: TIMEOUT (180s) - backend call took too long
[02:41:13] Summarizer: [Batch] No response from API (attempt 1/3)
[02:41:17] Summarizer: TIMEOUT (180s) - backend call took too long
[02:41:17] Summarizer: [Batch] No response from API (attempt 1/3)
[02:41:23] Summarizer: [MissingDetector] ⚠️ PAIRING FAIL: 'https://techcrunch.com/2026/08/02/malaysia-is-reportedly-shutdown-balaji-srinivasans-network-school/' not found. KEEPING ITEM (Fallback).
[02:41:23] Summarizer: [Batch] 1 item(s) missing from response → marked for reprocessing
[02:41:23] Summarizer: [FreeGeminiAPI_3] ⚠️ PAIRING FAIL: 'https://techcrunch.com/2026/08/02/malaysia-is-reportedly-shutdown-balaji-srinivasans-network-school/' not found. KEEPING ITEM (Fallback).
[02:57:28] Image_Downloader: Download failed (https://pcdn.hu/articles/images-xl/6/0/7/6073f831-994c-409e-8fc6-d0d1ea28c2ba-845930.jpg): ('Connection aborted.', ConnectionResetError(54, 'Connection reset by peer'))
[02:57:28] Image_Downloader: Download failed (https://cdn.mos.cms.futurecdn.net/UXNTpRCyXixcXKbeDhp8w3-1920-80.jpg): ('Connection aborted.', ConnectionResetError(54, 'Connection reset by peer'))
[02:57:32] Image_Downloader: Download failed (https://imageio.forbes.com/specials-images/imageserve/6a6fa98b206581fc02f8913f/0x0.jpg?format=jpg&crop=2405,1352,x0,y0,safe&height=900&width=1600&fit=bounds): HTTPSConnectionPool(host='imageio.forbes.com', port=443): Read timed out. (read timeout=5)
[03:30:32] Summarizer: [Batch] No response from API (attempt 2/3)
[03:30:32] Summarizer: [Batch] No response from API (attempt 2/3)

--- RSS Fetch Errors at 2026-08-03 03:30:51 ---
Error fetching https://index.hu/24ora/rss: Failed to perform, curl: (28) Connection timed out after 10002 milliseconds. See https://curl.se/libcurl/c/libcurl-errors.html first for more details.
Error fetching https://leetgaming.com/feed/: Failed to perform, curl: (28) Connection timed out after 10003 milliseconds. See https://curl.se/libcurl/c/libcurl-errors.html first for more details.
Error fetching https://media.sg.hu/rss/rss.xml: Failed to perform, curl: (28) Connection timed out after 10002 milliseconds. See https://curl.se/libcurl/c/libcurl-errors.html first for more details.
Error fetching https://techpowerup.com/rss/news: HTTP Error 403: 
Error fetching https://www.drive.com.au/feed/: HTTP Error 403: 
Error fetching https://velvet.hu/feed: HTTP Error 404: Not Found
Error fetching https://femina.hu/feed: HTTP Error 404: Not Found
Error fetching https://hwsw.hu/hirek/rss: HTTP Error 404: 
Error fetching https://www.economx.hu/feed: Failed to perform, curl: (28) Connection timed out after 10002 milliseconds. See https://curl.se/libcurl/c/libcurl-errors.html first for more details.
Error fetching https://instylemen.hu/feed: HTTP Error 404: 
Error fetching https://cliffhanger.hu/feed: HTTP Error 403: 
Error fetching https://www.playboy.com/read/classics/feed: Failed to perform, curl: (28) Connection timed out after 10001 milliseconds. See https://curl.se/libcurl/c/libcurl-errors.html first for more details.
Error fetching https://wallstreetzen.com/blog/feed/: Failed to perform, curl: (28) Operation timed out after 272226 milliseconds with 0 bytes received. See https://curl.se/libcurl/c/libcurl-errors.html first for more details.
Error fetching https://caravantimes.co.uk/feed: Failed to perform, curl: (28) Resolving timed out after 268813 milliseconds. See https://curl.se/libcurl/c/libcurl-errors.html first for more details.
[03:47:27] Summarizer: [DownloadWorker-5] SKIP (duplicate title): A Vénusz a Mérlegbe lép, új szintre emel...
[03:47:28] Summarizer: [DownloadWorker-8] SKIP (duplicate title): Hazai Streaming & VOD-Premierek – 2026. ...
[03:47:30] Summarizer: Reprocessing 1 pairing failures from data.json
[03:47:31] Summarizer: [DownloadWorker-5] SKIP (duplicate title): How FlightHub Is Building A More Connect...
[03:47:31] Summarizer: [DownloadWorker-6] SKIP (duplicate title): Botrányos esetek a természetvédelemben: ...
[03:47:31] Summarizer: [DownloadWorker-2] SKIP (duplicate title): Ezek a tűzjegyek legkülönlegesebb tulajd...
[03:47:33] Summarizer: [DownloadWorker-9] SKIP (duplicate title): A Doctor Fact Checks Secretary Robert F....
[03:48:04] Image_Downloader: Download failed (https://raw.githubusercontent.com/Derushir/Kepek/main/67c6357751300334f52e35f893ac854f/news/mike-flanagan-ujabb-stephen-king-adaptacioja-a-carrie-soroza.jpg): 404 Client Error: Not Found for url: https://raw.githubusercontent.com/Derushir/Kepek/main/67c6357751300334f52e35f893ac854f/news/mike-flanagan-ujabb-stephen-king-adaptacioja-a-carrie-soroza.jpg
[03:48:04] Image_Downloader: Download failed (https://raw.githubusercontent.com/Derushir/Kepek/main/67c6357751300334f52e35f893ac854f/news/a-spider-man-brand-new-day-927-millio-dollaros-nyitassal-a-m.jpg): 404 Client Error: Not Found for url: https://raw.githubusercontent.com/Derushir/Kepek/main/67c6357751300334f52e35f893ac854f/news/a-spider-man-brand-new-day-927-millio-dollaros-nyitassal-a-m.jpg
[03:48:04] Image_Downloader: Download failed (https://raw.githubusercontent.com/Derushir/Kepek/main/67c6357751300334f52e35f893ac854f/news/izuleti-kopas-kezelese-menstruacios-verbol-szarmazo-sejtekke.jpg): 404 Client Error: Not Found for url: https://raw.githubusercontent.com/Derushir/Kepek/main/67c6357751300334f52e35f893ac854f/news/izuleti-kopas-kezelese-menstruacios-verbol-szarmazo-sejtekke.jpg
[03:48:04] Image_Downloader: Download failed (https://raw.githubusercontent.com/Derushir/Kepek/main/67c6357751300334f52e35f893ac854f/news/kibertamadas-erte-a-magyar-allamkincstar-informatikai-rendsz.jpg): 404 Client Error: Not Found for url: https://raw.githubusercontent.com/Derushir/Kepek/main/67c6357751300334f52e35f893ac854f/news/kibertamadas-erte-a-magyar-allamkincstar-informatikai-rendsz.jpg
[03:48:04] Image_Downloader: Download failed (https://raw.githubusercontent.com/Derushir/Kepek/main/67c6357751300334f52e35f893ac854f/news/tom-holland-az-uncharted-jatekkal-jatszott-a-pokember-forgat.jpg): 404 Client Error: Not Found for url: https://raw.githubusercontent.com/Derushir/Kepek/main/67c6357751300334f52e35f893ac854f/news/tom-holland-az-uncharted-jatekkal-jatszott-a-pokember-forgat.jpg
[03:48:04] Image_Downloader: Download failed (https://raw.githubusercontent.com/Derushir/Kepek/main/67c6357751300334f52e35f893ac854f/news/energiatakarekossag-a-cinema-city-mozijaiban-magasabb-homers.jpg): 404 Client Error: Not Found for url: https://raw.githubusercontent.com/Derushir/Kepek/main/67c6357751300334f52e35f893ac854f/news/energiatakarekossag-a-cinema-city-mozijaiban-magasabb-homers.jpg
[03:48:04] Image_Downloader: Download failed (https://raw.githubusercontent.com/Derushir/Kepek/main/67c6357751300334f52e35f893ac854f/news/uj-reszletek-lattak-napvilagot-liam-payne-halalanak-korulmen.jpg): 404 Client Error: Not Found for url: https://raw.githubusercontent.com/Derushir/Kepek/main/67c6357751300334f52e35f893ac854f/news/uj-reszletek-lattak-napvilagot-liam-payne-halalanak-korulmen.jpg
[03:48:04] Image_Downloader: Download failed (https://raw.githubusercontent.com/Derushir/Kepek/main/67c6357751300334f52e35f893ac854f/news/a-bts-normal-cimu-dala-a-masodik-helyig-jutott-a-globalis-li.jpg): 404 Client Error: Not Found for url: https://raw.githubusercontent.com/Derushir/Kepek/main/67c6357751300334f52e35f893ac854f/news/a-bts-normal-cimu-dala-a-masodik-helyig-jutott-a-globalis-li.jpg
[03:48:04] Image_Downloader: Download failed (https://raw.githubusercontent.com/Derushir/Kepek/main/67c6357751300334f52e35f893ac854f/news/hideo-kojima-meltatta-az-uj-pokember-filmet-a-brand-new-day-.jpg): 404 Client Error: Not Found for url: https://raw.githubusercontent.com/Derushir/Kepek/main/67c6357751300334f52e35f893ac854f/news/hideo-kojima-meltatta-az-uj-pokember-filmet-a-brand-new-day-.jpg
[03:48:04] Image_Downloader: Download failed (https://raw.githubusercontent.com/Derushir/Kepek/main/67c6357751300334f52e35f893ac854f/news/a-warhammer-40000-rogue-trader-harom-evvel-a-megjelenes-utan.jpg): 404 Client Error: Not Found for url: https://raw.githubusercontent.com/Derushir/Kepek/main/67c6357751300334f52e35f893ac854f/news/a-warhammer-40000-rogue-trader-harom-evvel-a-megjelenes-utan.jpg
[03:48:04] Image_Downloader: Download failed (https://raw.githubusercontent.com/Derushir/Kepek/main/67c6357751300334f52e35f893ac854f/news/a-kutyak-szorongasanak-felismerese-ezek-a-testbeszed-jelei.jpg): 404 Client Error: Not Found for url: https://raw.githubusercontent.com/Derushir/Kepek/main/67c6357751300334f52e35f893ac854f/news/a-kutyak-szorongasanak-felismerese-ezek-a-testbeszed-jelei.jpg
[03:48:04] Image_Downloader: Download failed (https://raw.githubusercontent.com/Derushir/Kepek/main/67c6357751300334f52e35f893ac854f/news/tortenelmi-agyugolyo-kerult-elo-a-leapadt-dunabol-az-erzsebe.jpg): 404 Client Error: Not Found for url: https://raw.githubusercontent.com/Derushir/Kepek/main/67c6357751300334f52e35f893ac854f/news/tortenelmi-agyugolyo-kerult-elo-a-leapadt-dunabol-az-erzsebe.jpg
[03:48:04] Image_Downloader: Download failed (https://raw.githubusercontent.com/Derushir/Kepek/main/67c6357751300334f52e35f893ac854f/news/siri-hustvedt-szellemkep-cimu-kotete-a-paul-austerrel-toltot.jpg): 404 Client Error: Not Found for url: https://raw.githubusercontent.com/Derushir/Kepek/main/67c6357751300334f52e35f893ac854f/news/siri-hustvedt-szellemkep-cimu-kotete-a-paul-austerrel-toltot.jpg
[03:48:04] Image_Downloader: Download failed (https://raw.githubusercontent.com/Derushir/Kepek/main/67c6357751300334f52e35f893ac854f/news/affogato-a-benzinkuton-jatekos-megoldas-a-nyari-fomo-ra-egy-.jpg): 404 Client Error: Not Found for url: https://raw.githubusercontent.com/Derushir/Kepek/main/67c6357751300334f52e35f893ac854f/news/affogato-a-benzinkuton-jatekos-megoldas-a-nyari-fomo-ra-egy-.jpg
[03:48:04] Image_Downloader: Download failed (https://raw.githubusercontent.com/Derushir/Kepek/main/67c6357751300334f52e35f893ac854f/news/ingyenesen-letolthetove-valt-a-mystic-depths-the-corrupted-k.jpg): 404 Client Error: Not Found for url: https://raw.githubusercontent.com/Derushir/Kepek/main/67c6357751300334f52e35f893ac854f/news/ingyenesen-letolthetove-valt-a-mystic-depths-the-corrupted-k.jpg
[03:48:05] Image_Downloader: Download failed (https://raw.githubusercontent.com/Derushir/Kepek/main/67c6357751300334f52e35f893ac854f/news/tortenelmi-melyponton-a-rajna-vizszintje-fennakadasok-varhat.jpg): 404 Client Error: Not Found for url: https://raw.githubusercontent.com/Derushir/Kepek/main/67c6357751300334f52e35f893ac854f/news/tortenelmi-melyponton-a-rajna-vizszintje-fennakadasok-varhat.jpg
[03:48:05] Image_Downloader: Download failed (https://raw.githubusercontent.com/Derushir/Kepek/main/67c6357751300334f52e35f893ac854f/news/gol-nelkuli-dontetlennel-kezdte-a-bajnoksagot-a-ferencvaros-.jpg): 404 Client Error: Not Found for url: https://raw.githubusercontent.com/Derushir/Kepek/main/67c6357751300334f52e35f893ac854f/news/gol-nelkuli-dontetlennel-kezdte-a-bajnoksagot-a-ferencvaros-.jpg
[03:48:06] Image_Downloader: Download failed (https://raw.githubusercontent.com/Derushir/Kepek/main/67c6357751300334f52e35f893ac854f/news/a-sordely-allomanya-jelzi-a-mezogazdasagi-teruletek-okologia.jpg): 404 Client Error: Not Found for url: https://raw.githubusercontent.com/Derushir/Kepek/main/67c6357751300334f52e35f893ac854f/news/a-sordely-allomanya-jelzi-a-mezogazdasagi-teruletek-okologia.jpg
[03:48:06] Image_Downloader: Download failed (https://raw.githubusercontent.com/Derushir/Kepek/main/67c6357751300334f52e35f893ac854f/news/megerkezett-az-hbo-maxra-a-nyomi-szerencsetlen-utazasai.jpg): 404 Client Error: Not Found for url: https://raw.githubusercontent.com/Derushir/Kepek/main/67c6357751300334f52e35f893ac854f/news/megerkezett-az-hbo-maxra-a-nyomi-szerencsetlen-utazasai.jpg
[03:48:06] Image_Downloader: Download failed (https://raw.githubusercontent.com/Derushir/Kepek/main/67c6357751300334f52e35f893ac854f/news/sam-altman-szerint-lassitani-kellene-a-mesterseges-intellige.jpg): 404 Client Error: Not Found for url: https://raw.githubusercontent.com/Derushir/Kepek/main/67c6357751300334f52e35f893ac854f/news/sam-altman-szerint-lassitani-kellene-a-mesterseges-intellige.jpg
[03:48:06] Image_Downloader: Download failed (https://raw.githubusercontent.com/Derushir/Kepek/main/67c6357751300334f52e35f893ac854f/news/nincs-ok-panikra-zavartalan-az-asvanyviz-ellatas-magyarorsza.jpg): 404 Client Error: Not Found for url: https://raw.githubusercontent.com/Derushir/Kepek/main/67c6357751300334f52e35f893ac854f/news/nincs-ok-panikra-zavartalan-az-asvanyviz-ellatas-magyarorsza.jpg
[03:48:07] Image_Downloader: Download failed (https://raw.githubusercontent.com/Derushir/Kepek/main/67c6357751300334f52e35f893ac854f/news/teszteltuk-az-anker-soundcore-boom-go-3i-hangszorot.jpg): 404 Client Error: Not Found for url: https://raw.githubusercontent.com/Derushir/Kepek/main/67c6357751300334f52e35f893ac854f/news/teszteltuk-az-anker-soundcore-boom-go-3i-hangszorot.jpg
[03:48:07] Image_Downloader: Download failed (https://raw.githubusercontent.com/Derushir/Kepek/main/67c6357751300334f52e35f893ac854f/news/chainsmoker-cat-sotet-humoru-animacios-sorozat-a-fuggosegekr.jpg): 404 Client Error: Not Found for url: https://raw.githubusercontent.com/Derushir/Kepek/main/67c6357751300334f52e35f893ac854f/news/chainsmoker-cat-sotet-humoru-animacios-sorozat-a-fuggosegekr.jpg
[03:48:07] Image_Downloader: Download failed (https://raw.githubusercontent.com/Derushir/Kepek/main/67c6357751300334f52e35f893ac854f/news/amikor-a-rendezo-nem-engedett-tom-cruise-akaratanak.jpg): 404 Client Error: Not Found for url: https://raw.githubusercontent.com/Derushir/Kepek/main/67c6357751300334f52e35f893ac854f/news/amikor-a-rendezo-nem-engedett-tom-cruise-akaratanak.jpg
[03:48:07] Image_Downloader: Download failed (https://raw.githubusercontent.com/Derushir/Kepek/main/67c6357751300334f52e35f893ac854f/news/mesterseges-intelligenciat-hasznalnak-a-magyarok-az-utazasok.jpg): 404 Client Error: Not Found for url: https://raw.githubusercontent.com/Derushir/Kepek/main/67c6357751300334f52e35f893ac854f/news/mesterseges-intelligenciat-hasznalnak-a-magyarok-az-utazasok.jpg
[03:48:07] Image_Downloader: Download failed (https://raw.githubusercontent.com/Derushir/Kepek/main/67c6357751300334f52e35f893ac854f/news/a-family-guy-halloweeni-kulonkiadasaban-brian-es-stewie-a-po.jpg): 404 Client Error: Not Found for url: https://raw.githubusercontent.com/Derushir/Kepek/main/67c6357751300334f52e35f893ac854f/news/a-family-guy-halloweeni-kulonkiadasaban-brian-es-stewie-a-po.jpg
[03:48:08] Image_Downloader: Download failed (https://raw.githubusercontent.com/Derushir/Kepek/main/67c6357751300334f52e35f893ac854f/news/tomegverekedes-es-felbeszakadt-magyar-kupa-meccs-gercen.jpg): 404 Client Error: Not Found for url: https://raw.githubusercontent.com/Derushir/Kepek/main/67c6357751300334f52e35f893ac854f/news/tomegverekedes-es-felbeszakadt-magyar-kupa-meccs-gercen.jpg
[03:48:08] Image_Downloader: Download failed (https://raw.githubusercontent.com/Derushir/Kepek/main/67c6357751300334f52e35f893ac854f/news/megujul-a-tv2-hirmusora-augusztus-3-tol-tv2-hirado-neven-fol.jpg): 404 Client Error: Not Found for url: https://raw.githubusercontent.com/Derushir/Kepek/main/67c6357751300334f52e35f893ac854f/news/megujul-a-tv2-hirmusora-augusztus-3-tol-tv2-hirado-neven-fol.jpg
[03:48:08] Image_Downloader: Download failed (https://raw.githubusercontent.com/Derushir/Kepek/main/67c6357751300334f52e35f893ac854f/news/het-ev-veszteseg-utan-ujra-nyereseges-a-deutsche-bahn.jpg): 404 Client Error: Not Found for url: https://raw.githubusercontent.com/Derushir/Kepek/main/67c6357751300334f52e35f893ac854f/news/het-ev-veszteseg-utan-ujra-nyereseges-a-deutsche-bahn.jpg
[03:48:08] Image_Downloader: Download failed (https://raw.githubusercontent.com/Derushir/Kepek/main/67c6357751300334f52e35f893ac854f/news/eu-s-haditengereszeti-akcio-az-orosz-arnyekflotta-egyik-tank.jpg): 404 Client Error: Not Found for url: https://raw.githubusercontent.com/Derushir/Kepek/main/67c6357751300334f52e35f893ac854f/news/eu-s-haditengereszeti-akcio-az-orosz-arnyekflotta-egyik-tank.jpg
[03:48:08] Image_Downloader: Download failed (https://raw.githubusercontent.com/Derushir/Kepek/main/67c6357751300334f52e35f893ac854f/news/huszonot-eves-a-mas-vilag-miert-maradt-megismetelhetetlen-a-.jpg): 404 Client Error: Not Found for url: https://raw.githubusercontent.com/Derushir/Kepek/main/67c6357751300334f52e35f893ac854f/news/huszonot-eves-a-mas-vilag-miert-maradt-megismetelhetetlen-a-.jpg
[03:48:08] Image_Downloader: Download failed (https://raw.githubusercontent.com/Derushir/Kepek/main/67c6357751300334f52e35f893ac854f/news/targyalastechnikai-alapok-a-nyertes-nyertes-strategia-elsaja.jpg): 404 Client Error: Not Found for url: https://raw.githubusercontent.com/Derushir/Kepek/main/67c6357751300334f52e35f893ac854f/news/targyalastechnikai-alapok-a-nyertes-nyertes-strategia-elsaja.jpg
[03:48:09] Image_Downloader: Download failed (https://raw.githubusercontent.com/Derushir/Kepek/main/67c6357751300334f52e35f893ac854f/news/az-american-truck-simulator-kovetkezo-dlc-je-eszak-dakotat-h.jpg): 404 Client Error: Not Found for url: https://raw.githubusercontent.com/Derushir/Kepek/main/67c6357751300334f52e35f893ac854f/news/az-american-truck-simulator-kovetkezo-dlc-je-eszak-dakotat-h.jpg
[03:48:09] Image_Downloader: Download failed (https://raw.githubusercontent.com/Derushir/Kepek/main/67c6357751300334f52e35f893ac854f/news/jubileumi-35-muveszetek-volgye-tobb-mint-4500-program-varja-.webp): 404 Client Error: Not Found for url: https://raw.githubusercontent.com/Derushir/Kepek/main/67c6357751300334f52e35f893ac854f/news/jubileumi-35-muveszetek-volgye-tobb-mint-4500-program-varja-.webp
[03:48:09] Image_Downloader: Download failed (https://raw.githubusercontent.com/Derushir/Kepek/main/67c6357751300334f52e35f893ac854f/news/peto-bruno-tanacsai-a-kanikulai-koncertezeshez-a-hidratalas-.jpg): 404 Client Error: Not Found for url: https://raw.githubusercontent.com/Derushir/Kepek/main/67c6357751300334f52e35f893ac854f/news/peto-bruno-tanacsai-a-kanikulai-koncertezeshez-a-hidratalas-.jpg
[03:48:10] Image_Downloader: Download failed (https://raw.githubusercontent.com/Derushir/Kepek/main/67c6357751300334f52e35f893ac854f/news/globalis-memoriachip-hiany-hatraltatja-a-macbook-air-ertekes.png): 404 Client Error: Not Found for url: https://raw.githubusercontent.com/Derushir/Kepek/main/67c6357751300334f52e35f893ac854f/news/globalis-memoriachip-hiany-hatraltatja-a-macbook-air-ertekes.png
[03:48:10] Image_Downloader: Download failed (https://raw.githubusercontent.com/Derushir/Kepek/main/67c6357751300334f52e35f893ac854f/news/nb-i-a-ferencvaros-pontokat-hullajtott-az-eto-kiutotte-a-nyi.jpg): 404 Client Error: Not Found for url: https://raw.githubusercontent.com/Derushir/Kepek/main/67c6357751300334f52e35f893ac854f/news/nb-i-a-ferencvaros-pontokat-hullajtott-az-eto-kiutotte-a-nyi.jpg
[03:48:10] Image_Downloader: Download failed (https://raw.githubusercontent.com/Derushir/Kepek/main/67c6357751300334f52e35f893ac854f/news/ontozesi-tilalom-alatt-is-locsolnak-tobb-stadionban-a-klubok.jpg): 404 Client Error: Not Found for url: https://raw.githubusercontent.com/Derushir/Kepek/main/67c6357751300334f52e35f893ac854f/news/ontozesi-tilalom-alatt-is-locsolnak-tobb-stadionban-a-klubok.jpg
[03:48:10] Image_Downloader: Download failed (https://raw.githubusercontent.com/Derushir/Kepek/main/67c6357751300334f52e35f893ac854f/news/tortenelmi-merfoldko-elindult-a-noi-profi-baseball-liga-az-e.jpg): 404 Client Error: Not Found for url: https://raw.githubusercontent.com/Derushir/Kepek/main/67c6357751300334f52e35f893ac854f/news/tortenelmi-merfoldko-elindult-a-noi-profi-baseball-liga-az-e.jpg
[03:48:11] Image_Downloader: Download failed (https://raw.githubusercontent.com/Derushir/Kepek/main/67c6357751300334f52e35f893ac854f/news/minden-hatodik-part-erint-a-meddoseg-a-hormonalis-zavarok-a-.jpg): 404 Client Error: Not Found for url: https://raw.githubusercontent.com/Derushir/Kepek/main/67c6357751300334f52e35f893ac854f/news/minden-hatodik-part-erint-a-meddoseg-a-hormonalis-zavarok-a-.jpg
[03:48:11] Image_Downloader: Download failed (https://raw.githubusercontent.com/Derushir/Kepek/main/67c6357751300334f52e35f893ac854f/news/tortenelmi-melyponton-a-baldurs-gate-3-ara-a-harmadik-evford.jpg): 404 Client Error: Not Found for url: https://raw.githubusercontent.com/Derushir/Kepek/main/67c6357751300334f52e35f893ac854f/news/tortenelmi-melyponton-a-baldurs-gate-3-ara-a-harmadik-evford.jpg
[04:03:33] Image_Downloader: Download failed (https://cdn.mos.cms.futurecdn.net/wGYg4gdNXtacCXqv7fc6xM-2560-80.jpg): ('Connection aborted.', ConnectionResetError(54, 'Connection reset by peer'))
[04:03:33] Image_Downloader: Download failed (https://raw.githubusercontent.com/Derushir/Kepek/main/67c6357751300334f52e35f893ac854f/news/a-korabbi-manchester-united-sztar-jadon-sancho-tizedosztalyu.jpg): ('Connection aborted.', ConnectionResetError(54, 'Connection reset by peer'))
[04:03:33] Image_Downloader: Download failed (https://raw.githubusercontent.com/Derushir/Kepek/main/67c6357751300334f52e35f893ac854f/news/borbely-balazs-kritikaja-elegedetlen-a-ferencvaros-teljesitm.jpg): ('Connection aborted.', ConnectionResetError(54, 'Connection reset by peer'))
[04:03:33] Image_Downloader: Download failed (https://media.port.hu/images/001/146/606.jpg): ('Connection aborted.', ConnectionResetError(54, 'Connection reset by peer'))
[04:03:33] Image_Downloader: Download failed (https://raw.githubusercontent.com/Derushir/Kepek/main/67c6357751300334f52e35f893ac854f/news/hagyomanyos-es-modern-fanta-szelet-igy-keszitsuk-el-a-noszta.jpg): 404 Client Error: Not Found for url: https://raw.githubusercontent.com/Derushir/Kepek/main/67c6357751300334f52e35f893ac854f/news/hagyomanyos-es-modern-fanta-szelet-igy-keszitsuk-el-a-noszta.jpg
[04:03:33] Image_Downloader: Download failed (https://raw.githubusercontent.com/Derushir/Kepek/main/67c6357751300334f52e35f893ac854f/news/montreal-50-cservenyak-tibor-az-olimpiai-aranytol-a-rakkutat.jpg): 404 Client Error: Not Found for url: https://raw.githubusercontent.com/Derushir/Kepek/main/67c6357751300334f52e35f893ac854f/news/montreal-50-cservenyak-tibor-az-olimpiai-aranytol-a-rakkutat.jpg
[04:03:34] Image_Downloader: Download failed (https://raw.githubusercontent.com/Derushir/Kepek/main/67c6357751300334f52e35f893ac854f/news/leleplezodott-a-banki-csalo-a-technikai-reszletekbe-bukott-b.jpg): 404 Client Error: Not Found for url: https://raw.githubusercontent.com/Derushir/Kepek/main/67c6357751300334f52e35f893ac854f/news/leleplezodott-a-banki-csalo-a-technikai-reszletekbe-bukott-b.jpg
[04:03:34] Image_Downloader: Download failed (https://raw.githubusercontent.com/Derushir/Kepek/main/67c6357751300334f52e35f893ac854f/news/uj-megkozelites-a-kriptovilagban-a-seasons-protokoll-tranzak.jpg): 404 Client Error: Not Found for url: https://raw.githubusercontent.com/Derushir/Kepek/main/67c6357751300334f52e35f893ac854f/news/uj-megkozelites-a-kriptovilagban-a-seasons-protokoll-tranzak.jpg
[04:03:34] Image_Downloader: Download failed (https://raw.githubusercontent.com/Derushir/Kepek/main/67c6357751300334f52e35f893ac854f/news/szallasukkal-elegedetlen-szir-menekultek-gyujtottak-tuzet-za.jpg): 404 Client Error: Not Found for url: https://raw.githubusercontent.com/Derushir/Kepek/main/67c6357751300334f52e35f893ac854f/news/szallasukkal-elegedetlen-szir-menekultek-gyujtottak-tuzet-za.jpg
[04:03:34] Image_Downloader: Download failed (https://raw.githubusercontent.com/Derushir/Kepek/main/67c6357751300334f52e35f893ac854f/news/a-tampa-bay-rays-leigazolta-a-mets-dobojat-freddy-peraltat.jpg): 404 Client Error: Not Found for url: https://raw.githubusercontent.com/Derushir/Kepek/main/67c6357751300334f52e35f893ac854f/news/a-tampa-bay-rays-leigazolta-a-mets-dobojat-freddy-peraltat.jpg
[04:03:34] Image_Downloader: Download failed (https://raw.githubusercontent.com/Derushir/Kepek/main/67c6357751300334f52e35f893ac854f/news/cserna-szabo-andras-a-valosag-neha-misztikusabb-minden-kital.jpg): 404 Client Error: Not Found for url: https://raw.githubusercontent.com/Derushir/Kepek/main/67c6357751300334f52e35f893ac854f/news/cserna-szabo-andras-a-valosag-neha-misztikusabb-minden-kital.jpg
[04:03:34] Image_Downloader: Download failed (https://raw.githubusercontent.com/Derushir/Kepek/main/67c6357751300334f52e35f893ac854f/news/ot-kifejezes-amely-lerombolhatja-a-vezetoi-bizalmat.jpg): 404 Client Error: Not Found for url: https://raw.githubusercontent.com/Derushir/Kepek/main/67c6357751300334f52e35f893ac854f/news/ot-kifejezes-amely-lerombolhatja-a-vezetoi-bizalmat.jpg
[04:03:34] Image_Downloader: Download failed (https://raw.githubusercontent.com/Derushir/Kepek/main/67c6357751300334f52e35f893ac854f/news/visszater-san-diegoba-az-amerikai-haditengereszet-uss-theodo.jpg): 404 Client Error: Not Found for url: https://raw.githubusercontent.com/Derushir/Kepek/main/67c6357751300334f52e35f893ac854f/news/visszater-san-diegoba-az-amerikai-haditengereszet-uss-theodo.jpg
[04:03:35] Image_Downloader: Download failed (https://raw.githubusercontent.com/Derushir/Kepek/main/67c6357751300334f52e35f893ac854f/news/a-greenhouse-vezerigazgatoja-szerint-az-ai-interjuk-levaltha.jpg): 404 Client Error: Not Found for url: https://raw.githubusercontent.com/Derushir/Kepek/main/67c6357751300334f52e35f893ac854f/news/a-greenhouse-vezerigazgatoja-szerint-az-ai-interjuk-levaltha.jpg
[04:03:36] Image_Downloader: Download failed (https://raw.githubusercontent.com/Derushir/Kepek/main/67c6357751300334f52e35f893ac854f/news/jovo-heten-41-42-fokos-brutalis-hohullam-eri-el-magyarorszag.jpg): 404 Client Error: Not Found for url: https://raw.githubusercontent.com/Derushir/Kepek/main/67c6357751300334f52e35f893ac854f/news/jovo-heten-41-42-fokos-brutalis-hohullam-eri-el-magyarorszag.jpg
[04:03:36] Image_Downloader: Download failed (https://raw.githubusercontent.com/Derushir/Kepek/main/67c6357751300334f52e35f893ac854f/news/meg-varat-magara-a-honkai-nexus-anima-megjelenese-tobb-teszt.jpg): 404 Client Error: Not Found for url: https://raw.githubusercontent.com/Derushir/Kepek/main/67c6357751300334f52e35f893ac854f/news/meg-varat-magara-a-honkai-nexus-anima-megjelenese-tobb-teszt.jpg
[04:03:36] Image_Downloader: Download failed (https://raw.githubusercontent.com/Derushir/Kepek/main/67c6357751300334f52e35f893ac854f/news/torok-szappanopera-stilusban-keszult-el-az-uj-sandokan-soroz.webp): 404 Client Error: Not Found for url: https://raw.githubusercontent.com/Derushir/Kepek/main/67c6357751300334f52e35f893ac854f/news/torok-szappanopera-stilusban-keszult-el-az-uj-sandokan-soroz.webp
[04:03:36] Image_Downloader: Download failed (https://raw.githubusercontent.com/Derushir/Kepek/main/67c6357751300334f52e35f893ac854f/news/asztrologiai-utmutato-az-onbecsules-es-a-kapcsolatok-hete-au.jpg): 404 Client Error: Not Found for url: https://raw.githubusercontent.com/Derushir/Kepek/main/67c6357751300334f52e35f893ac854f/news/asztrologiai-utmutato-az-onbecsules-es-a-kapcsolatok-hete-au.jpg
[04:03:36] Image_Downloader: Download failed (https://raw.githubusercontent.com/Derushir/Kepek/main/67c6357751300334f52e35f893ac854f/news/szakertoi-cafolat-robert-f-kennedy-jr-egeszsegugyi-allitasai.jpg): 404 Client Error: Not Found for url: https://raw.githubusercontent.com/Derushir/Kepek/main/67c6357751300334f52e35f893ac854f/news/szakertoi-cafolat-robert-f-kennedy-jr-egeszsegugyi-allitasai.jpg
[04:03:36] Image_Downloader: Download failed (https://raw.githubusercontent.com/Derushir/Kepek/main/67c6357751300334f52e35f893ac854f/news/rekordokat-dontoget-az-amerikai-mozipenztaraknal-a-pokember-.jpg): 404 Client Error: Not Found for url: https://raw.githubusercontent.com/Derushir/Kepek/main/67c6357751300334f52e35f893ac854f/news/rekordokat-dontoget-az-amerikai-mozipenztaraknal-a-pokember-.jpg
[04:03:37] Image_Downloader: Download failed (https://raw.githubusercontent.com/Derushir/Kepek/main/67c6357751300334f52e35f893ac854f/news/a-tuzjegyek-kozos-vonasai-batorsag-szenvedely-es-inspiracio.jpg): 404 Client Error: Not Found for url: https://raw.githubusercontent.com/Derushir/Kepek/main/67c6357751300334f52e35f893ac854f/news/a-tuzjegyek-kozos-vonasai-batorsag-szenvedely-es-inspiracio.jpg
[04:03:37] Image_Downloader: Download failed (https://raw.githubusercontent.com/Derushir/Kepek/main/67c6357751300334f52e35f893ac854f/news/augusztus-3-9-kozotti-streaming-premierek-ted-lasso-es-nosfe.jpg): 404 Client Error: Not Found for url: https://raw.githubusercontent.com/Derushir/Kepek/main/67c6357751300334f52e35f893ac854f/news/augusztus-3-9-kozotti-streaming-premierek-ted-lasso-es-nosfe.jpg
[04:03:37] Image_Downloader: Download failed (https://raw.githubusercontent.com/Derushir/Kepek/main/67c6357751300334f52e35f893ac854f/news/a-flighthub-a-szallasfoglalassal-boviti-szolgaltatasait-az-u.jpg): 404 Client Error: Not Found for url: https://raw.githubusercontent.com/Derushir/Kepek/main/67c6357751300334f52e35f893ac854f/news/a-flighthub-a-szallasfoglalassal-boviti-szolgaltatasait-az-u.jpg
[04:03:37] Image_Downloader: Download failed (https://raw.githubusercontent.com/Derushir/Kepek/main/67c6357751300334f52e35f893ac854f/news/a-playstation-plus-elofizetok-koreben-hatalmas-sikert-arat-a.jpg): 404 Client Error: Not Found for url: https://raw.githubusercontent.com/Derushir/Kepek/main/67c6357751300334f52e35f893ac854f/news/a-playstation-plus-elofizetok-koreben-hatalmas-sikert-arat-a.jpg
[04:03:37] Image_Downloader: Download failed (https://raw.githubusercontent.com/Derushir/Kepek/main/67c6357751300334f52e35f893ac854f/news/a-fekete-szin-jelentesretegei-miert-tarsitjuk-a-tiltott-dolg.jpg): 404 Client Error: Not Found for url: https://raw.githubusercontent.com/Derushir/Kepek/main/67c6357751300334f52e35f893ac854f/news/a-fekete-szin-jelentesretegei-miert-tarsitjuk-a-tiltott-dolg.jpg
[04:03:38] Image_Downloader: Download failed (https://raw.githubusercontent.com/Derushir/Kepek/main/67c6357751300334f52e35f893ac854f/news/ujra-a-szuleszeti-rendszer-utvesztoiben-egy-kismama-dilemmai.jpg): 404 Client Error: Not Found for url: https://raw.githubusercontent.com/Derushir/Kepek/main/67c6357751300334f52e35f893ac854f/news/ujra-a-szuleszeti-rendszer-utvesztoiben-egy-kismama-dilemmai.jpg
[04:03:42] Image_Downloader: Download failed (https://raw.githubusercontent.com/Derushir/Kepek/main/67c6357751300334f52e35f893ac854f/news/a-juventus-leigazolta-randal-kolo-muanit-es-kerim-alajbegovi.jpg): 404 Client Error: Not Found for url: https://raw.githubusercontent.com/Derushir/Kepek/main/67c6357751300334f52e35f893ac854f/news/a-juventus-leigazolta-randal-kolo-muanit-es-kerim-alajbegovi.jpg
[04:03:54] Image_Downloader: Download failed (https://raw.githubusercontent.com/Derushir/Kepek/main/67c6357751300334f52e35f893ac854f/news/leleplezodott-a-banki-csalo-a-technikai-reszletekbe-bukott-b.jpg): 404 Client Error: Not Found for url: https://raw.githubusercontent.com/Derushir/Kepek/main/67c6357751300334f52e35f893ac854f/news/leleplezodott-a-banki-csalo-a-technikai-reszletekbe-bukott-b.jpg
[04:03:54] Image_Downloader: Download failed (https://raw.githubusercontent.com/Derushir/Kepek/main/67c6357751300334f52e35f893ac854f/news/szallasukkal-elegedetlen-szir-menekultek-gyujtottak-tuzet-za.jpg): 404 Client Error: Not Found for url: https://raw.githubusercontent.com/Derushir/Kepek/main/67c6357751300334f52e35f893ac854f/news/szallasukkal-elegedetlen-szir-menekultek-gyujtottak-tuzet-za.jpg
[04:03:54] Image_Downloader: Download failed (https://raw.githubusercontent.com/Derushir/Kepek/main/67c6357751300334f52e35f893ac854f/news/a-fekete-szin-jelentesretegei-miert-tarsitjuk-a-tiltott-dolg.jpg): 404 Client Error: Not Found for url: https://raw.githubusercontent.com/Derushir/Kepek/main/67c6357751300334f52e35f893ac854f/news/a-fekete-szin-jelentesretegei-miert-tarsitjuk-a-tiltott-dolg.jpg
[04:03:54] Image_Downloader: Download failed (https://raw.githubusercontent.com/Derushir/Kepek/main/67c6357751300334f52e35f893ac854f/news/cserna-szabo-andras-a-valosag-neha-misztikusabb-minden-kital.jpg): 404 Client Error: Not Found for url: https://raw.githubusercontent.com/Derushir/Kepek/main/67c6357751300334f52e35f893ac854f/news/cserna-szabo-andras-a-valosag-neha-misztikusabb-minden-kital.jpg
[04:03:54] Image_Downloader: Download failed (https://raw.githubusercontent.com/Derushir/Kepek/main/67c6357751300334f52e35f893ac854f/news/szakertoi-cafolat-robert-f-kennedy-jr-egeszsegugyi-allitasai.jpg): 404 Client Error: Not Found for url: https://raw.githubusercontent.com/Derushir/Kepek/main/67c6357751300334f52e35f893ac854f/news/szakertoi-cafolat-robert-f-kennedy-jr-egeszsegugyi-allitasai.jpg
[04:03:54] Image_Downloader: Download failed (https://raw.githubusercontent.com/Derushir/Kepek/main/67c6357751300334f52e35f893ac854f/news/energiatakarekossag-a-cinema-city-mozijaiban-magasabb-homers.jpg): 404 Client Error: Not Found for url: https://raw.githubusercontent.com/Derushir/Kepek/main/67c6357751300334f52e35f893ac854f/news/energiatakarekossag-a-cinema-city-mozijaiban-magasabb-homers.jpg
[04:03:54] Image_Downloader: Download failed (https://raw.githubusercontent.com/Derushir/Kepek/main/67c6357751300334f52e35f893ac854f/news/visszater-san-diegoba-az-amerikai-haditengereszet-uss-theodo.jpg): 404 Client Error: Not Found for url: https://raw.githubusercontent.com/Derushir/Kepek/main/67c6357751300334f52e35f893ac854f/news/visszater-san-diegoba-az-amerikai-haditengereszet-uss-theodo.jpg
[04:03:54] Image_Downloader: Download failed (https://raw.githubusercontent.com/Derushir/Kepek/main/67c6357751300334f52e35f893ac854f/news/nincs-ok-panikra-zavartalan-az-asvanyviz-ellatas-magyarorsza.jpg): 404 Client Error: Not Found for url: https://raw.githubusercontent.com/Derushir/Kepek/main/67c6357751300334f52e35f893ac854f/news/nincs-ok-panikra-zavartalan-az-asvanyviz-ellatas-magyarorsza.jpg
[04:03:54] Image_Downloader: Download failed (https://raw.githubusercontent.com/Derushir/Kepek/main/67c6357751300334f52e35f893ac854f/news/tortenelmi-agyugolyo-kerult-elo-a-leapadt-dunabol-az-erzsebe.jpg): 404 Client Error: Not Found for url: https://raw.githubusercontent.com/Derushir/Kepek/main/67c6357751300334f52e35f893ac854f/news/tortenelmi-agyugolyo-kerult-elo-a-leapadt-dunabol-az-erzsebe.jpg
[04:03:54] Image_Downloader: Download failed (https://raw.githubusercontent.com/Derushir/Kepek/main/67c6357751300334f52e35f893ac854f/news/teszteltuk-az-anker-soundcore-boom-go-3i-hangszorot.jpg): 404 Client Error: Not Found for url: https://raw.githubusercontent.com/Derushir/Kepek/main/67c6357751300334f52e35f893ac854f/news/teszteltuk-az-anker-soundcore-boom-go-3i-hangszorot.jpg
[04:03:54] Image_Downloader: Download failed (https://raw.githubusercontent.com/Derushir/Kepek/main/67c6357751300334f52e35f893ac854f/news/eu-s-haditengereszeti-akcio-az-orosz-arnyekflotta-egyik-tank.jpg): 404 Client Error: Not Found for url: https://raw.githubusercontent.com/Derushir/Kepek/main/67c6357751300334f52e35f893ac854f/news/eu-s-haditengereszeti-akcio-az-orosz-arnyekflotta-egyik-tank.jpg
[04:03:54] Image_Downloader: Download failed (https://raw.githubusercontent.com/Derushir/Kepek/main/67c6357751300334f52e35f893ac854f/news/kibertamadas-erte-a-magyar-allamkincstar-informatikai-rendsz.jpg): 404 Client Error: Not Found for url: https://raw.githubusercontent.com/Derushir/Kepek/main/67c6357751300334f52e35f893ac854f/news/kibertamadas-erte-a-magyar-allamkincstar-informatikai-rendsz.jpg
[04:03:55] Image_Downloader: Download failed (https://raw.githubusercontent.com/Derushir/Kepek/main/67c6357751300334f52e35f893ac854f/news/globalis-memoriachip-hiany-hatraltatja-a-macbook-air-ertekes.png): 404 Client Error: Not Found for url: https://raw.githubusercontent.com/Derushir/Kepek/main/67c6357751300334f52e35f893ac854f/news/globalis-memoriachip-hiany-hatraltatja-a-macbook-air-ertekes.png
[04:03:55] Image_Downloader: Download failed (https://raw.githubusercontent.com/Derushir/Kepek/main/67c6357751300334f52e35f893ac854f/news/tortenelmi-melyponton-a-rajna-vizszintje-fennakadasok-varhat.jpg): 404 Client Error: Not Found for url: https://raw.githubusercontent.com/Derushir/Kepek/main/67c6357751300334f52e35f893ac854f/news/tortenelmi-melyponton-a-rajna-vizszintje-fennakadasok-varhat.jpg
[04:03:55] Image_Downloader: Download failed (https://raw.githubusercontent.com/Derushir/Kepek/main/67c6357751300334f52e35f893ac854f/news/a-greenhouse-vezerigazgatoja-szerint-az-ai-interjuk-levaltha.jpg): 404 Client Error: Not Found for url: https://raw.githubusercontent.com/Derushir/Kepek/main/67c6357751300334f52e35f893ac854f/news/a-greenhouse-vezerigazgatoja-szerint-az-ai-interjuk-levaltha.jpg
[04:03:55] Image_Downloader: Download failed (https://raw.githubusercontent.com/Derushir/Kepek/main/67c6357751300334f52e35f893ac854f/news/jovo-heten-41-42-fokos-brutalis-hohullam-eri-el-magyarorszag.jpg): 404 Client Error: Not Found for url: https://raw.githubusercontent.com/Derushir/Kepek/main/67c6357751300334f52e35f893ac854f/news/jovo-heten-41-42-fokos-brutalis-hohullam-eri-el-magyarorszag.jpg
[04:03:55] Image_Downloader: Download failed (https://raw.githubusercontent.com/Derushir/Kepek/main/67c6357751300334f52e35f893ac854f/news/sam-altman-szerint-lassitani-kellene-a-mesterseges-intellige.jpg): 404 Client Error: Not Found for url: https://raw.githubusercontent.com/Derushir/Kepek/main/67c6357751300334f52e35f893ac854f/news/sam-altman-szerint-lassitani-kellene-a-mesterseges-intellige.jpg
[04:03:55] Image_Downloader: Download failed (https://raw.githubusercontent.com/Derushir/Kepek/main/67c6357751300334f52e35f893ac854f/news/izuleti-kopas-kezelese-menstruacios-verbol-szarmazo-sejtekke.jpg): 404 Client Error: Not Found for url: https://raw.githubusercontent.com/Derushir/Kepek/main/67c6357751300334f52e35f893ac854f/news/izuleti-kopas-kezelese-menstruacios-verbol-szarmazo-sejtekke.jpg
[04:03:55] Image_Downloader: Download failed (https://raw.githubusercontent.com/Derushir/Kepek/main/67c6357751300334f52e35f893ac854f/news/ontozesi-tilalom-alatt-is-locsolnak-tobb-stadionban-a-klubok.jpg): 404 Client Error: Not Found for url: https://raw.githubusercontent.com/Derushir/Kepek/main/67c6357751300334f52e35f893ac854f/news/ontozesi-tilalom-alatt-is-locsolnak-tobb-stadionban-a-klubok.jpg
[04:03:56] Image_Downloader: Download failed (https://raw.githubusercontent.com/Derushir/Kepek/main/67c6357751300334f52e35f893ac854f/news/a-sordely-allomanya-jelzi-a-mezogazdasagi-teruletek-okologia.jpg): 404 Client Error: Not Found for url: https://raw.githubusercontent.com/Derushir/Kepek/main/67c6357751300334f52e35f893ac854f/news/a-sordely-allomanya-jelzi-a-mezogazdasagi-teruletek-okologia.jpg
[04:03:58] Image_Downloader: Download failed (https://raw.githubusercontent.com/Derushir/Kepek/main/67c6357751300334f52e35f893ac854f/news/torok-szappanopera-stilusban-keszult-el-az-uj-sandokan-soroz.webp): 404 Client Error: Not Found for url: https://raw.githubusercontent.com/Derushir/Kepek/main/67c6357751300334f52e35f893ac854f/news/torok-szappanopera-stilusban-keszult-el-az-uj-sandokan-soroz.webp
[04:03:58] Image_Downloader: Download failed (https://raw.githubusercontent.com/Derushir/Kepek/main/67c6357751300334f52e35f893ac854f/news/targyalastechnikai-alapok-a-nyertes-nyertes-strategia-elsaja.jpg): 404 Client Error: Not Found for url: https://raw.githubusercontent.com/Derushir/Kepek/main/67c6357751300334f52e35f893ac854f/news/targyalastechnikai-alapok-a-nyertes-nyertes-strategia-elsaja.jpg
[04:03:58] Image_Downloader: Download failed (https://raw.githubusercontent.com/Derushir/Kepek/main/67c6357751300334f52e35f893ac854f/news/a-flighthub-a-szallasfoglalassal-boviti-szolgaltatasait-az-u.jpg): 404 Client Error: Not Found for url: https://raw.githubusercontent.com/Derushir/Kepek/main/67c6357751300334f52e35f893ac854f/news/a-flighthub-a-szallasfoglalassal-boviti-szolgaltatasait-az-u.jpg
[04:03:58] Image_Downloader: Download failed (https://raw.githubusercontent.com/Derushir/Kepek/main/67c6357751300334f52e35f893ac854f/news/het-ev-veszteseg-utan-ujra-nyereseges-a-deutsche-bahn.jpg): 404 Client Error: Not Found for url: https://raw.githubusercontent.com/Derushir/Kepek/main/67c6357751300334f52e35f893ac854f/news/het-ev-veszteseg-utan-ujra-nyereseges-a-deutsche-bahn.jpg
[04:03:58] Image_Downloader: Download failed (https://raw.githubusercontent.com/Derushir/Kepek/main/67c6357751300334f52e35f893ac854f/news/megerkezett-az-hbo-maxra-a-nyomi-szerencsetlen-utazasai.jpg): 404 Client Error: Not Found for url: https://raw.githubusercontent.com/Derushir/Kepek/main/67c6357751300334f52e35f893ac854f/news/megerkezett-az-hbo-maxra-a-nyomi-szerencsetlen-utazasai.jpg
[04:03:58] Image_Downloader: Download failed (https://raw.githubusercontent.com/Derushir/Kepek/main/67c6357751300334f52e35f893ac854f/news/a-spider-man-brand-new-day-927-millio-dollaros-nyitassal-a-m.jpg): 404 Client Error: Not Found for url: https://raw.githubusercontent.com/Derushir/Kepek/main/67c6357751300334f52e35f893ac854f/news/a-spider-man-brand-new-day-927-millio-dollaros-nyitassal-a-m.jpg
[04:03:59] Image_Downloader: Download failed (https://raw.githubusercontent.com/Derushir/Kepek/main/67c6357751300334f52e35f893ac854f/news/amikor-a-rendezo-nem-engedett-tom-cruise-akaratanak.jpg): 404 Client Error: Not Found for url: https://raw.githubusercontent.com/Derushir/Kepek/main/67c6357751300334f52e35f893ac854f/news/amikor-a-rendezo-nem-engedett-tom-cruise-akaratanak.jpg
[04:03:59] Image_Downloader: Download failed (https://raw.githubusercontent.com/Derushir/Kepek/main/67c6357751300334f52e35f893ac854f/news/hideo-kojima-meltatta-az-uj-pokember-filmet-a-brand-new-day-.jpg): 404 Client Error: Not Found for url: https://raw.githubusercontent.com/Derushir/Kepek/main/67c6357751300334f52e35f893ac854f/news/hideo-kojima-meltatta-az-uj-pokember-filmet-a-brand-new-day-.jpg
[04:03:59] Image_Downloader: Download failed (https://raw.githubusercontent.com/Derushir/Kepek/main/67c6357751300334f52e35f893ac854f/news/a-bts-normal-cimu-dala-a-masodik-helyig-jutott-a-globalis-li.jpg): 404 Client Error: Not Found for url: https://raw.githubusercontent.com/Derushir/Kepek/main/67c6357751300334f52e35f893ac854f/news/a-bts-normal-cimu-dala-a-masodik-helyig-jutott-a-globalis-li.jpg
[04:03:59] Image_Downloader: Download failed (https://raw.githubusercontent.com/Derushir/Kepek/main/67c6357751300334f52e35f893ac854f/news/megujul-a-tv2-hirmusora-augusztus-3-tol-tv2-hirado-neven-fol.jpg): 404 Client Error: Not Found for url: https://raw.githubusercontent.com/Derushir/Kepek/main/67c6357751300334f52e35f893ac854f/news/megujul-a-tv2-hirmusora-augusztus-3-tol-tv2-hirado-neven-fol.jpg
[04:03:59] Image_Downloader: Download failed (https://raw.githubusercontent.com/Derushir/Kepek/main/67c6357751300334f52e35f893ac854f/news/augusztus-3-9-kozotti-streaming-premierek-ted-lasso-es-nosfe.jpg): 404 Client Error: Not Found for url: https://raw.githubusercontent.com/Derushir/Kepek/main/67c6357751300334f52e35f893ac854f/news/augusztus-3-9-kozotti-streaming-premierek-ted-lasso-es-nosfe.jpg
[04:03:59] Image_Downloader: Download failed (https://raw.githubusercontent.com/Derushir/Kepek/main/67c6357751300334f52e35f893ac854f/news/chainsmoker-cat-sotet-humoru-animacios-sorozat-a-fuggosegekr.jpg): 404 Client Error: Not Found for url: https://raw.githubusercontent.com/Derushir/Kepek/main/67c6357751300334f52e35f893ac854f/news/chainsmoker-cat-sotet-humoru-animacios-sorozat-a-fuggosegekr.jpg
[04:03:59] Image_Downloader: Download failed (https://raw.githubusercontent.com/Derushir/Kepek/main/67c6357751300334f52e35f893ac854f/news/rekordokat-dontoget-az-amerikai-mozipenztaraknal-a-pokember-.jpg): 404 Client Error: Not Found for url: https://raw.githubusercontent.com/Derushir/Kepek/main/67c6357751300334f52e35f893ac854f/news/rekordokat-dontoget-az-amerikai-mozipenztaraknal-a-pokember-.jpg
[04:03:59] Image_Downloader: Download failed (https://raw.githubusercontent.com/Derushir/Kepek/main/67c6357751300334f52e35f893ac854f/news/mike-flanagan-ujabb-stephen-king-adaptacioja-a-carrie-soroza.jpg): 404 Client Error: Not Found for url: https://raw.githubusercontent.com/Derushir/Kepek/main/67c6357751300334f52e35f893ac854f/news/mike-flanagan-ujabb-stephen-king-adaptacioja-a-carrie-soroza.jpg
[04:03:59] Image_Downloader: Download failed (https://raw.githubusercontent.com/Derushir/Kepek/main/67c6357751300334f52e35f893ac854f/news/huszonot-eves-a-mas-vilag-miert-maradt-megismetelhetetlen-a-.jpg): 404 Client Error: Not Found for url: https://raw.githubusercontent.com/Derushir/Kepek/main/67c6357751300334f52e35f893ac854f/news/huszonot-eves-a-mas-vilag-miert-maradt-megismetelhetetlen-a-.jpg
[04:03:59] Image_Downloader: Download failed (https://raw.githubusercontent.com/Derushir/Kepek/main/67c6357751300334f52e35f893ac854f/news/a-family-guy-halloweeni-kulonkiadasaban-brian-es-stewie-a-po.jpg): 404 Client Error: Not Found for url: https://raw.githubusercontent.com/Derushir/Kepek/main/67c6357751300334f52e35f893ac854f/news/a-family-guy-halloweeni-kulonkiadasaban-brian-es-stewie-a-po.jpg
[04:03:59] Image_Downloader: Download failed (https://raw.githubusercontent.com/Derushir/Kepek/main/67c6357751300334f52e35f893ac854f/news/jubileumi-35-muveszetek-volgye-tobb-mint-4500-program-varja-.webp): 404 Client Error: Not Found for url: https://raw.githubusercontent.com/Derushir/Kepek/main/67c6357751300334f52e35f893ac854f/news/jubileumi-35-muveszetek-volgye-tobb-mint-4500-program-varja-.webp
[04:04:00] Image_Downloader: Download failed (https://raw.githubusercontent.com/Derushir/Kepek/main/67c6357751300334f52e35f893ac854f/news/az-american-truck-simulator-kovetkezo-dlc-je-eszak-dakotat-h.jpg): 404 Client Error: Not Found for url: https://raw.githubusercontent.com/Derushir/Kepek/main/67c6357751300334f52e35f893ac854f/news/az-american-truck-simulator-kovetkezo-dlc-je-eszak-dakotat-h.jpg
[04:04:00] Image_Downloader: Download failed (https://raw.githubusercontent.com/Derushir/Kepek/main/67c6357751300334f52e35f893ac854f/news/a-warhammer-40000-rogue-trader-harom-evvel-a-megjelenes-utan.jpg): 404 Client Error: Not Found for url: https://raw.githubusercontent.com/Derushir/Kepek/main/67c6357751300334f52e35f893ac854f/news/a-warhammer-40000-rogue-trader-harom-evvel-a-megjelenes-utan.jpg
[04:04:01] Image_Downloader: Download failed (https://raw.githubusercontent.com/Derushir/Kepek/main/67c6357751300334f52e35f893ac854f/news/meg-varat-magara-a-honkai-nexus-anima-megjelenese-tobb-teszt.jpg): 404 Client Error: Not Found for url: https://raw.githubusercontent.com/Derushir/Kepek/main/67c6357751300334f52e35f893ac854f/news/meg-varat-magara-a-honkai-nexus-anima-megjelenese-tobb-teszt.jpg
[04:04:01] Image_Downloader: Download failed (https://raw.githubusercontent.com/Derushir/Kepek/main/67c6357751300334f52e35f893ac854f/news/ingyenesen-letolthetove-valt-a-mystic-depths-the-corrupted-k.jpg): 404 Client Error: Not Found for url: https://raw.githubusercontent.com/Derushir/Kepek/main/67c6357751300334f52e35f893ac854f/news/ingyenesen-letolthetove-valt-a-mystic-depths-the-corrupted-k.jpg
[04:04:01] Image_Downloader: Download failed (https://raw.githubusercontent.com/Derushir/Kepek/main/67c6357751300334f52e35f893ac854f/news/tom-holland-az-uncharted-jatekkal-jatszott-a-pokember-forgat.jpg): 404 Client Error: Not Found for url: https://raw.githubusercontent.com/Derushir/Kepek/main/67c6357751300334f52e35f893ac854f/news/tom-holland-az-uncharted-jatekkal-jatszott-a-pokember-forgat.jpg
[04:04:01] Image_Downloader: Download failed (https://raw.githubusercontent.com/Derushir/Kepek/main/67c6357751300334f52e35f893ac854f/news/a-playstation-plus-elofizetok-koreben-hatalmas-sikert-arat-a.jpg): 404 Client Error: Not Found for url: https://raw.githubusercontent.com/Derushir/Kepek/main/67c6357751300334f52e35f893ac854f/news/a-playstation-plus-elofizetok-koreben-hatalmas-sikert-arat-a.jpg
[04:04:02] Image_Downloader: Download failed (https://raw.githubusercontent.com/Derushir/Kepek/main/67c6357751300334f52e35f893ac854f/news/asztrologiai-utmutato-az-onbecsules-es-a-kapcsolatok-hete-au.jpg): 404 Client Error: Not Found for url: https://raw.githubusercontent.com/Derushir/Kepek/main/67c6357751300334f52e35f893ac854f/news/asztrologiai-utmutato-az-onbecsules-es-a-kapcsolatok-hete-au.jpg
[04:04:02] Image_Downloader: Download failed (https://raw.githubusercontent.com/Derushir/Kepek/main/67c6357751300334f52e35f893ac854f/news/uj-megkozelites-a-kriptovilagban-a-seasons-protokoll-tranzak.jpg): 404 Client Error: Not Found for url: https://raw.githubusercontent.com/Derushir/Kepek/main/67c6357751300334f52e35f893ac854f/news/uj-megkozelites-a-kriptovilagban-a-seasons-protokoll-tranzak.jpg
[04:04:02] Image_Downloader: Download failed (https://raw.githubusercontent.com/Derushir/Kepek/main/67c6357751300334f52e35f893ac854f/news/tortenelmi-melyponton-a-baldurs-gate-3-ara-a-harmadik-evford.jpg): 404 Client Error: Not Found for url: https://raw.githubusercontent.com/Derushir/Kepek/main/67c6357751300334f52e35f893ac854f/news/tortenelmi-melyponton-a-baldurs-gate-3-ara-a-harmadik-evford.jpg
[04:04:02] Image_Downloader: Download failed (https://raw.githubusercontent.com/Derushir/Kepek/main/67c6357751300334f52e35f893ac854f/news/ot-kifejezes-amely-lerombolhatja-a-vezetoi-bizalmat.jpg): 404 Client Error: Not Found for url: https://raw.githubusercontent.com/Derushir/Kepek/main/67c6357751300334f52e35f893ac854f/news/ot-kifejezes-amely-lerombolhatja-a-vezetoi-bizalmat.jpg
[04:04:02] Image_Downloader: Download failed (https://raw.githubusercontent.com/Derushir/Kepek/main/67c6357751300334f52e35f893ac854f/news/a-tuzjegyek-kozos-vonasai-batorsag-szenvedely-es-inspiracio.jpg): 404 Client Error: Not Found for url: https://raw.githubusercontent.com/Derushir/Kepek/main/67c6357751300334f52e35f893ac854f/news/a-tuzjegyek-kozos-vonasai-batorsag-szenvedely-es-inspiracio.jpg
[04:04:02] Image_Downloader: Download failed (https://raw.githubusercontent.com/Derushir/Kepek/main/67c6357751300334f52e35f893ac854f/news/a-kutyak-szorongasanak-felismerese-ezek-a-testbeszed-jelei.jpg): 404 Client Error: Not Found for url: https://raw.githubusercontent.com/Derushir/Kepek/main/67c6357751300334f52e35f893ac854f/news/a-kutyak-szorongasanak-felismerese-ezek-a-testbeszed-jelei.jpg
[04:04:02] Image_Downloader: Download failed (https://raw.githubusercontent.com/Derushir/Kepek/main/67c6357751300334f52e35f893ac854f/news/hagyomanyos-es-modern-fanta-szelet-igy-keszitsuk-el-a-noszta.jpg): 404 Client Error: Not Found for url: https://raw.githubusercontent.com/Derushir/Kepek/main/67c6357751300334f52e35f893ac854f/news/hagyomanyos-es-modern-fanta-szelet-igy-keszitsuk-el-a-noszta.jpg
[04:04:03] Image_Downloader: Download failed (https://raw.githubusercontent.com/Derushir/Kepek/main/67c6357751300334f52e35f893ac854f/news/ujra-a-szuleszeti-rendszer-utvesztoiben-egy-kismama-dilemmai.jpg): 404 Client Error: Not Found for url: https://raw.githubusercontent.com/Derushir/Kepek/main/67c6357751300334f52e35f893ac854f/news/ujra-a-szuleszeti-rendszer-utvesztoiben-egy-kismama-dilemmai.jpg
[04:04:03] Image_Downloader: Download failed (https://raw.githubusercontent.com/Derushir/Kepek/main/67c6357751300334f52e35f893ac854f/news/peto-bruno-tanacsai-a-kanikulai-koncertezeshez-a-hidratalas-.jpg): 404 Client Error: Not Found for url: https://raw.githubusercontent.com/Derushir/Kepek/main/67c6357751300334f52e35f893ac854f/news/peto-bruno-tanacsai-a-kanikulai-koncertezeshez-a-hidratalas-.jpg
[04:04:03] Image_Downloader: Download failed (https://raw.githubusercontent.com/Derushir/Kepek/main/67c6357751300334f52e35f893ac854f/news/siri-hustvedt-szellemkep-cimu-kotete-a-paul-austerrel-toltot.jpg): 404 Client Error: Not Found for url: https://raw.githubusercontent.com/Derushir/Kepek/main/67c6357751300334f52e35f893ac854f/news/siri-hustvedt-szellemkep-cimu-kotete-a-paul-austerrel-toltot.jpg
[04:04:03] Image_Downloader: Download failed (https://raw.githubusercontent.com/Derushir/Kepek/main/67c6357751300334f52e35f893ac854f/news/affogato-a-benzinkuton-jatekos-megoldas-a-nyari-fomo-ra-egy-.jpg): 404 Client Error: Not Found for url: https://raw.githubusercontent.com/Derushir/Kepek/main/67c6357751300334f52e35f893ac854f/news/affogato-a-benzinkuton-jatekos-megoldas-a-nyari-fomo-ra-egy-.jpg
[04:04:03] Image_Downloader: Download failed (https://raw.githubusercontent.com/Derushir/Kepek/main/67c6357751300334f52e35f893ac854f/news/minden-hatodik-part-erint-a-meddoseg-a-hormonalis-zavarok-a-.jpg): 404 Client Error: Not Found for url: https://raw.githubusercontent.com/Derushir/Kepek/main/67c6357751300334f52e35f893ac854f/news/minden-hatodik-part-erint-a-meddoseg-a-hormonalis-zavarok-a-.jpg
[04:04:03] Image_Downloader: Download failed (https://raw.githubusercontent.com/Derushir/Kepek/main/67c6357751300334f52e35f893ac854f/news/mesterseges-intelligenciat-hasznalnak-a-magyarok-az-utazasok.jpg): 404 Client Error: Not Found for url: https://raw.githubusercontent.com/Derushir/Kepek/main/67c6357751300334f52e35f893ac854f/news/mesterseges-intelligenciat-hasznalnak-a-magyarok-az-utazasok.jpg
[04:04:04] Image_Downloader: Download failed (https://raw.githubusercontent.com/Derushir/Kepek/main/67c6357751300334f52e35f893ac854f/news/a-korabbi-manchester-united-sztar-jadon-sancho-tizedosztalyu.jpg): 404 Client Error: Not Found for url: https://raw.githubusercontent.com/Derushir/Kepek/main/67c6357751300334f52e35f893ac854f/news/a-korabbi-manchester-united-sztar-jadon-sancho-tizedosztalyu.jpg
[04:04:04] Image_Downloader: Download failed (https://raw.githubusercontent.com/Derushir/Kepek/main/67c6357751300334f52e35f893ac854f/news/uj-reszletek-lattak-napvilagot-liam-payne-halalanak-korulmen.jpg): 404 Client Error: Not Found for url: https://raw.githubusercontent.com/Derushir/Kepek/main/67c6357751300334f52e35f893ac854f/news/uj-reszletek-lattak-napvilagot-liam-payne-halalanak-korulmen.jpg
[04:04:04] Image_Downloader: Download failed (https://raw.githubusercontent.com/Derushir/Kepek/main/67c6357751300334f52e35f893ac854f/news/montreal-50-cservenyak-tibor-az-olimpiai-aranytol-a-rakkutat.jpg): 404 Client Error: Not Found for url: https://raw.githubusercontent.com/Derushir/Kepek/main/67c6357751300334f52e35f893ac854f/news/montreal-50-cservenyak-tibor-az-olimpiai-aranytol-a-rakkutat.jpg
[04:04:04] Image_Downloader: Download failed (https://raw.githubusercontent.com/Derushir/Kepek/main/67c6357751300334f52e35f893ac854f/news/a-tampa-bay-rays-leigazolta-a-mets-dobojat-freddy-peraltat.jpg): 404 Client Error: Not Found for url: https://raw.githubusercontent.com/Derushir/Kepek/main/67c6357751300334f52e35f893ac854f/news/a-tampa-bay-rays-leigazolta-a-mets-dobojat-freddy-peraltat.jpg
[04:04:04] Image_Downloader: Download failed (https://raw.githubusercontent.com/Derushir/Kepek/main/67c6357751300334f52e35f893ac854f/news/tortenelmi-merfoldko-elindult-a-noi-profi-baseball-liga-az-e.jpg): 404 Client Error: Not Found for url: https://raw.githubusercontent.com/Derushir/Kepek/main/67c6357751300334f52e35f893ac854f/news/tortenelmi-merfoldko-elindult-a-noi-profi-baseball-liga-az-e.jpg
[04:04:04] Image_Downloader: Download failed (https://raw.githubusercontent.com/Derushir/Kepek/main/67c6357751300334f52e35f893ac854f/news/nb-i-a-ferencvaros-pontokat-hullajtott-az-eto-kiutotte-a-nyi.jpg): 404 Client Error: Not Found for url: https://raw.githubusercontent.com/Derushir/Kepek/main/67c6357751300334f52e35f893ac854f/news/nb-i-a-ferencvaros-pontokat-hullajtott-az-eto-kiutotte-a-nyi.jpg
[04:04:04] Image_Downloader: Download failed (https://raw.githubusercontent.com/Derushir/Kepek/main/67c6357751300334f52e35f893ac854f/news/gol-nelkuli-dontetlennel-kezdte-a-bajnoksagot-a-ferencvaros-.jpg): 404 Client Error: Not Found for url: https://raw.githubusercontent.com/Derushir/Kepek/main/67c6357751300334f52e35f893ac854f/news/gol-nelkuli-dontetlennel-kezdte-a-bajnoksagot-a-ferencvaros-.jpg
[04:04:04] Image_Downloader: Download failed (https://raw.githubusercontent.com/Derushir/Kepek/main/67c6357751300334f52e35f893ac854f/news/tomegverekedes-es-felbeszakadt-magyar-kupa-meccs-gercen.jpg): 404 Client Error: Not Found for url: https://raw.githubusercontent.com/Derushir/Kepek/main/67c6357751300334f52e35f893ac854f/news/tomegverekedes-es-felbeszakadt-magyar-kupa-meccs-gercen.jpg
[04:04:05] Image_Downloader: Download failed (https://raw.githubusercontent.com/Derushir/Kepek/main/67c6357751300334f52e35f893ac854f/news/borbely-balazs-kritikaja-elegedetlen-a-ferencvaros-teljesitm.jpg): 404 Client Error: Not Found for url: https://raw.githubusercontent.com/Derushir/Kepek/main/67c6357751300334f52e35f893ac854f/news/borbely-balazs-kritikaja-elegedetlen-a-ferencvaros-teljesitm.jpg
[04:04:05] Image_Downloader: Download failed (https://raw.githubusercontent.com/Derushir/Kepek/main/67c6357751300334f52e35f893ac854f/news/a-juventus-leigazolta-randal-kolo-muanit-es-kerim-alajbegovi.jpg): 404 Client Error: Not Found for url: https://raw.githubusercontent.com/Derushir/Kepek/main/67c6357751300334f52e35f893ac854f/news/a-juventus-leigazolta-randal-kolo-muanit-es-kerim-alajbegovi.jpg
