
===== PIPELINE RUN START 2026-09-26T00:04:40 [run_pipeline_persistent] =====

--- RSS Fetch Errors at 2026-09-26 00:10:16 ---
Error fetching https://techpowerup.com/rss/news: HTTP Error 403: 
Error fetching https://fhm.com/feed: Failed to perform, curl: (7) Failed to connect to fhm.com port 443 after 720 ms: Could not connect to server. See https://curl.se/libcurl/c/libcurl-errors.html first for more details.
Error fetching https://firstclass.hu/feed: Failed to perform, curl: (7) Failed to connect to firstclass.hu port 443 after 85 ms: Could not connect to server. See https://curl.se/libcurl/c/libcurl-errors.html first for more details.
Error fetching https://travelmagazin.hu/feed: Failed to perform, curl: (7) Failed to connect to travelmagazin.hu port 443 after 119 ms: Could not connect to server. See https://curl.se/libcurl/c/libcurl-errors.html first for more details.
Error fetching https://caravantimes.co.uk/feed: Failed to perform, curl: (7) Failed to connect to www.caravantimes.co.uk port 443 after 84 ms: Could not connect to server. See https://curl.se/libcurl/c/libcurl-errors.html first for more details.
Error fetching https://ng.24.hu/feed: Failed to perform, curl: (7) Failed to connect to ng.24.hu port 443 after 570 ms: Could not connect to server. See https://curl.se/libcurl/c/libcurl-errors.html first for more details.
Error fetching https://funzine.hu/feed: Failed to perform, curl: (7) Failed to connect to funzine.hu port 443 after 558 ms: Could not connect to server. See https://curl.se/libcurl/c/libcurl-errors.html first for more details.
Error fetching https://allampapirkalkulator.hu/rss: Failed to perform, curl: (7) Failed to connect to allampapirkalkulator.hu port 443 after 97 ms: Could not connect to server. See https://curl.se/libcurl/c/libcurl-errors.html first for more details.
Error fetching https://www.koncert.hu/rss/hirek: Failed to perform, curl: (7) Failed to connect to www.koncert.hu port 443 after 99 ms: Could not connect to server. See https://curl.se/libcurl/c/libcurl-errors.html first for more details.
Error fetching https://hetediksor.hu/feed/: Failed to perform, curl: (7) Failed to connect to hetediksor.hu port 443 after 101 ms: Could not connect to server. See https://curl.se/libcurl/c/libcurl-errors.html first for more details.
Error fetching https://velvet.hu/24ora/rss/: Failed to perform, curl: (7) Failed to connect to velvet.hu port 443 after 5551 ms: Could not connect to server. See https://curl.se/libcurl/c/libcurl-errors.html first for more details.
Error fetching https://www.thestreet.com/.rss/full/: Failed to perform, curl: (28) Connection timed out after 10003 milliseconds. See https://curl.se/libcurl/c/libcurl-errors.html first for more details.
Error fetching https://the-zone.hu/feed: Failed to perform, curl: (7) Failed to connect to the-zone.hu port 443 after 589 ms: Could not connect to server. See https://curl.se/libcurl/c/libcurl-errors.html first for more details.
Error fetching https://totalcar.hu/feed: Failed to perform, curl: (7) Failed to connect to totalcar.hu port 443 after 587 ms: Could not connect to server. See https://curl.se/libcurl/c/libcurl-errors.html first for more details.
Error fetching https://femina.hu/24ora/rss/: Failed to perform, curl: (7) Failed to connect to femina.hu port 443 after 1365 ms: Could not connect to server. See https://curl.se/libcurl/c/libcurl-errors.html first for more details.
Error fetching https://offmedia.hu/feed: Failed to perform, curl: (7) Failed to connect to offmedia.hu port 443 after 683 ms: Could not connect to server. See https://curl.se/libcurl/c/libcurl-errors.html first for more details.
Error fetching https://www.gsplus.hu/hir/a-rockstar-allitolag-emailben-kulon-rapiritott-a-jatek-szineszeire-figyelmeztetve-oket-a-titoktartasi-szerzodesukre-388625.html: Failed to perform, curl: (28) Connection timed out after 10003 milliseconds. See https://curl.se/libcurl/c/libcurl-errors.html first for more details.
Error fetching https://androgeek.hu/rss/rss.php: Failed to perform, curl: (7) Failed to connect to androgeek.hu port 443 after 82 ms: Could not connect to server. See https://curl.se/libcurl/c/libcurl-errors.html first for more details.
Error fetching https://www.tomshardware.com/feeds.xml: Failed to perform, curl: (7) Failed to connect to www.tomshardware.com port 443 after 2138 ms: Could not connect to server. See https://curl.se/libcurl/c/libcurl-errors.html first for more details.
Error fetching https://minner.hu/feed/: Failed to perform, curl: (7) Failed to connect to minner.hu port 443 after 2076 ms: Could not connect to server. See https://curl.se/libcurl/c/libcurl-errors.html first for more details.
Error fetching https://hu.euronews.com/rss: Failed to perform, curl: (28) Connection timed out after 10001 milliseconds. See https://curl.se/libcurl/c/libcurl-errors.html first for more details.
Error fetching https://www.gsplus.hu/gstv/10-reszlet-a-resident-evilfilmben-amit-csak-a-jatekosok-szurnak-ki-388640.html: Failed to perform, curl: (7) Failed to connect to www.gsplus.hu port 443 after 2123 ms: Could not connect to server. See https://curl.se/libcurl/c/libcurl-errors.html first for more details.
Error fetching https://9to5mac.com/feed/: Failed to perform, curl: (28) Connection timed out after 10003 milliseconds. See https://curl.se/libcurl/c/libcurl-errors.html first for more details.
Error fetching https://www.gsplus.hu/hir/ace-combat-8-wings-of-theve-teszt-a-kevesebb-neha-tobb-lenne-388637.html: Failed to perform, curl: (28) Connection timed out after 10003 milliseconds. See https://curl.se/libcurl/c/libcurl-errors.html first for more details.
[00:10:20] Summarizer: [DownloadWorker-5] SKIP (duplicate title): TRADING ECONOMICS...

===== PIPELINE RUN START 2026-09-26T00:13:19 [run_pipeline_persistent] =====

--- RSS Fetch Errors at 2026-09-26 00:15:22 ---
Error fetching https://www.gsplus.hu/gstv/10-reszlet-a-resident-evilfilmben-amit-csak-a-jatekosok-szurnak-ki-388640.html: Failed to perform, curl: (7) Failed to connect to www.gsplus.hu port 443 after 740 ms: Could not connect to server. See https://curl.se/libcurl/c/libcurl-errors.html first for more details.
Error fetching https://www.gsplus.hu/hir/a-rockstar-allitolag-emailben-kulon-rapiritott-a-jatek-szineszeire-figyelmeztetve-oket-a-titoktartasi-szerzodesukre-388625.html: Failed to perform, curl: (7) Failed to connect to www.gsplus.hu port 443 after 740 ms: Could not connect to server. See https://curl.se/libcurl/c/libcurl-errors.html first for more details.
Error fetching https://www.gsplus.hu/hir/ace-combat-8-wings-of-theve-teszt-a-kevesebb-neha-tobb-lenne-388637.html: Failed to perform, curl: (7) Failed to connect to www.gsplus.hu port 443 after 738 ms: Could not connect to server. See https://curl.se/libcurl/c/libcurl-errors.html first for more details.
[00:16:34] Image_Downloader: Download failed (https://static.independent.co.uk/2026/09/25/23/Argentina_Pope_89276.jpg?width=1200&height=800&crop=1200:800): HTTPSConnectionPool(host='static.independent.co.uk', port=443): Max retries exceeded with url: /2026/09/25/23/Argentina_Pope_89276.jpg?width=1200&height=800&crop=1200:800 (Caused by NewConnectionError("HTTPSConnection(host='static.independent.co.uk', port=443): Failed to establish a new connection: [Errno 61] Connection refused"))
[00:16:38] Image_Downloader: Download failed (https://divany.hu/neon/media/images/43709044_a7970802fa67.2e16d0ba.format-jpeg.fill-1200x630.jpg): HTTPSConnectionPool(host='divany.hu', port=443): Max retries exceeded with url: /neon/media/images/43709044_a7970802fa67.2e16d0ba.format-jpeg.fill-1200x630.jpg (Caused by NewConnectionError("HTTPSConnection(host='divany.hu', port=443): Failed to establish a new connection: [Errno 61] Connection refused"))

===== PIPELINE RUN START 2026-09-26T00:18:20 [run_pipeline_persistent] =====

===== PIPELINE RUN START 2026-09-26T00:23:23 [run_pipeline_persistent] =====

===== PIPELINE RUN START 2026-09-26T00:28:23 [run_pipeline_persistent] =====

===== PIPELINE RUN START 2026-09-26T00:33:24 [run_pipeline_persistent] =====

===== PIPELINE RUN START 2026-09-26T00:38:27 [run_pipeline_persistent] =====
