
===== PIPELINE RUN START 2026-08-17T00:01:07 [run_pipeline_persistent] =====

===== PIPELINE RUN START 2026-08-17T00:06:07 [run_pipeline_persistent] =====

===== PIPELINE RUN START 2026-08-17T00:11:07 [run_pipeline_persistent] =====

--- RSS Fetch Errors at 2026-08-17 00:12:27 ---
Error fetching https://www.economx.hu/feed: Failed to perform, curl: (28) Connection timed out after 10002 milliseconds. See https://curl.se/libcurl/c/libcurl-errors.html first for more details.
Error fetching https://sokszinuvidek.24.hu/feed/: Failed to perform, curl: (28) Connection timed out after 10002 milliseconds. See https://curl.se/libcurl/c/libcurl-errors.html first for more details.

===== PIPELINE RUN START 2026-08-17T00:16:07 [run_pipeline_persistent] =====

===== PIPELINE RUN START 2026-08-17T00:21:07 [run_pipeline_persistent] =====

===== PIPELINE RUN START 2026-08-17T00:26:07 [run_pipeline_persistent] =====
[00:29:10] Image_Downloader: Download failed (https://www.mafab.hu/static/2026t/225/17/47310_1786720032.1912.jpg): HTTPSConnectionPool(host='www.mafab.hu', port=443): Read timed out. (read timeout=5)

===== PIPELINE RUN START 2026-08-17T00:31:07 [run_pipeline_persistent] =====

===== PIPELINE RUN START 2026-08-17T00:36:07 [run_pipeline_persistent] =====

===== PIPELINE RUN START 2026-08-17T00:41:07 [run_pipeline_persistent] =====

--- RSS Fetch Errors at 2026-08-17 00:42:28 ---
Error fetching https://www.hwsw.hu/xml/latest_news_rss.xml: Failed to perform, curl: (28) Connection timed out after 10002 milliseconds. See https://curl.se/libcurl/c/libcurl-errors.html first for more details.

===== PIPELINE RUN START 2026-08-17T00:46:08 [run_pipeline_persistent] =====

===== PIPELINE RUN START 2026-08-17T00:51:08 [run_pipeline_persistent] =====

===== PIPELINE RUN START 2026-08-17T00:56:08 [run_pipeline_persistent] =====

===== PIPELINE RUN START 2026-08-17T01:01:08 [run_pipeline_persistent] =====

===== PIPELINE RUN START 2026-08-17T01:06:08 [run_pipeline_persistent] =====

--- RSS Fetch Errors at 2026-08-17 01:07:15 ---
Error fetching https://player.hu/feed: Failed to perform, curl: (28) Connection timed out after 10004 milliseconds. See https://curl.se/libcurl/c/libcurl-errors.html first for more details.
Error fetching https://index.hu/tudomany/til/rss/: Failed to perform, curl: (28) Connection timed out after 10002 milliseconds. See https://curl.se/libcurl/c/libcurl-errors.html first for more details.

===== PIPELINE RUN START 2026-08-17T01:11:08 [run_pipeline_persistent] =====

===== PIPELINE RUN START 2026-08-17T01:16:09 [run_pipeline_persistent] =====

===== PIPELINE RUN START 2026-08-17T01:21:09 [run_pipeline_persistent] =====

--- RSS Fetch Errors at 2026-08-17 01:22:30 ---
Error fetching https://sokszinuvidek.24.hu/?oembed=true&format=xml&url=https%3A%2F%2Fsokszinuvidek.24.hu%2F: Failed to perform, curl: (28) Connection timed out after 10003 milliseconds. See https://curl.se/libcurl/c/libcurl-errors.html first for more details.

===== PIPELINE RUN START 2026-08-17T01:26:09 [run_pipeline_persistent] =====

===== PIPELINE RUN START 2026-08-17T01:31:09 [run_pipeline_persistent] =====

--- RSS Fetch Errors at 2026-08-17 01:32:30 ---
Error fetching https://index.hu/tudomany/til/rss/: Failed to perform, curl: (28) Connection timed out after 10003 milliseconds. See https://curl.se/libcurl/c/libcurl-errors.html first for more details.
Error fetching https://sokszinuvidek.24.hu/feed/: Failed to perform, curl: (28) Connection timed out after 10002 milliseconds. See https://curl.se/libcurl/c/libcurl-errors.html first for more details.

===== PIPELINE RUN START 2026-08-17T01:36:10 [run_pipeline_persistent] =====

===== PIPELINE RUN START 2026-08-17T01:41:10 [run_pipeline_persistent] =====

===== PIPELINE RUN START 2026-08-17T01:46:10 [run_pipeline_persistent] =====

===== PIPELINE RUN START 2026-08-17T01:51:10 [run_pipeline_persistent] =====

--- RSS Fetch Errors at 2026-08-17 01:52:28 ---
Error fetching https://sokszinuvidek.24.hu/?oembed=true&format=xml&url=https%3A%2F%2Fsokszinuvidek.24.hu%2F: Failed to perform, curl: (28) Connection timed out after 10002 milliseconds. See https://curl.se/libcurl/c/libcurl-errors.html first for more details.

===== PIPELINE RUN START 2026-08-17T01:56:10 [run_pipeline_persistent] =====

===== PIPELINE RUN START 2026-08-17T02:01:10 [run_pipeline_persistent] =====

--- RSS Fetch Errors at 2026-08-17 02:02:33 ---
Error fetching https://www.economx.hu/feed: Failed to perform, curl: (28) Connection timed out after 10003 milliseconds. See https://curl.se/libcurl/c/libcurl-errors.html first for more details.

===== PIPELINE RUN START 2026-08-17T02:06:11 [run_pipeline_persistent] =====

===== PIPELINE RUN START 2026-08-17T02:11:11 [run_pipeline_persistent] =====

===== PIPELINE RUN START 2026-08-17T02:16:11 [run_pipeline_persistent] =====

===== PIPELINE RUN START 2026-08-17T02:21:11 [run_pipeline_persistent] =====

--- RSS Fetch Errors at 2026-08-17 02:22:12 ---
Error fetching https://index.hu/tudomany/til/rss/: Failed to perform, curl: (28) Connection timed out after 10003 milliseconds. See https://curl.se/libcurl/c/libcurl-errors.html first for more details.

===== PIPELINE RUN START 2026-08-17T02:26:11 [run_pipeline_persistent] =====

--- RSS Fetch Errors at 2026-08-17 02:27:06 ---
Error fetching https://sokszinuvidek.24.hu/feed/: Failed to perform, curl: (28) Connection timed out after 10002 milliseconds. See https://curl.se/libcurl/c/libcurl-errors.html first for more details.

===== PIPELINE RUN START 2026-08-17T02:31:12 [run_pipeline_persistent] =====

===== PIPELINE RUN START 2026-08-17T02:36:12 [run_pipeline_persistent] =====

--- RSS Fetch Errors at 2026-08-17 02:37:21 ---
Error fetching https://prog.hu/hirek/rss: Failed to perform, curl: (28) Operation timed out after 25255 milliseconds with 0 bytes received. See https://curl.se/libcurl/c/libcurl-errors.html first for more details.

===== PIPELINE RUN START 2026-08-17T02:41:12 [run_pipeline_persistent] =====

===== PIPELINE RUN START 2026-08-17T02:46:12 [run_pipeline_persistent] =====

===== PIPELINE RUN START 2026-08-17T02:51:12 [run_pipeline_persistent] =====

--- RSS Fetch Errors at 2026-08-17 02:52:33 ---
Error fetching https://femina.hu/24ora/rss.xml: Failed to perform, curl: (28) Connection timed out after 10003 milliseconds. See https://curl.se/libcurl/c/libcurl-errors.html first for more details.
Error fetching https://sorozatjunkie.hu/feed: Failed to perform, curl: (28) Connection timed out after 10003 milliseconds. See https://curl.se/libcurl/c/libcurl-errors.html first for more details.
Error fetching https://azutazo.hu/feed: Failed to perform, curl: (28) Connection timed out after 10003 milliseconds. See https://curl.se/libcurl/c/libcurl-errors.html first for more details.

===== PIPELINE RUN START 2026-08-17T02:56:12 [run_pipeline_persistent] =====

===== PIPELINE RUN START 2026-08-17T03:01:13 [run_pipeline_persistent] =====

===== PIPELINE RUN START 2026-08-17T03:06:13 [run_pipeline_persistent] =====

===== PIPELINE RUN START 2026-08-17T03:11:13 [run_pipeline_persistent] =====

--- RSS Fetch Errors at 2026-08-17 03:12:26 ---
Error fetching https://index.hu/tudomany/til/rss/: Failed to perform, curl: (28) Connection timed out after 10002 milliseconds. See https://curl.se/libcurl/c/libcurl-errors.html first for more details.
Error fetching https://sokszinuvidek.24.hu/feed/: Failed to perform, curl: (28) Connection timed out after 10003 milliseconds. See https://curl.se/libcurl/c/libcurl-errors.html first for more details.

===== PIPELINE RUN START 2026-08-17T03:16:13 [run_pipeline_persistent] =====

===== PIPELINE RUN START 2026-08-17T03:21:13 [run_pipeline_persistent] =====

--- RSS Fetch Errors at 2026-08-17 03:22:33 ---
Error fetching https://www.vice.com/feed/: HTTP Error 404: 

===== PIPELINE RUN START 2026-08-17T03:26:14 [run_pipeline_persistent] =====

===== PIPELINE RUN START 2026-08-17T03:31:14 [run_pipeline_persistent] =====

--- RSS Fetch Errors at 2026-08-17 03:33:24 ---
Error fetching https://www.economx.hu/feed: Failed to perform, curl: (28) Connection timed out after 10003 milliseconds. See https://curl.se/libcurl/c/libcurl-errors.html first for more details.
Error fetching https://sokszinuvidek.24.hu/?oembed=true&format=xml&url=https%3A%2F%2Fsokszinuvidek.24.hu%2F: Failed to perform, curl: (28) Connection timed out after 10003 milliseconds. See https://curl.se/libcurl/c/libcurl-errors.html first for more details.

===== PIPELINE RUN START 2026-08-17T03:36:14 [run_pipeline_persistent] =====

===== PIPELINE RUN START 2026-08-17T03:41:14 [run_pipeline_persistent] =====

--- RSS Fetch Errors at 2026-08-17 03:42:15 ---
Error fetching https://www.hwsw.hu/xml/latest_news_rss.xml: Failed to perform, curl: (28) Connection timed out after 10002 milliseconds. See https://curl.se/libcurl/c/libcurl-errors.html first for more details.

===== PIPELINE RUN START 2026-08-17T03:46:14 [run_pipeline_persistent] =====

===== PIPELINE RUN START 2026-08-17T03:51:14 [run_pipeline_persistent] =====

===== PIPELINE RUN START 2026-08-17T03:56:15 [run_pipeline_persistent] =====

--- RSS Fetch Errors at 2026-08-17 03:57:27 ---
Error fetching https://www.hwsw.hu/xml/latest_news_rss.xml: Failed to perform, curl: (28) Connection timed out after 10003 milliseconds. See https://curl.se/libcurl/c/libcurl-errors.html first for more details.
Error fetching https://femina.hu/24ora/rss.xml: Failed to perform, curl: (28) Connection timed out after 10003 milliseconds. See https://curl.se/libcurl/c/libcurl-errors.html first for more details.

===== PIPELINE RUN START 2026-08-17T04:01:15 [run_pipeline_persistent] =====

--- RSS Fetch Errors at 2026-08-17 04:02:37 ---
Error fetching https://aihirfolyam.hu/feed: Failed to perform, curl: (28) Connection timed out after 10003 milliseconds. See https://curl.se/libcurl/c/libcurl-errors.html first for more details.

===== PIPELINE RUN START 2026-08-17T04:06:15 [run_pipeline_persistent] =====

--- RSS Fetch Errors at 2026-08-17 04:07:35 ---
Error fetching https://www.economx.hu/feed: Failed to perform, curl: (28) Connection timed out after 10001 milliseconds. See https://curl.se/libcurl/c/libcurl-errors.html first for more details.
Error fetching https://sokszinuvidek.24.hu/feed/: Failed to perform, curl: (28) Connection timed out after 10001 milliseconds. See https://curl.se/libcurl/c/libcurl-errors.html first for more details.
Error fetching https://mafab.hu/rss: Failed to perform, curl: (28) Connection timed out after 10003 milliseconds. See https://curl.se/libcurl/c/libcurl-errors.html first for more details.

===== PIPELINE RUN START 2026-08-17T04:11:15 [run_pipeline_persistent] =====

===== PIPELINE RUN START 2026-08-17T04:16:15 [run_pipeline_persistent] =====

===== PIPELINE RUN START 2026-08-17T04:21:16 [run_pipeline_persistent] =====

--- RSS Fetch Errors at 2026-08-17 04:22:27 ---
Error fetching https://www.hwsw.hu/xml/latest_news_rss.xml: Failed to perform, curl: (28) Connection timed out after 10003 milliseconds. See https://curl.se/libcurl/c/libcurl-errors.html first for more details.
Error fetching https://sokszinuvidek.24.hu/feed/: Failed to perform, curl: (28) Connection timed out after 10003 milliseconds. See https://curl.se/libcurl/c/libcurl-errors.html first for more details.
Error fetching https://www.economx.hu/feed: Failed to perform, curl: (28) Operation timed out after 25353 milliseconds with 0 bytes received. See https://curl.se/libcurl/c/libcurl-errors.html first for more details.

===== PIPELINE RUN START 2026-08-17T04:26:16 [run_pipeline_persistent] =====

===== PIPELINE RUN START 2026-08-17T04:31:16 [run_pipeline_persistent] =====

===== PIPELINE RUN START 2026-08-17T04:36:16 [run_pipeline_persistent] =====

===== PIPELINE RUN START 2026-08-17T04:41:17 [run_pipeline_persistent] =====

===== PIPELINE RUN START 2026-08-17T04:46:17 [run_pipeline_persistent] =====

===== PIPELINE RUN START 2026-08-17T04:51:17 [run_pipeline_persistent] =====

===== PIPELINE RUN START 2026-08-17T04:56:17 [run_pipeline_persistent] =====

--- RSS Fetch Errors at 2026-08-17 04:57:25 ---
Error fetching https://index.hu/tudomany/til/rss/: Failed to perform, curl: (28) Connection timed out after 10003 milliseconds. See https://curl.se/libcurl/c/libcurl-errors.html first for more details.

===== PIPELINE RUN START 2026-08-17T05:01:17 [run_pipeline_persistent] =====

===== PIPELINE RUN START 2026-08-17T05:06:17 [run_pipeline_persistent] =====

--- RSS Fetch Errors at 2026-08-17 05:07:23 ---
Error fetching https://www.hwsw.hu/xml/latest_news_rss.xml: Failed to perform, curl: (28) Connection timed out after 10003 milliseconds. See https://curl.se/libcurl/c/libcurl-errors.html first for more details.
Error fetching https://femina.hu/24ora/rss.xml: Failed to perform, curl: (28) Connection timed out after 10003 milliseconds. See https://curl.se/libcurl/c/libcurl-errors.html first for more details.
Error fetching https://sokszinuvidek.24.hu/feed/: Failed to perform, curl: (28) Connection timed out after 10002 milliseconds. See https://curl.se/libcurl/c/libcurl-errors.html first for more details.

===== PIPELINE RUN START 2026-08-17T05:11:18 [run_pipeline_persistent] =====

===== PIPELINE RUN START 2026-08-17T05:16:18 [run_pipeline_persistent] =====

===== PIPELINE RUN START 2026-08-17T05:21:18 [run_pipeline_persistent] =====

===== PIPELINE RUN START 2026-08-17T05:26:18 [run_pipeline_persistent] =====

--- RSS Fetch Errors at 2026-08-17 05:27:18 ---
Error fetching https://www.economx.hu/feed: Failed to perform, curl: (28) Connection timed out after 10003 milliseconds. See https://curl.se/libcurl/c/libcurl-errors.html first for more details.
Error fetching https://www.hwsw.hu/xml/latest_news_rss.xml: Failed to perform, curl: (28) Connection timed out after 10003 milliseconds. See https://curl.se/libcurl/c/libcurl-errors.html first for more details.
Error fetching https://wmn.hu/feed/: Failed to perform, curl: (28) Connection timed out after 10003 milliseconds. See https://curl.se/libcurl/c/libcurl-errors.html first for more details.

===== PIPELINE RUN START 2026-08-17T05:31:18 [run_pipeline_persistent] =====

===== PIPELINE RUN START 2026-08-17T05:36:19 [run_pipeline_persistent] =====

--- RSS Fetch Errors at 2026-08-17 05:37:37 ---
Error fetching https://femina.hu/24ora/rss.xml: Failed to perform, curl: (28) Connection timed out after 10003 milliseconds. See https://curl.se/libcurl/c/libcurl-errors.html first for more details.

===== PIPELINE RUN START 2026-08-17T05:41:19 [run_pipeline_persistent] =====

===== PIPELINE RUN START 2026-08-17T05:46:19 [run_pipeline_persistent] =====

--- RSS Fetch Errors at 2026-08-17 05:47:22 ---
Error fetching https://www.economx.hu/feed: Failed to perform, curl: (28) Connection timed out after 10001 milliseconds. See https://curl.se/libcurl/c/libcurl-errors.html first for more details.

===== PIPELINE RUN START 2026-08-17T05:51:19 [run_pipeline_persistent] =====

--- RSS Fetch Errors at 2026-08-17 05:52:16 ---
Error fetching https://index.hu/tudomany/til/rss/: Failed to perform, curl: (28) Connection timed out after 10002 milliseconds. See https://curl.se/libcurl/c/libcurl-errors.html first for more details.

===== PIPELINE RUN START 2026-08-17T05:56:19 [run_pipeline_persistent] =====

--- RSS Fetch Errors at 2026-08-17 05:57:28 ---
Error fetching https://femina.hu/24ora/rss.xml: Failed to perform, curl: (28) Connection timed out after 10002 milliseconds. See https://curl.se/libcurl/c/libcurl-errors.html first for more details.

===== PIPELINE RUN START 2026-08-17T06:18:35 [run_pipeline_persistent] =====

--- RSS Fetch Errors at 2026-08-17 06:19:52 ---
Error fetching https://www.hwsw.hu/xml/latest_news_rss.xml: Failed to perform, curl: (28) Connection timed out after 10002 milliseconds. See https://curl.se/libcurl/c/libcurl-errors.html first for more details.
[06:19:56] Summarizer: [DownloadWorker-2] SKIP (duplicate title): Tények és tévhitek: ezt érdemes tudni az...

===== PIPELINE RUN START 2026-08-17T06:24:33 [run_pipeline_persistent] =====

===== PIPELINE RUN START 2026-08-17T06:29:33 [run_pipeline_persistent] =====

--- RSS Fetch Errors at 2026-08-17 06:30:53 ---
Error fetching https://www.economx.hu/feed: Failed to perform, curl: (28) Connection timed out after 10001 milliseconds. See https://curl.se/libcurl/c/libcurl-errors.html first for more details.

===== PIPELINE RUN START 2026-08-17T06:34:58 [run_pipeline_persistent] =====

--- RSS Fetch Errors at 2026-08-17 06:36:04 ---
Error fetching https://www.playboy.com/read/sex-relationships/feed: Failed to perform, curl: (28) Connection timed out after 10002 milliseconds. See https://curl.se/libcurl/c/libcurl-errors.html first for more details.
Error fetching https://sokszinuvidek.24.hu/feed/: Failed to perform, curl: (28) Connection timed out after 10003 milliseconds. See https://curl.se/libcurl/c/libcurl-errors.html first for more details.

===== PIPELINE RUN START 2026-08-17T06:39:58 [run_pipeline_persistent] =====

===== PIPELINE RUN START 2026-08-17T06:44:58 [run_pipeline_persistent] =====

===== PIPELINE RUN START 2026-08-17T06:49:58 [run_pipeline_persistent] =====

--- RSS Fetch Errors at 2026-08-17 06:51:10 ---
Error fetching https://femina.hu/24ora/rss.xml: Failed to perform, curl: (28) Connection timed out after 10003 milliseconds. See https://curl.se/libcurl/c/libcurl-errors.html first for more details.
Error fetching https://sorozatjunkie.hu/feed: Failed to perform, curl: (28) Operation timed out after 25884 milliseconds with 0 bytes received. See https://curl.se/libcurl/c/libcurl-errors.html first for more details.

===== PIPELINE RUN START 2026-08-17T06:54:58 [run_pipeline_persistent] =====

--- RSS Fetch Errors at 2026-08-17 06:56:07 ---
Error fetching https://www.hwsw.hu/xml/latest_news_rss.xml: Failed to perform, curl: (28) Connection timed out after 10003 milliseconds. See https://curl.se/libcurl/c/libcurl-errors.html first for more details.
Error fetching https://www.playboy.com/read/celebrities/feed: Failed to perform, curl: (28) Connection timed out after 10004 milliseconds. See https://curl.se/libcurl/c/libcurl-errors.html first for more details.

===== PIPELINE RUN START 2026-08-17T06:59:58 [run_pipeline_persistent] =====

===== PIPELINE RUN START 2026-08-17T07:04:59 [run_pipeline_persistent] =====

===== PIPELINE RUN START 2026-08-17T07:09:59 [run_pipeline_persistent] =====

===== PIPELINE RUN START 2026-08-17T07:14:59 [run_pipeline_persistent] =====

--- RSS Fetch Errors at 2026-08-17 07:16:10 ---
Error fetching https://index.hu/tudomany/til/rss/: Failed to perform, curl: (28) Connection timed out after 10002 milliseconds. See https://curl.se/libcurl/c/libcurl-errors.html first for more details.
Error fetching https://prog.hu/hirek/rss: Failed to perform, curl: (28) Operation timed out after 25003 milliseconds with 0 bytes received. See https://curl.se/libcurl/c/libcurl-errors.html first for more details.

===== PIPELINE RUN START 2026-08-17T07:19:59 [run_pipeline_persistent] =====

--- RSS Fetch Errors at 2026-08-17 07:21:50 ---
Error fetching https://prog.hu/site/backend/proghu-rss.xml: Failed to perform, curl: (28) Connection timed out after 10003 milliseconds. See https://curl.se/libcurl/c/libcurl-errors.html first for more details.
Error fetching https://prog.hu/hirek/rss: Failed to perform, curl: (28) Connection timed out after 10003 milliseconds. See https://curl.se/libcurl/c/libcurl-errors.html first for more details.

===== PIPELINE RUN START 2026-08-17T07:24:59 [run_pipeline_persistent] =====
[07:26:13] Summarizer: [DownloadWorker-2] SKIP (duplicate title): Elhunyt Hayden Panettiere...

===== PIPELINE RUN START 2026-08-17T07:29:59 [run_pipeline_persistent] =====

--- RSS Fetch Errors at 2026-08-17 07:30:55 ---
Error fetching https://www.playboy.com/read/celebrities/feed: Failed to perform, curl: (28) Connection timed out after 10002 milliseconds. See https://curl.se/libcurl/c/libcurl-errors.html first for more details.
[07:31:20] Image_Downloader: Download failed (https://i.cdn29.hu/apix_collect_c/ngg_images/2510/25/halo_campaign_evolved_halo_studios_053736_9_original_760x425_cover.jpg): HTTPSConnectionPool(host='i.cdn29.hu', port=443): Read timed out. (read timeout=5)
[07:31:20] Image_Downloader: Download failed (https://roadster.hu/uploads/2026/08/GettyImages-1127767828-1290x675.jpg): HTTPSConnectionPool(host='roadster.hu', port=443): Read timed out. (read timeout=5)

===== PIPELINE RUN START 2026-08-17T07:34:59 [run_pipeline_persistent] =====

--- RSS Fetch Errors at 2026-08-17 07:36:11 ---
Error fetching https://www.playboy.com/read/sex-relationships/feed: Failed to perform, curl: (28) Connection timed out after 10003 milliseconds. See https://curl.se/libcurl/c/libcurl-errors.html first for more details.
Error fetching https://sorozatjunkie.hu/feed: Failed to perform, curl: (28) Operation timed out after 25003 milliseconds with 0 bytes received. See https://curl.se/libcurl/c/libcurl-errors.html first for more details.

===== PIPELINE RUN START 2026-08-17T07:39:59 [run_pipeline_persistent] =====

===== PIPELINE RUN START 2026-08-17T07:45:00 [run_pipeline_persistent] =====

--- RSS Fetch Errors at 2026-08-17 07:46:02 ---
Error fetching https://sokszinuvidek.24.hu/?oembed=true&format=xml&url=https%3A%2F%2Fsokszinuvidek.24.hu%2F: Failed to perform, curl: (28) Connection timed out after 10003 milliseconds. See https://curl.se/libcurl/c/libcurl-errors.html first for more details.

===== PIPELINE RUN START 2026-08-17T07:50:00 [run_pipeline_persistent] =====

===== PIPELINE RUN START 2026-08-17T07:55:00 [run_pipeline_persistent] =====
[07:56:08] Summarizer: [DownloadWorker-0] SKIP (duplicate title): Megöltek egy férfit Budapesten...

===== PIPELINE RUN START 2026-08-17T08:00:18 [run_pipeline_persistent] =====

===== PIPELINE RUN START 2026-08-17T08:05:19 [run_pipeline_persistent] =====

===== PIPELINE RUN START 2026-08-17T08:11:04 [run_pipeline_persistent] =====

===== PIPELINE RUN START 2026-08-17T08:16:04 [run_pipeline_persistent] =====

===== PIPELINE RUN START 2026-08-17T08:21:09 [run_pipeline_persistent] =====

--- RSS Fetch Errors at 2026-08-17 08:22:04 ---
Error fetching https://sokszinuvidek.24.hu/feed/: Failed to perform, curl: (28) Connection timed out after 10002 milliseconds. See https://curl.se/libcurl/c/libcurl-errors.html first for more details.
[08:22:26] Summarizer: [Batch] No response from API (attempt 1/3)

===== PIPELINE RUN START 2026-08-17T08:26:09 [run_pipeline_persistent] =====

===== PIPELINE RUN START 2026-08-17T08:31:13 [run_pipeline_persistent] =====

--- RSS Fetch Errors at 2026-08-17 08:32:11 ---
Error fetching https://femina.hu/24ora/rss.xml: Failed to perform, curl: (28) Connection timed out after 10003 milliseconds. See https://curl.se/libcurl/c/libcurl-errors.html first for more details.

===== PIPELINE RUN START 2026-08-17T08:36:13 [run_pipeline_persistent] =====

===== PIPELINE RUN START 2026-08-17T08:41:13 [run_pipeline_persistent] =====

--- RSS Fetch Errors at 2026-08-17 08:42:24 ---
Error fetching https://www.economx.hu/feed: Failed to perform, curl: (28) Operation timed out after 25003 milliseconds with 0 bytes received. See https://curl.se/libcurl/c/libcurl-errors.html first for more details.

===== PIPELINE RUN START 2026-08-17T08:46:46 [run_pipeline_persistent] =====

===== PIPELINE RUN START 2026-08-17T08:51:46 [run_pipeline_persistent] =====

===== PIPELINE RUN START 2026-08-17T08:56:46 [run_pipeline_persistent] =====

===== PIPELINE RUN START 2026-08-17T09:01:47 [run_pipeline_persistent] =====

===== PIPELINE RUN START 2026-08-17T09:06:47 [run_pipeline_persistent] =====

===== PIPELINE RUN START 2026-08-17T09:11:47 [run_pipeline_persistent] =====

===== PIPELINE RUN START 2026-08-17T09:16:47 [run_pipeline_persistent] =====

--- RSS Fetch Errors at 2026-08-17 09:17:49 ---
Error fetching https://the-zone.hu/feed: HTTP Error 529: 
[09:17:54] Summarizer: [DownloadWorker-3] SKIP (duplicate title): 2026 - Íme a 34. héten megjelenő játékok...

===== PIPELINE RUN START 2026-08-17T09:21:47 [run_pipeline_persistent] =====

--- RSS Fetch Errors at 2026-08-17 09:22:41 ---
Error fetching https://www.vice.com/feed/: HTTP Error 404: 

===== PIPELINE RUN START 2026-08-17T09:26:47 [run_pipeline_persistent] =====

--- RSS Fetch Errors at 2026-08-17 09:27:57 ---
Error fetching https://www.hwsw.hu/xml/latest_news_rss.xml: Failed to perform, curl: (28) Connection timed out after 10003 milliseconds. See https://curl.se/libcurl/c/libcurl-errors.html first for more details.
Error fetching https://sokszinuvidek.24.hu/feed/: Failed to perform, curl: (28) Connection timed out after 10003 milliseconds. See https://curl.se/libcurl/c/libcurl-errors.html first for more details.

===== PIPELINE RUN START 2026-08-17T09:32:37 [run_pipeline_persistent] =====

--- RSS Fetch Errors at 2026-08-17 09:33:33 ---
Error fetching https://index.hu/tudomany/til/rss/: Failed to perform, curl: (28) Connection timed out after 10000 milliseconds. See https://curl.se/libcurl/c/libcurl-errors.html first for more details.

===== PIPELINE RUN START 2026-08-17T09:37:37 [run_pipeline_persistent] =====

===== PIPELINE RUN START 2026-08-17T09:42:37 [run_pipeline_persistent] =====

===== PIPELINE RUN START 2026-08-17T09:47:37 [run_pipeline_persistent] =====

===== PIPELINE RUN START 2026-08-17T09:52:37 [run_pipeline_persistent] =====

===== PIPELINE RUN START 2026-08-17T09:57:37 [run_pipeline_persistent] =====

===== PIPELINE RUN START 2026-08-17T10:05:13 [run_pipeline_persistent] =====

--- RSS Fetch Errors at 2026-08-17 10:06:08 ---
Error fetching https://prog.hu/hirek/rss: HTTP Error 500: 
[10:07:57] Image_Downloader: Download failed (http://kep.cdn.index.hu/1/0/7104/71049/710493/71049315_7badc440cd5ee7b05067aba5a533d0c0_wm.jpg): HTTPConnectionPool(host='kep.cdn.index.hu', port=80): Read timed out.

===== PIPELINE RUN START 2026-08-17T10:10:13 [run_pipeline_persistent] =====

--- RSS Fetch Errors at 2026-08-17 10:11:05 ---
Error fetching https://prog.hu/hirek/rss: HTTP Error 500: 

===== PIPELINE RUN START 2026-08-17T10:15:27 [run_pipeline_persistent] =====

===== PIPELINE RUN START 2026-08-17T10:20:27 [run_pipeline_persistent] =====

===== PIPELINE RUN START 2026-08-17T10:37:53 [run_pipeline_persistent] =====

--- RSS Fetch Errors at 2026-08-17 10:38:44 ---
Error fetching https://prog.hu/hirek/rss: HTTP Error 500: 

===== PIPELINE RUN START 2026-08-17T10:42:52 [run_pipeline_persistent] =====

===== PIPELINE RUN START 2026-08-17T10:47:52 [run_pipeline_persistent] =====

===== PIPELINE RUN START 2026-08-17T10:52:53 [run_pipeline_persistent] =====

===== PIPELINE RUN START 2026-08-17T10:57:56 [run_pipeline_persistent] =====

===== PIPELINE RUN START 2026-08-17T11:02:57 [run_pipeline_persistent] =====

===== PIPELINE RUN START 2026-08-17T11:07:58 [run_pipeline_persistent] =====

--- RSS Fetch Errors at 2026-08-17 11:08:50 ---
Error fetching https://prog.hu/hirek/rss: HTTP Error 500: 

===== PIPELINE RUN START 2026-08-17T11:12:59 [run_pipeline_persistent] =====

===== PIPELINE RUN START 2026-08-17T11:17:59 [run_pipeline_persistent] =====

===== PIPELINE RUN START 2026-08-17T11:23:00 [run_pipeline_persistent] =====

===== PIPELINE RUN START 2026-08-17T11:28:01 [run_pipeline_persistent] =====

--- RSS Fetch Errors at 2026-08-17 11:28:55 ---
Error fetching https://sorozatjunkie.hu/feed: HTTP Error 500: 

===== PIPELINE RUN START 2026-08-17T11:33:02 [run_pipeline_persistent] =====
[11:35:02] Summarizer: [DownloadWorker-7] SKIP (duplicate title): A Disney szerint ezeket az alkotásokat k...

===== PIPELINE RUN START 2026-08-17T11:38:03 [run_pipeline_persistent] =====

--- RSS Fetch Errors at 2026-08-17 11:38:54 ---
Error fetching https://sorozatjunkie.hu/feed: HTTP Error 500: 

===== PIPELINE RUN START 2026-08-17T12:44:41 [run_pipeline_persistent] =====

--- RSS Fetch Errors at 2026-08-17 12:46:01 ---
Error fetching https://prog.hu/site/backend/proghu-rss.xml: Failed to perform, curl: (28) Connection timed out after 10002 milliseconds. See https://curl.se/libcurl/c/libcurl-errors.html first for more details.

===== PIPELINE RUN START 2026-08-17T12:49:42 [run_pipeline_persistent] =====

===== PIPELINE RUN START 2026-08-17T13:01:37 [run_pipeline_persistent] =====

===== PIPELINE RUN START 2026-08-17T13:06:36 [run_pipeline_persistent] =====

===== PIPELINE RUN START 2026-08-17T13:11:37 [run_pipeline_persistent] =====

===== PIPELINE RUN START 2026-08-17T13:16:38 [run_pipeline_persistent] =====

===== PIPELINE RUN START 2026-08-17T13:21:38 [run_pipeline_persistent] =====

===== PIPELINE RUN START 2026-08-17T13:26:39 [run_pipeline_persistent] =====

--- RSS Fetch Errors at 2026-08-17 13:27:30 ---
Error fetching https://sorozatjunkie.hu/feed: HTTP Error 500: 

===== PIPELINE RUN START 2026-08-17T13:31:41 [run_pipeline_persistent] =====

===== PIPELINE RUN START 2026-08-17T13:36:43 [run_pipeline_persistent] =====

===== PIPELINE RUN START 2026-08-17T13:41:45 [run_pipeline_persistent] =====

===== PIPELINE RUN START 2026-08-17T13:46:46 [run_pipeline_persistent] =====

===== PIPELINE RUN START 2026-08-17T13:51:47 [run_pipeline_persistent] =====

===== PIPELINE RUN START 2026-08-17T13:56:49 [run_pipeline_persistent] =====

===== PIPELINE RUN START 2026-08-17T14:01:50 [run_pipeline_persistent] =====

===== PIPELINE RUN START 2026-08-17T14:06:50 [run_pipeline_persistent] =====

===== PIPELINE RUN START 2026-08-17T14:11:51 [run_pipeline_persistent] =====

--- RSS Fetch Errors at 2026-08-17 14:12:51 ---
Error fetching https://prog.hu/hirek/rss: HTTP Error 500: 

===== PIPELINE RUN START 2026-08-17T14:16:51 [run_pipeline_persistent] =====

===== PIPELINE RUN START 2026-08-17T14:21:53 [run_pipeline_persistent] =====

===== PIPELINE RUN START 2026-08-17T14:26:55 [run_pipeline_persistent] =====

===== PIPELINE RUN START 2026-08-17T14:31:56 [run_pipeline_persistent] =====

===== PIPELINE RUN START 2026-08-17T14:36:57 [run_pipeline_persistent] =====

===== PIPELINE RUN START 2026-08-17T14:41:57 [run_pipeline_persistent] =====

===== PIPELINE RUN START 2026-08-17T14:46:59 [run_pipeline_persistent] =====

===== PIPELINE RUN START 2026-08-17T14:51:59 [run_pipeline_persistent] =====

===== PIPELINE RUN START 2026-08-17T14:57:00 [run_pipeline_persistent] =====

===== PIPELINE RUN START 2026-08-17T15:02:01 [run_pipeline_persistent] =====
[15:03:13] Summarizer: [Batch] 1 item(s) missing from response → marked for reprocessing

===== PIPELINE RUN START 2026-08-17T15:07:03 [run_pipeline_persistent] =====

===== PIPELINE RUN START 2026-08-17T15:12:03 [run_pipeline_persistent] =====

===== PIPELINE RUN START 2026-08-17T15:17:04 [run_pipeline_persistent] =====

===== PIPELINE RUN START 2026-08-17T15:22:05 [run_pipeline_persistent] =====

--- RSS Fetch Errors at 2026-08-17 15:22:57 ---
Error fetching https://www.vice.com/feed/: HTTP Error 404: 

===== PIPELINE RUN START 2026-08-17T15:27:07 [run_pipeline_persistent] =====

--- RSS Fetch Errors at 2026-08-17 15:28:00 ---
Error fetching https://sorozatjunkie.hu/feed: HTTP Error 500: 

===== PIPELINE RUN START 2026-08-17T15:32:08 [run_pipeline_persistent] =====

===== PIPELINE RUN START 2026-08-17T15:37:10 [run_pipeline_persistent] =====
[15:38:09] Summarizer: [DownloadWorker-0] SKIP (duplicate title): Közel százan jelentkeztek a Nemzeti Vagy...

===== PIPELINE RUN START 2026-08-17T15:42:11 [run_pipeline_persistent] =====

===== PIPELINE RUN START 2026-08-17T15:47:12 [run_pipeline_persistent] =====

===== PIPELINE RUN START 2026-08-17T15:52:13 [run_pipeline_persistent] =====

===== PIPELINE RUN START 2026-08-17T15:57:15 [run_pipeline_persistent] =====

===== PIPELINE RUN START 2026-08-17T16:02:16 [run_pipeline_persistent] =====
[16:03:24] Summarizer: [Batch] 1 item(s) missing from response → marked for reprocessing

===== PIPELINE RUN START 2026-08-17T16:07:17 [run_pipeline_persistent] =====
[16:12:30] Summarizer: [DownloadWorker-4] SKIP (duplicate title): Too Many Requests (429)...
[16:12:35] Summarizer: [DownloadWorker-9] SKIP (duplicate title): Too Many Requests (429)...

===== PIPELINE RUN START 2026-08-17T16:13:46 [run_pipeline_persistent] =====

--- RSS Fetch Errors at 2026-08-17 16:14:39 ---
Error fetching https://femina.hu/24ora/rss.xml: Failed to perform, curl: (35) TLS connect error: error:00000000:invalid library (0):OPENSSL_internal:invalid library (0). See https://curl.se/libcurl/c/libcurl-errors.html first for more details.
Error fetching https://index.hu/tudomany/til/rss/: Failed to perform, curl: (35) TLS connect error: error:00000000:invalid library (0):OPENSSL_internal:invalid library (0). See https://curl.se/libcurl/c/libcurl-errors.html first for more details.

===== PIPELINE RUN START 2026-08-17T16:18:47 [run_pipeline_persistent] =====

===== PIPELINE RUN START 2026-08-17T16:23:49 [run_pipeline_persistent] =====

===== PIPELINE RUN START 2026-08-17T16:28:51 [run_pipeline_persistent] =====

===== PIPELINE RUN START 2026-08-17T16:33:53 [run_pipeline_persistent] =====

===== PIPELINE RUN START 2026-08-17T16:38:54 [run_pipeline_persistent] =====

===== PIPELINE RUN START 2026-08-17T16:43:55 [run_pipeline_persistent] =====

===== PIPELINE RUN START 2026-08-17T16:48:57 [run_pipeline_persistent] =====

===== PIPELINE RUN START 2026-08-17T16:53:59 [run_pipeline_persistent] =====

===== PIPELINE RUN START 2026-08-17T20:53:38 [run_pipeline_persistent] =====

--- RSS Fetch Errors at 2026-08-17 20:55:38 ---
Error fetching https://travelmagazin.hu/feed: Failed to perform, curl: (7) Failed to connect to travelmagazin.hu port 443 after 1947 ms: Could not connect to server. See https://curl.se/libcurl/c/libcurl-errors.html first for more details.
Error fetching https://www.koncert.hu/rss/hirek: Failed to perform, curl: (7) Failed to connect to www.koncert.hu port 443 after 1121 ms: Could not connect to server. See https://curl.se/libcurl/c/libcurl-errors.html first for more details.
Error fetching https://hetediksor.hu/feed/: Failed to perform, curl: (7) Failed to connect to hetediksor.hu port 443 after 1118 ms: Could not connect to server. See https://curl.se/libcurl/c/libcurl-errors.html first for more details.
Error fetching https://www.penzcentrum.hu/rss/all.xml: Failed to perform, curl: (7) Failed to connect to www.penzcentrum.hu port 443 after 4658 ms: Could not connect to server. See https://curl.se/libcurl/c/libcurl-errors.html first for more details.
Error fetching https://www.economx.hu/feed: Failed to perform, curl: (28) Connection timed out after 10002 milliseconds. See https://curl.se/libcurl/c/libcurl-errors.html first for more details.
Error fetching https://caravantimes.co.uk/feed: Failed to perform, curl: (7) Failed to connect to www.caravantimes.co.uk port 443 after 204 ms: Could not connect to server. See https://curl.se/libcurl/c/libcurl-errors.html first for more details.
Error fetching https://index.hu/tudomany/til/rss/: Failed to perform, curl: (28) Connection timed out after 10002 milliseconds. See https://curl.se/libcurl/c/libcurl-errors.html first for more details.
Error fetching https://femina.hu/24ora/rss.xml: Failed to perform, curl: (28) Operation timed out after 25002 milliseconds with 0 bytes received. See https://curl.se/libcurl/c/libcurl-errors.html first for more details.
Error fetching https://www.playboy.com/read/classics/feed: Failed to perform, curl: (28) Operation timed out after 25004 milliseconds with 0 bytes received. See https://curl.se/libcurl/c/libcurl-errors.html first for more details.
[20:56:44] Summarizer: [Batch] No response from API (attempt 1/3)
[20:56:49] Image_Downloader: Download failed (https://azutazo.hu/wp-content/uploads/2026/08/DJI_0022.jpg): HTTPSConnectionPool(host='azutazo.hu', port=443): Max retries exceeded with url: /wp-content/uploads/2026/08/DJI_0022.jpg (Caused by NewConnectionError("HTTPSConnection(host='azutazo.hu', port=443): Failed to establish a new connection: [Errno 61] Connection refused"))
[20:57:41] Image_Downloader: Download failed (https://i.cdn29.hu/apix_collect_c/ngg_images/2302/01/paypal_112314_1_original_760x425_cover.jpg): HTTPSConnectionPool(host='i.cdn29.hu', port=443): Read timed out. (read timeout=5)
[20:58:04] Image_Downloader: Download failed (https://www.mafab.hu/static/thumb/w1000/2026t/124/15/662166_1777987476.4232.jpg): HTTPSConnectionPool(host='www.mafab.hu', port=443): Read timed out. (read timeout=5)
[20:58:05] Image_Downloader: Download failed (https://cdn.bankless.com/openGraph/ansem-debuts-launchpad-and-the-z500-onchain-index-1786987565.png): HTTPSConnectionPool(host='cdn.bankless.com', port=443): Read timed out. (read timeout=5)
[20:58:19] Image_Downloader: Download failed (https://azutazo.hu/wp-content/uploads/2026/08/773603590_1042529545210228_8049409402710177_n.jpeg): HTTPSConnectionPool(host='azutazo.hu', port=443): Read timed out. (read timeout=5)
[20:58:44] Summarizer: [Batch] 1 item(s) missing from response → marked for reprocessing
[20:58:45] Image_Downloader: Download failed (https://www.nasa.gov/wp-content/uploads/2026/08/jsc2026e406637.jpg): HTTPSConnectionPool(host='www.nasa.gov', port=443): Read timed out. (read timeout=20)
[20:59:30] Image_Downloader: Download failed (https://www.nasa.gov/wp-content/uploads/2026/08/jsc2026e406637.jpg): HTTPSConnectionPool(host='www.nasa.gov', port=443): Read timed out. (read timeout=20)
[21:00:15] Image_Downloader: Download failed (https://www.nasa.gov/wp-content/uploads/2026/08/jsc2026e406637.jpg): HTTPSConnectionPool(host='www.nasa.gov', port=443): Read timed out. (read timeout=20)

===== PIPELINE RUN START 2026-08-17T21:01:59 [run_pipeline_persistent] =====

--- RSS Fetch Errors at 2026-08-17 21:02:58 ---
Error fetching https://sokszinuvidek.24.hu/?oembed=true&format=xml&url=https%3A%2F%2Fsokszinuvidek.24.hu%2F: Failed to perform, curl: (28) Connection timed out after 10002 milliseconds. See https://curl.se/libcurl/c/libcurl-errors.html first for more details.
[21:04:42] Image_Downloader: Download failed (https://www.nasa.gov/wp-content/uploads/2026/08/jsc2026e406637.jpg): HTTPSConnectionPool(host='www.nasa.gov', port=443): Read timed out. (read timeout=20)
[21:05:17] Image_Downloader: Download failed (https://www.nasa.gov/wp-content/uploads/2026/08/jsc2026e406637.jpg): HTTPSConnectionPool(host='www.nasa.gov', port=443): Read timed out. (read timeout=20)

===== PIPELINE RUN START 2026-08-17T21:06:59 [run_pipeline_persistent] =====
[21:09:51] Image_Downloader: Download failed (https://www.nasa.gov/wp-content/uploads/2026/08/jsc2026e406637.jpg): HTTPSConnectionPool(host='www.nasa.gov', port=443): Read timed out. (read timeout=20)
[21:10:27] Image_Downloader: Download failed (https://www.nasa.gov/wp-content/uploads/2026/08/jsc2026e406637.jpg): HTTPSConnectionPool(host='www.nasa.gov', port=443): Read timed out. (read timeout=20)

===== PIPELINE RUN START 2026-08-17T21:12:00 [run_pipeline_persistent] =====
[21:14:40] Image_Downloader: Download failed (https://www.nasa.gov/wp-content/uploads/2026/08/jsc2026e406637.jpg): HTTPSConnectionPool(host='www.nasa.gov', port=443): Read timed out. (read timeout=20)
[21:15:19] Image_Downloader: Download failed (https://www.nasa.gov/wp-content/uploads/2026/08/jsc2026e406637.jpg): HTTPSConnectionPool(host='www.nasa.gov', port=443): Read timed out. (read timeout=20)

===== PIPELINE RUN START 2026-08-17T21:17:02 [run_pipeline_persistent] =====
[21:20:02] Image_Downloader: Download failed (https://www.nasa.gov/wp-content/uploads/2026/08/jsc2026e406637.jpg): HTTPSConnectionPool(host='www.nasa.gov', port=443): Read timed out. (read timeout=20)
[21:20:38] Image_Downloader: Download failed (https://www.nasa.gov/wp-content/uploads/2026/08/jsc2026e406637.jpg): HTTPSConnectionPool(host='www.nasa.gov', port=443): Read timed out. (read timeout=20)

===== PIPELINE RUN START 2026-08-17T21:22:03 [run_pipeline_persistent] =====

--- RSS Fetch Errors at 2026-08-17 21:23:07 ---
Error fetching https://www.hwsw.hu/xml/latest_news_rss.xml: Failed to perform, curl: (28) Connection timed out after 10000 milliseconds. See https://curl.se/libcurl/c/libcurl-errors.html first for more details.
[21:25:02] Image_Downloader: Download failed (https://www.nasa.gov/wp-content/uploads/2026/08/jsc2026e406637.jpg): HTTPSConnectionPool(host='www.nasa.gov', port=443): Read timed out. (read timeout=20)
[21:25:47] Image_Downloader: Download failed (https://www.nasa.gov/wp-content/uploads/2026/08/jsc2026e406637.jpg): HTTPSConnectionPool(host='www.nasa.gov', port=443): Read timed out. (read timeout=20)

===== PIPELINE RUN START 2026-08-17T21:27:04 [run_pipeline_persistent] =====

--- RSS Fetch Errors at 2026-08-17 21:28:18 ---
Error fetching https://www.vice.com/feed/: HTTP Error 404: 
[21:30:01] Image_Downloader: Download failed (https://www.nasa.gov/wp-content/uploads/2026/08/jsc2026e406637.jpg): HTTPSConnectionPool(host='www.nasa.gov', port=443): Read timed out. (read timeout=20)
[21:30:37] Image_Downloader: Download failed (https://www.nasa.gov/wp-content/uploads/2026/08/jsc2026e406637.jpg): HTTPSConnectionPool(host='www.nasa.gov', port=443): Read timed out. (read timeout=20)

===== PIPELINE RUN START 2026-08-17T21:32:05 [run_pipeline_persistent] =====

--- RSS Fetch Errors at 2026-08-17 21:32:57 ---
Error fetching https://sorozatjunkie.hu/feed: HTTP Error 404: 
[21:34:41] Image_Downloader: Download failed (https://www.nasa.gov/wp-content/uploads/2026/08/jsc2026e406637.jpg): HTTPSConnectionPool(host='www.nasa.gov', port=443): Read timed out. (read timeout=20)
[21:35:16] Image_Downloader: Download failed (https://www.nasa.gov/wp-content/uploads/2026/08/jsc2026e406637.jpg): HTTPSConnectionPool(host='www.nasa.gov', port=443): Read timed out. (read timeout=20)

===== PIPELINE RUN START 2026-08-17T21:37:07 [run_pipeline_persistent] =====
[21:39:56] Image_Downloader: Download failed (https://www.mafab.hu/static/2026t/225/17/47310_1786720032.1912.jpg): HTTPSConnectionPool(host='www.mafab.hu', port=443): Read timed out. (read timeout=5)
[21:40:19] Image_Downloader: Download failed (https://www.nasa.gov/wp-content/uploads/2026/08/jsc2026e406637.jpg): HTTPSConnectionPool(host='www.nasa.gov', port=443): Read timed out. (read timeout=20)
[21:40:55] Image_Downloader: Download failed (https://www.nasa.gov/wp-content/uploads/2026/08/jsc2026e406637.jpg): HTTPSConnectionPool(host='www.nasa.gov', port=443): Read timed out. (read timeout=20)

===== PIPELINE RUN START 2026-08-17T21:42:08 [run_pipeline_persistent] =====
[21:43:10] Summarizer: [DownloadWorker-0] SKIP (duplicate title): Kalózok raboltak el egy teherhajót Szomá...
[21:44:49] Image_Downloader: Download failed (https://www.nasa.gov/wp-content/uploads/2026/08/jsc2026e406637.jpg): HTTPSConnectionPool(host='www.nasa.gov', port=443): Read timed out. (read timeout=20)
[21:45:25] Image_Downloader: Download failed (https://www.nasa.gov/wp-content/uploads/2026/08/jsc2026e406637.jpg): HTTPSConnectionPool(host='www.nasa.gov', port=443): Read timed out. (read timeout=20)

===== PIPELINE RUN START 2026-08-17T21:47:08 [run_pipeline_persistent] =====
[21:49:41] Image_Downloader: Download failed (https://www.nasa.gov/wp-content/uploads/2026/08/jsc2026e406637.jpg): HTTPSConnectionPool(host='www.nasa.gov', port=443): Read timed out. (read timeout=20)
[21:50:17] Image_Downloader: Download failed (https://www.nasa.gov/wp-content/uploads/2026/08/jsc2026e406637.jpg): HTTPSConnectionPool(host='www.nasa.gov', port=443): Read timed out. (read timeout=20)

===== PIPELINE RUN START 2026-08-17T21:52:09 [run_pipeline_persistent] =====
[21:54:48] Image_Downloader: Download failed (https://www.nasa.gov/wp-content/uploads/2026/08/jsc2026e406637.jpg): HTTPSConnectionPool(host='www.nasa.gov', port=443): Read timed out. (read timeout=20)
[21:55:24] Image_Downloader: Download failed (https://www.nasa.gov/wp-content/uploads/2026/08/jsc2026e406637.jpg): HTTPSConnectionPool(host='www.nasa.gov', port=443): Read timed out. (read timeout=20)

===== PIPELINE RUN START 2026-08-17T21:57:10 [run_pipeline_persistent] =====
[21:59:48] Image_Downloader: Download failed (https://www.nasa.gov/wp-content/uploads/2026/08/jsc2026e406637.jpg): HTTPSConnectionPool(host='www.nasa.gov', port=443): Read timed out. (read timeout=20)
[22:00:24] Image_Downloader: Download failed (https://www.nasa.gov/wp-content/uploads/2026/08/jsc2026e406637.jpg): HTTPSConnectionPool(host='www.nasa.gov', port=443): Read timed out. (read timeout=20)

===== PIPELINE RUN START 2026-08-17T22:02:11 [run_pipeline_persistent] =====
[22:04:46] Image_Downloader: Download failed (https://www.nasa.gov/wp-content/uploads/2026/08/jsc2026e406637.jpg): HTTPSConnectionPool(host='www.nasa.gov', port=443): Read timed out. (read timeout=20)
[22:05:23] Image_Downloader: Download failed (https://www.nasa.gov/wp-content/uploads/2026/08/jsc2026e406637.jpg): HTTPSConnectionPool(host='www.nasa.gov', port=443): Read timed out. (read timeout=20)

===== PIPELINE RUN START 2026-08-17T22:07:12 [run_pipeline_persistent] =====
[22:09:57] Image_Downloader: Download failed (https://www.nasa.gov/wp-content/uploads/2026/08/jsc2026e406637.jpg): HTTPSConnectionPool(host='www.nasa.gov', port=443): Read timed out. (read timeout=20)
[22:10:33] Image_Downloader: Download failed (https://www.nasa.gov/wp-content/uploads/2026/08/jsc2026e406637.jpg): HTTPSConnectionPool(host='www.nasa.gov', port=443): Read timed out. (read timeout=20)

===== PIPELINE RUN START 2026-08-17T22:12:13 [run_pipeline_persistent] =====

--- RSS Fetch Errors at 2026-08-17 22:13:06 ---
Error fetching https://travelmagazin.hu/feed: HTTP Error 500: 
[22:14:50] Image_Downloader: Download failed (https://www.nasa.gov/wp-content/uploads/2026/08/jsc2026e406637.jpg): HTTPSConnectionPool(host='www.nasa.gov', port=443): Read timed out. (read timeout=20)
[22:15:26] Image_Downloader: Download failed (https://www.nasa.gov/wp-content/uploads/2026/08/jsc2026e406637.jpg): HTTPSConnectionPool(host='www.nasa.gov', port=443): Read timed out. (read timeout=20)

===== PIPELINE RUN START 2026-08-17T22:17:14 [run_pipeline_persistent] =====
[22:19:51] Image_Downloader: Download failed (https://www.nasa.gov/wp-content/uploads/2026/08/jsc2026e406637.jpg): HTTPSConnectionPool(host='www.nasa.gov', port=443): Read timed out. (read timeout=20)
[22:20:27] Image_Downloader: Download failed (https://www.nasa.gov/wp-content/uploads/2026/08/jsc2026e406637.jpg): HTTPSConnectionPool(host='www.nasa.gov', port=443): Read timed out. (read timeout=20)

===== PIPELINE RUN START 2026-08-17T22:22:15 [run_pipeline_persistent] =====
[22:24:52] Image_Downloader: Download failed (https://www.nasa.gov/wp-content/uploads/2026/08/jsc2026e406637.jpg): HTTPSConnectionPool(host='www.nasa.gov', port=443): Read timed out. (read timeout=20)
[22:25:28] Image_Downloader: Download failed (https://www.nasa.gov/wp-content/uploads/2026/08/jsc2026e406637.jpg): HTTPSConnectionPool(host='www.nasa.gov', port=443): Read timed out. (read timeout=20)

===== PIPELINE RUN START 2026-08-17T22:27:16 [run_pipeline_persistent] =====
[22:29:53] Image_Downloader: Download failed (https://www.nasa.gov/wp-content/uploads/2026/08/jsc2026e406637.jpg): HTTPSConnectionPool(host='www.nasa.gov', port=443): Read timed out. (read timeout=20)
[22:30:29] Image_Downloader: Download failed (https://www.nasa.gov/wp-content/uploads/2026/08/jsc2026e406637.jpg): HTTPSConnectionPool(host='www.nasa.gov', port=443): Read timed out. (read timeout=20)

===== PIPELINE RUN START 2026-08-17T22:32:16 [run_pipeline_persistent] =====
[22:34:56] Image_Downloader: Download failed (https://www.nasa.gov/wp-content/uploads/2026/08/jsc2026e406637.jpg): HTTPSConnectionPool(host='www.nasa.gov', port=443): Read timed out. (read timeout=20)
[22:35:32] Image_Downloader: Download failed (https://www.nasa.gov/wp-content/uploads/2026/08/jsc2026e406637.jpg): HTTPSConnectionPool(host='www.nasa.gov', port=443): Read timed out. (read timeout=20)

===== PIPELINE RUN START 2026-08-17T22:37:17 [run_pipeline_persistent] =====
[22:39:54] Image_Downloader: Download failed (https://www.nasa.gov/wp-content/uploads/2026/08/jsc2026e406637.jpg): HTTPSConnectionPool(host='www.nasa.gov', port=443): Read timed out. (read timeout=20)
[22:40:30] Image_Downloader: Download failed (https://www.nasa.gov/wp-content/uploads/2026/08/jsc2026e406637.jpg): HTTPSConnectionPool(host='www.nasa.gov', port=443): Read timed out. (read timeout=20)

===== PIPELINE RUN START 2026-08-17T22:42:18 [run_pipeline_persistent] =====

--- RSS Fetch Errors at 2026-08-17 22:43:33 ---
Error fetching https://www.hwsw.hu/xml/latest_news_rss.xml: Failed to perform, curl: (28) Connection timed out after 10001 milliseconds. See https://curl.se/libcurl/c/libcurl-errors.html first for more details.
Error fetching https://sokszinuvidek.24.hu/feed/: Failed to perform, curl: (28) Connection timed out after 10003 milliseconds. See https://curl.se/libcurl/c/libcurl-errors.html first for more details.
[22:45:18] Image_Downloader: Download failed (https://www.mafab.hu/static/2026t/225/17/47310_1786720032.1912.jpg): HTTPSConnectionPool(host='www.mafab.hu', port=443): Read timed out. (read timeout=5)
[22:45:29] Image_Downloader: Download failed (https://www.nasa.gov/wp-content/uploads/2026/08/jsc2026e406637.jpg): HTTPSConnectionPool(host='www.nasa.gov', port=443): Read timed out. (read timeout=20)
[22:46:04] Image_Downloader: Download failed (https://www.nasa.gov/wp-content/uploads/2026/08/jsc2026e406637.jpg): HTTPSConnectionPool(host='www.nasa.gov', port=443): Read timed out. (read timeout=20)

===== PIPELINE RUN START 2026-08-17T22:47:18 [run_pipeline_persistent] =====
[22:49:55] Image_Downloader: Download failed (https://www.nasa.gov/wp-content/uploads/2026/08/jsc2026e406637.jpg): HTTPSConnectionPool(host='www.nasa.gov', port=443): Read timed out. (read timeout=20)
[22:50:30] Image_Downloader: Download failed (https://www.nasa.gov/wp-content/uploads/2026/08/jsc2026e406637.jpg): HTTPSConnectionPool(host='www.nasa.gov', port=443): Read timed out. (read timeout=20)

===== PIPELINE RUN START 2026-08-17T22:52:20 [run_pipeline_persistent] =====

--- RSS Fetch Errors at 2026-08-17 22:53:34 ---
Error fetching https://sokszinuvidek.24.hu/?oembed=true&format=xml&url=https%3A%2F%2Fsokszinuvidek.24.hu%2F: Failed to perform, curl: (28) Operation timed out after 25003 milliseconds with 0 bytes received. See https://curl.se/libcurl/c/libcurl-errors.html first for more details.
[22:55:17] Image_Downloader: Download failed (https://www.nasa.gov/wp-content/uploads/2026/08/jsc2026e406637.jpg): HTTPSConnectionPool(host='www.nasa.gov', port=443): Read timed out. (read timeout=20)
[22:55:53] Image_Downloader: Download failed (https://www.nasa.gov/wp-content/uploads/2026/08/jsc2026e406637.jpg): HTTPSConnectionPool(host='www.nasa.gov', port=443): Read timed out. (read timeout=20)

===== PIPELINE RUN START 2026-08-17T22:57:21 [run_pipeline_persistent] =====
[23:00:01] Image_Downloader: Download failed (https://www.nasa.gov/wp-content/uploads/2026/08/jsc2026e406637.jpg): HTTPSConnectionPool(host='www.nasa.gov', port=443): Read timed out. (read timeout=20)
[23:00:37] Image_Downloader: Download failed (https://www.nasa.gov/wp-content/uploads/2026/08/jsc2026e406637.jpg): HTTPSConnectionPool(host='www.nasa.gov', port=443): Read timed out. (read timeout=20)

===== PIPELINE RUN START 2026-08-17T23:02:21 [run_pipeline_persistent] =====

--- RSS Fetch Errors at 2026-08-17 23:03:21 ---
Error fetching https://sokszinuvidek.24.hu/feed/: Failed to perform, curl: (28) Connection timed out after 10002 milliseconds. See https://curl.se/libcurl/c/libcurl-errors.html first for more details.
[23:05:05] Image_Downloader: Download failed (https://www.nasa.gov/wp-content/uploads/2026/08/jsc2026e406637.jpg): HTTPSConnectionPool(host='www.nasa.gov', port=443): Read timed out. (read timeout=20)
[23:05:41] Image_Downloader: Download failed (https://www.nasa.gov/wp-content/uploads/2026/08/jsc2026e406637.jpg): HTTPSConnectionPool(host='www.nasa.gov', port=443): Read timed out. (read timeout=20)

===== PIPELINE RUN START 2026-08-17T23:07:23 [run_pipeline_persistent] =====

--- RSS Fetch Errors at 2026-08-17 23:08:37 ---
Error fetching https://femina.hu/24ora/rss.xml: Failed to perform, curl: (28) Connection timed out after 10003 milliseconds. See https://curl.se/libcurl/c/libcurl-errors.html first for more details.
[23:10:19] Image_Downloader: Download failed (https://www.nasa.gov/wp-content/uploads/2026/08/jsc2026e406637.jpg): HTTPSConnectionPool(host='www.nasa.gov', port=443): Read timed out. (read timeout=20)
[23:10:55] Image_Downloader: Download failed (https://www.nasa.gov/wp-content/uploads/2026/08/jsc2026e406637.jpg): HTTPSConnectionPool(host='www.nasa.gov', port=443): Read timed out. (read timeout=20)

===== PIPELINE RUN START 2026-08-17T23:12:24 [run_pipeline_persistent] =====
[23:15:10] Image_Downloader: Download failed (https://www.nasa.gov/wp-content/uploads/2026/08/jsc2026e406637.jpg): HTTPSConnectionPool(host='www.nasa.gov', port=443): Read timed out. (read timeout=20)
[23:15:46] Image_Downloader: Download failed (https://www.nasa.gov/wp-content/uploads/2026/08/jsc2026e406637.jpg): HTTPSConnectionPool(host='www.nasa.gov', port=443): Read timed out. (read timeout=20)

===== PIPELINE RUN START 2026-08-17T23:17:25 [run_pipeline_persistent] =====
[23:20:02] Image_Downloader: Download failed (https://www.nasa.gov/wp-content/uploads/2026/08/jsc2026e406637.jpg): HTTPSConnectionPool(host='www.nasa.gov', port=443): Read timed out. (read timeout=20)
[23:20:38] Image_Downloader: Download failed (https://www.nasa.gov/wp-content/uploads/2026/08/jsc2026e406637.jpg): HTTPSConnectionPool(host='www.nasa.gov', port=443): Read timed out. (read timeout=20)

===== PIPELINE RUN START 2026-08-17T23:22:26 [run_pipeline_persistent] =====

--- RSS Fetch Errors at 2026-08-17 23:23:24 ---
Error fetching https://player.hu/feed: Failed to perform, curl: (28) Connection timed out after 10003 milliseconds. See https://curl.se/libcurl/c/libcurl-errors.html first for more details.
[23:25:08] Image_Downloader: Download failed (https://www.nasa.gov/wp-content/uploads/2026/08/jsc2026e406637.jpg): HTTPSConnectionPool(host='www.nasa.gov', port=443): Read timed out. (read timeout=20)
[23:25:44] Image_Downloader: Download failed (https://www.nasa.gov/wp-content/uploads/2026/08/jsc2026e406637.jpg): HTTPSConnectionPool(host='www.nasa.gov', port=443): Read timed out. (read timeout=20)
