
===== PIPELINE RUN START 2026-08-23T00:01:26 [run_pipeline_persistent] =====

--- RSS Fetch Errors at 2026-08-23 00:08:15 ---
Error fetching https://totalcar.hu/feed: Failed to perform, curl: (28) Connection timed out after 10001 milliseconds. See https://curl.se/libcurl/c/libcurl-errors.html first for more details.
Error fetching https://ng.24.hu/feed: Failed to perform, curl: (28) Connection timed out after 10002 milliseconds. See https://curl.se/libcurl/c/libcurl-errors.html first for more details.
Error fetching https://funzine.hu/feed: Failed to perform, curl: (28) Connection timed out after 10003 milliseconds. See https://curl.se/libcurl/c/libcurl-errors.html first for more details.
[00:08:33] Summarizer: [DownloadWorker-9] SKIP (duplicate title): TRADING ECONOMICS...
[00:08:42] Summarizer: [DownloadWorker-4] SKIP (duplicate title): TRADING ECONOMICS...
[00:08:51] Summarizer: [DownloadWorker-9] SKIP (duplicate title): TRADING ECONOMICS...
[00:08:59] Summarizer: [DownloadWorker-2] SKIP (duplicate title): TRADING ECONOMICS...
[00:09:07] Summarizer: [DownloadWorker-0] SKIP (duplicate title): TRADING ECONOMICS...
[00:09:17] Summarizer: [DownloadWorker-5] SKIP (duplicate title): TRADING ECONOMICS...
[00:09:25] Summarizer: [DownloadWorker-4] SKIP (duplicate title): TRADING ECONOMICS...
[00:09:41] Summarizer: [DownloadWorker-8] SKIP (duplicate title): TRADING ECONOMICS...
[00:09:47] Summarizer: [DownloadWorker-7] SKIP (duplicate title): TRADING ECONOMICS...

===== PIPELINE RUN START 2026-08-23T00:12:12 [run_pipeline_persistent] =====

--- RSS Fetch Errors at 2026-08-23 00:13:44 ---
Error fetching https://velvet.hu/24ora/rss/: Failed to perform, curl: (35) TLS connect error: error:00000000:invalid library (0):OPENSSL_internal:invalid library (0). See https://curl.se/libcurl/c/libcurl-errors.html first for more details.

===== PIPELINE RUN START 2026-08-23T00:17:13 [run_pipeline_persistent] =====

===== PIPELINE RUN START 2026-08-23T00:22:15 [run_pipeline_persistent] =====

===== PIPELINE RUN START 2026-08-23T00:27:15 [run_pipeline_persistent] =====

===== PIPELINE RUN START 2026-08-23T00:32:17 [run_pipeline_persistent] =====

===== PIPELINE RUN START 2026-08-23T00:37:28 [run_pipeline_persistent] =====

===== PIPELINE RUN START 2026-08-23T00:42:30 [run_pipeline_persistent] =====

===== PIPELINE RUN START 2026-08-23T00:47:31 [run_pipeline_persistent] =====

===== PIPELINE RUN START 2026-08-23T00:52:33 [run_pipeline_persistent] =====
