
===== PIPELINE RUN START 2026-09-14T00:03:57 [run_pipeline_persistent] =====

--- RSS Fetch Errors at 2026-09-14 00:09:58 ---
Error fetching https://prog.hu/hirek/rss: HTTP Error 502: 
Error fetching https://www.hwsw.hu/xml/latest_news_rss.xml: Failed to perform, curl: (28) Connection timed out after 10002 milliseconds. See https://curl.se/libcurl/c/libcurl-errors.html first for more details.
Error fetching https://player.hu/feed: Failed to perform, curl: (28) Connection timed out after 10001 milliseconds. See https://curl.se/libcurl/c/libcurl-errors.html first for more details.
Error fetching https://www.xda-developers.com/feed: Failed to perform, curl: (7) Failed to connect to www.xda-developers.com port 443 after 114 ms: Could not connect to server. See https://curl.se/libcurl/c/libcurl-errors.html first for more details.
[00:10:28] Summarizer: [Batch] 1 item(s) missing from response → marked for reprocessing
[00:10:45] Image_Downloader: Download failed (https://welovebudapest.com/assets/_empty.php): 404 Client Error: Not Found for url: https://welovebudapest.com/assets/_empty.php
[00:10:55] Image_Downloader: Download failed (https://www.joy.hu/imageproxy.php?url=https%3A%2F%2Fcms.static.marquardmedia.hu%2Fdata%2Fcikk%2F396%2F396567.1200x630.jpg): HTTPSConnectionPool(host='www.joy.hu', port=443): Read timed out. (read timeout=10)
[00:11:15] Summarizer: [Batch] No response from API (attempt 1/3)
[00:11:25] Summarizer: [Batch] No response from API (attempt 2/3)
[00:11:46] Image_Downloader: Download failed (https://welovebudapest.com/assets/_empty.php): 404 Client Error: Not Found for url: https://welovebudapest.com/assets/_empty.php
[00:11:53] Image_Downloader: Download failed (https://welovebudapest.com/assets/_empty.php): 404 Client Error: Not Found for url: https://welovebudapest.com/assets/_empty.php

===== PIPELINE RUN START 2026-09-14T00:12:13 [run_pipeline_persistent] =====
[00:14:53] Image_Downloader: Download failed (https://welovebudapest.com/assets/_empty.php): 404 Client Error: Not Found for url: https://welovebudapest.com/assets/_empty.php
[00:14:59] Image_Downloader: Download failed (https://welovebudapest.com/assets/_empty.php): 404 Client Error: Not Found for url: https://welovebudapest.com/assets/_empty.php

===== PIPELINE RUN START 2026-09-14T00:17:14 [run_pipeline_persistent] =====
[00:19:23] Image_Downloader: Download failed (https://welovebudapest.com/assets/_empty.php): 404 Client Error: Not Found for url: https://welovebudapest.com/assets/_empty.php
[00:19:29] Image_Downloader: Download failed (https://welovebudapest.com/assets/_empty.php): 404 Client Error: Not Found for url: https://welovebudapest.com/assets/_empty.php

===== PIPELINE RUN START 2026-09-14T00:22:16 [run_pipeline_persistent] =====

--- RSS Fetch Errors at 2026-09-14 00:23:17 ---
Error fetching https://www.hwsw.hu/xml/latest_news_rss.xml: Failed to perform, curl: (28) Connection timed out after 10003 milliseconds. See https://curl.se/libcurl/c/libcurl-errors.html first for more details.
Error fetching https://faroutmagazine.co.uk/film/feed: Failed to perform, curl: (28) Connection timed out after 10003 milliseconds. See https://curl.se/libcurl/c/libcurl-errors.html first for more details.
Error fetching https://cryptofalka.hu/feed: Failed to perform, curl: (28) Connection timed out after 10003 milliseconds. See https://curl.se/libcurl/c/libcurl-errors.html first for more details.
[00:23:26] Summarizer: [Batch] No response from API (attempt 1/3)
[00:24:30] Image_Downloader: Download failed (https://welovebudapest.com/assets/_empty.php): 404 Client Error: Not Found for url: https://welovebudapest.com/assets/_empty.php
[00:24:36] Image_Downloader: Download failed (https://welovebudapest.com/assets/_empty.php): 404 Client Error: Not Found for url: https://welovebudapest.com/assets/_empty.php

===== PIPELINE RUN START 2026-09-14T00:27:18 [run_pipeline_persistent] =====

--- RSS Fetch Errors at 2026-09-14 00:28:37 ---
Error fetching https://tldr.tech/rss: HTTP Error 429: 
Error fetching https://quirkofhistory.com/feed.xml: Failed to perform, curl: (28) Connection timed out after 10002 milliseconds. See https://curl.se/libcurl/c/libcurl-errors.html first for more details.
Error fetching https://faroutmagazine.co.uk/travel/feed: Failed to perform, curl: (28) Operation timed out after 35649 milliseconds with 420 bytes received. See https://curl.se/libcurl/c/libcurl-errors.html first for more details.
[00:29:50] Image_Downloader: Download failed (https://welovebudapest.com/assets/_empty.php): 404 Client Error: Not Found for url: https://welovebudapest.com/assets/_empty.php
[00:29:56] Image_Downloader: Download failed (https://welovebudapest.com/assets/_empty.php): 404 Client Error: Not Found for url: https://welovebudapest.com/assets/_empty.php

===== PIPELINE RUN START 2026-09-14T00:32:21 [run_pipeline_persistent] =====

--- RSS Fetch Errors at 2026-09-14 00:33:44 ---
Error fetching https://tldr.tech/rss: HTTP Error 429: 
[00:34:59] Image_Downloader: Download failed (https://welovebudapest.com/assets/_empty.php): 404 Client Error: Not Found for url: https://welovebudapest.com/assets/_empty.php
[00:35:05] Image_Downloader: Download failed (https://welovebudapest.com/assets/_empty.php): 404 Client Error: Not Found for url: https://welovebudapest.com/assets/_empty.php

===== PIPELINE RUN START 2026-09-14T00:37:23 [run_pipeline_persistent] =====

--- RSS Fetch Errors at 2026-09-14 00:38:23 ---
Error fetching https://www.hwsw.hu/xml/latest_news_rss.xml: Failed to perform, curl: (28) Connection timed out after 10003 milliseconds. See https://curl.se/libcurl/c/libcurl-errors.html first for more details.
[00:39:35] Image_Downloader: Download failed (https://welovebudapest.com/assets/_empty.php): 404 Client Error: Not Found for url: https://welovebudapest.com/assets/_empty.php
[00:39:41] Image_Downloader: Download failed (https://welovebudapest.com/assets/_empty.php): 404 Client Error: Not Found for url: https://welovebudapest.com/assets/_empty.php

===== PIPELINE RUN START 2026-09-14T00:42:26 [run_pipeline_persistent] =====

--- RSS Fetch Errors at 2026-09-14 00:43:25 ---
Error fetching https://www.mentalfloss.com/feed: Failed to perform, curl: (28) Connection timed out after 10002 milliseconds. See https://curl.se/libcurl/c/libcurl-errors.html first for more details.
Error fetching https://quirkofhistory.com/feed.xml: Failed to perform, curl: (28) Connection timed out after 10002 milliseconds. See https://curl.se/libcurl/c/libcurl-errors.html first for more details.
[00:44:37] Image_Downloader: Download failed (https://welovebudapest.com/assets/_empty.php): 404 Client Error: Not Found for url: https://welovebudapest.com/assets/_empty.php
[00:44:43] Image_Downloader: Download failed (https://welovebudapest.com/assets/_empty.php): 404 Client Error: Not Found for url: https://welovebudapest.com/assets/_empty.php

===== PIPELINE RUN START 2026-09-14T00:47:29 [run_pipeline_persistent] =====
[00:50:03] Image_Downloader: Download failed (https://welovebudapest.com/assets/_empty.php): 404 Client Error: Not Found for url: https://welovebudapest.com/assets/_empty.php
[00:50:09] Image_Downloader: Download failed (https://welovebudapest.com/assets/_empty.php): 404 Client Error: Not Found for url: https://welovebudapest.com/assets/_empty.php
