
===== PIPELINE RUN START 2026-08-19T00:00:43 [run_pipeline_persistent] =====

--- RSS Fetch Errors at 2026-08-19 00:02:14 ---
Error fetching https://www.hwsw.hu/xml/latest_news_rss.xml: Failed to perform, curl: (28) Connection timed out after 10003 milliseconds. See https://curl.se/libcurl/c/libcurl-errors.html first for more details.
[00:02:22] Summarizer: [DownloadWorker-9] SKIP (duplicate title): X-Faktor: megvan, mikor indul az idei év...

===== PIPELINE RUN START 2026-08-19T00:05:43 [run_pipeline_persistent] =====

--- RSS Fetch Errors at 2026-08-19 00:06:59 ---
Error fetching https://femina.hu/24ora/rss.xml: Failed to perform, curl: (28) Connection timed out after 10003 milliseconds. See https://curl.se/libcurl/c/libcurl-errors.html first for more details.
Error fetching https://sokszinuvidek.24.hu/?oembed=true&format=xml&url=https%3A%2F%2Fsokszinuvidek.24.hu%2F: Failed to perform, curl: (28) Connection timed out after 10003 milliseconds. See https://curl.se/libcurl/c/libcurl-errors.html first for more details.

===== PIPELINE RUN START 2026-08-19T00:10:45 [run_pipeline_persistent] =====

===== PIPELINE RUN START 2026-08-19T00:15:47 [run_pipeline_persistent] =====

===== PIPELINE RUN START 2026-08-19T00:20:49 [run_pipeline_persistent] =====

--- RSS Fetch Errors at 2026-08-19 00:22:05 ---
Error fetching https://roadster.hu/feed: Failed to perform, curl: (28) Connection timed out after 10003 milliseconds. See https://curl.se/libcurl/c/libcurl-errors.html first for more details.

===== PIPELINE RUN START 2026-08-19T00:25:50 [run_pipeline_persistent] =====

--- RSS Fetch Errors at 2026-08-19 00:26:57 ---
Error fetching https://www.hwsw.hu/xml/latest_news_rss.xml: Failed to perform, curl: (28) Connection timed out after 10003 milliseconds. See https://curl.se/libcurl/c/libcurl-errors.html first for more details.

===== PIPELINE RUN START 2026-08-19T00:30:51 [run_pipeline_persistent] =====

--- RSS Fetch Errors at 2026-08-19 00:32:06 ---
Error fetching https://femina.hu/24ora/rss.xml: Failed to perform, curl: (28) Operation timed out after 25003 milliseconds with 0 bytes received. See https://curl.se/libcurl/c/libcurl-errors.html first for more details.
Error fetching https://www.uniladtech.com/index.rss: Failed to perform, curl: (28) Operation timed out after 25002 milliseconds with 0 bytes received. See https://curl.se/libcurl/c/libcurl-errors.html first for more details.

===== PIPELINE RUN START 2026-08-19T00:35:52 [run_pipeline_persistent] =====

===== PIPELINE RUN START 2026-08-19T00:40:54 [run_pipeline_persistent] =====

===== PIPELINE RUN START 2026-08-19T00:45:57 [run_pipeline_persistent] =====

--- RSS Fetch Errors at 2026-08-19 00:47:09 ---
Error fetching https://aihirfolyam.hu/feed: Failed to perform, curl: (28) Connection timed out after 10002 milliseconds. See https://curl.se/libcurl/c/libcurl-errors.html first for more details.
Error fetching https://index.hu/tudomany/til/rss/: Failed to perform, curl: (28) Operation timed out after 25002 milliseconds with 0 bytes received. See https://curl.se/libcurl/c/libcurl-errors.html first for more details.

===== PIPELINE RUN START 2026-08-19T00:50:58 [run_pipeline_persistent] =====
