
===== PIPELINE RUN START 2026-09-04T00:04:50 [run_pipeline_persistent] =====

===== PIPELINE RUN START 2026-09-04T00:12:34 [run_pipeline_persistent] =====

===== PIPELINE RUN START 2026-09-04T00:19:58 [run_pipeline_persistent] =====

===== PIPELINE RUN START 2026-09-04T00:27:35 [run_pipeline_persistent] =====

===== PIPELINE RUN START 2026-09-04T00:34:57 [run_pipeline_persistent] =====

===== PIPELINE RUN START 2026-09-04T00:42:26 [run_pipeline_persistent] =====

===== PIPELINE RUN START 2026-09-04T00:49:44 [run_pipeline_persistent] =====

===== PIPELINE RUN START 2026-09-04T00:57:17 [run_pipeline_persistent] =====

===== PIPELINE RUN START 2026-09-04T01:04:42 [run_pipeline_persistent] =====

===== PIPELINE RUN START 2026-09-04T01:12:12 [run_pipeline_persistent] =====

===== PIPELINE RUN START 2026-09-04T01:19:34 [run_pipeline_persistent] =====

===== PIPELINE RUN START 2026-09-04T01:27:13 [run_pipeline_persistent] =====

===== PIPELINE RUN START 2026-09-04T01:34:35 [run_pipeline_persistent] =====

===== PIPELINE RUN START 2026-09-04T01:42:07 [run_pipeline_persistent] =====

===== PIPELINE RUN START 2026-09-04T01:49:23 [run_pipeline_persistent] =====

===== PIPELINE RUN START 2026-09-04T01:56:55 [run_pipeline_persistent] =====

--- RSS Fetch Errors at 2026-09-04 02:04:14 ---
Error fetching https://the-zone.hu/feed: Failed to perform, curl: (6) Could not resolve host: the-zone.hu. See https://curl.se/libcurl/c/libcurl-errors.html first for more details.
Error fetching https://funzine.hu/feed: Failed to perform, curl: (6) Could not resolve host: funzine.hu. See https://curl.se/libcurl/c/libcurl-errors.html first for more details.
Error fetching https://offmedia.hu/feed: Failed to perform, curl: (6) Could not resolve host: offmedia.hu. See https://curl.se/libcurl/c/libcurl-errors.html first for more details.
Error fetching https://prog.hu/hirek/rss: Failed to perform, curl: (6) Could not resolve host: prog.hu. See https://curl.se/libcurl/c/libcurl-errors.html first for more details.
Error fetching https://totalcar.hu/feed: Failed to perform, curl: (6) Could not resolve host: totalcar.hu. See https://curl.se/libcurl/c/libcurl-errors.html first for more details.
Error fetching https://www.economx.hu/feed: Failed to perform, curl: (6) Could not resolve host: www.economx.hu. See https://curl.se/libcurl/c/libcurl-errors.html first for more details.
Error fetching https://ng.24.hu/feed: Failed to perform, curl: (6) Could not resolve host: ng.24.hu. See https://curl.se/libcurl/c/libcurl-errors.html first for more details.
Error fetching https://fhm.com/feed: Failed to perform, curl: (6) Could not resolve host: fhm.com. See https://curl.se/libcurl/c/libcurl-errors.html first for more details.
Error fetching https://www.maxim.com/feed: Failed to perform, curl: (6) Could not resolve host: www.maxim.com. See https://curl.se/libcurl/c/libcurl-errors.html first for more details.
Error fetching https://marieclaire.hu/feed: Failed to perform, curl: (6) Could not resolve host: marieclaire.hu. See https://curl.se/libcurl/c/libcurl-errors.html first for more details.
Error fetching https://sorozatjunkie.hu/feed: Failed to perform, curl: (6) Could not resolve host: sorozatjunkie.hu. See https://curl.se/libcurl/c/libcurl-errors.html first for more details.
Error fetching https://www.hwsw.hu/xml/latest_news_rss.xml: Failed to perform, curl: (6) Could not resolve host: www.hwsw.hu. See https://curl.se/libcurl/c/libcurl-errors.html first for more details.
Error fetching https://nlc.hu/feed: Failed to perform, curl: (6) Could not resolve host: nlc.hu. See https://curl.se/libcurl/c/libcurl-errors.html first for more details.
Error fetching https://aihirfolyam.hu/feed: Failed to perform, curl: (6) Could not resolve host: aihirfolyam.hu. See https://curl.se/libcurl/c/libcurl-errors.html first for more details.
Error fetching https://velvet.hu/24ora/rss/: Failed to perform, curl: (6) Could not resolve host: velvet.hu. See https://curl.se/libcurl/c/libcurl-errors.html first for more details.
Error fetching https://roadster.hu/feed: Failed to perform, curl: (6) Could not resolve host: roadster.hu. See https://curl.se/libcurl/c/libcurl-errors.html first for more details.
Error fetching https://player.hu/feed: Failed to perform, curl: (6) Could not resolve host: player.hu. See https://curl.se/libcurl/c/libcurl-errors.html first for more details.
Error fetching https://firstclass.hu/feed: Failed to perform, curl: (6) Could not resolve host: firstclass.hu. See https://curl.se/libcurl/c/libcurl-errors.html first for more details.
Error fetching https://azutazo.hu/feed: Failed to perform, curl: (6) Could not resolve host: azutazo.hu. See https://curl.se/libcurl/c/libcurl-errors.html first for more details.
Error fetching https://caravantimes.co.uk/feed: Failed to perform, curl: (6) Could not resolve host: caravantimes.co.uk. See https://curl.se/libcurl/c/libcurl-errors.html first for more details.
Error fetching https://travelmagazin.hu/feed: Failed to perform, curl: (6) Could not resolve host: travelmagazin.hu. See https://curl.se/libcurl/c/libcurl-errors.html first for more details.
Error fetching https://www.penzcentrum.hu/rss/all.xml: Failed to perform, curl: (6) Could not resolve host: www.penzcentrum.hu. See https://curl.se/libcurl/c/libcurl-errors.html first for more details.
Error fetching https://9to5mac.com/feed/: Failed to perform, curl: (6) Could not resolve host: 9to5mac.com. See https://curl.se/libcurl/c/libcurl-errors.html first for more details.

===== PIPELINE RUN START 2026-09-04T02:04:15 [run_pipeline_persistent] =====

===== PIPELINE RUN START 2026-09-04T02:11:50 [run_pipeline_persistent] =====

===== PIPELINE RUN START 2026-09-04T02:19:13 [run_pipeline_persistent] =====

===== PIPELINE RUN START 2026-09-04T02:26:41 [run_pipeline_persistent] =====

===== PIPELINE RUN START 2026-09-04T02:33:58 [run_pipeline_persistent] =====

===== PIPELINE RUN START 2026-09-04T02:41:30 [run_pipeline_persistent] =====

===== PIPELINE RUN START 2026-09-04T02:48:49 [run_pipeline_persistent] =====

===== PIPELINE RUN START 2026-09-04T02:56:16 [run_pipeline_persistent] =====

===== PIPELINE RUN START 2026-09-04T03:03:31 [run_pipeline_persistent] =====

===== PIPELINE RUN START 2026-09-04T03:10:59 [run_pipeline_persistent] =====

--- RSS Fetch Errors at 2026-09-04 03:18:16 ---
Error fetching https://femina.hu/24ora/rss.xml: Failed to perform, curl: (6) Could not resolve host: femina.hu. See https://curl.se/libcurl/c/libcurl-errors.html first for more details.

===== PIPELINE RUN START 2026-09-04T03:18:16 [run_pipeline_persistent] =====

===== PIPELINE RUN START 2026-09-04T03:25:43 [run_pipeline_persistent] =====

===== PIPELINE RUN START 2026-09-04T03:33:11 [run_pipeline_persistent] =====

===== PIPELINE RUN START 2026-09-04T03:40:43 [run_pipeline_persistent] =====

===== PIPELINE RUN START 2026-09-04T03:48:07 [run_pipeline_persistent] =====

--- RSS Fetch Errors at 2026-09-04 03:55:28 ---
Error fetching https://hu.ign.com/feed.xml: Failed to perform, curl: (6) Could not resolve host: hu.ign.com. See https://curl.se/libcurl/c/libcurl-errors.html first for more details.
Error fetching https://hu.ign.com/feed.xml: Failed to perform, curl: (6) Could not resolve host: hu.ign.com. See https://curl.se/libcurl/c/libcurl-errors.html first for more details.

===== PIPELINE RUN START 2026-09-04T03:55:42 [run_pipeline_persistent] =====

===== PIPELINE RUN START 2026-09-04T04:03:06 [run_pipeline_persistent] =====

===== PIPELINE RUN START 2026-09-04T04:10:38 [run_pipeline_persistent] =====

===== PIPELINE RUN START 2026-09-04T04:17:57 [run_pipeline_persistent] =====

--- RSS Fetch Errors at 2026-09-04 04:31:43 ---
Error fetching https://index.hu/24ora/rss: Failed to perform, curl: (6) Could not resolve host: index.hu. See https://curl.se/libcurl/c/libcurl-errors.html first for more details.
Error fetching https://forbes.hu/feed/: Failed to perform, curl: (6) Could not resolve host: forbes.hu. See https://curl.se/libcurl/c/libcurl-errors.html first for more details.
Error fetching https://www.portfolio.hu/rss/all.xml: Failed to perform, curl: (6) Could not resolve host: www.portfolio.hu. See https://curl.se/libcurl/c/libcurl-errors.html first for more details.
Error fetching https://www.vezess.hu/feed/: Failed to perform, curl: (6) Could not resolve host: www.vezess.hu. See https://curl.se/libcurl/c/libcurl-errors.html first for more details.
Error fetching https://telex.hu/rss: Failed to perform, curl: (6) Could not resolve host: telex.hu. See https://curl.se/libcurl/c/libcurl-errors.html first for more details.
Error fetching https://prohardver.hu/hirfolyam/anyagok/rss.xml: Failed to perform, curl: (6) Could not resolve host: prohardver.hu. See https://curl.se/libcurl/c/libcurl-errors.html first for more details.
Error fetching https://www.penzcentrum.hu/rss: Failed to perform, curl: (6) Could not resolve host: www.penzcentrum.hu. See https://curl.se/libcurl/c/libcurl-errors.html first for more details.
Error fetching https://hold.hu/holdblog/feed: Failed to perform, curl: (6) Could not resolve host: hold.hu. See https://curl.se/libcurl/c/libcurl-errors.html first for more details.
Error fetching https://telex.hu/rss/archivum?filters=%7B%22superTagSlugs%22%3A%5B%22eszkombajn%22%5D%2C%22parentId%22%3A%5B%22null%22%5D%7D&perPage=10: Failed to perform, curl: (6) Could not resolve host: telex.hu. See https://curl.se/libcurl/c/libcurl-errors.html first for more details.
Error fetching https://qubit.hu/feed: Failed to perform, curl: (6) Could not resolve host: qubit.hu. See https://curl.se/libcurl/c/libcurl-errors.html first for more details.
Error fetching https://index.hu/belfold/rss/: Failed to perform, curl: (6) Could not resolve host: index.hu. See https://curl.se/libcurl/c/libcurl-errors.html first for more details.
Error fetching https://www.pcwplus.hu/site/rss/rss.xml: Failed to perform, curl: (6) Could not resolve host: www.pcwplus.hu. See https://curl.se/libcurl/c/libcurl-errors.html first for more details.
Error fetching https://index.hu/kulfold/rss/: Failed to perform, curl: (6) Could not resolve host: index.hu. See https://curl.se/libcurl/c/libcurl-errors.html first for more details.
Error fetching https://index.hu/sitemap/friss.xml: Failed to perform, curl: (6) Could not resolve host: index.hu. See https://curl.se/libcurl/c/libcurl-errors.html first for more details.
Error fetching https://index.hu/tudomany/rss/: Failed to perform, curl: (6) Could not resolve host: index.hu. See https://curl.se/libcurl/c/libcurl-errors.html first for more details.
Error fetching https://totalcar.hu/24ora/rss/: Failed to perform, curl: (6) Could not resolve host: totalcar.hu. See https://curl.se/libcurl/c/libcurl-errors.html first for more details.
Error fetching https://rss.nytimes.com/services/xml/rss/nyt/Technology.xml: Failed to perform, curl: (6) Could not resolve host: rss.nytimes.com. See https://curl.se/libcurl/c/libcurl-errors.html first for more details.
Error fetching https://esport1.hu/rss: Failed to perform, curl: (6) Could not resolve host: esport1.hu. See https://curl.se/libcurl/c/libcurl-errors.html first for more details.
Error fetching https://rss.nytimes.com/services/xml/rss/nyt/Science.xml: Failed to perform, curl: (6) Could not resolve host: rss.nytimes.com. See https://curl.se/libcurl/c/libcurl-errors.html first for more details.
Error fetching https://www.livescience.com/feeds/all: Failed to perform, curl: (6) Could not resolve host: www.livescience.com. See https://curl.se/libcurl/c/libcurl-errors.html first for more details.
Error fetching https://raketa.hu/feed: Failed to perform, curl: (6) Could not resolve host: raketa.hu. See https://curl.se/libcurl/c/libcurl-errors.html first for more details.
Error fetching https://welovebudapest.com/feed/: Failed to perform, curl: (6) Could not resolve host: welovebudapest.com. See https://curl.se/libcurl/c/libcurl-errors.html first for more details.
Error fetching https://www.sciencedaily.com/rss/top.xml: Failed to perform, curl: (6) Could not resolve host: www.sciencedaily.com. See https://curl.se/libcurl/c/libcurl-errors.html first for more details.
Error fetching https://www.space.com/feeds/all: Failed to perform, curl: (6) Could not resolve host: www.space.com. See https://curl.se/libcurl/c/libcurl-errors.html first for more details.
Error fetching https://www.cnet.com/rss/all/: Failed to perform, curl: (6) Could not resolve host: www.cnet.com. See https://curl.se/libcurl/c/libcurl-errors.html first for more details.
Error fetching https://vezess.hu/rss: Failed to perform, curl: (6) Could not resolve host: vezess.hu. See https://curl.se/libcurl/c/libcurl-errors.html first for more details.
Error fetching https://www.nasa.gov/rss/dyn/breaking_news.rss: Failed to perform, curl: (6) Could not resolve host: www.nasa.gov. See https://curl.se/libcurl/c/libcurl-errors.html first for more details.
Error fetching https://futurism.com/feed: Failed to perform, curl: (6) Could not resolve host: futurism.com. See https://curl.se/libcurl/c/libcurl-errors.html first for more details.
Error fetching https://www.sciencedaily.com/rss/all.xml: Failed to perform, curl: (6) Could not resolve host: www.sciencedaily.com. See https://curl.se/libcurl/c/libcurl-errors.html first for more details.
Error fetching https://github.blog/feed/: Failed to perform, curl: (6) Could not resolve host: github.blog. See https://curl.se/libcurl/c/libcurl-errors.html first for more details.
Error fetching https://insideevs.com/rss/news/all/: Failed to perform, curl: (6) Could not resolve host: insideevs.com. See https://curl.se/libcurl/c/libcurl-errors.html first for more details.
Error fetching https://techpowerup.com/rss/news: Failed to perform, curl: (6) Could not resolve host: techpowerup.com. See https://curl.se/libcurl/c/libcurl-errors.html first for more details.
Error fetching https://insideevs.com/rss/articles/all: Failed to perform, curl: (6) Could not resolve host: insideevs.com. See https://curl.se/libcurl/c/libcurl-errors.html first for more details.
Error fetching https://blog.google/rss/: Failed to perform, curl: (6) Could not resolve host: blog.google. See https://curl.se/libcurl/c/libcurl-errors.html first for more details.
Error fetching https://www.pcgamer.com/rss/: Failed to perform, curl: (6) Could not resolve host: www.pcgamer.com. See https://curl.se/libcurl/c/libcurl-errors.html first for more details.
Error fetching https://cointelegraph.com/rss: Failed to perform, curl: (6) Could not resolve host: cointelegraph.com. See https://curl.se/libcurl/c/libcurl-errors.html first for more details.
Error fetching https://feeds.forbes.com/real-time/feed2/: Failed to perform, curl: (6) Could not resolve host: feeds.forbes.com. See https://curl.se/libcurl/c/libcurl-errors.html first for more details.
Error fetching https://electrek.co/feed/: Failed to perform, curl: (6) Could not resolve host: electrek.co. See https://curl.se/libcurl/c/libcurl-errors.html first for more details.
Error fetching https://decrypt.co/feed: Failed to perform, curl: (6) Could not resolve host: decrypt.co. See https://curl.se/libcurl/c/libcurl-errors.html first for more details.
Error fetching https://www.gamingbible.com/index.rss: Failed to perform, curl: (6) Could not resolve host: www.gamingbible.com. See https://curl.se/libcurl/c/libcurl-errors.html first for more details.
Error fetching https://drive.hu/rss: Failed to perform, curl: (6) Could not resolve host: drive.hu. See https://curl.se/libcurl/c/libcurl-errors.html first for more details.
Error fetching https://bitcoinmagazine.com/feed: Failed to perform, curl: (6) Could not resolve host: bitcoinmagazine.com. See https://curl.se/libcurl/c/libcurl-errors.html first for more details.
Error fetching https://feeds.feedburner.com/ign/all: Failed to perform, curl: (6) Could not resolve host: feeds.feedburner.com. See https://curl.se/libcurl/c/libcurl-errors.html first for more details.
Error fetching https://feeds.feedburner.com/ign/games-all: Failed to perform, curl: (6) Could not resolve host: feeds.feedburner.com. See https://curl.se/libcurl/c/libcurl-errors.html first for more details.
Error fetching https://gsplus.hu/site/rss/rss.xml: Failed to perform, curl: (6) Could not resolve host: gsplus.hu. See https://curl.se/libcurl/c/libcurl-errors.html first for more details.
Error fetching https://www.forbes.com/most-popular/feed/: Failed to perform, curl: (6) Could not resolve host: www.forbes.com. See https://curl.se/libcurl/c/libcurl-errors.html first for more details.
Error fetching https://pcguru.hu/rss: Failed to perform, curl: (6) Could not resolve host: pcguru.hu. See https://curl.se/libcurl/c/libcurl-errors.html first for more details.
Error fetching https://bitcoinmagazine.com/.rss/full/: Failed to perform, curl: (6) Could not resolve host: bitcoinmagazine.com. See https://curl.se/libcurl/c/libcurl-errors.html first for more details.
Error fetching https://hvg.hu/rss: Failed to perform, curl: (6) Could not resolve host: hvg.hu. See https://curl.se/libcurl/c/libcurl-errors.html first for more details.
Error fetching https://feeds.feedburner.com/ign/tv-articles: Failed to perform, curl: (6) Could not resolve host: feeds.feedburner.com. See https://curl.se/libcurl/c/libcurl-errors.html first for more details.
Error fetching https://24.hu/feed/: Failed to perform, curl: (6) Could not resolve host: 24.hu. See https://curl.se/libcurl/c/libcurl-errors.html first for more details.
Error fetching https://prog.hu/site/backend/proghu-rss.xml: Failed to perform, curl: (6) Could not resolve host: prog.hu. See https://curl.se/libcurl/c/libcurl-errors.html first for more details.
Error fetching https://techcrunch.com/feed: Failed to perform, curl: (6) Could not resolve host: techcrunch.com. See https://curl.se/libcurl/c/libcurl-errors.html first for more details.
Error fetching https://feeds.feedburner.com/ign/tech-articles: Failed to perform, curl: (6) Could not resolve host: feeds.feedburner.com. See https://curl.se/libcurl/c/libcurl-errors.html first for more details.
Error fetching https://feeds.feedburner.com/ign/movies-articles: Failed to perform, curl: (6) Could not resolve host: feeds.feedburner.com. See https://curl.se/libcurl/c/libcurl-errors.html first for more details.
Error fetching https://hwsw.hu/xml/latest_news_rss.xml: Failed to perform, curl: (6) Could not resolve host: hwsw.hu. See https://curl.se/libcurl/c/libcurl-errors.html first for more details.
Error fetching https://444.hu/feed: Failed to perform, curl: (6) Could not resolve host: 444.hu. See https://curl.se/libcurl/c/libcurl-errors.html first for more details.
Error fetching https://sg.hu/plain/rss.xml: Failed to perform, curl: (6) Could not resolve host: sg.hu. See https://curl.se/libcurl/c/libcurl-errors.html first for more details.
Error fetching https://sg.hu/rss: Failed to perform, curl: (6) Could not resolve host: sg.hu. See https://curl.se/libcurl/c/libcurl-errors.html first for more details.
Error fetching https://www.portfolio.hu/rss/: Failed to perform, curl: (6) Could not resolve host: www.portfolio.hu. See https://curl.se/libcurl/c/libcurl-errors.html first for more details.
Error fetching https://www.cnet.com/rss/news/: Failed to perform, curl: (6) Could not resolve host: www.cnet.com. See https://curl.se/libcurl/c/libcurl-errors.html first for more details.
Error fetching https://444.hu/category/tudomany/feed: Failed to perform, curl: (6) Could not resolve host: 444.hu. See https://curl.se/libcurl/c/libcurl-errors.html first for more details.
Error fetching https://prohardver.hu/hirfolyam/hirek/rss.xml: Failed to perform, curl: (6) Could not resolve host: prohardver.hu. See https://curl.se/libcurl/c/libcurl-errors.html first for more details.
Error fetching https://444.hu/category/belfold/feed: Failed to perform, curl: (6) Could not resolve host: 444.hu. See https://curl.se/libcurl/c/libcurl-errors.html first for more details.
Error fetching https://media.sg.hu/rss/rss.xml: Failed to perform, curl: (6) Could not resolve host: media.sg.hu. See https://curl.se/libcurl/c/libcurl-errors.html first for more details.

===== PIPELINE RUN START 2026-09-04T04:48:11 [run_pipeline_persistent] =====

===== PIPELINE RUN START 2026-09-04T04:55:28 [run_pipeline_persistent] =====

===== PIPELINE RUN START 2026-09-04T05:03:00 [run_pipeline_persistent] =====

===== PIPELINE RUN START 2026-09-04T05:10:19 [run_pipeline_persistent] =====

===== PIPELINE RUN START 2026-09-04T05:17:51 [run_pipeline_persistent] =====

===== PIPELINE RUN START 2026-09-04T05:25:06 [run_pipeline_persistent] =====

===== PIPELINE RUN START 2026-09-04T05:32:35 [run_pipeline_persistent] =====

===== PIPELINE RUN START 2026-09-04T05:39:48 [run_pipeline_persistent] =====

===== PIPELINE RUN START 2026-09-04T05:47:21 [run_pipeline_persistent] =====

===== PIPELINE RUN START 2026-09-04T05:54:41 [run_pipeline_persistent] =====

===== PIPELINE RUN START 2026-09-04T06:02:24 [run_pipeline_persistent] =====

===== PIPELINE RUN START 2026-09-04T06:09:44 [run_pipeline_persistent] =====

===== PIPELINE RUN START 2026-09-04T06:17:13 [run_pipeline_persistent] =====

===== PIPELINE RUN START 2026-09-04T06:24:35 [run_pipeline_persistent] =====

===== PIPELINE RUN START 2026-09-04T06:32:17 [run_pipeline_persistent] =====

===== PIPELINE RUN START 2026-09-04T06:39:39 [run_pipeline_persistent] =====

===== PIPELINE RUN START 2026-09-04T06:47:15 [run_pipeline_persistent] =====

===== PIPELINE RUN START 2026-09-04T06:54:34 [run_pipeline_persistent] =====

===== PIPELINE RUN START 2026-09-04T07:02:03 [run_pipeline_persistent] =====

===== PIPELINE RUN START 2026-09-04T07:09:25 [run_pipeline_persistent] =====

===== PIPELINE RUN START 2026-09-04T07:16:57 [run_pipeline_persistent] =====

===== PIPELINE RUN START 2026-09-04T07:24:18 [run_pipeline_persistent] =====

===== PIPELINE RUN START 2026-09-04T07:31:46 [run_pipeline_persistent] =====

===== PIPELINE RUN START 2026-09-04T07:39:08 [run_pipeline_persistent] =====

===== PIPELINE RUN START 2026-09-04T07:46:44 [run_pipeline_persistent] =====

===== PIPELINE RUN START 2026-09-04T07:53:58 [run_pipeline_persistent] =====

===== PIPELINE RUN START 2026-09-04T08:01:28 [run_pipeline_persistent] =====

--- RSS Fetch Errors at 2026-09-04 08:08:45 ---
Error fetching https://sorozatjunkie.hu/feed: Failed to perform, curl: (6) Could not resolve host: sorozatjunkie.hu. See https://curl.se/libcurl/c/libcurl-errors.html first for more details.
Error fetching https://aihirfolyam.hu/feed: Failed to perform, curl: (6) Could not resolve host: aihirfolyam.hu. See https://curl.se/libcurl/c/libcurl-errors.html first for more details.
Error fetching https://nlc.hu/feed: Failed to perform, curl: (6) Could not resolve host: nlc.hu. See https://curl.se/libcurl/c/libcurl-errors.html first for more details.
Error fetching https://prog.hu/hirek/rss: Failed to perform, curl: (6) Could not resolve host: prog.hu. See https://curl.se/libcurl/c/libcurl-errors.html first for more details.
Error fetching https://the-zone.hu/feed: Failed to perform, curl: (6) Could not resolve host: the-zone.hu. See https://curl.se/libcurl/c/libcurl-errors.html first for more details.
Error fetching https://www.economx.hu/feed: Failed to perform, curl: (6) Could not resolve host: www.economx.hu. See https://curl.se/libcurl/c/libcurl-errors.html first for more details.
Error fetching https://velvet.hu/24ora/rss/: Failed to perform, curl: (6) Could not resolve host: velvet.hu. See https://curl.se/libcurl/c/libcurl-errors.html first for more details.
Error fetching https://offmedia.hu/feed: Failed to perform, curl: (6) Could not resolve host: offmedia.hu. See https://curl.se/libcurl/c/libcurl-errors.html first for more details.
Error fetching https://marieclaire.hu/feed: Failed to perform, curl: (6) Could not resolve host: marieclaire.hu. See https://curl.se/libcurl/c/libcurl-errors.html first for more details.
Error fetching https://www.hwsw.hu/xml/latest_news_rss.xml: Failed to perform, curl: (6) Could not resolve host: www.hwsw.hu. See https://curl.se/libcurl/c/libcurl-errors.html first for more details.
Error fetching https://www.maxim.com/feed: Failed to perform, curl: (6) Could not resolve host: www.maxim.com. See https://curl.se/libcurl/c/libcurl-errors.html first for more details.
Error fetching https://fhm.com/feed: Failed to perform, curl: (6) Could not resolve host: fhm.com. See https://curl.se/libcurl/c/libcurl-errors.html first for more details.
Error fetching https://funzine.hu/feed: Failed to perform, curl: (6) Could not resolve host: funzine.hu. See https://curl.se/libcurl/c/libcurl-errors.html first for more details.
Error fetching https://ng.24.hu/feed: Failed to perform, curl: (6) Could not resolve host: ng.24.hu. See https://curl.se/libcurl/c/libcurl-errors.html first for more details.
Error fetching https://totalcar.hu/feed: Failed to perform, curl: (6) Could not resolve host: totalcar.hu. See https://curl.se/libcurl/c/libcurl-errors.html first for more details.
Error fetching https://player.hu/feed: Failed to perform, curl: (6) Could not resolve host: player.hu. See https://curl.se/libcurl/c/libcurl-errors.html first for more details.
Error fetching https://firstclass.hu/feed: Failed to perform, curl: (6) Could not resolve host: firstclass.hu. See https://curl.se/libcurl/c/libcurl-errors.html first for more details.
Error fetching https://roadster.hu/feed: Failed to perform, curl: (6) Could not resolve host: roadster.hu. See https://curl.se/libcurl/c/libcurl-errors.html first for more details.
Error fetching https://azutazo.hu/feed: Failed to perform, curl: (6) Could not resolve host: azutazo.hu. See https://curl.se/libcurl/c/libcurl-errors.html first for more details.
Error fetching https://travelmagazin.hu/feed: Failed to perform, curl: (6) Could not resolve host: travelmagazin.hu. See https://curl.se/libcurl/c/libcurl-errors.html first for more details.
Error fetching https://www.penzcentrum.hu/rss/all.xml: Failed to perform, curl: (6) Could not resolve host: www.penzcentrum.hu. See https://curl.se/libcurl/c/libcurl-errors.html first for more details.
Error fetching https://caravantimes.co.uk/feed: Failed to perform, curl: (6) Could not resolve host: caravantimes.co.uk. See https://curl.se/libcurl/c/libcurl-errors.html first for more details.
Error fetching https://9to5mac.com/feed/: Failed to perform, curl: (6) Could not resolve host: 9to5mac.com. See https://curl.se/libcurl/c/libcurl-errors.html first for more details.

===== PIPELINE RUN START 2026-09-04T08:08:45 [run_pipeline_persistent] =====

===== PIPELINE RUN START 2026-09-04T08:16:18 [run_pipeline_persistent] =====

===== PIPELINE RUN START 2026-09-04T08:23:37 [run_pipeline_persistent] =====

===== PIPELINE RUN START 2026-09-04T08:31:19 [run_pipeline_persistent] =====

===== PIPELINE RUN START 2026-09-04T08:38:37 [run_pipeline_persistent] =====

===== PIPELINE RUN START 2026-09-04T08:46:11 [run_pipeline_persistent] =====

===== PIPELINE RUN START 2026-09-04T08:53:30 [run_pipeline_persistent] =====

===== PIPELINE RUN START 2026-09-04T09:01:03 [run_pipeline_persistent] =====

===== PIPELINE RUN START 2026-09-04T09:08:21 [run_pipeline_persistent] =====

===== PIPELINE RUN START 2026-09-04T09:15:57 [run_pipeline_persistent] =====

--- RSS Fetch Errors at 2026-09-04 09:23:25 ---
Error fetching https://femina.hu/24ora/rss.xml: Failed to perform, curl: (6) Could not resolve host: femina.hu. See https://curl.se/libcurl/c/libcurl-errors.html first for more details.

===== PIPELINE RUN START 2026-09-04T09:23:26 [run_pipeline_persistent] =====

===== PIPELINE RUN START 2026-09-04T09:30:55 [run_pipeline_persistent] =====

===== PIPELINE RUN START 2026-09-04T09:38:14 [run_pipeline_persistent] =====

===== PIPELINE RUN START 2026-09-04T09:45:43 [run_pipeline_persistent] =====

===== PIPELINE RUN START 2026-09-04T09:52:53 [run_pipeline_persistent] =====

--- RSS Fetch Errors at 2026-09-04 10:00:11 ---
Error fetching https://hu.ign.com/feed.xml: Failed to perform, curl: (6) Could not resolve host: hu.ign.com. See https://curl.se/libcurl/c/libcurl-errors.html first for more details.
Error fetching https://hu.ign.com/feed.xml: Failed to perform, curl: (6) Could not resolve host: hu.ign.com. See https://curl.se/libcurl/c/libcurl-errors.html first for more details.

===== PIPELINE RUN START 2026-09-04T10:00:25 [run_pipeline_persistent] =====

===== PIPELINE RUN START 2026-09-04T10:07:47 [run_pipeline_persistent] =====

===== PIPELINE RUN START 2026-09-04T10:15:25 [run_pipeline_persistent] =====

===== PIPELINE RUN START 2026-09-04T10:22:40 [run_pipeline_persistent] =====

--- RSS Fetch Errors at 2026-09-04 10:36:31 ---
Error fetching https://index.hu/24ora/rss: Failed to perform, curl: (6) Could not resolve host: index.hu. See https://curl.se/libcurl/c/libcurl-errors.html first for more details.
Error fetching https://www.portfolio.hu/rss/all.xml: Failed to perform, curl: (6) Could not resolve host: www.portfolio.hu. See https://curl.se/libcurl/c/libcurl-errors.html first for more details.
Error fetching https://444.hu/feed: Failed to perform, curl: (6) Could not resolve host: 444.hu. See https://curl.se/libcurl/c/libcurl-errors.html first for more details.
Error fetching https://telex.hu/rss: Failed to perform, curl: (6) Could not resolve host: telex.hu. See https://curl.se/libcurl/c/libcurl-errors.html first for more details.
Error fetching https://www.portfolio.hu/rss/: Failed to perform, curl: (6) Could not resolve host: www.portfolio.hu. See https://curl.se/libcurl/c/libcurl-errors.html first for more details.
Error fetching https://telex.hu/rss/archivum?filters=%7B%22superTagSlugs%22%3A%5B%22eszkombajn%22%5D%2C%22parentId%22%3A%5B%22null%22%5D%7D&perPage=10: Failed to perform, curl: (6) Could not resolve host: telex.hu. See https://curl.se/libcurl/c/libcurl-errors.html first for more details.
Error fetching https://index.hu/belfold/rss/: Failed to perform, curl: (6) Could not resolve host: index.hu. See https://curl.se/libcurl/c/libcurl-errors.html first for more details.
Error fetching https://444.hu/category/tudomany/feed: Failed to perform, curl: (6) Could not resolve host: 444.hu. See https://curl.se/libcurl/c/libcurl-errors.html first for more details.
Error fetching https://444.hu/category/belfold/feed: Failed to perform, curl: (6) Could not resolve host: 444.hu. See https://curl.se/libcurl/c/libcurl-errors.html first for more details.
Error fetching https://index.hu/kulfold/rss/: Failed to perform, curl: (6) Could not resolve host: index.hu. See https://curl.se/libcurl/c/libcurl-errors.html first for more details.
Error fetching https://index.hu/sitemap/friss.xml: Failed to perform, curl: (6) Could not resolve host: index.hu. See https://curl.se/libcurl/c/libcurl-errors.html first for more details.
Error fetching https://index.hu/tudomany/rss/: Failed to perform, curl: (6) Could not resolve host: index.hu. See https://curl.se/libcurl/c/libcurl-errors.html first for more details.
Error fetching https://totalcar.hu/24ora/rss/: Failed to perform, curl: (6) Could not resolve host: totalcar.hu. See https://curl.se/libcurl/c/libcurl-errors.html first for more details.
Error fetching https://qubit.hu/feed: Failed to perform, curl: (6) Could not resolve host: qubit.hu. See https://curl.se/libcurl/c/libcurl-errors.html first for more details.
Error fetching https://www.penzcentrum.hu/rss: Failed to perform, curl: (6) Could not resolve host: www.penzcentrum.hu. See https://curl.se/libcurl/c/libcurl-errors.html first for more details.
Error fetching https://rss.nytimes.com/services/xml/rss/nyt/Science.xml: Failed to perform, curl: (6) Could not resolve host: rss.nytimes.com. See https://curl.se/libcurl/c/libcurl-errors.html first for more details.
Error fetching https://www.pcwplus.hu/site/rss/rss.xml: Failed to perform, curl: (6) Could not resolve host: www.pcwplus.hu. See https://curl.se/libcurl/c/libcurl-errors.html first for more details.
Error fetching https://esport1.hu/rss: Failed to perform, curl: (6) Could not resolve host: esport1.hu. See https://curl.se/libcurl/c/libcurl-errors.html first for more details.
Error fetching https://sg.hu/rss: Failed to perform, curl: (6) Could not resolve host: sg.hu. See https://curl.se/libcurl/c/libcurl-errors.html first for more details.
Error fetching https://prohardver.hu/hirfolyam/hirek/rss.xml: Failed to perform, curl: (6) Could not resolve host: prohardver.hu. See https://curl.se/libcurl/c/libcurl-errors.html first for more details.
Error fetching https://www.vezess.hu/feed/: Failed to perform, curl: (6) Could not resolve host: www.vezess.hu. See https://curl.se/libcurl/c/libcurl-errors.html first for more details.
Error fetching https://hold.hu/holdblog/feed: Failed to perform, curl: (6) Could not resolve host: hold.hu. See https://curl.se/libcurl/c/libcurl-errors.html first for more details.
Error fetching https://www.cnet.com/rss/all/: Failed to perform, curl: (6) Could not resolve host: www.cnet.com. See https://curl.se/libcurl/c/libcurl-errors.html first for more details.
Error fetching https://raketa.hu/feed: Failed to perform, curl: (6) Could not resolve host: raketa.hu. See https://curl.se/libcurl/c/libcurl-errors.html first for more details.
Error fetching https://vezess.hu/rss: Failed to perform, curl: (6) Could not resolve host: vezess.hu. See https://curl.se/libcurl/c/libcurl-errors.html first for more details.
Error fetching https://futurism.com/feed: Failed to perform, curl: (6) Could not resolve host: futurism.com. See https://curl.se/libcurl/c/libcurl-errors.html first for more details.
Error fetching https://www.cnet.com/rss/news/: Failed to perform, curl: (6) Could not resolve host: www.cnet.com. See https://curl.se/libcurl/c/libcurl-errors.html first for more details.
Error fetching https://forbes.hu/feed/: Failed to perform, curl: (6) Could not resolve host: forbes.hu. See https://curl.se/libcurl/c/libcurl-errors.html first for more details.
Error fetching https://techpowerup.com/rss/news: Failed to perform, curl: (6) Could not resolve host: techpowerup.com. See https://curl.se/libcurl/c/libcurl-errors.html first for more details.
Error fetching https://www.space.com/feeds/all: Failed to perform, curl: (6) Could not resolve host: www.space.com. See https://curl.se/libcurl/c/libcurl-errors.html first for more details.
Error fetching https://www.sciencedaily.com/rss/all.xml: Failed to perform, curl: (6) Could not resolve host: www.sciencedaily.com. See https://curl.se/libcurl/c/libcurl-errors.html first for more details.
Error fetching https://www.livescience.com/feeds/all: Failed to perform, curl: (6) Could not resolve host: www.livescience.com. See https://curl.se/libcurl/c/libcurl-errors.html first for more details.
Error fetching https://www.pcgamer.com/rss/: Failed to perform, curl: (6) Could not resolve host: www.pcgamer.com. See https://curl.se/libcurl/c/libcurl-errors.html first for more details.
Error fetching https://blog.google/rss/: Failed to perform, curl: (6) Could not resolve host: blog.google. See https://curl.se/libcurl/c/libcurl-errors.html first for more details.
Error fetching https://rss.nytimes.com/services/xml/rss/nyt/Technology.xml: Failed to perform, curl: (6) Could not resolve host: rss.nytimes.com. See https://curl.se/libcurl/c/libcurl-errors.html first for more details.
Error fetching https://insideevs.com/rss/news/all/: Failed to perform, curl: (6) Could not resolve host: insideevs.com. See https://curl.se/libcurl/c/libcurl-errors.html first for more details.
Error fetching https://cointelegraph.com/rss: Failed to perform, curl: (6) Could not resolve host: cointelegraph.com. See https://curl.se/libcurl/c/libcurl-errors.html first for more details.
Error fetching https://electrek.co/feed/: Failed to perform, curl: (6) Could not resolve host: electrek.co. See https://curl.se/libcurl/c/libcurl-errors.html first for more details.
Error fetching https://bitcoinmagazine.com/.rss/full/: Failed to perform, curl: (6) Could not resolve host: bitcoinmagazine.com. See https://curl.se/libcurl/c/libcurl-errors.html first for more details.
Error fetching https://github.blog/feed/: Failed to perform, curl: (6) Could not resolve host: github.blog. See https://curl.se/libcurl/c/libcurl-errors.html first for more details.
Error fetching https://www.gamingbible.com/index.rss: Failed to perform, curl: (6) Could not resolve host: www.gamingbible.com. See https://curl.se/libcurl/c/libcurl-errors.html first for more details.
Error fetching https://decrypt.co/feed: Failed to perform, curl: (6) Could not resolve host: decrypt.co. See https://curl.se/libcurl/c/libcurl-errors.html first for more details.
Error fetching https://bitcoinmagazine.com/feed: Failed to perform, curl: (6) Could not resolve host: bitcoinmagazine.com. See https://curl.se/libcurl/c/libcurl-errors.html first for more details.
Error fetching https://feeds.forbes.com/real-time/feed2/: Failed to perform, curl: (6) Could not resolve host: feeds.forbes.com. See https://curl.se/libcurl/c/libcurl-errors.html first for more details.
Error fetching https://feeds.feedburner.com/ign/movies-articles: Failed to perform, curl: (6) Could not resolve host: feeds.feedburner.com. See https://curl.se/libcurl/c/libcurl-errors.html first for more details.
Error fetching https://hvg.hu/rss: Failed to perform, curl: (6) Could not resolve host: hvg.hu. See https://curl.se/libcurl/c/libcurl-errors.html first for more details.
Error fetching https://www.forbes.com/most-popular/feed/: Failed to perform, curl: (6) Could not resolve host: www.forbes.com. See https://curl.se/libcurl/c/libcurl-errors.html first for more details.
Error fetching https://techcrunch.com/feed: Failed to perform, curl: (6) Could not resolve host: techcrunch.com. See https://curl.se/libcurl/c/libcurl-errors.html first for more details.
Error fetching https://drive.hu/rss: Failed to perform, curl: (6) Could not resolve host: drive.hu. See https://curl.se/libcurl/c/libcurl-errors.html first for more details.
Error fetching https://feeds.feedburner.com/ign/games-all: Failed to perform, curl: (6) Could not resolve host: feeds.feedburner.com. See https://curl.se/libcurl/c/libcurl-errors.html first for more details.
Error fetching https://insideevs.com/rss/articles/all: Failed to perform, curl: (6) Could not resolve host: insideevs.com. See https://curl.se/libcurl/c/libcurl-errors.html first for more details.
Error fetching https://pcguru.hu/rss: Failed to perform, curl: (6) Could not resolve host: pcguru.hu. See https://curl.se/libcurl/c/libcurl-errors.html first for more details.
Error fetching https://prog.hu/site/backend/proghu-rss.xml: Failed to perform, curl: (6) Could not resolve host: prog.hu. See https://curl.se/libcurl/c/libcurl-errors.html first for more details.
Error fetching https://feeds.feedburner.com/ign/all: Failed to perform, curl: (6) Could not resolve host: feeds.feedburner.com. See https://curl.se/libcurl/c/libcurl-errors.html first for more details.
Error fetching https://gsplus.hu/site/rss/rss.xml: Failed to perform, curl: (6) Could not resolve host: gsplus.hu. See https://curl.se/libcurl/c/libcurl-errors.html first for more details.
Error fetching https://feeds.feedburner.com/ign/tech-articles: Failed to perform, curl: (6) Could not resolve host: feeds.feedburner.com. See https://curl.se/libcurl/c/libcurl-errors.html first for more details.
Error fetching https://24.hu/feed/: Failed to perform, curl: (6) Could not resolve host: 24.hu. See https://curl.se/libcurl/c/libcurl-errors.html first for more details.
Error fetching https://www.nasa.gov/rss/dyn/breaking_news.rss: Failed to perform, curl: (6) Could not resolve host: www.nasa.gov. See https://curl.se/libcurl/c/libcurl-errors.html first for more details.
Error fetching https://feeds.feedburner.com/ign/tv-articles: Failed to perform, curl: (6) Could not resolve host: feeds.feedburner.com. See https://curl.se/libcurl/c/libcurl-errors.html first for more details.
Error fetching https://welovebudapest.com/feed/: Failed to perform, curl: (6) Could not resolve host: welovebudapest.com. See https://curl.se/libcurl/c/libcurl-errors.html first for more details.
Error fetching https://hwsw.hu/xml/latest_news_rss.xml: Failed to perform, curl: (6) Could not resolve host: hwsw.hu. See https://curl.se/libcurl/c/libcurl-errors.html first for more details.
Error fetching https://prohardver.hu/hirfolyam/anyagok/rss.xml: Failed to perform, curl: (6) Could not resolve host: prohardver.hu. See https://curl.se/libcurl/c/libcurl-errors.html first for more details.
Error fetching https://www.sciencedaily.com/rss/top.xml: Failed to perform, curl: (6) Could not resolve host: www.sciencedaily.com. See https://curl.se/libcurl/c/libcurl-errors.html first for more details.
Error fetching https://media.sg.hu/rss/rss.xml: Failed to perform, curl: (6) Could not resolve host: media.sg.hu. See https://curl.se/libcurl/c/libcurl-errors.html first for more details.
Error fetching https://sg.hu/plain/rss.xml: Failed to perform, curl: (6) Could not resolve host: sg.hu. See https://curl.se/libcurl/c/libcurl-errors.html first for more details.

===== PIPELINE RUN START 2026-09-04T10:52:54 [run_pipeline_persistent] =====

===== PIPELINE RUN START 2026-09-04T11:00:14 [run_pipeline_persistent] =====

===== PIPELINE RUN START 2026-09-04T11:07:44 [run_pipeline_persistent] =====

===== PIPELINE RUN START 2026-09-04T11:15:02 [run_pipeline_persistent] =====

===== PIPELINE RUN START 2026-09-04T11:22:34 [run_pipeline_persistent] =====

===== PIPELINE RUN START 2026-09-04T11:29:48 [run_pipeline_persistent] =====

===== PIPELINE RUN START 2026-09-04T11:37:19 [run_pipeline_persistent] =====

===== PIPELINE RUN START 2026-09-04T11:44:39 [run_pipeline_persistent] =====

===== PIPELINE RUN START 2026-09-04T11:52:15 [run_pipeline_persistent] =====

===== PIPELINE RUN START 2026-09-04T11:59:27 [run_pipeline_persistent] =====

===== PIPELINE RUN START 2026-09-04T12:07:02 [run_pipeline_persistent] =====

===== PIPELINE RUN START 2026-09-04T12:14:24 [run_pipeline_persistent] =====

===== PIPELINE RUN START 2026-09-04T12:21:53 [run_pipeline_persistent] =====

===== PIPELINE RUN START 2026-09-04T12:29:21 [run_pipeline_persistent] =====

===== PIPELINE RUN START 2026-09-04T12:37:00 [run_pipeline_persistent] =====

===== PIPELINE RUN START 2026-09-04T12:44:18 [run_pipeline_persistent] =====

===== PIPELINE RUN START 2026-09-04T12:51:48 [run_pipeline_persistent] =====

===== PIPELINE RUN START 2026-09-04T12:59:13 [run_pipeline_persistent] =====

===== PIPELINE RUN START 2026-09-04T13:06:56 [run_pipeline_persistent] =====

===== PIPELINE RUN START 2026-09-04T13:14:12 [run_pipeline_persistent] =====

===== PIPELINE RUN START 2026-09-04T13:21:42 [run_pipeline_persistent] =====

===== PIPELINE RUN START 2026-09-04T13:28:58 [run_pipeline_persistent] =====

===== PIPELINE RUN START 2026-09-04T13:36:36 [run_pipeline_persistent] =====

===== PIPELINE RUN START 2026-09-04T13:43:52 [run_pipeline_persistent] =====

===== PIPELINE RUN START 2026-09-04T13:51:25 [run_pipeline_persistent] =====

===== PIPELINE RUN START 2026-09-04T13:58:44 [run_pipeline_persistent] =====

===== PIPELINE RUN START 2026-09-04T14:06:13 [run_pipeline_persistent] =====

--- RSS Fetch Errors at 2026-09-04 14:13:30 ---
Error fetching https://velvet.hu/24ora/rss/: Failed to perform, curl: (6) Could not resolve host: velvet.hu. See https://curl.se/libcurl/c/libcurl-errors.html first for more details.
Error fetching https://aihirfolyam.hu/feed: Failed to perform, curl: (6) Could not resolve host: aihirfolyam.hu. See https://curl.se/libcurl/c/libcurl-errors.html first for more details.
Error fetching https://offmedia.hu/feed: Failed to perform, curl: (6) Could not resolve host: offmedia.hu. See https://curl.se/libcurl/c/libcurl-errors.html first for more details.
Error fetching https://www.hwsw.hu/xml/latest_news_rss.xml: Failed to perform, curl: (6) Could not resolve host: www.hwsw.hu. See https://curl.se/libcurl/c/libcurl-errors.html first for more details.
Error fetching https://totalcar.hu/feed: Failed to perform, curl: (6) Could not resolve host: totalcar.hu. See https://curl.se/libcurl/c/libcurl-errors.html first for more details.
Error fetching https://nlc.hu/feed: Failed to perform, curl: (6) Could not resolve host: nlc.hu. See https://curl.se/libcurl/c/libcurl-errors.html first for more details.
Error fetching https://www.maxim.com/feed: Failed to perform, curl: (6) Could not resolve host: www.maxim.com. See https://curl.se/libcurl/c/libcurl-errors.html first for more details.
Error fetching https://fhm.com/feed: Failed to perform, curl: (6) Could not resolve host: fhm.com. See https://curl.se/libcurl/c/libcurl-errors.html first for more details.
Error fetching https://the-zone.hu/feed: Failed to perform, curl: (6) Could not resolve host: the-zone.hu. See https://curl.se/libcurl/c/libcurl-errors.html first for more details.
Error fetching https://www.economx.hu/feed: Failed to perform, curl: (6) Could not resolve host: www.economx.hu. See https://curl.se/libcurl/c/libcurl-errors.html first for more details.
Error fetching https://prog.hu/hirek/rss: Failed to perform, curl: (6) Could not resolve host: prog.hu. See https://curl.se/libcurl/c/libcurl-errors.html first for more details.
Error fetching https://sorozatjunkie.hu/feed: Failed to perform, curl: (6) Could not resolve host: sorozatjunkie.hu. See https://curl.se/libcurl/c/libcurl-errors.html first for more details.
Error fetching https://marieclaire.hu/feed: Failed to perform, curl: (6) Could not resolve host: marieclaire.hu. See https://curl.se/libcurl/c/libcurl-errors.html first for more details.
Error fetching https://ng.24.hu/feed: Failed to perform, curl: (6) Could not resolve host: ng.24.hu. See https://curl.se/libcurl/c/libcurl-errors.html first for more details.
Error fetching https://funzine.hu/feed: Failed to perform, curl: (6) Could not resolve host: funzine.hu. See https://curl.se/libcurl/c/libcurl-errors.html first for more details.
Error fetching https://player.hu/feed: Failed to perform, curl: (6) Could not resolve host: player.hu. See https://curl.se/libcurl/c/libcurl-errors.html first for more details.
Error fetching https://roadster.hu/feed: Failed to perform, curl: (6) Could not resolve host: roadster.hu. See https://curl.se/libcurl/c/libcurl-errors.html first for more details.
Error fetching https://firstclass.hu/feed: Failed to perform, curl: (6) Could not resolve host: firstclass.hu. See https://curl.se/libcurl/c/libcurl-errors.html first for more details.
Error fetching https://travelmagazin.hu/feed: Failed to perform, curl: (6) Could not resolve host: travelmagazin.hu. See https://curl.se/libcurl/c/libcurl-errors.html first for more details.
Error fetching https://azutazo.hu/feed: Failed to perform, curl: (6) Could not resolve host: azutazo.hu. See https://curl.se/libcurl/c/libcurl-errors.html first for more details.
Error fetching https://caravantimes.co.uk/feed: Failed to perform, curl: (6) Could not resolve host: caravantimes.co.uk. See https://curl.se/libcurl/c/libcurl-errors.html first for more details.
Error fetching https://www.penzcentrum.hu/rss/all.xml: Failed to perform, curl: (6) Could not resolve host: www.penzcentrum.hu. See https://curl.se/libcurl/c/libcurl-errors.html first for more details.
Error fetching https://9to5mac.com/feed/: Failed to perform, curl: (6) Could not resolve host: 9to5mac.com. See https://curl.se/libcurl/c/libcurl-errors.html first for more details.

===== PIPELINE RUN START 2026-09-04T14:13:31 [run_pipeline_persistent] =====

===== PIPELINE RUN START 2026-09-04T14:21:07 [run_pipeline_persistent] =====

===== PIPELINE RUN START 2026-09-04T14:28:26 [run_pipeline_persistent] =====

===== PIPELINE RUN START 2026-09-04T14:36:03 [run_pipeline_persistent] =====

===== PIPELINE RUN START 2026-09-04T14:43:19 [run_pipeline_persistent] =====

===== PIPELINE RUN START 2026-09-04T14:50:52 [run_pipeline_persistent] =====

===== PIPELINE RUN START 2026-09-04T14:58:05 [run_pipeline_persistent] =====

===== PIPELINE RUN START 2026-09-04T15:05:38 [run_pipeline_persistent] =====

===== PIPELINE RUN START 2026-09-04T15:12:50 [run_pipeline_persistent] =====

===== PIPELINE RUN START 2026-09-04T15:20:18 [run_pipeline_persistent] =====

--- RSS Fetch Errors at 2026-09-04 15:27:42 ---
Error fetching https://femina.hu/24ora/rss.xml: Failed to perform, curl: (6) Could not resolve host: femina.hu. See https://curl.se/libcurl/c/libcurl-errors.html first for more details.

===== PIPELINE RUN START 2026-09-04T15:27:43 [run_pipeline_persistent] =====

===== PIPELINE RUN START 2026-09-04T15:35:17 [run_pipeline_persistent] =====

===== PIPELINE RUN START 2026-09-04T15:42:36 [run_pipeline_persistent] =====

===== PIPELINE RUN START 2026-09-04T15:50:08 [run_pipeline_persistent] =====

===== PIPELINE RUN START 2026-09-04T15:57:25 [run_pipeline_persistent] =====

--- RSS Fetch Errors at 2026-09-04 16:04:46 ---
Error fetching https://hu.ign.com/feed.xml: Failed to perform, curl: (6) Could not resolve host: hu.ign.com. See https://curl.se/libcurl/c/libcurl-errors.html first for more details.
Error fetching https://hu.ign.com/feed.xml: Failed to perform, curl: (6) Could not resolve host: hu.ign.com. See https://curl.se/libcurl/c/libcurl-errors.html first for more details.

===== PIPELINE RUN START 2026-09-04T16:05:00 [run_pipeline_persistent] =====

===== PIPELINE RUN START 2026-09-04T16:12:17 [run_pipeline_persistent] =====

===== PIPELINE RUN START 2026-09-04T16:19:41 [run_pipeline_persistent] =====

===== PIPELINE RUN START 2026-09-04T16:26:58 [run_pipeline_persistent] =====

--- RSS Fetch Errors at 2026-09-04 16:40:46 ---
Error fetching https://prohardver.hu/hirfolyam/anyagok/rss.xml: Failed to perform, curl: (6) Could not resolve host: prohardver.hu. See https://curl.se/libcurl/c/libcurl-errors.html first for more details.
Error fetching https://www.vezess.hu/feed/: Failed to perform, curl: (6) Could not resolve host: www.vezess.hu. See https://curl.se/libcurl/c/libcurl-errors.html first for more details.
Error fetching https://444.hu/category/belfold/feed: Failed to perform, curl: (6) Could not resolve host: 444.hu. See https://curl.se/libcurl/c/libcurl-errors.html first for more details.
Error fetching https://telex.hu/rss: Failed to perform, curl: (6) Could not resolve host: telex.hu. See https://curl.se/libcurl/c/libcurl-errors.html first for more details.
Error fetching https://prohardver.hu/hirfolyam/hirek/rss.xml: Failed to perform, curl: (6) Could not resolve host: prohardver.hu. See https://curl.se/libcurl/c/libcurl-errors.html first for more details.
Error fetching https://index.hu/24ora/rss: Failed to perform, curl: (6) Could not resolve host: index.hu. See https://curl.se/libcurl/c/libcurl-errors.html first for more details.
Error fetching https://444.hu/category/tudomany/feed: Failed to perform, curl: (6) Could not resolve host: 444.hu. See https://curl.se/libcurl/c/libcurl-errors.html first for more details.
Error fetching https://index.hu/sitemap/friss.xml: Failed to perform, curl: (6) Could not resolve host: index.hu. See https://curl.se/libcurl/c/libcurl-errors.html first for more details.
Error fetching https://vezess.hu/rss: Failed to perform, curl: (6) Could not resolve host: vezess.hu. See https://curl.se/libcurl/c/libcurl-errors.html first for more details.
Error fetching https://index.hu/tudomany/rss/: Failed to perform, curl: (6) Could not resolve host: index.hu. See https://curl.se/libcurl/c/libcurl-errors.html first for more details.
Error fetching https://forbes.hu/feed/: Failed to perform, curl: (6) Could not resolve host: forbes.hu. See https://curl.se/libcurl/c/libcurl-errors.html first for more details.
Error fetching https://www.portfolio.hu/rss/: Failed to perform, curl: (6) Could not resolve host: www.portfolio.hu. See https://curl.se/libcurl/c/libcurl-errors.html first for more details.
Error fetching https://www.portfolio.hu/rss/all.xml: Failed to perform, curl: (6) Could not resolve host: www.portfolio.hu. See https://curl.se/libcurl/c/libcurl-errors.html first for more details.
Error fetching https://totalcar.hu/24ora/rss/: Failed to perform, curl: (6) Could not resolve host: totalcar.hu. See https://curl.se/libcurl/c/libcurl-errors.html first for more details.
Error fetching https://sg.hu/rss: Failed to perform, curl: (6) Could not resolve host: sg.hu. See https://curl.se/libcurl/c/libcurl-errors.html first for more details.
Error fetching https://index.hu/kulfold/rss/: Failed to perform, curl: (6) Could not resolve host: index.hu. See https://curl.se/libcurl/c/libcurl-errors.html first for more details.
Error fetching https://sg.hu/plain/rss.xml: Failed to perform, curl: (6) Could not resolve host: sg.hu. See https://curl.se/libcurl/c/libcurl-errors.html first for more details.
Error fetching https://index.hu/belfold/rss/: Failed to perform, curl: (6) Could not resolve host: index.hu. See https://curl.se/libcurl/c/libcurl-errors.html first for more details.
Error fetching https://esport1.hu/rss: Failed to perform, curl: (6) Could not resolve host: esport1.hu. See https://curl.se/libcurl/c/libcurl-errors.html first for more details.
Error fetching https://hold.hu/holdblog/feed: Failed to perform, curl: (6) Could not resolve host: hold.hu. See https://curl.se/libcurl/c/libcurl-errors.html first for more details.
Error fetching https://media.sg.hu/rss/rss.xml: Failed to perform, curl: (6) Could not resolve host: media.sg.hu. See https://curl.se/libcurl/c/libcurl-errors.html first for more details.
Error fetching https://welovebudapest.com/feed/: Failed to perform, curl: (6) Could not resolve host: welovebudapest.com. See https://curl.se/libcurl/c/libcurl-errors.html first for more details.
Error fetching https://rss.nytimes.com/services/xml/rss/nyt/Technology.xml: Failed to perform, curl: (6) Could not resolve host: rss.nytimes.com. See https://curl.se/libcurl/c/libcurl-errors.html first for more details.
Error fetching https://www.space.com/feeds/all: Failed to perform, curl: (6) Could not resolve host: www.space.com. See https://curl.se/libcurl/c/libcurl-errors.html first for more details.
Error fetching https://www.penzcentrum.hu/rss: Failed to perform, curl: (6) Could not resolve host: www.penzcentrum.hu. See https://curl.se/libcurl/c/libcurl-errors.html first for more details.
Error fetching https://futurism.com/feed: Failed to perform, curl: (6) Could not resolve host: futurism.com. See https://curl.se/libcurl/c/libcurl-errors.html first for more details.
Error fetching https://raketa.hu/feed: Failed to perform, curl: (6) Could not resolve host: raketa.hu. See https://curl.se/libcurl/c/libcurl-errors.html first for more details.
Error fetching https://www.cnet.com/rss/news/: Failed to perform, curl: (6) Could not resolve host: www.cnet.com. See https://curl.se/libcurl/c/libcurl-errors.html first for more details.
Error fetching https://electrek.co/feed/: Failed to perform, curl: (6) Could not resolve host: electrek.co. See https://curl.se/libcurl/c/libcurl-errors.html first for more details.
Error fetching https://blog.google/rss/: Failed to perform, curl: (6) Could not resolve host: blog.google. See https://curl.se/libcurl/c/libcurl-errors.html first for more details.
Error fetching https://www.sciencedaily.com/rss/top.xml: Failed to perform, curl: (6) Could not resolve host: www.sciencedaily.com. See https://curl.se/libcurl/c/libcurl-errors.html first for more details.
Error fetching https://www.gamingbible.com/index.rss: Failed to perform, curl: (6) Could not resolve host: www.gamingbible.com. See https://curl.se/libcurl/c/libcurl-errors.html first for more details.
Error fetching https://cointelegraph.com/rss: Failed to perform, curl: (6) Could not resolve host: cointelegraph.com. See https://curl.se/libcurl/c/libcurl-errors.html first for more details.
Error fetching https://www.sciencedaily.com/rss/all.xml: Failed to perform, curl: (6) Could not resolve host: www.sciencedaily.com. See https://curl.se/libcurl/c/libcurl-errors.html first for more details.
Error fetching https://decrypt.co/feed: Failed to perform, curl: (6) Could not resolve host: decrypt.co. See https://curl.se/libcurl/c/libcurl-errors.html first for more details.
Error fetching https://www.pcgamer.com/rss/: Failed to perform, curl: (6) Could not resolve host: www.pcgamer.com. See https://curl.se/libcurl/c/libcurl-errors.html first for more details.
Error fetching https://www.livescience.com/feeds/all: Failed to perform, curl: (6) Could not resolve host: www.livescience.com. See https://curl.se/libcurl/c/libcurl-errors.html first for more details.
Error fetching https://www.nasa.gov/rss/dyn/breaking_news.rss: Failed to perform, curl: (6) Could not resolve host: www.nasa.gov. See https://curl.se/libcurl/c/libcurl-errors.html first for more details.
Error fetching https://techpowerup.com/rss/news: Failed to perform, curl: (6) Could not resolve host: techpowerup.com. See https://curl.se/libcurl/c/libcurl-errors.html first for more details.
Error fetching https://www.cnet.com/rss/all/: Failed to perform, curl: (6) Could not resolve host: www.cnet.com. See https://curl.se/libcurl/c/libcurl-errors.html first for more details.
Error fetching https://techcrunch.com/feed: Failed to perform, curl: (6) Could not resolve host: techcrunch.com. See https://curl.se/libcurl/c/libcurl-errors.html first for more details.
Error fetching https://insideevs.com/rss/news/all/: Failed to perform, curl: (6) Could not resolve host: insideevs.com. See https://curl.se/libcurl/c/libcurl-errors.html first for more details.
Error fetching https://pcguru.hu/rss: Failed to perform, curl: (6) Could not resolve host: pcguru.hu. See https://curl.se/libcurl/c/libcurl-errors.html first for more details.
Error fetching https://www.forbes.com/most-popular/feed/: Failed to perform, curl: (6) Could not resolve host: www.forbes.com. See https://curl.se/libcurl/c/libcurl-errors.html first for more details.
Error fetching https://bitcoinmagazine.com/.rss/full/: Failed to perform, curl: (6) Could not resolve host: bitcoinmagazine.com. See https://curl.se/libcurl/c/libcurl-errors.html first for more details.
Error fetching https://feeds.forbes.com/real-time/feed2/: Failed to perform, curl: (6) Could not resolve host: feeds.forbes.com. See https://curl.se/libcurl/c/libcurl-errors.html first for more details.
Error fetching https://bitcoinmagazine.com/feed: Failed to perform, curl: (6) Could not resolve host: bitcoinmagazine.com. See https://curl.se/libcurl/c/libcurl-errors.html first for more details.
Error fetching https://feeds.feedburner.com/ign/games-all: Failed to perform, curl: (6) Could not resolve host: feeds.feedburner.com. See https://curl.se/libcurl/c/libcurl-errors.html first for more details.
Error fetching https://feeds.feedburner.com/ign/tech-articles: Failed to perform, curl: (6) Could not resolve host: feeds.feedburner.com. See https://curl.se/libcurl/c/libcurl-errors.html first for more details.
Error fetching https://24.hu/feed/: Failed to perform, curl: (6) Could not resolve host: 24.hu. See https://curl.se/libcurl/c/libcurl-errors.html first for more details.
Error fetching https://insideevs.com/rss/articles/all: Failed to perform, curl: (6) Could not resolve host: insideevs.com. See https://curl.se/libcurl/c/libcurl-errors.html first for more details.
Error fetching https://hvg.hu/rss: Failed to perform, curl: (6) Could not resolve host: hvg.hu. See https://curl.se/libcurl/c/libcurl-errors.html first for more details.
Error fetching https://drive.hu/rss: Failed to perform, curl: (6) Could not resolve host: drive.hu. See https://curl.se/libcurl/c/libcurl-errors.html first for more details.
Error fetching https://feeds.feedburner.com/ign/movies-articles: Failed to perform, curl: (6) Could not resolve host: feeds.feedburner.com. See https://curl.se/libcurl/c/libcurl-errors.html first for more details.
Error fetching https://feeds.feedburner.com/ign/tv-articles: Failed to perform, curl: (6) Could not resolve host: feeds.feedburner.com. See https://curl.se/libcurl/c/libcurl-errors.html first for more details.
Error fetching https://gsplus.hu/site/rss/rss.xml: Failed to perform, curl: (6) Could not resolve host: gsplus.hu. See https://curl.se/libcurl/c/libcurl-errors.html first for more details.
Error fetching https://prog.hu/site/backend/proghu-rss.xml: Failed to perform, curl: (6) Could not resolve host: prog.hu. See https://curl.se/libcurl/c/libcurl-errors.html first for more details.
Error fetching https://github.blog/feed/: Failed to perform, curl: (6) Could not resolve host: github.blog. See https://curl.se/libcurl/c/libcurl-errors.html first for more details.
Error fetching https://feeds.feedburner.com/ign/all: Failed to perform, curl: (6) Could not resolve host: feeds.feedburner.com. See https://curl.se/libcurl/c/libcurl-errors.html first for more details.
Error fetching https://444.hu/feed: Failed to perform, curl: (6) Could not resolve host: 444.hu. See https://curl.se/libcurl/c/libcurl-errors.html first for more details.
Error fetching https://www.pcwplus.hu/site/rss/rss.xml: Failed to perform, curl: (6) Could not resolve host: www.pcwplus.hu. See https://curl.se/libcurl/c/libcurl-errors.html first for more details.
Error fetching https://qubit.hu/feed: Failed to perform, curl: (6) Could not resolve host: qubit.hu. See https://curl.se/libcurl/c/libcurl-errors.html first for more details.
Error fetching https://hwsw.hu/xml/latest_news_rss.xml: Failed to perform, curl: (6) Could not resolve host: hwsw.hu. See https://curl.se/libcurl/c/libcurl-errors.html first for more details.
Error fetching https://telex.hu/rss/archivum?filters=%7B%22superTagSlugs%22%3A%5B%22eszkombajn%22%5D%2C%22parentId%22%3A%5B%22null%22%5D%7D&perPage=10: Failed to perform, curl: (6) Could not resolve host: telex.hu. See https://curl.se/libcurl/c/libcurl-errors.html first for more details.
Error fetching https://rss.nytimes.com/services/xml/rss/nyt/Science.xml: Failed to perform, curl: (6) Could not resolve host: rss.nytimes.com. See https://curl.se/libcurl/c/libcurl-errors.html first for more details.

===== PIPELINE RUN START 2026-09-04T16:57:12 [run_pipeline_persistent] =====

===== PIPELINE RUN START 2026-09-04T17:04:31 [run_pipeline_persistent] =====

===== PIPELINE RUN START 2026-09-04T17:12:00 [run_pipeline_persistent] =====

===== PIPELINE RUN START 2026-09-04T17:19:17 [run_pipeline_persistent] =====

===== PIPELINE RUN START 2026-09-04T17:26:47 [run_pipeline_persistent] =====

===== PIPELINE RUN START 2026-09-04T17:34:02 [run_pipeline_persistent] =====

===== PIPELINE RUN START 2026-09-04T17:41:29 [run_pipeline_persistent] =====

===== PIPELINE RUN START 2026-09-04T17:48:54 [run_pipeline_persistent] =====

===== PIPELINE RUN START 2026-09-04T17:56:23 [run_pipeline_persistent] =====

===== PIPELINE RUN START 2026-09-04T18:03:42 [run_pipeline_persistent] =====

===== PIPELINE RUN START 2026-09-04T18:11:23 [run_pipeline_persistent] =====

===== PIPELINE RUN START 2026-09-04T18:18:35 [run_pipeline_persistent] =====

===== PIPELINE RUN START 2026-09-04T18:26:07 [run_pipeline_persistent] =====

===== PIPELINE RUN START 2026-09-04T18:33:20 [run_pipeline_persistent] =====

===== PIPELINE RUN START 2026-09-04T18:41:02 [run_pipeline_persistent] =====

===== PIPELINE RUN START 2026-09-04T18:48:26 [run_pipeline_persistent] =====

===== PIPELINE RUN START 2026-09-04T18:55:59 [run_pipeline_persistent] =====

===== PIPELINE RUN START 2026-09-04T19:03:29 [run_pipeline_persistent] =====

===== PIPELINE RUN START 2026-09-04T19:10:58 [run_pipeline_persistent] =====

===== PIPELINE RUN START 2026-09-04T19:18:23 [run_pipeline_persistent] =====

===== PIPELINE RUN START 2026-09-04T19:26:05 [run_pipeline_persistent] =====

===== PIPELINE RUN START 2026-09-04T19:33:45 [run_pipeline_persistent] =====

===== PIPELINE RUN START 2026-09-04T19:41:10 [run_pipeline_persistent] =====

===== PIPELINE RUN START 2026-09-04T19:48:32 [run_pipeline_persistent] =====

===== PIPELINE RUN START 2026-09-04T19:55:59 [run_pipeline_persistent] =====

===== PIPELINE RUN START 2026-09-04T20:03:13 [run_pipeline_persistent] =====

===== PIPELINE RUN START 2026-09-04T20:10:48 [run_pipeline_persistent] =====

--- RSS Fetch Errors at 2026-09-04 20:18:02 ---
Error fetching https://velvet.hu/24ora/rss/: Failed to perform, curl: (6) Could not resolve host: velvet.hu. See https://curl.se/libcurl/c/libcurl-errors.html first for more details.
Error fetching https://aihirfolyam.hu/feed: Failed to perform, curl: (6) Could not resolve host: aihirfolyam.hu. See https://curl.se/libcurl/c/libcurl-errors.html first for more details.
Error fetching https://the-zone.hu/feed: Failed to perform, curl: (6) Could not resolve host: the-zone.hu. See https://curl.se/libcurl/c/libcurl-errors.html first for more details.
Error fetching https://www.economx.hu/feed: Failed to perform, curl: (6) Could not resolve host: www.economx.hu. See https://curl.se/libcurl/c/libcurl-errors.html first for more details.
Error fetching https://totalcar.hu/feed: Failed to perform, curl: (6) Could not resolve host: totalcar.hu. See https://curl.se/libcurl/c/libcurl-errors.html first for more details.
Error fetching https://prog.hu/hirek/rss: Failed to perform, curl: (6) Could not resolve host: prog.hu. See https://curl.se/libcurl/c/libcurl-errors.html first for more details.
Error fetching https://ng.24.hu/feed: Failed to perform, curl: (6) Could not resolve host: ng.24.hu. See https://curl.se/libcurl/c/libcurl-errors.html first for more details.
Error fetching https://marieclaire.hu/feed: Failed to perform, curl: (6) Could not resolve host: marieclaire.hu. See https://curl.se/libcurl/c/libcurl-errors.html first for more details.
Error fetching https://sorozatjunkie.hu/feed: Failed to perform, curl: (6) Could not resolve host: sorozatjunkie.hu. See https://curl.se/libcurl/c/libcurl-errors.html first for more details.
Error fetching https://nlc.hu/feed: Failed to perform, curl: (6) Could not resolve host: nlc.hu. See https://curl.se/libcurl/c/libcurl-errors.html first for more details.
Error fetching https://fhm.com/feed: Failed to perform, curl: (6) Could not resolve host: fhm.com. See https://curl.se/libcurl/c/libcurl-errors.html first for more details.
Error fetching https://www.maxim.com/feed: Failed to perform, curl: (6) Could not resolve host: www.maxim.com. See https://curl.se/libcurl/c/libcurl-errors.html first for more details.
Error fetching https://www.hwsw.hu/xml/latest_news_rss.xml: Failed to perform, curl: (6) Could not resolve host: www.hwsw.hu. See https://curl.se/libcurl/c/libcurl-errors.html first for more details.
Error fetching https://offmedia.hu/feed: Failed to perform, curl: (6) Could not resolve host: offmedia.hu. See https://curl.se/libcurl/c/libcurl-errors.html first for more details.
Error fetching https://funzine.hu/feed: Failed to perform, curl: (6) Could not resolve host: funzine.hu. See https://curl.se/libcurl/c/libcurl-errors.html first for more details.
Error fetching https://firstclass.hu/feed: Failed to perform, curl: (6) Could not resolve host: firstclass.hu. See https://curl.se/libcurl/c/libcurl-errors.html first for more details.
Error fetching https://player.hu/feed: Failed to perform, curl: (6) Could not resolve host: player.hu. See https://curl.se/libcurl/c/libcurl-errors.html first for more details.
Error fetching https://roadster.hu/feed: Failed to perform, curl: (6) Could not resolve host: roadster.hu. See https://curl.se/libcurl/c/libcurl-errors.html first for more details.
Error fetching https://caravantimes.co.uk/feed: Failed to perform, curl: (6) Could not resolve host: caravantimes.co.uk. See https://curl.se/libcurl/c/libcurl-errors.html first for more details.
Error fetching https://travelmagazin.hu/feed: Failed to perform, curl: (6) Could not resolve host: travelmagazin.hu. See https://curl.se/libcurl/c/libcurl-errors.html first for more details.
Error fetching https://www.penzcentrum.hu/rss/all.xml: Failed to perform, curl: (6) Could not resolve host: www.penzcentrum.hu. See https://curl.se/libcurl/c/libcurl-errors.html first for more details.
Error fetching https://azutazo.hu/feed: Failed to perform, curl: (6) Could not resolve host: azutazo.hu. See https://curl.se/libcurl/c/libcurl-errors.html first for more details.
Error fetching https://9to5mac.com/feed/: Failed to perform, curl: (6) Could not resolve host: 9to5mac.com. See https://curl.se/libcurl/c/libcurl-errors.html first for more details.

===== PIPELINE RUN START 2026-09-04T20:18:02 [run_pipeline_persistent] =====

===== PIPELINE RUN START 2026-09-04T20:25:34 [run_pipeline_persistent] =====

===== PIPELINE RUN START 2026-09-04T20:32:56 [run_pipeline_persistent] =====

===== PIPELINE RUN START 2026-09-04T20:40:27 [run_pipeline_persistent] =====

===== PIPELINE RUN START 2026-09-04T20:47:46 [run_pipeline_persistent] =====

===== PIPELINE RUN START 2026-09-04T20:55:17 [run_pipeline_persistent] =====

===== PIPELINE RUN START 2026-09-04T21:02:33 [run_pipeline_persistent] =====

===== PIPELINE RUN START 2026-09-04T21:10:03 [run_pipeline_persistent] =====

===== PIPELINE RUN START 2026-09-04T21:17:22 [run_pipeline_persistent] =====

===== PIPELINE RUN START 2026-09-04T21:24:50 [run_pipeline_persistent] =====

--- RSS Fetch Errors at 2026-09-04 21:32:09 ---
Error fetching https://femina.hu/24ora/rss.xml: Failed to perform, curl: (6) Could not resolve host: femina.hu. See https://curl.se/libcurl/c/libcurl-errors.html first for more details.

===== PIPELINE RUN START 2026-09-04T21:32:10 [run_pipeline_persistent] =====

===== PIPELINE RUN START 2026-09-04T21:39:40 [run_pipeline_persistent] =====

===== PIPELINE RUN START 2026-09-04T21:47:02 [run_pipeline_persistent] =====

===== PIPELINE RUN START 2026-09-04T21:54:34 [run_pipeline_persistent] =====

===== PIPELINE RUN START 2026-09-04T22:01:50 [run_pipeline_persistent] =====

--- RSS Fetch Errors at 2026-09-04 22:09:00 ---
Error fetching https://hu.ign.com/feed.xml: Failed to perform, curl: (6) Could not resolve host: hu.ign.com. See https://curl.se/libcurl/c/libcurl-errors.html first for more details.
Error fetching https://hu.ign.com/feed.xml: Failed to perform, curl: (6) Could not resolve host: hu.ign.com. See https://curl.se/libcurl/c/libcurl-errors.html first for more details.

===== PIPELINE RUN START 2026-09-04T22:09:15 [run_pipeline_persistent] =====

===== PIPELINE RUN START 2026-09-04T22:16:33 [run_pipeline_persistent] =====

===== PIPELINE RUN START 2026-09-04T22:24:03 [run_pipeline_persistent] =====

===== PIPELINE RUN START 2026-09-04T22:31:22 [run_pipeline_persistent] =====

--- RSS Fetch Errors at 2026-09-04 22:45:09 ---
Error fetching https://index.hu/24ora/rss: Failed to perform, curl: (6) Could not resolve host: index.hu. See https://curl.se/libcurl/c/libcurl-errors.html first for more details.
Error fetching https://www.pcwplus.hu/site/rss/rss.xml: Failed to perform, curl: (6) Could not resolve host: www.pcwplus.hu. See https://curl.se/libcurl/c/libcurl-errors.html first for more details.
Error fetching https://444.hu/category/tudomany/feed: Failed to perform, curl: (6) Could not resolve host: 444.hu. See https://curl.se/libcurl/c/libcurl-errors.html first for more details.
Error fetching https://prohardver.hu/hirfolyam/hirek/rss.xml: Failed to perform, curl: (6) Could not resolve host: prohardver.hu. See https://curl.se/libcurl/c/libcurl-errors.html first for more details.
Error fetching https://444.hu/feed: Failed to perform, curl: (6) Could not resolve host: 444.hu. See https://curl.se/libcurl/c/libcurl-errors.html first for more details.
Error fetching https://hwsw.hu/xml/latest_news_rss.xml: Failed to perform, curl: (6) Could not resolve host: hwsw.hu. See https://curl.se/libcurl/c/libcurl-errors.html first for more details.
Error fetching https://telex.hu/rss: Failed to perform, curl: (6) Could not resolve host: telex.hu. See https://curl.se/libcurl/c/libcurl-errors.html first for more details.
Error fetching https://qubit.hu/feed: Failed to perform, curl: (6) Could not resolve host: qubit.hu. See https://curl.se/libcurl/c/libcurl-errors.html first for more details.
Error fetching https://prohardver.hu/hirfolyam/anyagok/rss.xml: Failed to perform, curl: (6) Could not resolve host: prohardver.hu. See https://curl.se/libcurl/c/libcurl-errors.html first for more details.
Error fetching https://www.portfolio.hu/rss/: Failed to perform, curl: (6) Could not resolve host: www.portfolio.hu. See https://curl.se/libcurl/c/libcurl-errors.html first for more details.
Error fetching https://www.portfolio.hu/rss/all.xml: Failed to perform, curl: (6) Could not resolve host: www.portfolio.hu. See https://curl.se/libcurl/c/libcurl-errors.html first for more details.
Error fetching https://telex.hu/rss/archivum?filters=%7B%22superTagSlugs%22%3A%5B%22eszkombajn%22%5D%2C%22parentId%22%3A%5B%22null%22%5D%7D&perPage=10: Failed to perform, curl: (6) Could not resolve host: telex.hu. See https://curl.se/libcurl/c/libcurl-errors.html first for more details.
Error fetching https://index.hu/belfold/rss/: Failed to perform, curl: (6) Could not resolve host: index.hu. See https://curl.se/libcurl/c/libcurl-errors.html first for more details.
Error fetching https://444.hu/category/belfold/feed: Failed to perform, curl: (6) Could not resolve host: 444.hu. See https://curl.se/libcurl/c/libcurl-errors.html first for more details.
Error fetching https://index.hu/kulfold/rss/: Failed to perform, curl: (6) Could not resolve host: index.hu. See https://curl.se/libcurl/c/libcurl-errors.html first for more details.
Error fetching https://index.hu/sitemap/friss.xml: Failed to perform, curl: (6) Could not resolve host: index.hu. See https://curl.se/libcurl/c/libcurl-errors.html first for more details.
Error fetching https://index.hu/tudomany/rss/: Failed to perform, curl: (6) Could not resolve host: index.hu. See https://curl.se/libcurl/c/libcurl-errors.html first for more details.
Error fetching https://forbes.hu/feed/: Failed to perform, curl: (6) Could not resolve host: forbes.hu. See https://curl.se/libcurl/c/libcurl-errors.html first for more details.
Error fetching https://www.sciencedaily.com/rss/top.xml: Failed to perform, curl: (6) Could not resolve host: www.sciencedaily.com. See https://curl.se/libcurl/c/libcurl-errors.html first for more details.
Error fetching https://sg.hu/rss: Failed to perform, curl: (6) Could not resolve host: sg.hu. See https://curl.se/libcurl/c/libcurl-errors.html first for more details.
Error fetching https://esport1.hu/rss: Failed to perform, curl: (6) Could not resolve host: esport1.hu. See https://curl.se/libcurl/c/libcurl-errors.html first for more details.
Error fetching https://www.cnet.com/rss/all/: Failed to perform, curl: (6) Could not resolve host: www.cnet.com. See https://curl.se/libcurl/c/libcurl-errors.html first for more details.
Error fetching https://www.space.com/feeds/all: Failed to perform, curl: (6) Could not resolve host: www.space.com. See https://curl.se/libcurl/c/libcurl-errors.html first for more details.
Error fetching https://vezess.hu/rss: Failed to perform, curl: (6) Could not resolve host: vezess.hu. See https://curl.se/libcurl/c/libcurl-errors.html first for more details.
Error fetching https://raketa.hu/feed: Failed to perform, curl: (6) Could not resolve host: raketa.hu. See https://curl.se/libcurl/c/libcurl-errors.html first for more details.
Error fetching https://www.penzcentrum.hu/rss: Failed to perform, curl: (6) Could not resolve host: www.penzcentrum.hu. See https://curl.se/libcurl/c/libcurl-errors.html first for more details.
Error fetching https://sg.hu/plain/rss.xml: Failed to perform, curl: (6) Could not resolve host: sg.hu. See https://curl.se/libcurl/c/libcurl-errors.html first for more details.
Error fetching https://www.vezess.hu/feed/: Failed to perform, curl: (6) Could not resolve host: www.vezess.hu. See https://curl.se/libcurl/c/libcurl-errors.html first for more details.
Error fetching https://hold.hu/holdblog/feed: Failed to perform, curl: (6) Could not resolve host: hold.hu. See https://curl.se/libcurl/c/libcurl-errors.html first for more details.
Error fetching https://welovebudapest.com/feed/: Failed to perform, curl: (6) Could not resolve host: welovebudapest.com. See https://curl.se/libcurl/c/libcurl-errors.html first for more details.
Error fetching https://www.livescience.com/feeds/all: Failed to perform, curl: (6) Could not resolve host: www.livescience.com. See https://curl.se/libcurl/c/libcurl-errors.html first for more details.
Error fetching https://www.sciencedaily.com/rss/all.xml: Failed to perform, curl: (6) Could not resolve host: www.sciencedaily.com. See https://curl.se/libcurl/c/libcurl-errors.html first for more details.
Error fetching https://www.gamingbible.com/index.rss: Failed to perform, curl: (6) Could not resolve host: www.gamingbible.com. See https://curl.se/libcurl/c/libcurl-errors.html first for more details.
Error fetching https://techpowerup.com/rss/news: Failed to perform, curl: (6) Could not resolve host: techpowerup.com. See https://curl.se/libcurl/c/libcurl-errors.html first for more details.
Error fetching https://insideevs.com/rss/news/all/: Failed to perform, curl: (6) Could not resolve host: insideevs.com. See https://curl.se/libcurl/c/libcurl-errors.html first for more details.
Error fetching https://github.blog/feed/: Failed to perform, curl: (6) Could not resolve host: github.blog. See https://curl.se/libcurl/c/libcurl-errors.html first for more details.
Error fetching https://cointelegraph.com/rss: Failed to perform, curl: (6) Could not resolve host: cointelegraph.com. See https://curl.se/libcurl/c/libcurl-errors.html first for more details.
Error fetching https://totalcar.hu/24ora/rss/: Failed to perform, curl: (6) Could not resolve host: totalcar.hu. See https://curl.se/libcurl/c/libcurl-errors.html first for more details.
Error fetching https://rss.nytimes.com/services/xml/rss/nyt/Science.xml: Failed to perform, curl: (6) Could not resolve host: rss.nytimes.com. See https://curl.se/libcurl/c/libcurl-errors.html first for more details.
Error fetching https://bitcoinmagazine.com/.rss/full/: Failed to perform, curl: (6) Could not resolve host: bitcoinmagazine.com. See https://curl.se/libcurl/c/libcurl-errors.html first for more details.
Error fetching https://feeds.feedburner.com/ign/all: Failed to perform, curl: (6) Could not resolve host: feeds.feedburner.com. See https://curl.se/libcurl/c/libcurl-errors.html first for more details.
Error fetching https://www.nasa.gov/rss/dyn/breaking_news.rss: Failed to perform, curl: (6) Could not resolve host: www.nasa.gov. See https://curl.se/libcurl/c/libcurl-errors.html first for more details.
Error fetching https://feeds.forbes.com/real-time/feed2/: Failed to perform, curl: (6) Could not resolve host: feeds.forbes.com. See https://curl.se/libcurl/c/libcurl-errors.html first for more details.
Error fetching https://techcrunch.com/feed: Failed to perform, curl: (6) Could not resolve host: techcrunch.com. See https://curl.se/libcurl/c/libcurl-errors.html first for more details.
Error fetching https://blog.google/rss/: Failed to perform, curl: (6) Could not resolve host: blog.google. See https://curl.se/libcurl/c/libcurl-errors.html first for more details.
Error fetching https://electrek.co/feed/: Failed to perform, curl: (6) Could not resolve host: electrek.co. See https://curl.se/libcurl/c/libcurl-errors.html first for more details.
Error fetching https://bitcoinmagazine.com/feed: Failed to perform, curl: (6) Could not resolve host: bitcoinmagazine.com. See https://curl.se/libcurl/c/libcurl-errors.html first for more details.
Error fetching https://futurism.com/feed: Failed to perform, curl: (6) Could not resolve host: futurism.com. See https://curl.se/libcurl/c/libcurl-errors.html first for more details.
Error fetching https://www.pcgamer.com/rss/: Failed to perform, curl: (6) Could not resolve host: www.pcgamer.com. See https://curl.se/libcurl/c/libcurl-errors.html first for more details.
Error fetching https://feeds.feedburner.com/ign/tech-articles: Failed to perform, curl: (6) Could not resolve host: feeds.feedburner.com. See https://curl.se/libcurl/c/libcurl-errors.html first for more details.
Error fetching https://feeds.feedburner.com/ign/games-all: Failed to perform, curl: (6) Could not resolve host: feeds.feedburner.com. See https://curl.se/libcurl/c/libcurl-errors.html first for more details.
Error fetching https://gsplus.hu/site/rss/rss.xml: Failed to perform, curl: (6) Could not resolve host: gsplus.hu. See https://curl.se/libcurl/c/libcurl-errors.html first for more details.
Error fetching https://pcguru.hu/rss: Failed to perform, curl: (6) Could not resolve host: pcguru.hu. See https://curl.se/libcurl/c/libcurl-errors.html first for more details.
Error fetching https://hvg.hu/rss: Failed to perform, curl: (6) Could not resolve host: hvg.hu. See https://curl.se/libcurl/c/libcurl-errors.html first for more details.
Error fetching https://www.forbes.com/most-popular/feed/: Failed to perform, curl: (6) Could not resolve host: www.forbes.com. See https://curl.se/libcurl/c/libcurl-errors.html first for more details.
Error fetching https://prog.hu/site/backend/proghu-rss.xml: Failed to perform, curl: (6) Could not resolve host: prog.hu. See https://curl.se/libcurl/c/libcurl-errors.html first for more details.
Error fetching https://feeds.feedburner.com/ign/movies-articles: Failed to perform, curl: (6) Could not resolve host: feeds.feedburner.com. See https://curl.se/libcurl/c/libcurl-errors.html first for more details.
Error fetching https://insideevs.com/rss/articles/all: Failed to perform, curl: (6) Could not resolve host: insideevs.com. See https://curl.se/libcurl/c/libcurl-errors.html first for more details.
Error fetching https://drive.hu/rss: Failed to perform, curl: (6) Could not resolve host: drive.hu. See https://curl.se/libcurl/c/libcurl-errors.html first for more details.
Error fetching https://feeds.feedburner.com/ign/tv-articles: Failed to perform, curl: (6) Could not resolve host: feeds.feedburner.com. See https://curl.se/libcurl/c/libcurl-errors.html first for more details.
Error fetching https://decrypt.co/feed: Failed to perform, curl: (6) Could not resolve host: decrypt.co. See https://curl.se/libcurl/c/libcurl-errors.html first for more details.
Error fetching https://24.hu/feed/: Failed to perform, curl: (6) Could not resolve host: 24.hu. See https://curl.se/libcurl/c/libcurl-errors.html first for more details.
Error fetching https://www.cnet.com/rss/news/: Failed to perform, curl: (6) Could not resolve host: www.cnet.com. See https://curl.se/libcurl/c/libcurl-errors.html first for more details.
Error fetching https://rss.nytimes.com/services/xml/rss/nyt/Technology.xml: Failed to perform, curl: (6) Could not resolve host: rss.nytimes.com. See https://curl.se/libcurl/c/libcurl-errors.html first for more details.
Error fetching https://media.sg.hu/rss/rss.xml: Failed to perform, curl: (6) Could not resolve host: media.sg.hu. See https://curl.se/libcurl/c/libcurl-errors.html first for more details.

===== PIPELINE RUN START 2026-09-04T23:01:36 [run_pipeline_persistent] =====

===== PIPELINE RUN START 2026-09-04T23:08:51 [run_pipeline_persistent] =====

===== PIPELINE RUN START 2026-09-04T23:16:20 [run_pipeline_persistent] =====

===== PIPELINE RUN START 2026-09-04T23:23:38 [run_pipeline_persistent] =====

===== PIPELINE RUN START 2026-09-04T23:31:10 [run_pipeline_persistent] =====

===== PIPELINE RUN START 2026-09-04T23:38:22 [run_pipeline_persistent] =====

===== PIPELINE RUN START 2026-09-04T23:46:04 [run_pipeline_persistent] =====

===== PIPELINE RUN START 2026-09-04T23:53:22 [run_pipeline_persistent] =====
