
===== PIPELINE RUN START 2026-08-15T00:01:14 [run_pipeline_persistent] =====

===== PIPELINE RUN START 2026-08-15T00:06:15 [run_pipeline_persistent] =====

===== PIPELINE RUN START 2026-08-15T00:11:18 [run_pipeline_persistent] =====

===== PIPELINE RUN START 2026-08-15T00:16:20 [run_pipeline_persistent] =====

--- RSS Fetch Errors at 2026-08-15 00:17:43 ---
Error fetching https://sokszinuvidek.24.hu/feed/: Failed to perform, curl: (28) Connection timed out after 10001 milliseconds. See https://curl.se/libcurl/c/libcurl-errors.html first for more details.

===== PIPELINE RUN START 2026-08-15T00:21:22 [run_pipeline_persistent] =====

--- RSS Fetch Errors at 2026-08-15 00:23:27 ---
Error fetching https://femina.hu/24ora/rss.xml: Failed to perform, curl: (28) Operation timed out after 25003 milliseconds with 3491 out of 11798 bytes received. See https://curl.se/libcurl/c/libcurl-errors.html first for more details.

===== PIPELINE RUN START 2026-08-15T00:26:24 [run_pipeline_persistent] =====

--- RSS Fetch Errors at 2026-08-15 00:27:47 ---
Error fetching https://www.economx.hu/feed: Failed to perform, curl: (28) Connection timed out after 10003 milliseconds. See https://curl.se/libcurl/c/libcurl-errors.html first for more details.
Error fetching https://www.maxim.com/feed: Failed to perform, curl: (28) Connection timed out after 10003 milliseconds. See https://curl.se/libcurl/c/libcurl-errors.html first for more details.
Error fetching https://index.hu/tudomany/til/rss/: Failed to perform, curl: (28) Connection timed out after 10003 milliseconds. See https://curl.se/libcurl/c/libcurl-errors.html first for more details.
Error fetching https://aihirfolyam.hu/feed: Failed to perform, curl: (28) Operation timed out after 25003 milliseconds with 0 bytes received. See https://curl.se/libcurl/c/libcurl-errors.html first for more details.

===== PIPELINE RUN START 2026-08-15T00:31:27 [run_pipeline_persistent] =====

--- RSS Fetch Errors at 2026-08-15 00:32:50 ---
Error fetching https://sorozatjunkie.hu/feed: Failed to perform, curl: (28) Connection timed out after 10003 milliseconds. See https://curl.se/libcurl/c/libcurl-errors.html first for more details.
Error fetching https://sokszinuvidek.24.hu/feed/: Failed to perform, curl: (28) Connection timed out after 10003 milliseconds. See https://curl.se/libcurl/c/libcurl-errors.html first for more details.

===== PIPELINE RUN START 2026-08-15T00:36:29 [run_pipeline_persistent] =====

===== PIPELINE RUN START 2026-08-15T00:41:31 [run_pipeline_persistent] =====

--- RSS Fetch Errors at 2026-08-15 00:43:17 ---
Error fetching https://prog.hu/hirek/rss: Failed to perform, curl: (28) Resolving timed out after 10003 milliseconds. See https://curl.se/libcurl/c/libcurl-errors.html first for more details.
Error fetching https://player.hu/feed: Failed to perform, curl: (28) Connection timed out after 10004 milliseconds. See https://curl.se/libcurl/c/libcurl-errors.html first for more details.

===== PIPELINE RUN START 2026-08-15T00:46:34 [run_pipeline_persistent] =====

--- RSS Fetch Errors at 2026-08-15 00:48:49 ---
Error fetching https://www.playboy.com/read/celebrities/feed: Failed to perform, curl: (28) Connection timed out after 10001 milliseconds. See https://curl.se/libcurl/c/libcurl-errors.html first for more details.

===== PIPELINE RUN START 2026-08-15T00:51:34 [run_pipeline_persistent] =====

===== PIPELINE RUN START 2026-08-15T00:56:38 [run_pipeline_persistent] =====

===== PIPELINE RUN START 2026-08-15T01:01:41 [run_pipeline_persistent] =====

--- RSS Fetch Errors at 2026-08-15 01:03:05 ---
Error fetching https://starity.hu/magazin/rss/: Failed to perform, curl: (28) Connection timed out after 10001 milliseconds. See https://curl.se/libcurl/c/libcurl-errors.html first for more details.
Error fetching https://www.hwsw.hu/xml/latest_news_rss.xml: Failed to perform, curl: (28) Connection timed out after 10002 milliseconds. See https://curl.se/libcurl/c/libcurl-errors.html first for more details.
Error fetching https://sorozatjunkie.hu/feed: Failed to perform, curl: (28) Connection timed out after 10003 milliseconds. See https://curl.se/libcurl/c/libcurl-errors.html first for more details.

===== PIPELINE RUN START 2026-08-15T01:06:43 [run_pipeline_persistent] =====

--- RSS Fetch Errors at 2026-08-15 01:08:08 ---
Error fetching https://femina.hu/24ora/rss.xml: Failed to perform, curl: (28) Connection timed out after 10003 milliseconds. See https://curl.se/libcurl/c/libcurl-errors.html first for more details.
Error fetching https://www.playboy.com/read/celebrities/feed: Failed to perform, curl: (28) Connection timed out after 10003 milliseconds. See https://curl.se/libcurl/c/libcurl-errors.html first for more details.

===== PIPELINE RUN START 2026-08-15T01:11:46 [run_pipeline_persistent] =====

===== PIPELINE RUN START 2026-08-15T01:16:50 [run_pipeline_persistent] =====

--- RSS Fetch Errors at 2026-08-15 01:18:11 ---
Error fetching https://www.hwsw.hu/xml/latest_news_rss.xml: Failed to perform, curl: (28) Connection timed out after 10001 milliseconds. See https://curl.se/libcurl/c/libcurl-errors.html first for more details.

===== PIPELINE RUN START 2026-08-15T01:21:53 [run_pipeline_persistent] =====

===== PIPELINE RUN START 2026-08-15T01:26:55 [run_pipeline_persistent] =====

--- RSS Fetch Errors at 2026-08-15 01:28:19 ---
Error fetching https://sorozatjunkie.hu/feed: Failed to perform, curl: (28) Connection timed out after 10002 milliseconds. See https://curl.se/libcurl/c/libcurl-errors.html first for more details.
Error fetching https://caravantimes.co.uk/feed: Failed to perform, curl: (28) Resolving timed out after 10002 milliseconds. See https://curl.se/libcurl/c/libcurl-errors.html first for more details.

===== PIPELINE RUN START 2026-08-15T01:31:58 [run_pipeline_persistent] =====

===== PIPELINE RUN START 2026-08-15T01:37:01 [run_pipeline_persistent] =====

--- RSS Fetch Errors at 2026-08-15 01:38:27 ---
Error fetching https://aihirfolyam.hu/feed: Failed to perform, curl: (28) Connection timed out after 10002 milliseconds. See https://curl.se/libcurl/c/libcurl-errors.html first for more details.

===== PIPELINE RUN START 2026-08-15T01:42:03 [run_pipeline_persistent] =====

--- RSS Fetch Errors at 2026-08-15 01:43:29 ---
Error fetching https://www.hwsw.hu/xml/latest_news_rss.xml: Failed to perform, curl: (28) Connection timed out after 10003 milliseconds. See https://curl.se/libcurl/c/libcurl-errors.html first for more details.

===== PIPELINE RUN START 2026-08-15T01:47:06 [run_pipeline_persistent] =====

===== PIPELINE RUN START 2026-08-15T01:52:09 [run_pipeline_persistent] =====

===== PIPELINE RUN START 2026-08-15T01:57:11 [run_pipeline_persistent] =====

--- RSS Fetch Errors at 2026-08-15 01:58:35 ---
Error fetching https://sokszinuvidek.24.hu/?oembed=true&format=xml&url=https%3A%2F%2Fsokszinuvidek.24.hu%2F: Failed to perform, curl: (28) Connection timed out after 10003 milliseconds. See https://curl.se/libcurl/c/libcurl-errors.html first for more details.

===== PIPELINE RUN START 2026-08-15T02:02:14 [run_pipeline_persistent] =====

===== PIPELINE RUN START 2026-08-15T02:07:15 [run_pipeline_persistent] =====

===== PIPELINE RUN START 2026-08-15T02:12:17 [run_pipeline_persistent] =====

--- RSS Fetch Errors at 2026-08-15 02:13:42 ---
Error fetching https://index.hu/tudomany/til/rss/: Failed to perform, curl: (28) Connection timed out after 10003 milliseconds. See https://curl.se/libcurl/c/libcurl-errors.html first for more details.

===== PIPELINE RUN START 2026-08-15T02:17:20 [run_pipeline_persistent] =====

===== PIPELINE RUN START 2026-08-15T02:22:23 [run_pipeline_persistent] =====

===== PIPELINE RUN START 2026-08-15T02:27:24 [run_pipeline_persistent] =====

--- RSS Fetch Errors at 2026-08-15 02:28:59 ---
Error fetching https://femina.hu/24ora/rss.xml: Failed to perform, curl: (28) Connection timed out after 10003 milliseconds. See https://curl.se/libcurl/c/libcurl-errors.html first for more details.

===== PIPELINE RUN START 2026-08-15T02:32:27 [run_pipeline_persistent] =====

===== PIPELINE RUN START 2026-08-15T02:37:29 [run_pipeline_persistent] =====

--- RSS Fetch Errors at 2026-08-15 02:38:54 ---
Error fetching https://index.hu/tudomany/til/rss/: Failed to perform, curl: (28) Connection timed out after 10002 milliseconds. See https://curl.se/libcurl/c/libcurl-errors.html first for more details.

===== PIPELINE RUN START 2026-08-15T02:42:32 [run_pipeline_persistent] =====

--- RSS Fetch Errors at 2026-08-15 02:43:57 ---
Error fetching https://www.hwsw.hu/xml/latest_news_rss.xml: Failed to perform, curl: (28) Connection timed out after 10003 milliseconds. See https://curl.se/libcurl/c/libcurl-errors.html first for more details.

===== PIPELINE RUN START 2026-08-15T02:47:35 [run_pipeline_persistent] =====

--- RSS Fetch Errors at 2026-08-15 02:49:30 ---
Error fetching https://roadster.hu/feed: Failed to perform, curl: (28) Connection timed out after 10000 milliseconds. See https://curl.se/libcurl/c/libcurl-errors.html first for more details.

===== PIPELINE RUN START 2026-08-15T02:52:36 [run_pipeline_persistent] =====

--- RSS Fetch Errors at 2026-08-15 02:54:04 ---
Error fetching https://www.vice.com/feed/: HTTP Error 404: 
Error fetching https://www.playboy.com/read/celebrities/feed: Failed to perform, curl: (28) Connection timed out after 10003 milliseconds. See https://curl.se/libcurl/c/libcurl-errors.html first for more details.

===== PIPELINE RUN START 2026-08-15T02:57:39 [run_pipeline_persistent] =====

--- RSS Fetch Errors at 2026-08-15 02:59:01 ---
Error fetching https://femina.hu/24ora/rss.xml: Failed to perform, curl: (28) Connection timed out after 10004 milliseconds. See https://curl.se/libcurl/c/libcurl-errors.html first for more details.
Error fetching https://www.hwsw.hu/xml/latest_news_rss.xml: Failed to perform, curl: (28) Connection timed out after 10002 milliseconds. See https://curl.se/libcurl/c/libcurl-errors.html first for more details.

===== PIPELINE RUN START 2026-08-15T03:02:41 [run_pipeline_persistent] =====

===== PIPELINE RUN START 2026-08-15T03:07:43 [run_pipeline_persistent] =====

===== PIPELINE RUN START 2026-08-15T03:12:46 [run_pipeline_persistent] =====

--- RSS Fetch Errors at 2026-08-15 03:14:18 ---
Error fetching https://aihirfolyam.hu/feed: Failed to perform, curl: (28) Connection timed out after 10003 milliseconds. See https://curl.se/libcurl/c/libcurl-errors.html first for more details.
Error fetching https://index.hu/tudomany/til/rss/: Failed to perform, curl: (28) Connection timed out after 10003 milliseconds. See https://curl.se/libcurl/c/libcurl-errors.html first for more details.
Error fetching https://www.playboy.com/read/celebrities/feed: Failed to perform, curl: (28) Connection timed out after 10003 milliseconds. See https://curl.se/libcurl/c/libcurl-errors.html first for more details.

===== PIPELINE RUN START 2026-08-15T03:17:48 [run_pipeline_persistent] =====

--- RSS Fetch Errors at 2026-08-15 03:19:32 ---
Error fetching https://femina.hu/24ora/rss.xml: Failed to perform, curl: (28) Connection timed out after 10002 milliseconds. See https://curl.se/libcurl/c/libcurl-errors.html first for more details.
Error fetching https://www.economx.hu/feed: Failed to perform, curl: (28) Connection timed out after 10003 milliseconds. See https://curl.se/libcurl/c/libcurl-errors.html first for more details.
Error fetching https://starity.hu/magazin/rss/: Failed to perform, curl: (28) Connection timed out after 10003 milliseconds. See https://curl.se/libcurl/c/libcurl-errors.html first for more details.

===== PIPELINE RUN START 2026-08-15T03:22:50 [run_pipeline_persistent] =====

--- RSS Fetch Errors at 2026-08-15 03:25:15 ---
Error fetching https://sorozatjunkie.hu/feed: Failed to perform, curl: (28) Connection timed out after 10002 milliseconds. See https://curl.se/libcurl/c/libcurl-errors.html first for more details.
Error fetching https://www.playboy.com/read/sex-relationships/feed: Failed to perform, curl: (28) Connection timed out after 10002 milliseconds. See https://curl.se/libcurl/c/libcurl-errors.html first for more details.

===== PIPELINE RUN START 2026-08-15T03:27:52 [run_pipeline_persistent] =====

--- RSS Fetch Errors at 2026-08-15 03:29:20 ---
Error fetching https://www.hwsw.hu/xml/latest_news_rss.xml: Failed to perform, curl: (28) Operation timed out after 25002 milliseconds with 0 bytes received. See https://curl.se/libcurl/c/libcurl-errors.html first for more details.

===== PIPELINE RUN START 2026-08-15T03:32:54 [run_pipeline_persistent] =====

--- RSS Fetch Errors at 2026-08-15 03:34:18 ---
Error fetching https://index.hu/tudomany/til/rss/: Failed to perform, curl: (28) Connection timed out after 10001 milliseconds. See https://curl.se/libcurl/c/libcurl-errors.html first for more details.
Error fetching https://sokszinuvidek.24.hu/feed/: Failed to perform, curl: (28) Connection timed out after 10003 milliseconds. See https://curl.se/libcurl/c/libcurl-errors.html first for more details.

===== PIPELINE RUN START 2026-08-15T03:37:57 [run_pipeline_persistent] =====

--- RSS Fetch Errors at 2026-08-15 03:39:23 ---
Error fetching https://femina.hu/24ora/rss.xml: Failed to perform, curl: (28) Connection timed out after 10003 milliseconds. See https://curl.se/libcurl/c/libcurl-errors.html first for more details.
Error fetching https://starity.hu/magazin/rss/: Failed to perform, curl: (28) Connection timed out after 10003 milliseconds. See https://curl.se/libcurl/c/libcurl-errors.html first for more details.

===== PIPELINE RUN START 2026-08-15T03:43:00 [run_pipeline_persistent] =====

--- RSS Fetch Errors at 2026-08-15 03:44:26 ---
Error fetching https://www.hwsw.hu/xml/latest_news_rss.xml: Failed to perform, curl: (28) Connection timed out after 10002 milliseconds. See https://curl.se/libcurl/c/libcurl-errors.html first for more details.
Error fetching https://index.hu/tudomany/til/rss/: Failed to perform, curl: (28) Connection timed out after 10003 milliseconds. See https://curl.se/libcurl/c/libcurl-errors.html first for more details.

===== PIPELINE RUN START 2026-08-15T03:48:02 [run_pipeline_persistent] =====

===== PIPELINE RUN START 2026-08-15T03:53:05 [run_pipeline_persistent] =====

===== PIPELINE RUN START 2026-08-15T03:58:08 [run_pipeline_persistent] =====

===== PIPELINE RUN START 2026-08-15T04:03:10 [run_pipeline_persistent] =====

--- RSS Fetch Errors at 2026-08-15 04:04:33 ---
Error fetching https://www.economx.hu/feed: Failed to perform, curl: (28) Connection timed out after 10003 milliseconds. See https://curl.se/libcurl/c/libcurl-errors.html first for more details.
Error fetching https://www.maxim.com/feed: Failed to perform, curl: (28) Connection timed out after 10002 milliseconds. See https://curl.se/libcurl/c/libcurl-errors.html first for more details.
Error fetching https://roadster.hu/feed: Failed to perform, curl: (28) Connection timed out after 10003 milliseconds. See https://curl.se/libcurl/c/libcurl-errors.html first for more details.

===== PIPELINE RUN START 2026-08-15T04:08:11 [run_pipeline_persistent] =====

--- RSS Fetch Errors at 2026-08-15 04:09:37 ---
Error fetching https://www.playboy.com/read/celebrities/feed: Failed to perform, curl: (28) Connection timed out after 10003 milliseconds. See https://curl.se/libcurl/c/libcurl-errors.html first for more details.

===== PIPELINE RUN START 2026-08-15T04:13:13 [run_pipeline_persistent] =====

--- RSS Fetch Errors at 2026-08-15 04:14:37 ---
Error fetching https://sorozatjunkie.hu/feed: Failed to perform, curl: (28) Connection timed out after 10001 milliseconds. See https://curl.se/libcurl/c/libcurl-errors.html first for more details.
Error fetching https://index.hu/tudomany/til/rss/: Failed to perform, curl: (28) Connection timed out after 10007 milliseconds. See https://curl.se/libcurl/c/libcurl-errors.html first for more details.

===== PIPELINE RUN START 2026-08-15T04:18:16 [run_pipeline_persistent] =====

===== PIPELINE RUN START 2026-08-15T04:23:19 [run_pipeline_persistent] =====

--- RSS Fetch Errors at 2026-08-15 04:25:05 ---
Error fetching https://www.economx.hu/feed: Failed to perform, curl: (28) Connection timed out after 10001 milliseconds. See https://curl.se/libcurl/c/libcurl-errors.html first for more details.
Error fetching https://www.hwsw.hu/xml/latest_news_rss.xml: Failed to perform, curl: (28) Connection timed out after 10003 milliseconds. See https://curl.se/libcurl/c/libcurl-errors.html first for more details.

===== PIPELINE RUN START 2026-08-15T04:28:21 [run_pipeline_persistent] =====

--- RSS Fetch Errors at 2026-08-15 04:29:44 ---
Error fetching https://sorozatjunkie.hu/feed: Failed to perform, curl: (28) Connection timed out after 10003 milliseconds. See https://curl.se/libcurl/c/libcurl-errors.html first for more details.
Error fetching https://starity.hu/magazin/rss/: Failed to perform, curl: (28) Connection timed out after 10002 milliseconds. See https://curl.se/libcurl/c/libcurl-errors.html first for more details.
Error fetching https://sokszinuvidek.24.hu/feed/: Failed to perform, curl: (28) Connection timed out after 10003 milliseconds. See https://curl.se/libcurl/c/libcurl-errors.html first for more details.

===== PIPELINE RUN START 2026-08-15T04:33:23 [run_pipeline_persistent] =====

--- RSS Fetch Errors at 2026-08-15 04:34:48 ---
Error fetching https://www.maxim.com/feed: Failed to perform, curl: (28) Connection timed out after 10002 milliseconds. See https://curl.se/libcurl/c/libcurl-errors.html first for more details.

===== PIPELINE RUN START 2026-08-15T04:38:26 [run_pipeline_persistent] =====

--- RSS Fetch Errors at 2026-08-15 04:39:59 ---
Error fetching https://aihirfolyam.hu/feed: Failed to perform, curl: (28) Connection timed out after 10003 milliseconds. See https://curl.se/libcurl/c/libcurl-errors.html first for more details.
Error fetching https://www.playboy.com/read/celebrities/feed: Failed to perform, curl: (28) Connection timed out after 10002 milliseconds. See https://curl.se/libcurl/c/libcurl-errors.html first for more details.

===== PIPELINE RUN START 2026-08-15T04:43:28 [run_pipeline_persistent] =====

--- RSS Fetch Errors at 2026-08-15 04:44:59 ---
Error fetching https://femina.hu/24ora/rss.xml: Failed to perform, curl: (28) Connection timed out after 10003 milliseconds. See https://curl.se/libcurl/c/libcurl-errors.html first for more details.
Error fetching https://index.hu/tudomany/til/rss/: Failed to perform, curl: (28) Connection timed out after 10002 milliseconds. See https://curl.se/libcurl/c/libcurl-errors.html first for more details.

===== PIPELINE RUN START 2026-08-15T04:48:31 [run_pipeline_persistent] =====

--- RSS Fetch Errors at 2026-08-15 04:49:58 ---
Error fetching https://www.economx.hu/feed: Failed to perform, curl: (28) Connection timed out after 10003 milliseconds. See https://curl.se/libcurl/c/libcurl-errors.html first for more details.
Error fetching https://sorozatjunkie.hu/feed: Failed to perform, curl: (28) Connection timed out after 10003 milliseconds. See https://curl.se/libcurl/c/libcurl-errors.html first for more details.
Error fetching https://www.hwsw.hu/xml/latest_news_rss.xml: Failed to perform, curl: (28) Operation timed out after 25003 milliseconds with 0 bytes received. See https://curl.se/libcurl/c/libcurl-errors.html first for more details.

===== PIPELINE RUN START 2026-08-15T04:53:32 [run_pipeline_persistent] =====

--- RSS Fetch Errors at 2026-08-15 04:55:31 ---
Error fetching https://femina.hu/24ora/rss.xml: Failed to perform, curl: (28) Connection timed out after 10003 milliseconds. See https://curl.se/libcurl/c/libcurl-errors.html first for more details.
Error fetching https://www.maxim.com/feed: Failed to perform, curl: (28) Connection timed out after 10003 milliseconds. See https://curl.se/libcurl/c/libcurl-errors.html first for more details.
Error fetching https://player.hu/feed: Failed to perform, curl: (28) Connection timed out after 10003 milliseconds. See https://curl.se/libcurl/c/libcurl-errors.html first for more details.
Error fetching https://sokszinuvidek.24.hu/feed/: Failed to perform, curl: (28) Connection timed out after 10003 milliseconds. See https://curl.se/libcurl/c/libcurl-errors.html first for more details.
Error fetching https://roadster.hu/feed: Failed to perform, curl: (28) Operation timed out after 25003 milliseconds with 4615 bytes received. See https://curl.se/libcurl/c/libcurl-errors.html first for more details.

===== PIPELINE RUN START 2026-08-15T04:58:34 [run_pipeline_persistent] =====

--- RSS Fetch Errors at 2026-08-15 05:00:21 ---
Error fetching https://www.economx.hu/feed: Failed to perform, curl: (28) Connection timed out after 10002 milliseconds. See https://curl.se/libcurl/c/libcurl-errors.html first for more details.
[05:00:30] Summarizer: [DownloadWorker-2] SKIP (duplicate title): Film magazin...
[05:00:30] Summarizer: [DownloadWorker-0] SKIP (duplicate title): Az Oak Street vége (film, 2026) | Kritik...
[05:00:50] Summarizer: [DownloadWorker-8] SKIP (duplicate title): Kutya csillagkép (film, 2026) | Kritikák...
[05:00:56] Summarizer: [DownloadWorker-6] SKIP (duplicate title): TV műsor...

===== PIPELINE RUN START 2026-08-15T05:03:35 [run_pipeline_persistent] =====

===== PIPELINE RUN START 2026-08-15T05:08:38 [run_pipeline_persistent] =====

--- RSS Fetch Errors at 2026-08-15 05:10:01 ---
Error fetching https://player.hu/feed: Failed to perform, curl: (28) Connection timed out after 10003 milliseconds. See https://curl.se/libcurl/c/libcurl-errors.html first for more details.

===== PIPELINE RUN START 2026-08-15T05:13:40 [run_pipeline_persistent] =====

--- RSS Fetch Errors at 2026-08-15 05:15:04 ---
Error fetching https://wmn.hu/feed/: Failed to perform, curl: (28) Connection timed out after 10003 milliseconds. See https://curl.se/libcurl/c/libcurl-errors.html first for more details.

===== PIPELINE RUN START 2026-08-15T05:18:42 [run_pipeline_persistent] =====

--- RSS Fetch Errors at 2026-08-15 05:20:09 ---
Error fetching https://starity.hu/magazin/rss/: Failed to perform, curl: (28) Connection timed out after 10000 milliseconds. See https://curl.se/libcurl/c/libcurl-errors.html first for more details.
Error fetching https://www.hwsw.hu/xml/latest_news_rss.xml: Failed to perform, curl: (28) Connection timed out after 10003 milliseconds. See https://curl.se/libcurl/c/libcurl-errors.html first for more details.

===== PIPELINE RUN START 2026-08-15T05:23:45 [run_pipeline_persistent] =====

--- RSS Fetch Errors at 2026-08-15 05:25:47 ---
Error fetching https://www.playboy.com/read/sex-relationships/feed: Failed to perform, curl: (28) Connection timed out after 10003 milliseconds. See https://curl.se/libcurl/c/libcurl-errors.html first for more details.
[05:26:12] Summarizer: [Batch] No response from API (attempt 1/3)

===== PIPELINE RUN START 2026-08-15T05:28:47 [run_pipeline_persistent] =====

===== PIPELINE RUN START 2026-08-15T05:33:50 [run_pipeline_persistent] =====

--- RSS Fetch Errors at 2026-08-15 05:35:35 ---
Error fetching https://roadster.hu/feed: Failed to perform, curl: (28) Connection timed out after 10000 milliseconds. See https://curl.se/libcurl/c/libcurl-errors.html first for more details.

===== PIPELINE RUN START 2026-08-15T05:38:51 [run_pipeline_persistent] =====

--- RSS Fetch Errors at 2026-08-15 05:40:18 ---
Error fetching https://femina.hu/24ora/rss.xml: Failed to perform, curl: (28) Connection timed out after 10002 milliseconds. See https://curl.se/libcurl/c/libcurl-errors.html first for more details.

===== PIPELINE RUN START 2026-08-15T05:43:54 [run_pipeline_persistent] =====

--- RSS Fetch Errors at 2026-08-15 05:45:20 ---
Error fetching https://index.hu/tudomany/til/rss/: Failed to perform, curl: (28) Connection timed out after 10003 milliseconds. See https://curl.se/libcurl/c/libcurl-errors.html first for more details.
Error fetching https://www.hwsw.hu/xml/latest_news_rss.xml: Failed to perform, curl: (28) Operation timed out after 25003 milliseconds with 0 bytes received. See https://curl.se/libcurl/c/libcurl-errors.html first for more details.
[05:46:22] Summarizer: [Batch] No response from API (attempt 1/3)

===== PIPELINE RUN START 2026-08-15T05:48:57 [run_pipeline_persistent] =====

--- RSS Fetch Errors at 2026-08-15 05:50:23 ---
Error fetching https://www.playboy.com/read/classics/feed: Failed to perform, curl: (28) Connection timed out after 10003 milliseconds. See https://curl.se/libcurl/c/libcurl-errors.html first for more details.
Error fetching https://www.playboy.com/read/celebrities/feed: Failed to perform, curl: (28) Connection timed out after 10002 milliseconds. See https://curl.se/libcurl/c/libcurl-errors.html first for more details.

===== PIPELINE RUN START 2026-08-15T05:53:58 [run_pipeline_persistent] =====

--- RSS Fetch Errors at 2026-08-15 05:55:51 ---
Error fetching https://www.economx.hu/feed: Failed to perform, curl: (28) Connection timed out after 10003 milliseconds. See https://curl.se/libcurl/c/libcurl-errors.html first for more details.
Error fetching https://sorozatjunkie.hu/feed: Failed to perform, curl: (28) Connection timed out after 10003 milliseconds. See https://curl.se/libcurl/c/libcurl-errors.html first for more details.
Error fetching https://sokszinuvidek.24.hu/feed/: Failed to perform, curl: (28) Connection timed out after 10002 milliseconds. See https://curl.se/libcurl/c/libcurl-errors.html first for more details.

===== PIPELINE RUN START 2026-08-15T05:58:59 [run_pipeline_persistent] =====

===== PIPELINE RUN START 2026-08-15T06:08:05 [run_pipeline_persistent] =====

--- RSS Fetch Errors at 2026-08-15 06:09:29 ---
Error fetching https://aihirfolyam.hu/feed: Failed to perform, curl: (28) Connection timed out after 10003 milliseconds. See https://curl.se/libcurl/c/libcurl-errors.html first for more details.

===== PIPELINE RUN START 2026-08-15T06:10:38 [run_pipeline_persistent] =====

--- RSS Fetch Errors at 2026-08-15 06:13:04 ---
Error fetching https://femina.hu/24ora/rss.xml: Failed to perform, curl: (28) Connection timed out after 10003 milliseconds. See https://curl.se/libcurl/c/libcurl-errors.html first for more details.
Error fetching https://www.maxim.com/feed: Failed to perform, curl: (28) Operation timed out after 25004 milliseconds with 0 bytes received. See https://curl.se/libcurl/c/libcurl-errors.html first for more details.

===== PIPELINE RUN START 2026-08-15T06:15:39 [run_pipeline_persistent] =====

--- RSS Fetch Errors at 2026-08-15 06:17:09 ---
Error fetching https://www.hwsw.hu/xml/latest_news_rss.xml: Failed to perform, curl: (28) Connection timed out after 10002 milliseconds. See https://curl.se/libcurl/c/libcurl-errors.html first for more details.
Error fetching https://index.hu/tudomany/til/rss/: Failed to perform, curl: (28) Connection timed out after 10003 milliseconds. See https://curl.se/libcurl/c/libcurl-errors.html first for more details.

===== PIPELINE RUN START 2026-08-15T06:20:42 [run_pipeline_persistent] =====
[06:21:52] Image_Downloader: Download failed (https://twitter.com/IGN/status/1824132890534293504): 404 Client Error: Not Found for url: https://x.com/IGN/status/1824132890534293504

===== PIPELINE RUN START 2026-08-15T06:25:46 [run_pipeline_persistent] =====

--- RSS Fetch Errors at 2026-08-15 06:27:12 ---
Error fetching https://www.hwsw.hu/xml/latest_news_rss.xml: Failed to perform, curl: (28) Connection timed out after 10002 milliseconds. See https://curl.se/libcurl/c/libcurl-errors.html first for more details.

===== PIPELINE RUN START 2026-08-15T06:30:48 [run_pipeline_persistent] =====

--- RSS Fetch Errors at 2026-08-15 06:32:50 ---
Error fetching https://index.hu/tudomany/til/rss/: Failed to perform, curl: (28) Connection timed out after 10003 milliseconds. See https://curl.se/libcurl/c/libcurl-errors.html first for more details.
Error fetching https://player.hu/feed: Failed to perform, curl: (28) Connection timed out after 10003 milliseconds. See https://curl.se/libcurl/c/libcurl-errors.html first for more details.

===== PIPELINE RUN START 2026-08-15T06:35:50 [run_pipeline_persistent] =====

--- RSS Fetch Errors at 2026-08-15 06:37:17 ---
Error fetching https://starity.hu/magazin/rss/: Failed to perform, curl: (28) Connection timed out after 10001 milliseconds. See https://curl.se/libcurl/c/libcurl-errors.html first for more details.

===== PIPELINE RUN START 2026-08-15T06:40:52 [run_pipeline_persistent] =====

--- RSS Fetch Errors at 2026-08-15 06:42:18 ---
Error fetching https://roadster.hu/feed: Failed to perform, curl: (28) Connection timed out after 10002 milliseconds. See https://curl.se/libcurl/c/libcurl-errors.html first for more details.
Error fetching https://sokszinuvidek.24.hu/feed/: Failed to perform, curl: (28) Connection timed out after 10001 milliseconds. See https://curl.se/libcurl/c/libcurl-errors.html first for more details.

===== PIPELINE RUN START 2026-08-15T06:45:55 [run_pipeline_persistent] =====

===== PIPELINE RUN START 2026-08-15T06:50:58 [run_pipeline_persistent] =====

--- RSS Fetch Errors at 2026-08-15 06:52:23 ---
Error fetching https://www.economx.hu/feed: Failed to perform, curl: (28) Connection timed out after 10003 milliseconds. See https://curl.se/libcurl/c/libcurl-errors.html first for more details.
Error fetching https://femina.hu/24ora/rss.xml: Failed to perform, curl: (28) Connection timed out after 10002 milliseconds. See https://curl.se/libcurl/c/libcurl-errors.html first for more details.
Error fetching https://sorozatjunkie.hu/feed: Failed to perform, curl: (28) Connection timed out after 10003 milliseconds. See https://curl.se/libcurl/c/libcurl-errors.html first for more details.
Error fetching https://starity.hu/magazin/rss/: Failed to perform, curl: (28) Connection timed out after 10002 milliseconds. See https://curl.se/libcurl/c/libcurl-errors.html first for more details.
Error fetching https://aihirfolyam.hu/feed: Failed to perform, curl: (28) Operation timed out after 25001 milliseconds with 0 bytes received. See https://curl.se/libcurl/c/libcurl-errors.html first for more details.

===== PIPELINE RUN START 2026-08-15T06:56:01 [run_pipeline_persistent] =====

--- RSS Fetch Errors at 2026-08-15 06:57:25 ---
Error fetching https://index.hu/tudomany/til/rss/: Failed to perform, curl: (28) Connection timed out after 10003 milliseconds. See https://curl.se/libcurl/c/libcurl-errors.html first for more details.
Error fetching https://www.playboy.com/read/classics/feed: Failed to perform, curl: (28) Connection timed out after 10003 milliseconds. See https://curl.se/libcurl/c/libcurl-errors.html first for more details.

===== PIPELINE RUN START 2026-08-15T07:01:03 [run_pipeline_persistent] =====

===== PIPELINE RUN START 2026-08-15T07:06:06 [run_pipeline_persistent] =====

--- RSS Fetch Errors at 2026-08-15 07:07:31 ---
Error fetching https://player.hu/feed: Failed to perform, curl: (28) Connection timed out after 10003 milliseconds. See https://curl.se/libcurl/c/libcurl-errors.html first for more details.
Error fetching https://index.hu/tudomany/til/rss/: Failed to perform, curl: (28) Connection timed out after 10003 milliseconds. See https://curl.se/libcurl/c/libcurl-errors.html first for more details.
[07:08:04] Summarizer: [Batch] No response from API (attempt 1/3)

===== PIPELINE RUN START 2026-08-15T07:11:09 [run_pipeline_persistent] =====

--- RSS Fetch Errors at 2026-08-15 07:12:35 ---
Error fetching https://femina.hu/24ora/rss.xml: Failed to perform, curl: (28) Connection timed out after 10003 milliseconds. See https://curl.se/libcurl/c/libcurl-errors.html first for more details.

===== PIPELINE RUN START 2026-08-15T07:16:12 [run_pipeline_persistent] =====

--- RSS Fetch Errors at 2026-08-15 07:17:38 ---
Error fetching https://www.economx.hu/feed: Failed to perform, curl: (28) Connection timed out after 10003 milliseconds. See https://curl.se/libcurl/c/libcurl-errors.html first for more details.
Error fetching https://sorozatjunkie.hu/feed: Failed to perform, curl: (28) Connection timed out after 10003 milliseconds. See https://curl.se/libcurl/c/libcurl-errors.html first for more details.
Error fetching https://sokszinuvidek.24.hu/feed/: Failed to perform, curl: (28) Connection timed out after 10002 milliseconds. See https://curl.se/libcurl/c/libcurl-errors.html first for more details.
Error fetching https://aihirfolyam.hu/feed: Failed to perform, curl: (28) Operation timed out after 25003 milliseconds with 0 bytes received. See https://curl.se/libcurl/c/libcurl-errors.html first for more details.

===== PIPELINE RUN START 2026-08-15T07:21:14 [run_pipeline_persistent] =====

===== PIPELINE RUN START 2026-08-15T07:26:17 [run_pipeline_persistent] =====

===== PIPELINE RUN START 2026-08-15T07:31:21 [run_pipeline_persistent] =====

--- RSS Fetch Errors at 2026-08-15 07:32:40 ---
Error fetching https://www.maxim.com/feed: Failed to perform, curl: (28) Connection timed out after 10003 milliseconds. See https://curl.se/libcurl/c/libcurl-errors.html first for more details.

===== PIPELINE RUN START 2026-08-15T07:36:24 [run_pipeline_persistent] =====

===== PIPELINE RUN START 2026-08-15T07:41:26 [run_pipeline_persistent] =====

===== PIPELINE RUN START 2026-08-15T07:46:29 [run_pipeline_persistent] =====

===== PIPELINE RUN START 2026-08-15T07:51:31 [run_pipeline_persistent] =====

--- RSS Fetch Errors at 2026-08-15 07:53:54 ---
Error fetching https://www.maxim.com/feed: Failed to perform, curl: (28) Connection timed out after 10003 milliseconds. See https://curl.se/libcurl/c/libcurl-errors.html first for more details.

===== PIPELINE RUN START 2026-08-15T07:56:33 [run_pipeline_persistent] =====

===== PIPELINE RUN START 2026-08-15T08:01:36 [run_pipeline_persistent] =====

===== PIPELINE RUN START 2026-08-15T08:06:40 [run_pipeline_persistent] =====

--- RSS Fetch Errors at 2026-08-15 08:09:08 ---
Error fetching https://www.hwsw.hu/xml/latest_news_rss.xml: Failed to perform, curl: (28) Connection timed out after 10002 milliseconds. See https://curl.se/libcurl/c/libcurl-errors.html first for more details.
[08:09:38] Image_Downloader: Download failed (https://twitter.com/MarvelStudios/status/1824147576088264704): 404 Client Error: Not Found for url: https://x.com/MarvelStudios/status/1824147576088264704

===== PIPELINE RUN START 2026-08-15T08:11:41 [run_pipeline_persistent] =====

--- RSS Fetch Errors at 2026-08-15 08:13:06 ---
Error fetching https://femina.hu/24ora/rss.xml: Failed to perform, curl: (28) Connection timed out after 10003 milliseconds. See https://curl.se/libcurl/c/libcurl-errors.html first for more details.
Error fetching https://starity.hu/magazin/rss/: Failed to perform, curl: (28) Connection timed out after 10002 milliseconds. See https://curl.se/libcurl/c/libcurl-errors.html first for more details.
Error fetching https://sokszinuvidek.24.hu/?oembed=true&format=xml&url=https%3A%2F%2Fsokszinuvidek.24.hu%2F: Failed to perform, curl: (28) Connection timed out after 10003 milliseconds. See https://curl.se/libcurl/c/libcurl-errors.html first for more details.

===== PIPELINE RUN START 2026-08-15T08:16:44 [run_pipeline_persistent] =====

===== PIPELINE RUN START 2026-08-15T08:21:47 [run_pipeline_persistent] =====

===== PIPELINE RUN START 2026-08-15T08:26:50 [run_pipeline_persistent] =====

===== PIPELINE RUN START 2026-08-15T08:31:53 [run_pipeline_persistent] =====

===== PIPELINE RUN START 2026-08-15T08:36:56 [run_pipeline_persistent] =====

--- RSS Fetch Errors at 2026-08-15 08:38:34 ---
Error fetching https://aihirfolyam.hu/feed: Failed to perform, curl: (28) Connection timed out after 10002 milliseconds. See https://curl.se/libcurl/c/libcurl-errors.html first for more details.

===== PIPELINE RUN START 2026-08-15T08:41:58 [run_pipeline_persistent] =====

--- RSS Fetch Errors at 2026-08-15 08:43:27 ---
Error fetching https://www.playboy.com/read/celebrities/feed: Failed to perform, curl: (28) Connection timed out after 10003 milliseconds. See https://curl.se/libcurl/c/libcurl-errors.html first for more details.
[08:43:31] Summarizer: [DownloadWorker-1] SKIP (duplicate title): Napi üzenet szombat – 2026. 08. 15....

===== PIPELINE RUN START 2026-08-15T08:47:00 [run_pipeline_persistent] =====

===== PIPELINE RUN START 2026-08-15T08:52:04 [run_pipeline_persistent] =====

===== PIPELINE RUN START 2026-08-15T08:57:07 [run_pipeline_persistent] =====

--- RSS Fetch Errors at 2026-08-15 08:57:54 ---
Error fetching https://www.vice.com/feed/: HTTP Error 404: 

===== PIPELINE RUN START 2026-08-15T09:02:10 [run_pipeline_persistent] =====

===== PIPELINE RUN START 2026-08-15T09:07:12 [run_pipeline_persistent] =====

===== PIPELINE RUN START 2026-08-15T09:12:15 [run_pipeline_persistent] =====

===== PIPELINE RUN START 2026-08-15T09:17:18 [run_pipeline_persistent] =====

--- RSS Fetch Errors at 2026-08-15 09:18:46 ---
Error fetching https://aihirfolyam.hu/feed: HTTP Error 525: 
Error fetching https://index.hu/tudomany/til/rss/: Failed to perform, curl: (28) Connection timed out after 10004 milliseconds. See https://curl.se/libcurl/c/libcurl-errors.html first for more details.

===== PIPELINE RUN START 2026-08-15T09:22:20 [run_pipeline_persistent] =====

===== PIPELINE RUN START 2026-08-15T09:27:22 [run_pipeline_persistent] =====

===== PIPELINE RUN START 2026-08-15T09:32:25 [run_pipeline_persistent] =====

===== PIPELINE RUN START 2026-08-15T09:37:28 [run_pipeline_persistent] =====

===== PIPELINE RUN START 2026-08-15T09:42:31 [run_pipeline_persistent] =====

--- RSS Fetch Errors at 2026-08-15 09:43:56 ---
Error fetching https://aihirfolyam.hu/feed: Failed to perform, curl: (28) Connection timed out after 10002 milliseconds. See https://curl.se/libcurl/c/libcurl-errors.html first for more details.
Error fetching https://roadster.hu/feed: Failed to perform, curl: (28) Connection timed out after 10003 milliseconds. See https://curl.se/libcurl/c/libcurl-errors.html first for more details.
Error fetching https://sorozatjunkie.hu/feed: Failed to perform, curl: (28) Operation timed out after 25003 milliseconds with 0 bytes received. See https://curl.se/libcurl/c/libcurl-errors.html first for more details.

===== PIPELINE RUN START 2026-08-15T09:47:34 [run_pipeline_persistent] =====

===== PIPELINE RUN START 2026-08-15T09:52:37 [run_pipeline_persistent] =====

===== PIPELINE RUN START 2026-08-15T09:57:40 [run_pipeline_persistent] =====

===== PIPELINE RUN START 2026-08-15T10:02:43 [run_pipeline_persistent] =====

===== PIPELINE RUN START 2026-08-15T10:07:46 [run_pipeline_persistent] =====

===== PIPELINE RUN START 2026-08-15T10:12:49 [run_pipeline_persistent] =====

===== PIPELINE RUN START 2026-08-15T10:17:51 [run_pipeline_persistent] =====

--- RSS Fetch Errors at 2026-08-15 10:19:17 ---
Error fetching https://www.economx.hu/feed: Failed to perform, curl: (28) Connection timed out after 10002 milliseconds. See https://curl.se/libcurl/c/libcurl-errors.html first for more details.
Error fetching https://roadster.hu/feed: Failed to perform, curl: (28) Connection timed out after 10002 milliseconds. See https://curl.se/libcurl/c/libcurl-errors.html first for more details.

===== PIPELINE RUN START 2026-08-15T10:22:54 [run_pipeline_persistent] =====

===== PIPELINE RUN START 2026-08-15T10:27:57 [run_pipeline_persistent] =====

===== PIPELINE RUN START 2026-08-15T10:33:00 [run_pipeline_persistent] =====

===== PIPELINE RUN START 2026-08-15T10:38:03 [run_pipeline_persistent] =====
[10:38:54] Summarizer: [DownloadWorker-1] SKIP (duplicate title): Kötelező(?) egy évados Netflix-sorozatok...

===== PIPELINE RUN START 2026-08-15T10:43:06 [run_pipeline_persistent] =====

--- RSS Fetch Errors at 2026-08-15 10:44:34 ---
Error fetching https://www.hwsw.hu/xml/latest_news_rss.xml: Failed to perform, curl: (28) Connection timed out after 10003 milliseconds. See https://curl.se/libcurl/c/libcurl-errors.html first for more details.
Error fetching https://sokszinuvidek.24.hu/?oembed=true&format=xml&url=https%3A%2F%2Fsokszinuvidek.24.hu%2F: Failed to perform, curl: (28) Connection timed out after 10003 milliseconds. See https://curl.se/libcurl/c/libcurl-errors.html first for more details.

===== PIPELINE RUN START 2026-08-15T10:48:09 [run_pipeline_persistent] =====

===== PIPELINE RUN START 2026-08-15T10:53:12 [run_pipeline_persistent] =====

===== PIPELINE RUN START 2026-08-15T10:58:15 [run_pipeline_persistent] =====

===== PIPELINE RUN START 2026-08-15T11:03:18 [run_pipeline_persistent] =====

--- RSS Fetch Errors at 2026-08-15 11:04:44 ---
Error fetching https://sokszinuvidek.24.hu/feed/: Failed to perform, curl: (28) Connection timed out after 10002 milliseconds. See https://curl.se/libcurl/c/libcurl-errors.html first for more details.
Error fetching https://sorozatjunkie.hu/feed: Failed to perform, curl: (28) Operation timed out after 25003 milliseconds with 0 bytes received. See https://curl.se/libcurl/c/libcurl-errors.html first for more details.
[11:05:05] Summarizer: [DownloadWorker-4] SKIP (duplicate title): FC Barcelona Coach Flick Confirms New De...

===== PIPELINE RUN START 2026-08-15T11:08:21 [run_pipeline_persistent] =====

===== PIPELINE RUN START 2026-08-15T11:13:23 [run_pipeline_persistent] =====

--- RSS Fetch Errors at 2026-08-15 11:14:46 ---
Error fetching https://aihirfolyam.hu/feed: Failed to perform, curl: (28) Connection timed out after 10003 milliseconds. See https://curl.se/libcurl/c/libcurl-errors.html first for more details.
Error fetching https://index.hu/tudomany/til/rss/: Failed to perform, curl: (28) Connection timed out after 10003 milliseconds. See https://curl.se/libcurl/c/libcurl-errors.html first for more details.
Error fetching https://www.playboy.com/read/celebrities/feed: Failed to perform, curl: (28) Connection timed out after 10002 milliseconds. See https://curl.se/libcurl/c/libcurl-errors.html first for more details.

===== PIPELINE RUN START 2026-08-15T11:18:26 [run_pipeline_persistent] =====

===== PIPELINE RUN START 2026-08-15T11:23:29 [run_pipeline_persistent] =====

--- RSS Fetch Errors at 2026-08-15 11:24:55 ---
Error fetching https://www.playboy.com/read/celebrities/feed: Failed to perform, curl: (28) Connection timed out after 10003 milliseconds. See https://curl.se/libcurl/c/libcurl-errors.html first for more details.

===== PIPELINE RUN START 2026-08-15T11:28:31 [run_pipeline_persistent] =====

===== PIPELINE RUN START 2026-08-15T11:33:35 [run_pipeline_persistent] =====

===== PIPELINE RUN START 2026-08-15T11:38:37 [run_pipeline_persistent] =====

===== PIPELINE RUN START 2026-08-15T11:43:40 [run_pipeline_persistent] =====

--- RSS Fetch Errors at 2026-08-15 11:45:03 ---
Error fetching https://www.economx.hu/feed: Failed to perform, curl: (28) Connection timed out after 10003 milliseconds. See https://curl.se/libcurl/c/libcurl-errors.html first for more details.

===== PIPELINE RUN START 2026-08-15T11:48:43 [run_pipeline_persistent] =====

===== PIPELINE RUN START 2026-08-15T11:53:46 [run_pipeline_persistent] =====

===== PIPELINE RUN START 2026-08-15T11:58:49 [run_pipeline_persistent] =====

===== PIPELINE RUN START 2026-08-15T12:03:52 [run_pipeline_persistent] =====

===== PIPELINE RUN START 2026-08-15T12:08:55 [run_pipeline_persistent] =====

===== PIPELINE RUN START 2026-08-15T12:13:56 [run_pipeline_persistent] =====

--- RSS Fetch Errors at 2026-08-15 12:16:17 ---
Error fetching https://femina.hu/24ora/rss.xml: Failed to perform, curl: (28) Connection timed out after 10003 milliseconds. See https://curl.se/libcurl/c/libcurl-errors.html first for more details.
Error fetching https://starity.hu/magazin/rss/: Failed to perform, curl: (28) Connection timed out after 10002 milliseconds. See https://curl.se/libcurl/c/libcurl-errors.html first for more details.

===== PIPELINE RUN START 2026-08-15T12:18:58 [run_pipeline_persistent] =====

--- RSS Fetch Errors at 2026-08-15 12:20:21 ---
Error fetching https://www.maxim.com/feed: Failed to perform, curl: (28) Connection timed out after 10002 milliseconds. See https://curl.se/libcurl/c/libcurl-errors.html first for more details.

===== PIPELINE RUN START 2026-08-15T12:24:00 [run_pipeline_persistent] =====

--- RSS Fetch Errors at 2026-08-15 12:26:19 ---
Error fetching https://aihirfolyam.hu/feed: Failed to perform, curl: (28) Connection timed out after 10001 milliseconds. See https://curl.se/libcurl/c/libcurl-errors.html first for more details.
Error fetching https://starity.hu/magazin/rss/: Failed to perform, curl: (28) Connection timed out after 10003 milliseconds. See https://curl.se/libcurl/c/libcurl-errors.html first for more details.
Error fetching https://sorozatjunkie.hu/feed: Failed to perform, curl: (28) Connection timed out after 10003 milliseconds. See https://curl.se/libcurl/c/libcurl-errors.html first for more details.
Error fetching https://roadster.hu/feed: Failed to perform, curl: (28) Connection timed out after 10003 milliseconds. See https://curl.se/libcurl/c/libcurl-errors.html first for more details.

===== PIPELINE RUN START 2026-08-15T12:29:02 [run_pipeline_persistent] =====

--- RSS Fetch Errors at 2026-08-15 12:30:30 ---
Error fetching https://www.economx.hu/feed: Failed to perform, curl: (28) Connection timed out after 10003 milliseconds. See https://curl.se/libcurl/c/libcurl-errors.html first for more details.

===== PIPELINE RUN START 2026-08-15T12:34:03 [run_pipeline_persistent] =====

--- RSS Fetch Errors at 2026-08-15 12:35:35 ---
Error fetching https://www.maxim.com/feed: Failed to perform, curl: (28) Operation timed out after 25003 milliseconds with 0 bytes received. See https://curl.se/libcurl/c/libcurl-errors.html first for more details.

===== PIPELINE RUN START 2026-08-15T12:39:06 [run_pipeline_persistent] =====

===== PIPELINE RUN START 2026-08-15T12:44:08 [run_pipeline_persistent] =====

--- RSS Fetch Errors at 2026-08-15 12:46:30 ---
Error fetching https://www.economx.hu/feed: Failed to perform, curl: (28) Connection timed out after 10002 milliseconds. See https://curl.se/libcurl/c/libcurl-errors.html first for more details.
Error fetching https://www.playboy.com/read/celebrities/feed: Failed to perform, curl: (28) Connection timed out after 10002 milliseconds. See https://curl.se/libcurl/c/libcurl-errors.html first for more details.

===== PIPELINE RUN START 2026-08-15T12:49:09 [run_pipeline_persistent] =====

--- RSS Fetch Errors at 2026-08-15 12:51:23 ---
Error fetching https://aihirfolyam.hu/feed: Failed to perform, curl: (28) Connection timed out after 10003 milliseconds. See https://curl.se/libcurl/c/libcurl-errors.html first for more details.
Error fetching https://www.playboy.com/read/classics/feed: Failed to perform, curl: (28) Connection timed out after 10001 milliseconds. See https://curl.se/libcurl/c/libcurl-errors.html first for more details.

===== PIPELINE RUN START 2026-08-15T12:54:11 [run_pipeline_persistent] =====

--- RSS Fetch Errors at 2026-08-15 12:55:36 ---
Error fetching https://www.hwsw.hu/xml/latest_news_rss.xml: Failed to perform, curl: (28) Operation timed out after 25001 milliseconds with 0 bytes received. See https://curl.se/libcurl/c/libcurl-errors.html first for more details.

===== PIPELINE RUN START 2026-08-15T12:59:13 [run_pipeline_persistent] =====

--- RSS Fetch Errors at 2026-08-15 13:00:50 ---
Error fetching https://www.playboy.com/read/classics/feed: Failed to perform, curl: (28) Connection timed out after 10001 milliseconds. See https://curl.se/libcurl/c/libcurl-errors.html first for more details.
Error fetching https://player.hu/feed: Failed to perform, curl: (28) Connection timed out after 10002 milliseconds. See https://curl.se/libcurl/c/libcurl-errors.html first for more details.
Error fetching https://sokszinuvidek.24.hu/feed/: Failed to perform, curl: (28) Connection timed out after 10003 milliseconds. See https://curl.se/libcurl/c/libcurl-errors.html first for more details.

===== PIPELINE RUN START 2026-08-15T13:04:14 [run_pipeline_persistent] =====

--- RSS Fetch Errors at 2026-08-15 13:07:29 ---
Error fetching https://www.economx.hu/feed: Failed to perform, curl: (28) Connection timed out after 10002 milliseconds. See https://curl.se/libcurl/c/libcurl-errors.html first for more details.
[13:07:41] Summarizer: [Batch] 1 item(s) missing from response → marked for reprocessing

===== PIPELINE RUN START 2026-08-15T13:09:15 [run_pipeline_persistent] =====

--- RSS Fetch Errors at 2026-08-15 13:11:46 ---
Error fetching https://offmedia.hu/feed: Failed to perform, curl: (28) Connection timed out after 10003 milliseconds. See https://curl.se/libcurl/c/libcurl-errors.html first for more details.
Error fetching https://nlc.hu/feed: Failed to perform, curl: (28) Connection timed out after 10003 milliseconds. See https://curl.se/libcurl/c/libcurl-errors.html first for more details.

===== PIPELINE RUN START 2026-08-15T13:14:16 [run_pipeline_persistent] =====

--- RSS Fetch Errors at 2026-08-15 13:17:29 ---
Error fetching https://www.playboy.com/read/classics/feed: Failed to perform, curl: (28) Connection timed out after 10004 milliseconds. See https://curl.se/libcurl/c/libcurl-errors.html first for more details.
Error fetching https://starity.hu/magazin/rss/: Failed to perform, curl: (28) Connection timed out after 10003 milliseconds. See https://curl.se/libcurl/c/libcurl-errors.html first for more details.

===== PIPELINE RUN START 2026-08-15T13:19:16 [run_pipeline_persistent] =====

--- RSS Fetch Errors at 2026-08-15 13:21:42 ---
Error fetching https://www.economx.hu/feed: Failed to perform, curl: (28) Connection timed out after 10001 milliseconds. See https://curl.se/libcurl/c/libcurl-errors.html first for more details.
Error fetching https://index.hu/tudomany/til/rss/: Failed to perform, curl: (28) Connection timed out after 10002 milliseconds. See https://curl.se/libcurl/c/libcurl-errors.html first for more details.

===== PIPELINE RUN START 2026-08-15T13:24:18 [run_pipeline_persistent] =====

===== PIPELINE RUN START 2026-08-15T13:29:18 [run_pipeline_persistent] =====

===== PIPELINE RUN START 2026-08-15T13:34:19 [run_pipeline_persistent] =====

--- RSS Fetch Errors at 2026-08-15 13:37:54 ---
Error fetching https://www.economx.hu/feed: Failed to perform, curl: (28) Connection timed out after 10003 milliseconds. See https://curl.se/libcurl/c/libcurl-errors.html first for more details.
[13:38:55] Image_Downloader: Download failed (https://assets.telex.hu/images/20260815/1786793452-temp-78sr8f5q0p2s0babmgm_facebook.jpg): HTTPSConnectionPool(host='assets.telex.hu', port=443): Read timed out. (read timeout=5)
[13:39:02] Image_Downloader: Download failed (https://starity.hu/images/articles/800x600/bemutattak-az-uj-x-meneket-08150152.jpg): HTTPSConnectionPool(host='starity.hu', port=443): Read timed out. (read timeout=5)

===== PIPELINE RUN START 2026-08-15T13:39:19 [run_pipeline_persistent] =====

--- RSS Fetch Errors at 2026-08-15 13:44:52 ---
Error fetching https://sorozatjunkie.hu/feed: Failed to perform, curl: (28) Connection timed out after 10001 milliseconds. See https://curl.se/libcurl/c/libcurl-errors.html first for more details.
[13:45:50] Image_Downloader: Download failed (https://cdn.bankless.com/siteAssets/yieldHunter.png): HTTPSConnectionPool(host='cdn.bankless.com', port=443): Read timed out. (read timeout=5)
[13:45:51] Image_Downloader: Download failed (https://cdn.bankless.com/sponsorSlots/near-token-png1785257937.png?class=ppsmall): HTTPSConnectionPool(host='cdn.bankless.com', port=443): Read timed out. (read timeout=5)

===== PIPELINE RUN START 2026-08-15T13:46:08 [run_pipeline_persistent] =====

--- RSS Fetch Errors at 2026-08-15 13:48:48 ---
Error fetching https://aihirfolyam.hu/feed: Failed to perform, curl: (28) Connection timed out after 10002 milliseconds. See https://curl.se/libcurl/c/libcurl-errors.html first for more details.
Error fetching https://sokszinuvidek.24.hu/?oembed=true&format=xml&url=https%3A%2F%2Fsokszinuvidek.24.hu%2F: Failed to perform, curl: (28) Connection timed out after 10002 milliseconds. See https://curl.se/libcurl/c/libcurl-errors.html first for more details.

===== PIPELINE RUN START 2026-08-15T13:51:09 [run_pipeline_persistent] =====

===== PIPELINE RUN START 2026-08-15T13:56:10 [run_pipeline_persistent] =====

--- RSS Fetch Errors at 2026-08-15 14:00:16 ---
Error fetching https://www.maxim.com/feed: Failed to perform, curl: (28) Connection timed out after 10002 milliseconds. See https://curl.se/libcurl/c/libcurl-errors.html first for more details.

===== PIPELINE RUN START 2026-08-15T14:01:38 [run_pipeline_persistent] =====

--- RSS Fetch Errors at 2026-08-15 14:03:42 ---
Error fetching https://index.hu/tudomany/til/rss/: Failed to perform, curl: (28) Connection timed out after 10003 milliseconds. See https://curl.se/libcurl/c/libcurl-errors.html first for more details.
Error fetching https://starity.hu/magazin/rss/: Failed to perform, curl: (28) Connection timed out after 10003 milliseconds. See https://curl.se/libcurl/c/libcurl-errors.html first for more details.

===== PIPELINE RUN START 2026-08-15T14:06:40 [run_pipeline_persistent] =====

--- RSS Fetch Errors at 2026-08-15 14:09:05 ---
Error fetching https://sorozatjunkie.hu/feed: Failed to perform, curl: (28) Connection timed out after 10003 milliseconds. See https://curl.se/libcurl/c/libcurl-errors.html first for more details.

===== PIPELINE RUN START 2026-08-15T14:11:41 [run_pipeline_persistent] =====

--- RSS Fetch Errors at 2026-08-15 14:14:48 ---
Error fetching https://www.economx.hu/feed: Failed to perform, curl: (28) Connection timed out after 10002 milliseconds. See https://curl.se/libcurl/c/libcurl-errors.html first for more details.
Error fetching https://roadster.hu/feed: Failed to perform, curl: (28) Connection timed out after 10003 milliseconds. See https://curl.se/libcurl/c/libcurl-errors.html first for more details.

===== PIPELINE RUN START 2026-08-15T14:16:42 [run_pipeline_persistent] =====

--- RSS Fetch Errors at 2026-08-15 14:19:30 ---
Error fetching https://femina.hu/24ora/rss.xml: Failed to perform, curl: (28) Connection timed out after 10002 milliseconds. See https://curl.se/libcurl/c/libcurl-errors.html first for more details.

===== PIPELINE RUN START 2026-08-15T14:21:43 [run_pipeline_persistent] =====

--- RSS Fetch Errors at 2026-08-15 14:24:00 ---
Error fetching https://www.economx.hu/feed: Failed to perform, curl: (28) Connection timed out after 10003 milliseconds. See https://curl.se/libcurl/c/libcurl-errors.html first for more details.
Error fetching https://sokszinuvidek.24.hu/?oembed=true&format=xml&url=https%3A%2F%2Fsokszinuvidek.24.hu%2F: Failed to perform, curl: (28) Connection timed out after 10002 milliseconds. See https://curl.se/libcurl/c/libcurl-errors.html first for more details.

===== PIPELINE RUN START 2026-08-15T14:26:44 [run_pipeline_persistent] =====

--- RSS Fetch Errors at 2026-08-15 14:29:02 ---
Error fetching https://roadster.hu/feed: Failed to perform, curl: (28) Connection timed out after 10003 milliseconds. See https://curl.se/libcurl/c/libcurl-errors.html first for more details.
Error fetching https://sokszinuvidek.24.hu/feed/: Failed to perform, curl: (28) Connection timed out after 10003 milliseconds. See https://curl.se/libcurl/c/libcurl-errors.html first for more details.

===== PIPELINE RUN START 2026-08-15T14:31:46 [run_pipeline_persistent] =====

--- RSS Fetch Errors at 2026-08-15 14:35:26 ---
Error fetching https://sorozatjunkie.hu/feed: Failed to perform, curl: (28) Connection timed out after 10003 milliseconds. See https://curl.se/libcurl/c/libcurl-errors.html first for more details.

===== PIPELINE RUN START 2026-08-15T14:36:46 [run_pipeline_persistent] =====

--- RSS Fetch Errors at 2026-08-15 14:39:49 ---
Error fetching https://roadster.hu/feed: Failed to perform, curl: (28) Connection timed out after 10002 milliseconds. See https://curl.se/libcurl/c/libcurl-errors.html first for more details.
Error fetching https://index.hu/tudomany/til/rss/: Failed to perform, curl: (28) Connection timed out after 10003 milliseconds. See https://curl.se/libcurl/c/libcurl-errors.html first for more details.
Error fetching https://sokszinuvidek.24.hu/?oembed=true&format=xml&url=https%3A%2F%2Fsokszinuvidek.24.hu%2F: Failed to perform, curl: (28) Connection timed out after 10001 milliseconds. See https://curl.se/libcurl/c/libcurl-errors.html first for more details.

===== PIPELINE RUN START 2026-08-15T14:41:47 [run_pipeline_persistent] =====

--- RSS Fetch Errors at 2026-08-15 14:44:12 ---
Error fetching https://www.hwsw.hu/xml/latest_news_rss.xml: Failed to perform, curl: (28) Connection timed out after 10001 milliseconds. See https://curl.se/libcurl/c/libcurl-errors.html first for more details.
Error fetching https://sorozatjunkie.hu/feed: Failed to perform, curl: (28) Operation timed out after 25014 milliseconds with 0 bytes received. See https://curl.se/libcurl/c/libcurl-errors.html first for more details.

===== PIPELINE RUN START 2026-08-15T14:46:49 [run_pipeline_persistent] =====

--- RSS Fetch Errors at 2026-08-15 14:49:12 ---
Error fetching https://player.hu/feed: Failed to perform, curl: (28) Connection timed out after 10003 milliseconds. See https://curl.se/libcurl/c/libcurl-errors.html first for more details.
Error fetching https://www.playboy.com/read/celebrities/feed: Failed to perform, curl: (28) Connection timed out after 10003 milliseconds. See https://curl.se/libcurl/c/libcurl-errors.html first for more details.
Error fetching https://www.maxim.com/feed: Failed to perform, curl: (28) Operation timed out after 25003 milliseconds with 0 bytes received. See https://curl.se/libcurl/c/libcurl-errors.html first for more details.

===== PIPELINE RUN START 2026-08-15T14:51:50 [run_pipeline_persistent] =====

===== PIPELINE RUN START 2026-08-15T14:56:52 [run_pipeline_persistent] =====

===== PIPELINE RUN START 2026-08-15T15:01:55 [run_pipeline_persistent] =====

--- RSS Fetch Errors at 2026-08-15 15:04:12 ---
Error fetching https://www.vice.com/feed/: HTTP Error 404: 
Error fetching https://www.hwsw.hu/xml/latest_news_rss.xml: Failed to perform, curl: (28) Connection timed out after 10003 milliseconds. See https://curl.se/libcurl/c/libcurl-errors.html first for more details.
Error fetching https://femina.hu/24ora/rss.xml: Failed to perform, curl: (28) Connection timed out after 10002 milliseconds. See https://curl.se/libcurl/c/libcurl-errors.html first for more details.
Error fetching https://player.hu/feed: Failed to perform, curl: (28) Operation timed out after 25003 milliseconds with 0 bytes received. See https://curl.se/libcurl/c/libcurl-errors.html first for more details.

===== PIPELINE RUN START 2026-08-15T15:06:56 [run_pipeline_persistent] =====

--- RSS Fetch Errors at 2026-08-15 15:10:11 ---
Error fetching https://sorozatjunkie.hu/feed: Failed to perform, curl: (28) Connection timed out after 10002 milliseconds. See https://curl.se/libcurl/c/libcurl-errors.html first for more details.
Error fetching https://index.hu/tudomany/til/rss/: Failed to perform, curl: (28) Connection timed out after 10002 milliseconds. See https://curl.se/libcurl/c/libcurl-errors.html first for more details.

===== PIPELINE RUN START 2026-08-15T15:11:56 [run_pipeline_persistent] =====

--- RSS Fetch Errors at 2026-08-15 15:14:44 ---
Error fetching https://aihirfolyam.hu/feed: Failed to perform, curl: (28) Connection timed out after 10003 milliseconds. See https://curl.se/libcurl/c/libcurl-errors.html first for more details.
Error fetching https://roadster.hu/feed: Failed to perform, curl: (28) Connection timed out after 10002 milliseconds. See https://curl.se/libcurl/c/libcurl-errors.html first for more details.

===== PIPELINE RUN START 2026-08-15T15:16:57 [run_pipeline_persistent] =====
[15:21:38] Summarizer: [Batch] No response from API (attempt 1/3)

===== PIPELINE RUN START 2026-08-15T15:22:05 [run_pipeline_persistent] =====

--- RSS Fetch Errors at 2026-08-15 15:25:03 ---
Error fetching https://index.hu/tudomany/til/rss/: Failed to perform, curl: (28) Connection timed out after 10003 milliseconds. See https://curl.se/libcurl/c/libcurl-errors.html first for more details.
Error fetching https://sokszinuvidek.24.hu/feed/: Failed to perform, curl: (28) Connection timed out after 10002 milliseconds. See https://curl.se/libcurl/c/libcurl-errors.html first for more details.
Error fetching https://femina.hu/24ora/rss.xml: Failed to perform, curl: (28) Operation timed out after 25003 milliseconds with 0 bytes received. See https://curl.se/libcurl/c/libcurl-errors.html first for more details.

===== PIPELINE RUN START 2026-08-15T15:27:06 [run_pipeline_persistent] =====

===== PIPELINE RUN START 2026-08-15T15:32:36 [run_pipeline_persistent] =====

--- RSS Fetch Errors at 2026-08-15 15:34:55 ---
Error fetching https://aihirfolyam.hu/feed: Failed to perform, curl: (28) Connection timed out after 10003 milliseconds. See https://curl.se/libcurl/c/libcurl-errors.html first for more details.
Error fetching https://mafab.hu/rss: Failed to perform, curl: (28) Operation timed out after 25003 milliseconds with 310 bytes received. See https://curl.se/libcurl/c/libcurl-errors.html first for more details.

===== PIPELINE RUN START 2026-08-15T15:37:37 [run_pipeline_persistent] =====

--- RSS Fetch Errors at 2026-08-15 15:40:04 ---
Error fetching https://www.economx.hu/feed: Failed to perform, curl: (28) Connection timed out after 10003 milliseconds. See https://curl.se/libcurl/c/libcurl-errors.html first for more details.
Error fetching https://sorozatjunkie.hu/feed: Failed to perform, curl: (28) Connection timed out after 10003 milliseconds. See https://curl.se/libcurl/c/libcurl-errors.html first for more details.
Error fetching https://www.hwsw.hu/xml/latest_news_rss.xml: Failed to perform, curl: (28) Connection timed out after 10003 milliseconds. See https://curl.se/libcurl/c/libcurl-errors.html first for more details.

===== PIPELINE RUN START 2026-08-15T15:42:39 [run_pipeline_persistent] =====

===== PIPELINE RUN START 2026-08-15T15:47:42 [run_pipeline_persistent] =====

--- RSS Fetch Errors at 2026-08-15 15:50:07 ---
Error fetching https://femina.hu/24ora/rss.xml: Failed to perform, curl: (28) Connection timed out after 10002 milliseconds. See https://curl.se/libcurl/c/libcurl-errors.html first for more details.
Error fetching https://player.hu/feed: Failed to perform, curl: (28) Connection timed out after 10002 milliseconds. See https://curl.se/libcurl/c/libcurl-errors.html first for more details.

===== PIPELINE RUN START 2026-08-15T15:52:42 [run_pipeline_persistent] =====

===== PIPELINE RUN START 2026-08-15T15:57:43 [run_pipeline_persistent] =====

--- RSS Fetch Errors at 2026-08-15 16:00:57 ---
Error fetching https://femina.hu/24ora/rss.xml: Failed to perform, curl: (28) Connection timed out after 10003 milliseconds. See https://curl.se/libcurl/c/libcurl-errors.html first for more details.
Error fetching https://player.hu/feed: Failed to perform, curl: (28) Connection timed out after 10002 milliseconds. See https://curl.se/libcurl/c/libcurl-errors.html first for more details.
Error fetching https://travelmagazin.hu/feed: Failed to perform, curl: (28) Resolving timed out after 10003 milliseconds. See https://curl.se/libcurl/c/libcurl-errors.html first for more details.
[16:01:33] Summarizer: [Batch] No response from API (attempt 1/3)

===== PIPELINE RUN START 2026-08-15T16:02:43 [run_pipeline_persistent] =====

--- RSS Fetch Errors at 2026-08-15 16:05:59 ---
Error fetching https://www.hwsw.hu/xml/latest_news_rss.xml: Failed to perform, curl: (28) Connection timed out after 10003 milliseconds. See https://curl.se/libcurl/c/libcurl-errors.html first for more details.
Error fetching https://starity.hu/magazin/rss/: Failed to perform, curl: (28) Connection timed out after 10000 milliseconds. See https://curl.se/libcurl/c/libcurl-errors.html first for more details.
Error fetching https://sorozatjunkie.hu/feed: Failed to perform, curl: (28) Connection timed out after 10004 milliseconds. See https://curl.se/libcurl/c/libcurl-errors.html first for more details.
Error fetching https://marieclaire.hu/feed: Failed to perform, curl: (28) Resolving timed out after 10002 milliseconds. See https://curl.se/libcurl/c/libcurl-errors.html first for more details.

===== PIPELINE RUN START 2026-08-15T16:07:44 [run_pipeline_persistent] =====

===== PIPELINE RUN START 2026-08-15T16:12:45 [run_pipeline_persistent] =====

--- RSS Fetch Errors at 2026-08-15 16:16:17 ---
Error fetching https://www.hwsw.hu/xml/latest_news_rss.xml: Failed to perform, curl: (28) Connection timed out after 10003 milliseconds. See https://curl.se/libcurl/c/libcurl-errors.html first for more details.
Error fetching https://sorozatjunkie.hu/feed: Failed to perform, curl: (28) Connection timed out after 10003 milliseconds. See https://curl.se/libcurl/c/libcurl-errors.html first for more details.
Error fetching https://wmn.hu/feed/: Failed to perform, curl: (28) Connection timed out after 10003 milliseconds. See https://curl.se/libcurl/c/libcurl-errors.html first for more details.
[16:16:56] Image_Downloader: Download failed (https://assets.4cdn.hu/kraken/7tjja5DY9yWGl1Vos-lg.jpeg): HTTPSConnectionPool(host='assets.4cdn.hu', port=443): Read timed out. (read timeout=5)

===== PIPELINE RUN START 2026-08-15T16:18:13 [run_pipeline_persistent] =====

--- RSS Fetch Errors at 2026-08-15 16:21:11 ---
Error fetching https://www.playboy.com/read/celebrities/feed: Failed to perform, curl: (28) Connection timed out after 10002 milliseconds. See https://curl.se/libcurl/c/libcurl-errors.html first for more details.
[16:22:09] Summarizer: [Batch] No response from API (attempt 1/3)

===== PIPELINE RUN START 2026-08-15T16:23:13 [run_pipeline_persistent] =====

--- RSS Fetch Errors at 2026-08-15 16:25:23 ---
Error fetching https://sokszinuvidek.24.hu/?oembed=true&format=xml&url=https%3A%2F%2Fsokszinuvidek.24.hu%2F: Failed to perform, curl: (28) Connection timed out after 10003 milliseconds. See https://curl.se/libcurl/c/libcurl-errors.html first for more details.
Error fetching https://wallstreetzen.com/blog/feed/: Failed to perform, curl: (28) Connection timed out after 10003 milliseconds. See https://curl.se/libcurl/c/libcurl-errors.html first for more details.

===== PIPELINE RUN START 2026-08-15T16:28:15 [run_pipeline_persistent] =====

--- RSS Fetch Errors at 2026-08-15 16:31:02 ---
Error fetching https://femina.hu/24ora/rss.xml: Failed to perform, curl: (28) Connection timed out after 10001 milliseconds. See https://curl.se/libcurl/c/libcurl-errors.html first for more details.
Error fetching https://www.hwsw.hu/xml/latest_news_rss.xml: Failed to perform, curl: (28) Connection timed out after 10003 milliseconds. See https://curl.se/libcurl/c/libcurl-errors.html first for more details.
Error fetching https://www.playboy.com/read/classics/feed: Failed to perform, curl: (28) Connection timed out after 10003 milliseconds. See https://curl.se/libcurl/c/libcurl-errors.html first for more details.
Error fetching https://player.hu/feed: Failed to perform, curl: (28) Operation timed out after 25003 milliseconds with 0 bytes received. See https://curl.se/libcurl/c/libcurl-errors.html first for more details.

===== PIPELINE RUN START 2026-08-15T16:33:16 [run_pipeline_persistent] =====

===== PIPELINE RUN START 2026-08-15T16:38:17 [run_pipeline_persistent] =====

===== PIPELINE RUN START 2026-08-15T16:43:18 [run_pipeline_persistent] =====
[16:48:09] Summarizer: [Batch] No response from API (attempt 1/3)
[16:48:31] Summarizer: [Batch] No response from API (attempt 1/3)

===== PIPELINE RUN START 2026-08-15T16:48:55 [run_pipeline_persistent] =====

===== PIPELINE RUN START 2026-08-15T16:53:57 [run_pipeline_persistent] =====

--- RSS Fetch Errors at 2026-08-15 16:56:23 ---
Error fetching https://femina.hu/24ora/rss.xml: Failed to perform, curl: (28) Connection timed out after 10001 milliseconds. See https://curl.se/libcurl/c/libcurl-errors.html first for more details.
Error fetching https://www.economx.hu/feed: Failed to perform, curl: (28) Connection timed out after 10002 milliseconds. See https://curl.se/libcurl/c/libcurl-errors.html first for more details.
[16:57:06] Summarizer: [Batch] No response from API (attempt 1/3)

===== PIPELINE RUN START 2026-08-15T16:58:57 [run_pipeline_persistent] =====

--- RSS Fetch Errors at 2026-08-15 17:01:17 ---
Error fetching https://sorozatjunkie.hu/feed: Failed to perform, curl: (28) Connection timed out after 10001 milliseconds. See https://curl.se/libcurl/c/libcurl-errors.html first for more details.
Error fetching https://www.playboy.com/read/classics/feed: Failed to perform, curl: (28) Connection timed out after 10002 milliseconds. See https://curl.se/libcurl/c/libcurl-errors.html first for more details.
Error fetching https://azutazo.hu/feed: Failed to perform, curl: (28) Connection timed out after 10002 milliseconds. See https://curl.se/libcurl/c/libcurl-errors.html first for more details.
Error fetching https://player.hu/feed: Failed to perform, curl: (28) Operation timed out after 25002 milliseconds with 8897 bytes received. See https://curl.se/libcurl/c/libcurl-errors.html first for more details.

===== PIPELINE RUN START 2026-08-15T17:03:59 [run_pipeline_persistent] =====

--- RSS Fetch Errors at 2026-08-15 17:05:33 ---
Error fetching https://www.economx.hu/feed: Failed to perform, curl: (28) Connection timed out after 10003 milliseconds. See https://curl.se/libcurl/c/libcurl-errors.html first for more details.
Error fetching https://sokszinuvidek.24.hu/feed/: Failed to perform, curl: (28) Connection timed out after 10003 milliseconds. See https://curl.se/libcurl/c/libcurl-errors.html first for more details.

===== PIPELINE RUN START 2026-08-15T17:09:01 [run_pipeline_persistent] =====

--- RSS Fetch Errors at 2026-08-15 17:11:21 ---
Error fetching https://player.hu/feed: Failed to perform, curl: (28) Connection timed out after 10003 milliseconds. See https://curl.se/libcurl/c/libcurl-errors.html first for more details.
Error fetching https://www.playboy.com/read/celebrities/feed: Failed to perform, curl: (28) Connection timed out after 10003 milliseconds. See https://curl.se/libcurl/c/libcurl-errors.html first for more details.

===== PIPELINE RUN START 2026-08-15T17:14:03 [run_pipeline_persistent] =====

--- RSS Fetch Errors at 2026-08-15 17:15:27 ---
Error fetching https://sorozatjunkie.hu/feed: Failed to perform, curl: (28) Operation timed out after 25003 milliseconds with 0 bytes received. See https://curl.se/libcurl/c/libcurl-errors.html first for more details.

===== PIPELINE RUN START 2026-08-15T17:19:05 [run_pipeline_persistent] =====

===== PIPELINE RUN START 2026-08-15T17:24:07 [run_pipeline_persistent] =====

===== PIPELINE RUN START 2026-08-15T17:29:09 [run_pipeline_persistent] =====

--- RSS Fetch Errors at 2026-08-15 17:30:35 ---
Error fetching https://www.economx.hu/feed: Failed to perform, curl: (28) Connection timed out after 10003 milliseconds. See https://curl.se/libcurl/c/libcurl-errors.html first for more details.
Error fetching https://aihirfolyam.hu/feed: Failed to perform, curl: (28) Connection timed out after 10003 milliseconds. See https://curl.se/libcurl/c/libcurl-errors.html first for more details.

===== PIPELINE RUN START 2026-08-15T17:34:11 [run_pipeline_persistent] =====

--- RSS Fetch Errors at 2026-08-15 17:35:37 ---
Error fetching https://www.playboy.com/read/classics/feed: Failed to perform, curl: (28) Connection timed out after 10003 milliseconds. See https://curl.se/libcurl/c/libcurl-errors.html first for more details.
[17:35:41] Summarizer: [DownloadWorker-1] SKIP (duplicate title): Még egy hónapig lehet pályázni a CFO of ...

===== PIPELINE RUN START 2026-08-15T17:39:14 [run_pipeline_persistent] =====

===== PIPELINE RUN START 2026-08-15T17:44:17 [run_pipeline_persistent] =====

--- RSS Fetch Errors at 2026-08-15 17:45:45 ---
Error fetching https://sorozatjunkie.hu/feed: Failed to perform, curl: (28) Connection timed out after 10003 milliseconds. See https://curl.se/libcurl/c/libcurl-errors.html first for more details.

===== PIPELINE RUN START 2026-08-15T17:49:19 [run_pipeline_persistent] =====

--- RSS Fetch Errors at 2026-08-15 17:50:46 ---
Error fetching https://femina.hu/24ora/rss.xml: Failed to perform, curl: (28) Connection timed out after 10003 milliseconds. See https://curl.se/libcurl/c/libcurl-errors.html first for more details.
Error fetching https://roadster.hu/feed: Failed to perform, curl: (28) Connection timed out after 10002 milliseconds. See https://curl.se/libcurl/c/libcurl-errors.html first for more details.

===== PIPELINE RUN START 2026-08-15T17:54:22 [run_pipeline_persistent] =====

--- RSS Fetch Errors at 2026-08-15 17:56:09 ---
Error fetching https://www.hwsw.hu/xml/latest_news_rss.xml: Failed to perform, curl: (28) Connection timed out after 10001 milliseconds. See https://curl.se/libcurl/c/libcurl-errors.html first for more details.
[17:56:16] Summarizer: [DownloadWorker-2] SKIP (duplicate title): Máté Gábor Eszenyi Enikőről: Mit csinálj...

===== PIPELINE RUN START 2026-08-15T17:59:24 [run_pipeline_persistent] =====

--- RSS Fetch Errors at 2026-08-15 18:00:49 ---
Error fetching https://aihirfolyam.hu/feed: Failed to perform, curl: (28) Connection timed out after 10002 milliseconds. See https://curl.se/libcurl/c/libcurl-errors.html first for more details.
Error fetching https://sorozatjunkie.hu/feed: Failed to perform, curl: (28) Operation timed out after 25003 milliseconds with 0 bytes received. See https://curl.se/libcurl/c/libcurl-errors.html first for more details.

===== PIPELINE RUN START 2026-08-15T18:04:26 [run_pipeline_persistent] =====

--- RSS Fetch Errors at 2026-08-15 18:05:54 ---
Error fetching https://www.economx.hu/feed: Failed to perform, curl: (28) Connection timed out after 10003 milliseconds. See https://curl.se/libcurl/c/libcurl-errors.html first for more details.
Error fetching https://index.hu/tudomany/til/rss/: Failed to perform, curl: (28) Connection timed out after 10002 milliseconds. See https://curl.se/libcurl/c/libcurl-errors.html first for more details.

===== PIPELINE RUN START 2026-08-15T18:09:29 [run_pipeline_persistent] =====

--- RSS Fetch Errors at 2026-08-15 18:10:55 ---
Error fetching https://sokszinuvidek.24.hu/?oembed=true&format=xml&url=https%3A%2F%2Fsokszinuvidek.24.hu%2F: Failed to perform, curl: (28) Connection timed out after 10003 milliseconds. See https://curl.se/libcurl/c/libcurl-errors.html first for more details.

===== PIPELINE RUN START 2026-08-15T18:14:31 [run_pipeline_persistent] =====

--- RSS Fetch Errors at 2026-08-15 18:15:58 ---
Error fetching https://www.economx.hu/feed: Failed to perform, curl: (28) Connection timed out after 10003 milliseconds. See https://curl.se/libcurl/c/libcurl-errors.html first for more details.
Error fetching https://sokszinuvidek.24.hu/feed/: Failed to perform, curl: (28) Connection timed out after 10002 milliseconds. See https://curl.se/libcurl/c/libcurl-errors.html first for more details.

===== PIPELINE RUN START 2026-08-15T18:19:34 [run_pipeline_persistent] =====

===== PIPELINE RUN START 2026-08-15T18:24:35 [run_pipeline_persistent] =====

===== PIPELINE RUN START 2026-08-15T18:29:38 [run_pipeline_persistent] =====

===== PIPELINE RUN START 2026-08-15T18:34:40 [run_pipeline_persistent] =====

--- RSS Fetch Errors at 2026-08-15 18:36:12 ---
Error fetching https://www.economx.hu/feed: Failed to perform, curl: (28) Connection timed out after 10003 milliseconds. See https://curl.se/libcurl/c/libcurl-errors.html first for more details.

===== PIPELINE RUN START 2026-08-15T18:39:42 [run_pipeline_persistent] =====

--- RSS Fetch Errors at 2026-08-15 18:41:07 ---
Error fetching https://aihirfolyam.hu/feed: Failed to perform, curl: (28) Connection timed out after 10002 milliseconds. See https://curl.se/libcurl/c/libcurl-errors.html first for more details.
Error fetching https://www.hwsw.hu/xml/latest_news_rss.xml: Failed to perform, curl: (28) Connection timed out after 10003 milliseconds. See https://curl.se/libcurl/c/libcurl-errors.html first for more details.
Error fetching https://www.playboy.com/read/classics/feed: Failed to perform, curl: (28) Connection timed out after 10003 milliseconds. See https://curl.se/libcurl/c/libcurl-errors.html first for more details.

===== PIPELINE RUN START 2026-08-15T18:44:44 [run_pipeline_persistent] =====

--- RSS Fetch Errors at 2026-08-15 18:46:11 ---
Error fetching https://index.hu/tudomany/til/rss/: Failed to perform, curl: (28) Connection timed out after 10004 milliseconds. See https://curl.se/libcurl/c/libcurl-errors.html first for more details.
[18:46:18] Summarizer: [DownloadWorker-3] SKIP (duplicate title): A modern szépségideálokat és a fogyasztó...

===== PIPELINE RUN START 2026-08-15T18:49:47 [run_pipeline_persistent] =====

--- RSS Fetch Errors at 2026-08-15 18:51:16 ---
Error fetching https://roadster.hu/feed: Failed to perform, curl: (28) Connection timed out after 10003 milliseconds. See https://curl.se/libcurl/c/libcurl-errors.html first for more details.

===== PIPELINE RUN START 2026-08-15T18:54:50 [run_pipeline_persistent] =====

===== PIPELINE RUN START 2026-08-15T18:59:51 [run_pipeline_persistent] =====

--- RSS Fetch Errors at 2026-08-15 19:02:19 ---
Error fetching https://index.hu/tudomany/til/rss/: Failed to perform, curl: (28) Connection timed out after 10003 milliseconds. See https://curl.se/libcurl/c/libcurl-errors.html first for more details.

===== PIPELINE RUN START 2026-08-15T19:04:53 [run_pipeline_persistent] =====

--- RSS Fetch Errors at 2026-08-15 19:07:13 ---
Error fetching https://www.economx.hu/feed: Failed to perform, curl: (28) Connection timed out after 10003 milliseconds. See https://curl.se/libcurl/c/libcurl-errors.html first for more details.
Error fetching https://aihirfolyam.hu/feed: Failed to perform, curl: (28) Connection timed out after 10002 milliseconds. See https://curl.se/libcurl/c/libcurl-errors.html first for more details.

===== PIPELINE RUN START 2026-08-15T19:09:54 [run_pipeline_persistent] =====

--- RSS Fetch Errors at 2026-08-15 19:11:22 ---
Error fetching https://index.hu/tudomany/til/rss/: Failed to perform, curl: (28) Connection timed out after 10003 milliseconds. See https://curl.se/libcurl/c/libcurl-errors.html first for more details.

===== PIPELINE RUN START 2026-08-15T19:14:57 [run_pipeline_persistent] =====

--- RSS Fetch Errors at 2026-08-15 19:16:32 ---
Error fetching https://player.hu/feed: Failed to perform, curl: (28) Connection timed out after 10002 milliseconds. See https://curl.se/libcurl/c/libcurl-errors.html first for more details.
[19:16:51] Image_Downloader: Download failed (https://i.cdn29.hu/apix_collect_c/ngg_images/2608/15/): 403 Client Error: Forbidden for url: https://i.cdn29.hu/apix_collect_c/ngg_images/2608/15/
[19:17:45] Image_Downloader: Download failed (https://i.cdn29.hu/apix_collect_c/ngg_images/2608/15/): 403 Client Error: Forbidden for url: https://i.cdn29.hu/apix_collect_c/ngg_images/2608/15/
[19:17:52] Image_Downloader: Download failed (https://i.cdn29.hu/apix_collect_c/ngg_images/2608/15/): 403 Client Error: Forbidden for url: https://i.cdn29.hu/apix_collect_c/ngg_images/2608/15/

===== PIPELINE RUN START 2026-08-15T19:19:59 [run_pipeline_persistent] =====

--- RSS Fetch Errors at 2026-08-15 19:22:21 ---
Error fetching https://sokszinuvidek.24.hu/?oembed=true&format=xml&url=https%3A%2F%2Fsokszinuvidek.24.hu%2F: Failed to perform, curl: (28) Connection timed out after 10002 milliseconds. See https://curl.se/libcurl/c/libcurl-errors.html first for more details.
[19:23:34] Image_Downloader: Download failed (https://i.cdn29.hu/apix_collect_c/ngg_images/2608/15/): 403 Client Error: Forbidden for url: https://i.cdn29.hu/apix_collect_c/ngg_images/2608/15/
[19:23:40] Image_Downloader: Download failed (https://i.cdn29.hu/apix_collect_c/ngg_images/2608/15/): 403 Client Error: Forbidden for url: https://i.cdn29.hu/apix_collect_c/ngg_images/2608/15/

===== PIPELINE RUN START 2026-08-15T19:25:00 [run_pipeline_persistent] =====

--- RSS Fetch Errors at 2026-08-15 19:26:28 ---
Error fetching https://femina.hu/24ora/rss.xml: Failed to perform, curl: (28) Connection timed out after 10002 milliseconds. See https://curl.se/libcurl/c/libcurl-errors.html first for more details.
Error fetching https://roadster.hu/feed: Failed to perform, curl: (28) Connection timed out after 10002 milliseconds. See https://curl.se/libcurl/c/libcurl-errors.html first for more details.
[19:27:40] Image_Downloader: Download failed (https://i.cdn29.hu/apix_collect_c/ngg_images/2608/15/): 403 Client Error: Forbidden for url: https://i.cdn29.hu/apix_collect_c/ngg_images/2608/15/
[19:27:46] Image_Downloader: Download failed (https://i.cdn29.hu/apix_collect_c/ngg_images/2608/15/): 403 Client Error: Forbidden for url: https://i.cdn29.hu/apix_collect_c/ngg_images/2608/15/

===== PIPELINE RUN START 2026-08-15T19:30:02 [run_pipeline_persistent] =====
[19:32:36] Image_Downloader: Download failed (https://i.cdn29.hu/apix_collect_c/ngg_images/2608/15/): 403 Client Error: Forbidden for url: https://i.cdn29.hu/apix_collect_c/ngg_images/2608/15/
[19:32:42] Image_Downloader: Download failed (https://i.cdn29.hu/apix_collect_c/ngg_images/2608/15/): 403 Client Error: Forbidden for url: https://i.cdn29.hu/apix_collect_c/ngg_images/2608/15/

===== PIPELINE RUN START 2026-08-15T19:35:04 [run_pipeline_persistent] =====
[19:37:41] Image_Downloader: Download failed (https://i.cdn29.hu/apix_collect_c/ngg_images/2608/15/): 403 Client Error: Forbidden for url: https://i.cdn29.hu/apix_collect_c/ngg_images/2608/15/
[19:37:47] Image_Downloader: Download failed (https://i.cdn29.hu/apix_collect_c/ngg_images/2608/15/): 403 Client Error: Forbidden for url: https://i.cdn29.hu/apix_collect_c/ngg_images/2608/15/

===== PIPELINE RUN START 2026-08-15T19:40:06 [run_pipeline_persistent] =====
[19:43:24] Image_Downloader: Download failed (https://i.cdn29.hu/apix_collect_c/ngg_images/2608/15/): 403 Client Error: Forbidden for url: https://i.cdn29.hu/apix_collect_c/ngg_images/2608/15/
[19:43:30] Image_Downloader: Download failed (https://i.cdn29.hu/apix_collect_c/ngg_images/2608/15/): 403 Client Error: Forbidden for url: https://i.cdn29.hu/apix_collect_c/ngg_images/2608/15/

===== PIPELINE RUN START 2026-08-15T19:45:08 [run_pipeline_persistent] =====

--- RSS Fetch Errors at 2026-08-15 19:46:32 ---
Error fetching https://sorozatjunkie.hu/feed: Failed to perform, curl: (28) Connection timed out after 10002 milliseconds. See https://curl.se/libcurl/c/libcurl-errors.html first for more details.
Error fetching https://www.playboy.com/read/celebrities/feed: Failed to perform, curl: (28) Connection timed out after 10001 milliseconds. See https://curl.se/libcurl/c/libcurl-errors.html first for more details.

===== PIPELINE RUN START 2026-08-15T19:50:11 [run_pipeline_persistent] =====

===== PIPELINE RUN START 2026-08-15T19:55:12 [run_pipeline_persistent] =====

===== PIPELINE RUN START 2026-08-15T20:00:16 [run_pipeline_persistent] =====

--- RSS Fetch Errors at 2026-08-15 20:01:42 ---
Error fetching https://index.hu/tudomany/til/rss/: Failed to perform, curl: (28) Connection timed out after 10002 milliseconds. See https://curl.se/libcurl/c/libcurl-errors.html first for more details.

===== PIPELINE RUN START 2026-08-15T20:05:18 [run_pipeline_persistent] =====

--- RSS Fetch Errors at 2026-08-15 20:06:43 ---
Error fetching https://player.hu/feed: Failed to perform, curl: (28) Connection timed out after 10003 milliseconds. See https://curl.se/libcurl/c/libcurl-errors.html first for more details.
[20:06:46] Summarizer: [DownloadWorker-4] SKIP (duplicate title): Újdonságok a Netflixen: 4 premierfilm és...

===== PIPELINE RUN START 2026-08-15T20:10:21 [run_pipeline_persistent] =====

===== PIPELINE RUN START 2026-08-15T20:15:24 [run_pipeline_persistent] =====

===== PIPELINE RUN START 2026-08-15T20:20:26 [run_pipeline_persistent] =====

--- RSS Fetch Errors at 2026-08-15 20:21:52 ---
Error fetching https://www.economx.hu/feed: Failed to perform, curl: (28) Operation timed out after 25807 milliseconds with 0 bytes received. See https://curl.se/libcurl/c/libcurl-errors.html first for more details.
[20:21:55] Summarizer: [DownloadWorker-2] SKIP (duplicate title): Melyik volt a hét legjobb sorozatepizódj...

===== PIPELINE RUN START 2026-08-15T20:25:29 [run_pipeline_persistent] =====

===== PIPELINE RUN START 2026-08-15T20:30:31 [run_pipeline_persistent] =====

===== PIPELINE RUN START 2026-08-15T20:35:34 [run_pipeline_persistent] =====

--- RSS Fetch Errors at 2026-08-15 20:36:59 ---
Error fetching https://www.economx.hu/feed: Failed to perform, curl: (28) Connection timed out after 10003 milliseconds. See https://curl.se/libcurl/c/libcurl-errors.html first for more details.
Error fetching https://player.hu/feed: Failed to perform, curl: (28) Connection timed out after 10003 milliseconds. See https://curl.se/libcurl/c/libcurl-errors.html first for more details.

===== PIPELINE RUN START 2026-08-15T20:40:37 [run_pipeline_persistent] =====

===== PIPELINE RUN START 2026-08-15T20:45:39 [run_pipeline_persistent] =====

--- RSS Fetch Errors at 2026-08-15 20:47:54 ---
Error fetching https://mafab.hu/rss: Failed to perform, curl: (28) Connection timed out after 10003 milliseconds. See https://curl.se/libcurl/c/libcurl-errors.html first for more details.

===== PIPELINE RUN START 2026-08-15T20:50:41 [run_pipeline_persistent] =====

--- RSS Fetch Errors at 2026-08-15 20:52:02 ---
Error fetching https://www.hwsw.hu/xml/latest_news_rss.xml: Failed to perform, curl: (28) Connection timed out after 10003 milliseconds. See https://curl.se/libcurl/c/libcurl-errors.html first for more details.
Error fetching https://index.hu/tudomany/til/rss/: Failed to perform, curl: (28) Connection timed out after 10002 milliseconds. See https://curl.se/libcurl/c/libcurl-errors.html first for more details.
[20:52:05] Summarizer: [DownloadWorker-1] SKIP (duplicate title): Mi volt a hét csalódása?...

===== PIPELINE RUN START 2026-08-15T20:55:43 [run_pipeline_persistent] =====

===== PIPELINE RUN START 2026-08-15T21:00:45 [run_pipeline_persistent] =====

--- RSS Fetch Errors at 2026-08-15 21:02:44 ---
Error fetching https://sorozatjunkie.hu/feed: Failed to perform, curl: (28) Connection timed out after 89 milliseconds. See https://curl.se/libcurl/c/libcurl-errors.html first for more details.

===== PIPELINE RUN START 2026-08-15T21:05:46 [run_pipeline_persistent] =====

--- RSS Fetch Errors at 2026-08-15 21:07:32 ---
Error fetching https://www.vice.com/feed/: HTTP Error 404: 
Error fetching https://www.economx.hu/feed: Failed to perform, curl: (28) Connection timed out after 10001 milliseconds. See https://curl.se/libcurl/c/libcurl-errors.html first for more details.
Error fetching https://femina.hu/24ora/rss.xml: Failed to perform, curl: (28) Connection timed out after 10001 milliseconds. See https://curl.se/libcurl/c/libcurl-errors.html first for more details.
Error fetching https://roadster.hu/feed: Failed to perform, curl: (28) Connection timed out after 10002 milliseconds. See https://curl.se/libcurl/c/libcurl-errors.html first for more details.
Error fetching https://www.playboy.com/read/sex-relationships/feed: Failed to perform, curl: (28) Connection timed out after 10001 milliseconds. See https://curl.se/libcurl/c/libcurl-errors.html first for more details.

===== PIPELINE RUN START 2026-08-15T21:10:47 [run_pipeline_persistent] =====

===== PIPELINE RUN START 2026-08-15T21:15:48 [run_pipeline_persistent] =====

--- RSS Fetch Errors at 2026-08-15 21:17:13 ---
Error fetching https://www.economx.hu/feed: Failed to perform, curl: (28) Connection timed out after 10002 milliseconds. See https://curl.se/libcurl/c/libcurl-errors.html first for more details.
Error fetching https://www.hwsw.hu/xml/latest_news_rss.xml: Failed to perform, curl: (28) Connection timed out after 10002 milliseconds. See https://curl.se/libcurl/c/libcurl-errors.html first for more details.
Error fetching https://femina.hu/24ora/rss.xml: Failed to perform, curl: (28) Connection timed out after 10001 milliseconds. See https://curl.se/libcurl/c/libcurl-errors.html first for more details.
Error fetching https://player.hu/feed: Failed to perform, curl: (28) Connection timed out after 10001 milliseconds. See https://curl.se/libcurl/c/libcurl-errors.html first for more details.
Error fetching https://sokszinuvidek.24.hu/feed/: Failed to perform, curl: (28) Connection timed out after 10002 milliseconds. See https://curl.se/libcurl/c/libcurl-errors.html first for more details.

===== PIPELINE RUN START 2026-08-15T21:20:49 [run_pipeline_persistent] =====

--- RSS Fetch Errors at 2026-08-15 21:22:15 ---
Error fetching https://sokszinuvidek.24.hu/?oembed=true&format=xml&url=https%3A%2F%2Fsokszinuvidek.24.hu%2F: Failed to perform, curl: (28) Connection timed out after 10002 milliseconds. See https://curl.se/libcurl/c/libcurl-errors.html first for more details.

===== PIPELINE RUN START 2026-08-15T21:25:50 [run_pipeline_persistent] =====

===== PIPELINE RUN START 2026-08-15T21:30:51 [run_pipeline_persistent] =====

--- RSS Fetch Errors at 2026-08-15 21:31:43 ---
Error fetching https://prog.hu/hirek/rss: HTTP Error 500: 
[21:31:54] Summarizer: [DownloadWorker-3] SKIP (duplicate title): What To Watch This Weekend: New Shows An...

===== PIPELINE RUN START 2026-08-15T21:35:53 [run_pipeline_persistent] =====

--- RSS Fetch Errors at 2026-08-15 21:36:42 ---
Error fetching https://www.maxim.com/feed: Failed to perform, curl: (56) Recv failure: Connection reset by peer. See https://curl.se/libcurl/c/libcurl-errors.html first for more details.
Error fetching https://sorozatjunkie.hu/feed: Failed to perform, curl: (56) Recv failure: Connection reset by peer. See https://curl.se/libcurl/c/libcurl-errors.html first for more details.
Error fetching https://fhm.com/feed: Failed to perform, curl: (56) Recv failure: Connection reset by peer. See https://curl.se/libcurl/c/libcurl-errors.html first for more details.
Error fetching https://azutazo.hu/feed: Failed to perform, curl: (56) Recv failure: Connection reset by peer. See https://curl.se/libcurl/c/libcurl-errors.html first for more details.
Error fetching https://www.playboy.com/read/celebrities/feed: Failed to perform, curl: (56) Recv failure: Connection reset by peer. See https://curl.se/libcurl/c/libcurl-errors.html first for more details.
Error fetching https://sokszinuvidek.24.hu/feed/: Failed to perform, curl: (56) Recv failure: Connection reset by peer. See https://curl.se/libcurl/c/libcurl-errors.html first for more details.
Error fetching https://sokszinuvidek.24.hu/?oembed=true&format=xml&url=https%3A%2F%2Fsokszinuvidek.24.hu%2F: Failed to perform, curl: (56) Recv failure: Connection reset by peer. See https://curl.se/libcurl/c/libcurl-errors.html first for more details.

===== PIPELINE RUN START 2026-08-15T21:40:54 [run_pipeline_persistent] =====

--- RSS Fetch Errors at 2026-08-15 21:41:46 ---
Error fetching https://aihirfolyam.hu/feed: HTTP Error 525: 

===== PIPELINE RUN START 2026-08-15T21:45:55 [run_pipeline_persistent] =====

--- RSS Fetch Errors at 2026-08-15 21:47:35 ---
Error fetching https://www.hwsw.hu/xml/latest_news_rss.xml: Failed to perform, curl: (28) Operation timed out after 25002 milliseconds with 0 bytes received. See https://curl.se/libcurl/c/libcurl-errors.html first for more details.
Error fetching https://www.maxim.com/feed: Failed to perform, curl: (28) Operation timed out after 25002 milliseconds with 0 bytes received. See https://curl.se/libcurl/c/libcurl-errors.html first for more details.
[21:48:23] Summarizer: [Batch] No response from API (attempt 1/3)

===== PIPELINE RUN START 2026-08-15T21:50:57 [run_pipeline_persistent] =====

--- RSS Fetch Errors at 2026-08-15 21:52:24 ---
Error fetching https://roadster.hu/feed: Failed to perform, curl: (28) Operation timed out after 25000 milliseconds with 0 bytes received. See https://curl.se/libcurl/c/libcurl-errors.html first for more details.

===== PIPELINE RUN START 2026-08-15T21:55:58 [run_pipeline_persistent] =====

===== PIPELINE RUN START 2026-08-15T22:01:00 [run_pipeline_persistent] =====

===== PIPELINE RUN START 2026-08-15T22:06:01 [run_pipeline_persistent] =====

--- RSS Fetch Errors at 2026-08-15 22:07:36 ---
Error fetching https://starity.hu/magazin/rss/: Failed to perform, curl: (28) Connection timed out after 10002 milliseconds. See https://curl.se/libcurl/c/libcurl-errors.html first for more details.
Error fetching https://sokszinuvidek.24.hu/?oembed=true&format=xml&url=https%3A%2F%2Fsokszinuvidek.24.hu%2F: Failed to perform, curl: (28) Connection timed out after 10002 milliseconds. See https://curl.se/libcurl/c/libcurl-errors.html first for more details.
Error fetching https://wallstreetzen.com/blog/feed/: Failed to perform, curl: (28) Operation timed out after 25002 milliseconds with 0 bytes received. See https://curl.se/libcurl/c/libcurl-errors.html first for more details.

===== PIPELINE RUN START 2026-08-15T22:11:02 [run_pipeline_persistent] =====

--- RSS Fetch Errors at 2026-08-15 22:12:54 ---
Error fetching https://femina.hu/24ora/rss.xml: Failed to perform, curl: (28) Connection timed out after 10001 milliseconds. See https://curl.se/libcurl/c/libcurl-errors.html first for more details.

===== PIPELINE RUN START 2026-08-15T22:16:03 [run_pipeline_persistent] =====

===== PIPELINE RUN START 2026-08-15T22:21:05 [run_pipeline_persistent] =====

--- RSS Fetch Errors at 2026-08-15 22:22:34 ---
Error fetching https://www.hwsw.hu/xml/latest_news_rss.xml: Failed to perform, curl: (28) Connection timed out after 10001 milliseconds. See https://curl.se/libcurl/c/libcurl-errors.html first for more details.

===== PIPELINE RUN START 2026-08-15T22:26:06 [run_pipeline_persistent] =====

===== PIPELINE RUN START 2026-08-15T22:31:07 [run_pipeline_persistent] =====

===== PIPELINE RUN START 2026-08-15T22:36:09 [run_pipeline_persistent] =====

--- RSS Fetch Errors at 2026-08-15 22:38:21 ---
Error fetching https://starity.hu/magazin/rss/: Failed to perform, curl: (28) Connection timed out after 10002 milliseconds. See https://curl.se/libcurl/c/libcurl-errors.html first for more details.

===== PIPELINE RUN START 2026-08-15T22:41:10 [run_pipeline_persistent] =====

===== PIPELINE RUN START 2026-08-15T22:46:11 [run_pipeline_persistent] =====

--- RSS Fetch Errors at 2026-08-15 22:47:37 ---
Error fetching https://mafab.hu/rss: Failed to perform, curl: (28) Connection timed out after 10002 milliseconds. See https://curl.se/libcurl/c/libcurl-errors.html first for more details.

===== PIPELINE RUN START 2026-08-15T22:51:13 [run_pipeline_persistent] =====

--- RSS Fetch Errors at 2026-08-15 22:52:42 ---
Error fetching https://www.hwsw.hu/xml/latest_news_rss.xml: Failed to perform, curl: (28) Connection timed out after 10002 milliseconds. See https://curl.se/libcurl/c/libcurl-errors.html first for more details.

===== PIPELINE RUN START 2026-08-15T22:56:14 [run_pipeline_persistent] =====

===== PIPELINE RUN START 2026-08-15T23:01:16 [run_pipeline_persistent] =====

--- RSS Fetch Errors at 2026-08-15 23:03:10 ---
Error fetching https://index.hu/tudomany/til/rss/: Failed to perform, curl: (28) Connection timed out after 10001 milliseconds. See https://curl.se/libcurl/c/libcurl-errors.html first for more details.
[23:03:44] Summarizer: [Batch] No response from API (attempt 1/3)

===== PIPELINE RUN START 2026-08-15T23:06:16 [run_pipeline_persistent] =====

===== PIPELINE RUN START 2026-08-15T23:11:18 [run_pipeline_persistent] =====

--- RSS Fetch Errors at 2026-08-15 23:12:41 ---
Error fetching https://www.hwsw.hu/xml/latest_news_rss.xml: Failed to perform, curl: (28) Connection timed out after 10001 milliseconds. See https://curl.se/libcurl/c/libcurl-errors.html first for more details.
Error fetching https://starity.hu/magazin/rss/: Failed to perform, curl: (28) Connection timed out after 10001 milliseconds. See https://curl.se/libcurl/c/libcurl-errors.html first for more details.

===== PIPELINE RUN START 2026-08-15T23:16:20 [run_pipeline_persistent] =====

--- RSS Fetch Errors at 2026-08-15 23:17:49 ---
Error fetching https://sorozatjunkie.hu/feed: Failed to perform, curl: (28) Connection timed out after 10002 milliseconds. See https://curl.se/libcurl/c/libcurl-errors.html first for more details.

===== PIPELINE RUN START 2026-08-15T23:21:21 [run_pipeline_persistent] =====

--- RSS Fetch Errors at 2026-08-15 23:23:08 ---
Error fetching https://www.economx.hu/feed: Failed to perform, curl: (28) Connection timed out after 10003 milliseconds. See https://curl.se/libcurl/c/libcurl-errors.html first for more details.

===== PIPELINE RUN START 2026-08-15T23:26:22 [run_pipeline_persistent] =====

--- RSS Fetch Errors at 2026-08-15 23:27:48 ---
Error fetching https://www.hwsw.hu/xml/latest_news_rss.xml: Failed to perform, curl: (28) Connection timed out after 10002 milliseconds. See https://curl.se/libcurl/c/libcurl-errors.html first for more details.

===== PIPELINE RUN START 2026-08-15T23:31:23 [run_pipeline_persistent] =====

--- RSS Fetch Errors at 2026-08-15 23:32:52 ---
Error fetching https://www.maxim.com/feed: Failed to perform, curl: (28) Connection timed out after 10001 milliseconds. See https://curl.se/libcurl/c/libcurl-errors.html first for more details.

===== PIPELINE RUN START 2026-08-15T23:36:25 [run_pipeline_persistent] =====

--- RSS Fetch Errors at 2026-08-15 23:37:17 ---
Error fetching https://prog.hu/hirek/rss: HTTP Error 500: 

===== PIPELINE RUN START 2026-08-15T23:41:28 [run_pipeline_persistent] =====

===== PIPELINE RUN START 2026-08-15T23:46:29 [run_pipeline_persistent] =====

===== PIPELINE RUN START 2026-08-15T23:51:30 [run_pipeline_persistent] =====

===== PIPELINE RUN START 2026-08-15T23:56:31 [run_pipeline_persistent] =====
