
===== PIPELINE RUN START 2026-10-05T00:02:28 [run_pipeline_persistent] =====

--- RSS Fetch Errors at 2026-10-05 00:06:21 ---
Error fetching https://firstclass.hu/feed: Failed to perform, curl: (7) Failed to connect to firstclass.hu port 443 after 398 ms: Could not connect to server. See https://curl.se/libcurl/c/libcurl-errors.html first for more details.
Error fetching https://www.koncert.hu/rss/hirek: Failed to perform, curl: (7) Failed to connect to www.koncert.hu port 443 after 96 ms: Could not connect to server. See https://curl.se/libcurl/c/libcurl-errors.html first for more details.
Error fetching https://minner.hu/feed/: Failed to perform, curl: (7) Failed to connect to minner.hu port 443 after 70 ms: Could not connect to server. See https://curl.se/libcurl/c/libcurl-errors.html first for more details.
Error fetching https://travelmagazin.hu/feed: Failed to perform, curl: (28) Connection timed out after 10003 milliseconds. See https://curl.se/libcurl/c/libcurl-errors.html first for more details.
Error fetching https://fhm.com/feed: Failed to perform, curl: (7) Failed to connect to fhm.com port 443 after 1049 ms: Could not connect to server. See https://curl.se/libcurl/c/libcurl-errors.html first for more details.
Error fetching https://hetediksor.hu/feed/: Failed to perform, curl: (7) Failed to connect to hetediksor.hu port 443 after 129 ms: Could not connect to server. See https://curl.se/libcurl/c/libcurl-errors.html first for more details.
Error fetching https://9to5mac.com/feed/: Failed to perform, curl: (7) Failed to connect to 9to5mac.com port 443 after 77 ms: Could not connect to server. See https://curl.se/libcurl/c/libcurl-errors.html first for more details.
Error fetching https://the-zone.hu/feed: Failed to perform, curl: (7) Failed to connect to the-zone.hu port 443 after 2102 ms: Could not connect to server. See https://curl.se/libcurl/c/libcurl-errors.html first for more details.
Error fetching https://www.gsplus.hu/ajanlo/heti-konyvajanlo-balnahullas-es-verity-filmes-boritoval-darth-vader-a-halal-legyozese-utan-kutat-es-egy-magyar-true-crime-krimi-389032.html: Failed to perform, curl: (7) Failed to connect to www.gsplus.hu port 443 after 116 ms: Could not connect to server. See https://curl.se/libcurl/c/libcurl-errors.html first for more details.
Error fetching https://hu.euronews.com/rss: Failed to perform, curl: (7) Failed to connect to hu.euronews.com port 443 after 107 ms: Could not connect to server. See https://curl.se/libcurl/c/libcurl-errors.html first for more details.
Error fetching https://www.gsplus.hu/ajanlo/gs-rewind-nevetsegesen-olcso-jatekok-nagy-visszaterok-es-par-meglepetes-fuszerezte-a-hetet-pcn-389035.html: Failed to perform, curl: (28) Connection timed out after 10003 milliseconds. See https://curl.se/libcurl/c/libcurl-errors.html first for more details.
Error fetching https://www.gsplus.hu/elet/125-beadvany-erkezett-a-kozmedia-jovojerol-a-legtobben-fuggetlenseget-es-hitelesseget-varnak-389007.html: Failed to perform, curl: (28) Connection timed out after 10002 milliseconds. See https://curl.se/libcurl/c/libcurl-errors.html first for more details.
Error fetching https://allampapirkalkulator.hu/rss: Failed to perform, curl: (28) Connection timed out after 10003 milliseconds. See https://curl.se/libcurl/c/libcurl-errors.html first for more details.
Error fetching https://caravantimes.co.uk/feed: Failed to perform, curl: (28) Connection timed out after 10003 milliseconds. See https://curl.se/libcurl/c/libcurl-errors.html first for more details.
[00:06:26] Summarizer: [DownloadWorker-3] SKIP (duplicate title): Eseménynaptár - 2026. október 7. (szerda...
[00:06:28] Summarizer: [DownloadWorker-7] SKIP (duplicate title): TRADING ECONOMICS...
[00:06:33] Summarizer: [DownloadWorker-9] SKIP (duplicate title): Milk Road...
[00:06:41] Summarizer: [DownloadWorker-6] SKIP (duplicate title): Milk Road...

===== PIPELINE RUN START 2026-10-05T00:08:44 [run_pipeline_persistent] =====

===== PIPELINE RUN START 2026-10-05T00:13:46 [run_pipeline_persistent] =====

===== PIPELINE RUN START 2026-10-05T00:18:48 [run_pipeline_persistent] =====

===== PIPELINE RUN START 2026-10-05T00:23:48 [run_pipeline_persistent] =====

===== PIPELINE RUN START 2026-10-05T00:28:50 [run_pipeline_persistent] =====

===== PIPELINE RUN START 2026-10-05T00:33:51 [run_pipeline_persistent] =====

===== PIPELINE RUN START 2026-10-05T00:38:53 [run_pipeline_persistent] =====
[00:41:23] Summarizer: [Batch] No response from API (attempt 1/3)

===== PIPELINE RUN START 2026-10-05T00:43:55 [run_pipeline_persistent] =====

===== PIPELINE RUN START 2026-10-05T00:48:57 [run_pipeline_persistent] =====

===== PIPELINE RUN START 2026-10-05T00:54:00 [run_pipeline_persistent] =====

===== PIPELINE RUN START 2026-10-05T00:59:02 [run_pipeline_persistent] =====

===== PIPELINE RUN START 2026-10-05T01:04:02 [run_pipeline_persistent] =====

===== PIPELINE RUN START 2026-10-05T01:09:04 [run_pipeline_persistent] =====

===== PIPELINE RUN START 2026-10-05T01:14:05 [run_pipeline_persistent] =====
[01:15:51] Summarizer: [DownloadWorker-2] Download failed https://www.independent.co.uk/news/business/people...: Set changed size during iterat

===== PIPELINE RUN START 2026-10-05T01:19:06 [run_pipeline_persistent] =====

===== PIPELINE RUN START 2026-10-05T01:24:08 [run_pipeline_persistent] =====

===== PIPELINE RUN START 2026-10-05T01:29:08 [run_pipeline_persistent] =====

===== PIPELINE RUN START 2026-10-05T01:34:11 [run_pipeline_persistent] =====

===== PIPELINE RUN START 2026-10-05T01:39:13 [run_pipeline_persistent] =====

===== PIPELINE RUN START 2026-10-05T01:44:14 [run_pipeline_persistent] =====

===== PIPELINE RUN START 2026-10-05T01:49:15 [run_pipeline_persistent] =====

===== PIPELINE RUN START 2026-10-05T01:54:17 [run_pipeline_persistent] =====

===== PIPELINE RUN START 2026-10-05T01:59:18 [run_pipeline_persistent] =====

===== PIPELINE RUN START 2026-10-05T02:04:21 [run_pipeline_persistent] =====

===== PIPELINE RUN START 2026-10-05T02:09:22 [run_pipeline_persistent] =====

===== PIPELINE RUN START 2026-10-05T02:14:24 [run_pipeline_persistent] =====

===== PIPELINE RUN START 2026-10-05T02:19:25 [run_pipeline_persistent] =====

===== PIPELINE RUN START 2026-10-05T02:24:27 [run_pipeline_persistent] =====

===== PIPELINE RUN START 2026-10-05T02:29:28 [run_pipeline_persistent] =====

===== PIPELINE RUN START 2026-10-05T02:34:29 [run_pipeline_persistent] =====

===== PIPELINE RUN START 2026-10-05T02:39:31 [run_pipeline_persistent] =====

===== PIPELINE RUN START 2026-10-05T02:44:31 [run_pipeline_persistent] =====

===== PIPELINE RUN START 2026-10-05T02:49:34 [run_pipeline_persistent] =====

===== PIPELINE RUN START 2026-10-05T02:54:34 [run_pipeline_persistent] =====

===== PIPELINE RUN START 2026-10-05T02:59:36 [run_pipeline_persistent] =====

===== PIPELINE RUN START 2026-10-05T03:04:38 [run_pipeline_persistent] =====

===== PIPELINE RUN START 2026-10-05T03:09:39 [run_pipeline_persistent] =====

===== PIPELINE RUN START 2026-10-05T03:14:39 [run_pipeline_persistent] =====
[03:17:50] Summarizer: [Batch] No response from API (attempt 1/3)

===== PIPELINE RUN START 2026-10-05T03:19:40 [run_pipeline_persistent] =====

===== PIPELINE RUN START 2026-10-05T03:24:41 [run_pipeline_persistent] =====

===== PIPELINE RUN START 2026-10-05T03:29:43 [run_pipeline_persistent] =====
[03:32:03] Summarizer: [Batch] No response from API (attempt 1/3)

===== PIPELINE RUN START 2026-10-05T03:34:45 [run_pipeline_persistent] =====

===== PIPELINE RUN START 2026-10-05T03:39:46 [run_pipeline_persistent] =====

===== PIPELINE RUN START 2026-10-05T03:44:49 [run_pipeline_persistent] =====

===== PIPELINE RUN START 2026-10-05T03:49:50 [run_pipeline_persistent] =====

===== PIPELINE RUN START 2026-10-05T03:54:52 [run_pipeline_persistent] =====

===== PIPELINE RUN START 2026-10-05T03:59:54 [run_pipeline_persistent] =====

===== PIPELINE RUN START 2026-10-05T04:04:55 [run_pipeline_persistent] =====

===== PIPELINE RUN START 2026-10-05T04:09:56 [run_pipeline_persistent] =====

===== PIPELINE RUN START 2026-10-05T04:14:58 [run_pipeline_persistent] =====

===== PIPELINE RUN START 2026-10-05T04:20:00 [run_pipeline_persistent] =====

===== PIPELINE RUN START 2026-10-05T04:25:01 [run_pipeline_persistent] =====

===== PIPELINE RUN START 2026-10-05T04:30:03 [run_pipeline_persistent] =====

===== PIPELINE RUN START 2026-10-05T04:35:05 [run_pipeline_persistent] =====

===== PIPELINE RUN START 2026-10-05T04:40:07 [run_pipeline_persistent] =====

===== PIPELINE RUN START 2026-10-05T04:45:08 [run_pipeline_persistent] =====

===== PIPELINE RUN START 2026-10-05T04:50:10 [run_pipeline_persistent] =====

===== PIPELINE RUN START 2026-10-05T04:55:12 [run_pipeline_persistent] =====

===== PIPELINE RUN START 2026-10-05T05:00:14 [run_pipeline_persistent] =====

===== PIPELINE RUN START 2026-10-05T05:05:16 [run_pipeline_persistent] =====

===== PIPELINE RUN START 2026-10-05T05:10:17 [run_pipeline_persistent] =====

===== PIPELINE RUN START 2026-10-05T05:15:19 [run_pipeline_persistent] =====

===== PIPELINE RUN START 2026-10-05T05:20:21 [run_pipeline_persistent] =====

===== PIPELINE RUN START 2026-10-05T05:25:22 [run_pipeline_persistent] =====

===== PIPELINE RUN START 2026-10-05T05:30:23 [run_pipeline_persistent] =====

===== PIPELINE RUN START 2026-10-05T05:35:25 [run_pipeline_persistent] =====

===== PIPELINE RUN START 2026-10-05T05:40:26 [run_pipeline_persistent] =====

===== PIPELINE RUN START 2026-10-05T05:45:28 [run_pipeline_persistent] =====

===== PIPELINE RUN START 2026-10-05T05:50:29 [run_pipeline_persistent] =====

===== PIPELINE RUN START 2026-10-05T05:55:30 [run_pipeline_persistent] =====

===== PIPELINE RUN START 2026-10-05T06:00:59 [run_pipeline_persistent] =====

===== PIPELINE RUN START 2026-10-05T06:05:32 [run_pipeline_persistent] =====

===== PIPELINE RUN START 2026-10-05T06:10:34 [run_pipeline_persistent] =====

===== PIPELINE RUN START 2026-10-05T06:15:36 [run_pipeline_persistent] =====
