
===== PIPELINE RUN START 2026-09-17T00:03:20 [run_pipeline_persistent] =====

--- RSS Fetch Errors at 2026-09-17 00:07:46 ---
Error fetching https://index.hu/tudomany/til/rss/: Failed to perform, curl: (28) Connection timed out after 10000 milliseconds. See https://curl.se/libcurl/c/libcurl-errors.html first for more details.

===== PIPELINE RUN START 2026-09-17T00:09:32 [run_pipeline_persistent] =====

--- RSS Fetch Errors at 2026-09-17 00:10:39 ---
Error fetching https://femina.hu/24ora/rss.xml: HTTP Error 404: Not Found
Error fetching https://www.hwsw.hu/xml/latest_news_rss.xml: Failed to perform, curl: (28) Connection timed out after 10003 milliseconds. See https://curl.se/libcurl/c/libcurl-errors.html first for more details.
Error fetching https://mult-kor.hu/feed: Failed to perform, curl: (28) Connection timed out after 10003 milliseconds. See https://curl.se/libcurl/c/libcurl-errors.html first for more details.
Error fetching https://mafab.hu/rss: Failed to perform, curl: (28) Connection timed out after 10003 milliseconds. See https://curl.se/libcurl/c/libcurl-errors.html first for more details.

===== PIPELINE RUN START 2026-09-17T00:14:34 [run_pipeline_persistent] =====

===== PIPELINE RUN START 2026-09-17T00:19:36 [run_pipeline_persistent] =====

--- RSS Fetch Errors at 2026-09-17 00:20:52 ---
Error fetching https://tldr.tech/rss: HTTP Error 429: 
Error fetching https://sokszinuvidek.24.hu/feed/: Failed to perform, curl: (28) Connection timed out after 10002 milliseconds. See https://curl.se/libcurl/c/libcurl-errors.html first for more details.

===== PIPELINE RUN START 2026-09-17T00:24:38 [run_pipeline_persistent] =====

===== PIPELINE RUN START 2026-09-17T00:29:40 [run_pipeline_persistent] =====

--- RSS Fetch Errors at 2026-09-17 00:30:29 ---
Error fetching https://tldr.tech/rss: HTTP Error 429: 

===== PIPELINE RUN START 2026-09-17T00:34:43 [run_pipeline_persistent] =====

===== PIPELINE RUN START 2026-09-17T00:39:44 [run_pipeline_persistent] =====

===== PIPELINE RUN START 2026-09-17T00:44:45 [run_pipeline_persistent] =====

--- RSS Fetch Errors at 2026-09-17 00:45:35 ---
Error fetching https://bankless.com/feed: Failed to perform, curl: (28) Connection timed out after 10004 milliseconds. See https://curl.se/libcurl/c/libcurl-errors.html first for more details.
Error fetching https://sorozatjunkie.hu/feed: Failed to perform, curl: (28) Connection timed out after 10003 milliseconds. See https://curl.se/libcurl/c/libcurl-errors.html first for more details.

===== PIPELINE RUN START 2026-09-17T00:49:48 [run_pipeline_persistent] =====

--- RSS Fetch Errors at 2026-09-17 00:51:12 ---
Error fetching https://tldr.tech/rss: HTTP Error 429: 

===== PIPELINE RUN START 2026-09-17T00:54:49 [run_pipeline_persistent] =====

--- RSS Fetch Errors at 2026-09-17 00:55:40 ---
Error fetching https://www.hwsw.hu/xml/latest_news_rss.xml: Failed to perform, curl: (28) Connection timed out after 10003 milliseconds. See https://curl.se/libcurl/c/libcurl-errors.html first for more details.

===== PIPELINE RUN START 2026-09-17T00:59:51 [run_pipeline_persistent] =====

===== PIPELINE RUN START 2026-09-17T01:04:53 [run_pipeline_persistent] =====

--- RSS Fetch Errors at 2026-09-17 01:05:50 ---
Error fetching https://www.hwsw.hu/xml/latest_news_rss.xml: Failed to perform, curl: (28) Connection timed out after 10004 milliseconds. See https://curl.se/libcurl/c/libcurl-errors.html first for more details.

===== PIPELINE RUN START 2026-09-17T01:09:56 [run_pipeline_persistent] =====

--- RSS Fetch Errors at 2026-09-17 01:11:10 ---
Error fetching https://www.theguardian.com/europe/rss: Failed to perform, curl: (28) Connection timed out after 10002 milliseconds. See https://curl.se/libcurl/c/libcurl-errors.html first for more details.

===== PIPELINE RUN START 2026-09-17T01:14:58 [run_pipeline_persistent] =====
