
===== PIPELINE RUN START 2026-09-13T00:02:15 [run_pipeline_persistent] =====

--- RSS Fetch Errors at 2026-09-13 00:06:41 ---
Error fetching https://index.hu/tudomany/til/rss/: Failed to perform, curl: (28) Connection timed out after 10002 milliseconds. See https://curl.se/libcurl/c/libcurl-errors.html first for more details.
[00:06:47] Summarizer: [DownloadWorker-4] SKIP (duplicate title): Eseménynaptár - 2026. szeptember 15. (ke...

===== PIPELINE RUN START 2026-09-13T00:09:39 [run_pipeline_persistent] =====

--- RSS Fetch Errors at 2026-09-13 00:11:08 ---
Error fetching https://9to5mac.com/feed/: Failed to perform, curl: (56) Connection closed abruptly. See https://curl.se/libcurl/c/libcurl-errors.html first for more details.
Error fetching https://www.todayifoundout.com/?feed=rss2: Failed to perform, curl: (28) Connection timed out after 10002 milliseconds. See https://curl.se/libcurl/c/libcurl-errors.html first for more details.

===== PIPELINE RUN START 2026-09-13T00:14:40 [run_pipeline_persistent] =====

--- RSS Fetch Errors at 2026-09-13 00:15:38 ---
Error fetching https://www.hwsw.hu/xml/latest_news_rss.xml: Failed to perform, curl: (28) Connection timed out after 10002 milliseconds. See https://curl.se/libcurl/c/libcurl-errors.html first for more details.

===== PIPELINE RUN START 2026-09-13T00:19:42 [run_pipeline_persistent] =====

===== PIPELINE RUN START 2026-09-13T00:24:43 [run_pipeline_persistent] =====

===== PIPELINE RUN START 2026-09-13T00:29:46 [run_pipeline_persistent] =====

===== PIPELINE RUN START 2026-09-13T00:34:48 [run_pipeline_persistent] =====

===== PIPELINE RUN START 2026-09-13T00:39:51 [run_pipeline_persistent] =====

--- RSS Fetch Errors at 2026-09-13 00:40:46 ---
Error fetching https://www.economx.hu/feed: Failed to perform, curl: (28) Connection timed out after 10003 milliseconds. See https://curl.se/libcurl/c/libcurl-errors.html first for more details.
Error fetching https://index.hu/tudomany/til/rss/: Failed to perform, curl: (28) Connection timed out after 10001 milliseconds. See https://curl.se/libcurl/c/libcurl-errors.html first for more details.

===== PIPELINE RUN START 2026-09-13T00:44:54 [run_pipeline_persistent] =====

--- RSS Fetch Errors at 2026-09-13 00:45:52 ---
Error fetching https://tldr.tech/rss: HTTP Error 429: 
Error fetching https://www.theguardian.com/europe/rss: Failed to perform, curl: (28) Connection timed out after 10004 milliseconds. See https://curl.se/libcurl/c/libcurl-errors.html first for more details.

===== PIPELINE RUN START 2026-09-13T00:49:55 [run_pipeline_persistent] =====

--- RSS Fetch Errors at 2026-09-13 00:51:13 ---
Error fetching https://www.theguardian.com/europe/rss: Failed to perform, curl: (28) Connection timed out after 10002 milliseconds. See https://curl.se/libcurl/c/libcurl-errors.html first for more details.

===== PIPELINE RUN START 2026-09-13T00:54:57 [run_pipeline_persistent] =====

===== PIPELINE RUN START 2026-09-13T00:59:59 [run_pipeline_persistent] =====

--- RSS Fetch Errors at 2026-09-13 01:00:54 ---
Error fetching https://www.economx.hu/feed: Failed to perform, curl: (28) Connection timed out after 10001 milliseconds. See https://curl.se/libcurl/c/libcurl-errors.html first for more details.

===== PIPELINE RUN START 2026-09-13T01:05:01 [run_pipeline_persistent] =====

===== PIPELINE RUN START 2026-09-13T01:10:03 [run_pipeline_persistent] =====
[01:11:03] Summarizer: [Batch] No response from API (attempt 1/3)

===== PIPELINE RUN START 2026-09-13T01:15:05 [run_pipeline_persistent] =====

===== PIPELINE RUN START 2026-09-13T01:20:07 [run_pipeline_persistent] =====

===== PIPELINE RUN START 2026-09-13T01:25:09 [run_pipeline_persistent] =====
[01:26:37] Summarizer: [Batch] No response from API (attempt 1/3)

===== PIPELINE RUN START 2026-09-13T01:30:11 [run_pipeline_persistent] =====

--- RSS Fetch Errors at 2026-09-13 01:31:14 ---
Error fetching https://index.hu/tudomany/til/rss/: Failed to perform, curl: (28) Connection timed out after 10003 milliseconds. See https://curl.se/libcurl/c/libcurl-errors.html first for more details.
[01:31:49] Summarizer: [Batch] No response from API (attempt 1/3)
[01:32:29] Summarizer: [Batch] No response from API (attempt 2/3)

===== PIPELINE RUN START 2026-09-13T01:35:13 [run_pipeline_persistent] =====

--- RSS Fetch Errors at 2026-09-13 01:36:11 ---
Error fetching https://www.economx.hu/feed: Failed to perform, curl: (28) Connection timed out after 10002 milliseconds. See https://curl.se/libcurl/c/libcurl-errors.html first for more details.

===== PIPELINE RUN START 2026-09-13T01:40:16 [run_pipeline_persistent] =====

--- RSS Fetch Errors at 2026-09-13 01:41:25 ---
Error fetching https://azutazo.hu/feed: Failed to perform, curl: (28) Operation timed out after 35003 milliseconds with 0 bytes received. See https://curl.se/libcurl/c/libcurl-errors.html first for more details.

===== PIPELINE RUN START 2026-09-13T01:45:18 [run_pipeline_persistent] =====

===== PIPELINE RUN START 2026-09-13T01:50:20 [run_pipeline_persistent] =====

--- RSS Fetch Errors at 2026-09-13 01:51:21 ---
Error fetching https://www.hwsw.hu/xml/latest_news_rss.xml: Failed to perform, curl: (28) Connection timed out after 10002 milliseconds. See https://curl.se/libcurl/c/libcurl-errors.html first for more details.

===== PIPELINE RUN START 2026-09-13T01:55:22 [run_pipeline_persistent] =====

--- RSS Fetch Errors at 2026-09-13 01:56:31 ---
Error fetching https://starity.hu/magazin/rss/: Failed to perform, curl: (28) Operation timed out after 35002 milliseconds with 0 bytes received. See https://curl.se/libcurl/c/libcurl-errors.html first for more details.

===== PIPELINE RUN START 2026-09-13T02:00:24 [run_pipeline_persistent] =====

--- RSS Fetch Errors at 2026-09-13 02:01:18 ---
Error fetching https://www.historyoasis.com/rss.xml: Failed to perform, curl: (28) Connection timed out after 10002 milliseconds. See https://curl.se/libcurl/c/libcurl-errors.html first for more details.
[02:01:28] Summarizer: [Batch] No response from API (attempt 1/3)
[02:01:42] Image_Downloader: Download failed (https://img.elements.video/4d023681-e6e0-4d27-953c-e145ee3ee76b/1_th.jpg): 403 Client Error: Forbidden for url: https://img.elements.video/4d023681-e6e0-4d27-953c-e145ee3ee76b/1_th.jpg

===== PIPELINE RUN START 2026-09-13T02:05:27 [run_pipeline_persistent] =====

--- RSS Fetch Errors at 2026-09-13 02:06:20 ---
Error fetching https://cryptofalka.hu/feed: HTTP Error 503: 

===== PIPELINE RUN START 2026-09-13T02:10:30 [run_pipeline_persistent] =====

===== PIPELINE RUN START 2026-09-13T02:15:32 [run_pipeline_persistent] =====

===== PIPELINE RUN START 2026-09-13T02:20:35 [run_pipeline_persistent] =====

===== PIPELINE RUN START 2026-09-13T02:25:36 [run_pipeline_persistent] =====

--- RSS Fetch Errors at 2026-09-13 02:26:56 ---
Error fetching https://www.economx.hu/feed: Failed to perform, curl: (28) Connection timed out after 10003 milliseconds. See https://curl.se/libcurl/c/libcurl-errors.html first for more details.
Error fetching https://wmn.hu/feed/: Failed to perform, curl: (28) Connection timed out after 10003 milliseconds. See https://curl.se/libcurl/c/libcurl-errors.html first for more details.

===== PIPELINE RUN START 2026-09-13T02:30:38 [run_pipeline_persistent] =====

--- RSS Fetch Errors at 2026-09-13 02:31:47 ---
Error fetching https://faroutmagazine.co.uk/film/feed: Failed to perform, curl: (28) Connection timed out after 10003 milliseconds. See https://curl.se/libcurl/c/libcurl-errors.html first for more details.

===== PIPELINE RUN START 2026-09-13T02:35:41 [run_pipeline_persistent] =====

--- RSS Fetch Errors at 2026-09-13 02:36:50 ---
Error fetching https://prog.hu/hirek/rss: Failed to perform, curl: (28) Operation timed out after 35924 milliseconds with 0 bytes received. See https://curl.se/libcurl/c/libcurl-errors.html first for more details.

===== PIPELINE RUN START 2026-09-13T02:40:43 [run_pipeline_persistent] =====

===== PIPELINE RUN START 2026-09-13T02:45:46 [run_pipeline_persistent] =====
