
===== PIPELINE RUN START 2026-10-01T00:01:13 [run_pipeline_persistent] =====

--- RSS Fetch Errors at 2026-10-01 00:05:08 ---
Error fetching https://techpowerup.com/rss/news: HTTP Error 403: 
Error fetching https://offmedia.hu/feed: Failed to perform, curl: (7) Failed to connect to offmedia.hu port 443 after 517 ms: Could not connect to server. See https://curl.se/libcurl/c/libcurl-errors.html first for more details.
Error fetching https://firstclass.hu/feed: Failed to perform, curl: (7) Failed to connect to firstclass.hu port 443 after 496 ms: Could not connect to server. See https://curl.se/libcurl/c/libcurl-errors.html first for more details.
Error fetching https://travelmagazin.hu/feed: Failed to perform, curl: (7) Failed to connect to travelmagazin.hu port 443 after 272 ms: Could not connect to server. See https://curl.se/libcurl/c/libcurl-errors.html first for more details.
Error fetching https://the-zone.hu/feed: Failed to perform, curl: (7) Failed to connect to the-zone.hu port 443 after 440 ms: Could not connect to server. See https://curl.se/libcurl/c/libcurl-errors.html first for more details.
Error fetching https://nlc.hu/feed: Failed to perform, curl: (7) Failed to connect to nlc.hu port 443 after 507 ms: Could not connect to server. See https://curl.se/libcurl/c/libcurl-errors.html first for more details.
Error fetching https://ng.24.hu/feed: Failed to perform, curl: (7) Failed to connect to ng.24.hu port 443 after 508 ms: Could not connect to server. See https://curl.se/libcurl/c/libcurl-errors.html first for more details.
Error fetching https://totalcar.hu/feed: Failed to perform, curl: (7) Failed to connect to totalcar.hu port 443 after 509 ms: Could not connect to server. See https://curl.se/libcurl/c/libcurl-errors.html first for more details.
Error fetching https://funzine.hu/feed: Failed to perform, curl: (7) Failed to connect to funzine.hu port 443 after 443 ms: Could not connect to server. See https://curl.se/libcurl/c/libcurl-errors.html first for more details.
Error fetching https://marieclaire.hu/feed: Failed to perform, curl: (7) Failed to connect to marieclaire.hu port 443 after 507 ms: Could not connect to server. See https://curl.se/libcurl/c/libcurl-errors.html first for more details.
Error fetching https://hu.euronews.com/rss: Failed to perform, curl: (7) Failed to connect to hu.euronews.com port 443 after 182 ms: Could not connect to server. See https://curl.se/libcurl/c/libcurl-errors.html first for more details.
Error fetching https://9to5mac.com/feed/: Failed to perform, curl: (7) Failed to connect to 9to5mac.com port 443 after 322 ms: Could not connect to server. See https://curl.se/libcurl/c/libcurl-errors.html first for more details.
Error fetching https://allampapirkalkulator.hu/rss: Failed to perform, curl: (7) Failed to connect to allampapirkalkulator.hu port 443 after 555 ms: Could not connect to server. See https://curl.se/libcurl/c/libcurl-errors.html first for more details.
Error fetching https://hetediksor.hu/feed/: Failed to perform, curl: (7) Failed to connect to hetediksor.hu port 443 after 325 ms: Could not connect to server. See https://curl.se/libcurl/c/libcurl-errors.html first for more details.
Error fetching https://androgeek.hu/rss/rss.php: Failed to perform, curl: (7) Failed to connect to androgeek.hu port 443 after 416 ms: Could not connect to server. See https://curl.se/libcurl/c/libcurl-errors.html first for more details.
Error fetching https://femina.hu/24ora/rss/: Failed to perform, curl: (7) Failed to connect to femina.hu port 443 after 1049 ms: Could not connect to server. See https://curl.se/libcurl/c/libcurl-errors.html first for more details.
Error fetching https://www.koncert.hu/rss/hirek: Failed to perform, curl: (7) Failed to connect to www.koncert.hu port 443 after 2300 ms: Could not connect to server. See https://curl.se/libcurl/c/libcurl-errors.html first for more details.
Error fetching https://www.tomshardware.com/feeds.xml: Failed to perform, curl: (7) Failed to connect to www.tomshardware.com port 443 after 636 ms: Could not connect to server. See https://curl.se/libcurl/c/libcurl-errors.html first for more details.
Error fetching https://www.gsplus.hu/ajanlo/ebben-a-magyar-fejlesztesu-jatekban-vegre-molyemberkent-szelheted-at-az-urt-ilyen-lett-a-retrospace-388829.html: Failed to perform, curl: (7) Failed to connect to www.gsplus.hu port 443 after 344 ms: Could not connect to server. See https://curl.se/libcurl/c/libcurl-errors.html first for more details.
Error fetching https://www.gsplus.hu/hir/a-jatekfejlesztes-sotet-oldala-a-gta-6ert-a-fejlesztok-evekig-jartak-a-floridai-sztriptizbarokat-es-strandokat-388852.html: Failed to perform, curl: (7) Failed to connect to www.gsplus.hu port 443 after 317 ms: Could not connect to server. See https://curl.se/libcurl/c/libcurl-errors.html first for more details.
Error fetching https://www.gsplus.hu/gstv/mark-hamill-75-eves-toplista-10-erdekesseg-gstv-388863.html: Failed to perform, curl: (7) Failed to connect to www.gsplus.hu port 443 after 321 ms: Could not connect to server. See https://curl.se/libcurl/c/libcurl-errors.html first for more details.
Error fetching https://caravantimes.co.uk/feed: Failed to perform, curl: (7) Failed to connect to caravantimes.co.uk port 443 after 198 ms: Could not connect to server. See https://curl.se/libcurl/c/libcurl-errors.html first for more details.
Error fetching https://www.thestreet.com/.rss/full/: Failed to perform, curl: (7) Failed to connect to www.thestreet.com port 443 after 832 ms: Could not connect to server. See https://curl.se/libcurl/c/libcurl-errors.html first for more details.
Error fetching https://minner.hu/feed/: Failed to perform, curl: (7) Failed to connect to minner.hu port 443 after 2371 ms: Could not connect to server. See https://curl.se/libcurl/c/libcurl-errors.html first for more details.
Error fetching https://fhm.com/feed: Failed to perform, curl: (7) Failed to connect to fhm.com port 443 after 2194 ms: Could not connect to server. See https://curl.se/libcurl/c/libcurl-errors.html first for more details.
Error fetching https://velvet.hu/24ora/rss/: Failed to perform, curl: (7) Failed to connect to velvet.hu port 443 after 1689 ms: Could not connect to server. See https://curl.se/libcurl/c/libcurl-errors.html first for more details.
[00:05:13] Summarizer: [DownloadWorker-7] SKIP (duplicate title): TRADING ECONOMICS...
[00:05:51] Summarizer: [Batch] Minor issues fixed: 3
