
===== PIPELINE RUN START 2026-10-08T00:05:17 [run_pipeline_persistent] =====

===== PIPELINE RUN START 2026-10-08T00:12:35 [run_pipeline_persistent] =====

===== PIPELINE RUN START 2026-10-08T00:17:35 [run_pipeline_persistent] =====

===== PIPELINE RUN START 2026-10-08T00:23:11 [run_pipeline_persistent] =====

===== PIPELINE RUN START 2026-10-08T00:28:12 [run_pipeline_persistent] =====

===== PIPELINE RUN START 2026-10-08T00:33:45 [run_pipeline_persistent] =====

===== PIPELINE RUN START 2026-10-08T00:38:46 [run_pipeline_persistent] =====

===== PIPELINE RUN START 2026-10-08T00:45:03 [run_pipeline_persistent] =====

===== PIPELINE RUN START 2026-10-08T00:50:03 [run_pipeline_persistent] =====

===== PIPELINE RUN START 2026-10-08T00:56:31 [run_pipeline_persistent] =====

===== PIPELINE RUN START 2026-10-08T01:01:32 [run_pipeline_persistent] =====

===== PIPELINE RUN START 2026-10-08T01:07:06 [run_pipeline_persistent] =====

===== PIPELINE RUN START 2026-10-08T01:12:06 [run_pipeline_persistent] =====

===== PIPELINE RUN START 2026-10-08T01:17:38 [run_pipeline_persistent] =====

===== PIPELINE RUN START 2026-10-08T01:22:39 [run_pipeline_persistent] =====

===== PIPELINE RUN START 2026-10-08T01:28:06 [run_pipeline_persistent] =====

===== PIPELINE RUN START 2026-10-08T01:33:07 [run_pipeline_persistent] =====

===== PIPELINE RUN START 2026-10-08T01:38:23 [run_pipeline_persistent] =====

===== PIPELINE RUN START 2026-10-08T01:43:24 [run_pipeline_persistent] =====

===== PIPELINE RUN START 2026-10-08T01:48:59 [run_pipeline_persistent] =====

===== PIPELINE RUN START 2026-10-08T01:54:00 [run_pipeline_persistent] =====

===== PIPELINE RUN START 2026-10-08T01:59:33 [run_pipeline_persistent] =====

===== PIPELINE RUN START 2026-10-08T02:04:34 [run_pipeline_persistent] =====

===== PIPELINE RUN START 2026-10-08T02:10:10 [run_pipeline_persistent] =====

===== PIPELINE RUN START 2026-10-08T02:15:10 [run_pipeline_persistent] =====

===== PIPELINE RUN START 2026-10-08T02:20:51 [run_pipeline_persistent] =====

===== PIPELINE RUN START 2026-10-08T02:25:52 [run_pipeline_persistent] =====

===== PIPELINE RUN START 2026-10-08T02:31:00 [run_pipeline_persistent] =====

===== PIPELINE RUN START 2026-10-08T02:36:01 [run_pipeline_persistent] =====

===== PIPELINE RUN START 2026-10-08T02:41:46 [run_pipeline_persistent] =====

===== PIPELINE RUN START 2026-10-08T02:46:46 [run_pipeline_persistent] =====

===== PIPELINE RUN START 2026-10-08T02:52:23 [run_pipeline_persistent] =====

===== PIPELINE RUN START 2026-10-08T02:57:23 [run_pipeline_persistent] =====

===== PIPELINE RUN START 2026-10-08T03:03:01 [run_pipeline_persistent] =====

===== PIPELINE RUN START 2026-10-08T03:08:02 [run_pipeline_persistent] =====

===== PIPELINE RUN START 2026-10-08T03:13:38 [run_pipeline_persistent] =====

===== PIPELINE RUN START 2026-10-08T03:18:38 [run_pipeline_persistent] =====

===== PIPELINE RUN START 2026-10-08T03:24:12 [run_pipeline_persistent] =====

===== PIPELINE RUN START 2026-10-08T03:29:12 [run_pipeline_persistent] =====

===== PIPELINE RUN START 2026-10-08T03:34:44 [run_pipeline_persistent] =====

===== PIPELINE RUN START 2026-10-08T03:39:45 [run_pipeline_persistent] =====

===== PIPELINE RUN START 2026-10-08T03:45:12 [run_pipeline_persistent] =====

===== PIPELINE RUN START 2026-10-08T03:50:13 [run_pipeline_persistent] =====

===== PIPELINE RUN START 2026-10-08T03:55:45 [run_pipeline_persistent] =====

===== PIPELINE RUN START 2026-10-08T04:00:45 [run_pipeline_persistent] =====

===== PIPELINE RUN START 2026-10-08T04:06:06 [run_pipeline_persistent] =====

===== PIPELINE RUN START 2026-10-08T04:11:07 [run_pipeline_persistent] =====

===== PIPELINE RUN START 2026-10-08T04:16:39 [run_pipeline_persistent] =====

===== PIPELINE RUN START 2026-10-08T04:21:39 [run_pipeline_persistent] =====

===== PIPELINE RUN START 2026-10-08T04:26:46 [run_pipeline_persistent] =====

===== PIPELINE RUN START 2026-10-08T04:31:47 [run_pipeline_persistent] =====

===== PIPELINE RUN START 2026-10-08T04:37:10 [run_pipeline_persistent] =====

===== PIPELINE RUN START 2026-10-08T04:42:11 [run_pipeline_persistent] =====

===== PIPELINE RUN START 2026-10-08T04:47:43 [run_pipeline_persistent] =====

===== PIPELINE RUN START 2026-10-08T04:52:43 [run_pipeline_persistent] =====

===== PIPELINE RUN START 2026-10-08T04:58:16 [run_pipeline_persistent] =====

===== PIPELINE RUN START 2026-10-08T05:03:17 [run_pipeline_persistent] =====

===== PIPELINE RUN START 2026-10-08T05:08:23 [run_pipeline_persistent] =====

===== PIPELINE RUN START 2026-10-08T05:13:23 [run_pipeline_persistent] =====

===== PIPELINE RUN START 2026-10-08T05:19:05 [run_pipeline_persistent] =====

===== PIPELINE RUN START 2026-10-08T05:24:06 [run_pipeline_persistent] =====

===== PIPELINE RUN START 2026-10-08T05:29:38 [run_pipeline_persistent] =====

===== PIPELINE RUN START 2026-10-08T05:34:39 [run_pipeline_persistent] =====

===== PIPELINE RUN START 2026-10-08T05:40:12 [run_pipeline_persistent] =====

===== PIPELINE RUN START 2026-10-08T05:45:13 [run_pipeline_persistent] =====

===== PIPELINE RUN START 2026-10-08T05:50:17 [run_pipeline_persistent] =====

===== PIPELINE RUN START 2026-10-08T05:55:18 [run_pipeline_persistent] =====

===== PIPELINE RUN START 2026-10-08T06:01:03 [run_pipeline_persistent] =====

===== PIPELINE RUN START 2026-10-08T06:05:20 [run_pipeline_persistent] =====

===== PIPELINE RUN START 2026-10-08T06:10:25 [run_pipeline_persistent] =====

===== PIPELINE RUN START 2026-10-08T06:15:26 [run_pipeline_persistent] =====

===== PIPELINE RUN START 2026-10-08T06:20:49 [run_pipeline_persistent] =====

===== PIPELINE RUN START 2026-10-08T06:25:50 [run_pipeline_persistent] =====

===== PIPELINE RUN START 2026-10-08T06:31:09 [run_pipeline_persistent] =====

===== PIPELINE RUN START 2026-10-08T06:36:10 [run_pipeline_persistent] =====

===== PIPELINE RUN START 2026-10-08T06:41:36 [run_pipeline_persistent] =====

===== PIPELINE RUN START 2026-10-08T06:46:37 [run_pipeline_persistent] =====

===== PIPELINE RUN START 2026-10-08T06:51:43 [run_pipeline_persistent] =====

===== PIPELINE RUN START 2026-10-08T06:56:44 [run_pipeline_persistent] =====

===== PIPELINE RUN START 2026-10-08T07:02:20 [run_pipeline_persistent] =====

===== PIPELINE RUN START 2026-10-08T07:07:21 [run_pipeline_persistent] =====

===== PIPELINE RUN START 2026-10-08T07:12:51 [run_pipeline_persistent] =====

===== PIPELINE RUN START 2026-10-08T07:17:52 [run_pipeline_persistent] =====

===== PIPELINE RUN START 2026-10-08T07:22:53 [run_pipeline_persistent] =====

===== PIPELINE RUN START 2026-10-08T07:27:53 [run_pipeline_persistent] =====

===== PIPELINE RUN START 2026-10-08T07:32:55 [run_pipeline_persistent] =====

===== PIPELINE RUN START 2026-10-08T07:37:56 [run_pipeline_persistent] =====

===== PIPELINE RUN START 2026-10-08T07:42:57 [run_pipeline_persistent] =====

===== PIPELINE RUN START 2026-10-08T07:47:58 [run_pipeline_persistent] =====

===== PIPELINE RUN START 2026-10-08T07:52:59 [run_pipeline_persistent] =====

===== PIPELINE RUN START 2026-10-08T07:58:01 [run_pipeline_persistent] =====

===== PIPELINE RUN START 2026-10-08T08:03:01 [run_pipeline_persistent] =====

===== PIPELINE RUN START 2026-10-08T08:08:02 [run_pipeline_persistent] =====

===== PIPELINE RUN START 2026-10-08T08:14:14 [run_pipeline_persistent] =====

===== PIPELINE RUN START 2026-10-08T08:19:15 [run_pipeline_persistent] =====

===== PIPELINE RUN START 2026-10-08T08:24:17 [run_pipeline_persistent] =====

===== PIPELINE RUN START 2026-10-08T08:29:17 [run_pipeline_persistent] =====

===== PIPELINE RUN START 2026-10-08T08:34:19 [run_pipeline_persistent] =====

===== PIPELINE RUN START 2026-10-08T08:39:19 [run_pipeline_persistent] =====

===== PIPELINE RUN START 2026-10-08T08:44:20 [run_pipeline_persistent] =====

===== PIPELINE RUN START 2026-10-08T08:49:21 [run_pipeline_persistent] =====

===== PIPELINE RUN START 2026-10-08T08:54:21 [run_pipeline_persistent] =====

===== PIPELINE RUN START 2026-10-08T08:59:22 [run_pipeline_persistent] =====

===== PIPELINE RUN START 2026-10-08T09:05:47 [run_pipeline_persistent] =====
[09:08:12] Image_Downloader: Download failed (https://s.24.hu/app/uploads/sites/11/2026/09/1-2-1024x576.jpg): HTTPSConnectionPool(host='s.24.hu', port=443): Max retries exceeded with url: /app/uploads/sites/11/2026/09/1-2-1024x576.jpg (Caused by NewConnectionError("HTTPSConnection(host='s.24.hu', port=443): Failed to establish a new connection: [Errno 61] Connection refused"))
[09:08:21] Image_Downloader: Download failed (https://cdn.wccftech.com/wp-content/uploads/2026/10/Galaxy-S26-series-2.jpg): HTTPSConnectionPool(host='cdn.wccftech.com', port=443): Max retries exceeded with url: /wp-content/uploads/2026/10/Galaxy-S26-series-2.jpg (Caused by NewConnectionError("HTTPSConnection(host='cdn.wccftech.com', port=443): Failed to establish a new connection: [Errno 61] Connection refused"))
[09:08:26] Image_Downloader: Download failed (https://techcrunch.com/wp-content/uploads/2026/10/Linda-Rottenberg.jpg?w=1024): HTTPSConnectionPool(host='techcrunch.com', port=443): Read timed out. (read timeout=10)
[09:08:54] Summarizer: [Batch] No response from API (attempt 1/3)
[09:08:59] Image_Downloader: Download failed (https://s.24.hu/app/uploads/2026/10/gettyimages-1498592385-1440x810_wm.jpg): HTTPSConnectionPool(host='s.24.hu', port=443): Max retries exceeded with url: /app/uploads/2026/10/gettyimages-1498592385-1440x810_wm.jpg (Caused by NewConnectionError("HTTPSConnection(host='s.24.hu', port=443): Failed to establish a new connection: [Errno 61] Connection refused"))
[09:09:09] Summarizer: [Batch] No response from API (attempt 1/3)
[09:09:11] Image_Downloader: Download failed (https://starity.hu/images/articles/800x600/pokol-volt-es-mennyorszag-ez-az-a-hangszer-amely-megkeseritette-pedro-pascal-eletet-10080415.jpg): HTTPSConnectionPool(host='starity.hu', port=443): Read timed out. (read timeout=10)
[09:09:39] Summarizer: [DownloadWorker-1] SKIP (duplicate title): Napi üzenet csütörtök – 2026. 10. 08....
[09:10:23] Image_Downloader: Download failed (https://i.guim.co.uk/img/media/dc0441d99e158bcc614888c623997f70242554f1/170_0_3752_3001/master/3752.jpg?width=1200&height=630&quality=85&auto=format&fit=crop&precrop=40:21,offset-x50,offset-y0&overlay-align=bottom%2Cleft&overlay-width=100p&overlay-base64=L2ltZy9zdGF0aWMvb3ZlcmxheXMvdGctZGVmYXVsdC5wbmc&enable=upscale&s=1976ba45e3d109bc3ca7af2f82d6c5e9): HTTPSConnectionPool(host='i.guim.co.uk', port=443): Read timed out. (read timeout=10)
[09:10:26] Summarizer: [Batch] 2 item(s) missing from response → marked for reprocessing
[09:10:44] Summarizer: [Batch] No response from API (attempt 1/3)
[09:11:34] Image_Downloader: Download failed (https://techcrunch.com/wp-content/uploads/2026/08/GettyImages-2082335389.jpg?resize=1200,857): ('Connection aborted.', RemoteDisconnected('Remote end closed connection without response'))
[09:12:02] Image_Downloader: Download failed (https://cdn.mos.cms.futurecdn.net/N4qnuPFFrjCcWvCst5TmnC-1578-80.jpg): HTTPSConnectionPool(host='cdn.mos.cms.futurecdn.net', port=443): Read timed out. (read timeout=10)
[09:12:11] Summarizer: [Batch] No response from API (attempt 1/3)
[09:12:24] Summarizer: [Batch] No response from API (attempt 1/3)
[09:13:36] Image_Downloader: Download failed (https://cdn.wccftech.com/wp-content/uploads/2026/10/Galaxy-S26-series-2.jpg): HTTPSConnectionPool(host='cdn.wccftech.com', port=443): Max retries exceeded with url: /wp-content/uploads/2026/10/Galaxy-S26-series-2.jpg (Caused by NewConnectionError("HTTPSConnection(host='cdn.wccftech.com', port=443): Failed to establish a new connection: [Errno 61] Connection refused"))
[09:13:37] Image_Downloader: Download failed (https://s.24.hu/app/uploads/sites/11/2026/09/1-2-1024x576.jpg): HTTPSConnectionPool(host='s.24.hu', port=443): Max retries exceeded with url: /app/uploads/sites/11/2026/09/1-2-1024x576.jpg (Caused by NewConnectionError("HTTPSConnection(host='s.24.hu', port=443): Failed to establish a new connection: [Errno 61] Connection refused"))
