
===== PIPELINE RUN START 2026-09-25T00:03:19 [run_pipeline_persistent] =====

--- RSS Fetch Errors at 2026-09-25 00:07:39 ---
Error fetching https://tldr.tech/rss/: Failed to perform, curl: (28) Connection timed out after 10003 milliseconds. See https://curl.se/libcurl/c/libcurl-errors.html first for more details.

===== PIPELINE RUN START 2026-09-25T00:10:17 [run_pipeline_persistent] =====

===== PIPELINE RUN START 2026-09-25T00:15:18 [run_pipeline_persistent] =====

===== PIPELINE RUN START 2026-09-25T00:20:20 [run_pipeline_persistent] =====

===== PIPELINE RUN START 2026-09-25T00:25:21 [run_pipeline_persistent] =====

===== PIPELINE RUN START 2026-09-25T00:30:22 [run_pipeline_persistent] =====

===== PIPELINE RUN START 2026-09-25T00:35:22 [run_pipeline_persistent] =====

===== PIPELINE RUN START 2026-09-25T00:40:24 [run_pipeline_persistent] =====

===== PIPELINE RUN START 2026-09-25T00:45:26 [run_pipeline_persistent] =====

===== PIPELINE RUN START 2026-09-25T00:50:28 [run_pipeline_persistent] =====

===== PIPELINE RUN START 2026-09-25T00:55:30 [run_pipeline_persistent] =====

===== PIPELINE RUN START 2026-09-25T01:00:31 [run_pipeline_persistent] =====

===== PIPELINE RUN START 2026-09-25T01:05:32 [run_pipeline_persistent] =====
[01:08:05] Summarizer: [Batch] No response from API (attempt 1/3)

===== PIPELINE RUN START 2026-09-25T01:10:34 [run_pipeline_persistent] =====

===== PIPELINE RUN START 2026-09-25T01:15:36 [run_pipeline_persistent] =====

===== PIPELINE RUN START 2026-09-25T01:20:37 [run_pipeline_persistent] =====

===== PIPELINE RUN START 2026-09-25T01:25:38 [run_pipeline_persistent] =====

===== PIPELINE RUN START 2026-09-25T01:30:40 [run_pipeline_persistent] =====

===== PIPELINE RUN START 2026-09-25T01:35:41 [run_pipeline_persistent] =====

===== PIPELINE RUN START 2026-09-25T01:40:42 [run_pipeline_persistent] =====

===== PIPELINE RUN START 2026-09-25T01:45:44 [run_pipeline_persistent] =====

===== PIPELINE RUN START 2026-09-25T01:50:45 [run_pipeline_persistent] =====

===== PIPELINE RUN START 2026-09-25T01:55:46 [run_pipeline_persistent] =====

===== PIPELINE RUN START 2026-09-25T02:00:47 [run_pipeline_persistent] =====

--- RSS Fetch Errors at 2026-09-25 02:05:17 ---
Error fetching https://the-zone.hu/feed: Failed to perform, curl: (28) Operation timed out after 35002 milliseconds with 0 bytes received. See https://curl.se/libcurl/c/libcurl-errors.html first for more details.
