
===== PIPELINE RUN START 2026-09-16T00:04:07 [run_pipeline_persistent] =====

--- RSS Fetch Errors at 2026-09-16 00:08:34 ---
Error fetching https://www.theguardian.com/europe/rss: Failed to perform, curl: (28) Connection timed out after 10003 milliseconds. See https://curl.se/libcurl/c/libcurl-errors.html first for more details.
[00:08:38] Summarizer: [Batch] No response from API (attempt 1/3)

===== PIPELINE RUN START 2026-09-16T00:10:38 [run_pipeline_persistent] =====

--- RSS Fetch Errors at 2026-09-16 00:11:34 ---
Error fetching https://www.hwsw.hu/xml/latest_news_rss.xml: Failed to perform, curl: (28) Connection timed out after 10003 milliseconds. See https://curl.se/libcurl/c/libcurl-errors.html first for more details.

===== PIPELINE RUN START 2026-09-16T00:15:40 [run_pipeline_persistent] =====

===== PIPELINE RUN START 2026-09-16T00:20:41 [run_pipeline_persistent] =====

--- RSS Fetch Errors at 2026-09-16 00:21:37 ---
Error fetching https://tldr.tech/rss: HTTP Error 429: 

===== PIPELINE RUN START 2026-09-16T00:25:43 [run_pipeline_persistent] =====

--- RSS Fetch Errors at 2026-09-16 00:27:00 ---
Error fetching https://tldr.tech/rss: HTTP Error 429: 

===== PIPELINE RUN START 2026-09-16T00:30:45 [run_pipeline_persistent] =====

--- RSS Fetch Errors at 2026-09-16 00:31:59 ---
Error fetching https://index.hu/tudomany/til/rss/: Failed to perform, curl: (28) Operation timed out after 35003 milliseconds with 0 bytes received. See https://curl.se/libcurl/c/libcurl-errors.html first for more details.

===== PIPELINE RUN START 2026-09-16T00:35:46 [run_pipeline_persistent] =====
[00:36:46] Summarizer: [Batch] No response from API (attempt 1/3)

===== PIPELINE RUN START 2026-09-16T00:40:47 [run_pipeline_persistent] =====

--- RSS Fetch Errors at 2026-09-16 00:42:16 ---
Error fetching https://www.hwsw.hu/xml/latest_news_rss.xml: Failed to perform, curl: (28) Connection timed out after 10002 milliseconds. See https://curl.se/libcurl/c/libcurl-errors.html first for more details.

===== PIPELINE RUN START 2026-09-16T00:45:48 [run_pipeline_persistent] =====

--- RSS Fetch Errors at 2026-09-16 00:46:40 ---
Error fetching https://tldr.tech/rss: HTTP Error 429: 
[00:47:05] Summarizer: [Batch] No response from API (attempt 1/3)
[00:47:16] Summarizer: [Batch] No response from API (attempt 2/3)

===== PIPELINE RUN START 2026-09-16T00:50:51 [run_pipeline_persistent] =====

===== PIPELINE RUN START 2026-09-16T00:55:53 [run_pipeline_persistent] =====

===== PIPELINE RUN START 2026-09-16T01:00:54 [run_pipeline_persistent] =====

===== PIPELINE RUN START 2026-09-16T01:05:56 [run_pipeline_persistent] =====
