
===== PIPELINE RUN START 2026-09-10T00:04:46 [run_pipeline_persistent] =====

--- RSS Fetch Errors at 2026-09-10 00:09:38 ---
Error fetching https://www.hwsw.hu/xml/latest_news_rss.xml: Failed to perform, curl: (28) Connection timed out after 10003 milliseconds. See https://curl.se/libcurl/c/libcurl-errors.html first for more details.
Error fetching https://player.hu/feed: Failed to perform, curl: (28) Connection timed out after 10003 milliseconds. See https://curl.se/libcurl/c/libcurl-errors.html first for more details.
Error fetching https://www.todayifoundout.com/?feed=rss2: Failed to perform, curl: (28) Connection timed out after 10003 milliseconds. See https://curl.se/libcurl/c/libcurl-errors.html first for more details.

===== PIPELINE RUN START 2026-09-10T00:11:02 [run_pipeline_persistent] =====

--- RSS Fetch Errors at 2026-09-10 00:13:54 ---
Error fetching https://www.hwsw.hu/xml/latest_news_rss.xml: Failed to perform, curl: (28) Connection timed out after 10002 milliseconds. See https://curl.se/libcurl/c/libcurl-errors.html first for more details.
[00:14:24] Summarizer: [Batch] No response from API (attempt 1/3)
[00:14:38] Image_Downloader: Download failed (https://divany.hu/neon/media/images/GettyImages-2224678540.format-jpeg.max-3840x2160.jpg): HTTPSConnectionPool(host='divany.hu', port=443): Max retries exceeded with url: /neon/media/images/GettyImages-2224678540.format-jpeg.max-3840x2160.jpg (Caused by NewConnectionError("HTTPSConnection(host='divany.hu', port=443): Failed to establish a new connection: [Errno 61] Connection refused"))

===== PIPELINE RUN START 2026-09-10T00:16:02 [run_pipeline_persistent] =====

--- RSS Fetch Errors at 2026-09-10 00:17:00 ---
Error fetching https://www.economx.hu/feed: Failed to perform, curl: (28) Connection timed out after 10002 milliseconds. See https://curl.se/libcurl/c/libcurl-errors.html first for more details.

===== PIPELINE RUN START 2026-09-10T00:21:04 [run_pipeline_persistent] =====

===== PIPELINE RUN START 2026-09-10T00:26:05 [run_pipeline_persistent] =====

--- RSS Fetch Errors at 2026-09-10 00:27:31 ---
Error fetching https://tldr.tech/rss: HTTP Error 429: 
Error fetching https://starity.hu/magazin/rss/: Failed to perform, curl: (28) Connection timed out after 10003 milliseconds. See https://curl.se/libcurl/c/libcurl-errors.html first for more details.
Error fetching https://www.economx.hu/feed: Failed to perform, curl: (28) Operation timed out after 35003 milliseconds with 0 bytes received. See https://curl.se/libcurl/c/libcurl-errors.html first for more details.

===== PIPELINE RUN START 2026-09-10T00:31:07 [run_pipeline_persistent] =====

--- RSS Fetch Errors at 2026-09-10 00:32:44 ---
Error fetching https://tldr.tech/rss: HTTP Error 429: 

===== PIPELINE RUN START 2026-09-10T00:36:07 [run_pipeline_persistent] =====

===== PIPELINE RUN START 2026-09-10T00:41:09 [run_pipeline_persistent] =====

--- RSS Fetch Errors at 2026-09-10 00:42:21 ---
Error fetching https://www.hwsw.hu/xml/latest_news_rss.xml: Failed to perform, curl: (28) Connection timed out after 10004 milliseconds. See https://curl.se/libcurl/c/libcurl-errors.html first for more details.
Error fetching https://azutazo.hu/feed: Failed to perform, curl: (28) Operation timed out after 35002 milliseconds with 0 bytes received. See https://curl.se/libcurl/c/libcurl-errors.html first for more details.

===== PIPELINE RUN START 2026-09-10T00:46:11 [run_pipeline_persistent] =====

===== PIPELINE RUN START 2026-09-10T00:51:12 [run_pipeline_persistent] =====

--- RSS Fetch Errors at 2026-09-10 00:52:30 ---
Error fetching https://aihirfolyam.hu/feed: Failed to perform, curl: (28) Connection timed out after 10003 milliseconds. See https://curl.se/libcurl/c/libcurl-errors.html first for more details.
Error fetching https://www.economx.hu/feed: Failed to perform, curl: (28) Connection timed out after 10003 milliseconds. See https://curl.se/libcurl/c/libcurl-errors.html first for more details.
Error fetching https://starity.hu/magazin/rss/: Failed to perform, curl: (28) Connection timed out after 10002 milliseconds. See https://curl.se/libcurl/c/libcurl-errors.html first for more details.
Error fetching https://tldr.tech/rss: HTTP Error 429: 
Error fetching https://sorozatjunkie.hu/feed: Failed to perform, curl: (28) Connection timed out after 10003 milliseconds. See https://curl.se/libcurl/c/libcurl-errors.html first for more details.
Error fetching https://mult-kor.hu/feed: Failed to perform, curl: (28) Operation timed out after 35920 milliseconds with 0 bytes received. See https://curl.se/libcurl/c/libcurl-errors.html first for more details.
[00:53:26] Summarizer: [Batch] No response from API (attempt 1/3)
[00:53:36] Summarizer: [Batch] No response from API (attempt 2/3)

===== PIPELINE RUN START 2026-09-10T00:56:14 [run_pipeline_persistent] =====

--- RSS Fetch Errors at 2026-09-10 00:57:26 ---
Error fetching https://index.hu/tudomany/til/rss/: Failed to perform, curl: (28) Connection timed out after 10003 milliseconds. See https://curl.se/libcurl/c/libcurl-errors.html first for more details.
