
===== PIPELINE RUN START 2026-08-30T00:06:02 [run_pipeline_persistent] =====

--- RSS Fetch Errors at 2026-08-30 00:14:00 ---
Error fetching https://www.pcwplus.hu/site/rss/rss.xml: Failed to perform, curl: (7) Failed to connect to www.pcwplus.hu port 443 after 5075 ms: Could not connect to server. See https://curl.se/libcurl/c/libcurl-errors.html first for more details.
Error fetching https://prohardver.hu/hirfolyam/hirek/rss.xml: Failed to perform, curl: (7) Failed to connect to prohardver.hu port 443 after 5731 ms: Could not connect to server. See https://curl.se/libcurl/c/libcurl-errors.html first for more details.
Error fetching https://futurism.com/feed: Failed to perform, curl: (7) Failed to connect to futurism.com port 443 after 6351 ms: Could not connect to server. See https://curl.se/libcurl/c/libcurl-errors.html first for more details.
Error fetching https://gsplus.hu/site/rss/rss.xml: Failed to perform, curl: (7) Failed to connect to gsplus.hu port 443 after 9160 ms: Could not connect to server. See https://curl.se/libcurl/c/libcurl-errors.html first for more details.
Error fetching https://prog.hu/site/backend/proghu-rss.xml: Failed to perform, curl: (28) Connection timed out after 10001 milliseconds. See https://curl.se/libcurl/c/libcurl-errors.html first for more details.
Error fetching https://travelmagazin.hu/feed: Failed to perform, curl: (7) Failed to connect to travelmagazin.hu port 443 after 535 ms: Could not connect to server. See https://curl.se/libcurl/c/libcurl-errors.html first for more details.
Error fetching https://www.hwsw.hu/xml/latest_news_rss.xml: Failed to perform, curl: (28) Connection timed out after 10002 milliseconds. See https://curl.se/libcurl/c/libcurl-errors.html first for more details.
Error fetching https://www.maxim.com/feed: Failed to perform, curl: (28) Connection timed out after 10001 milliseconds. See https://curl.se/libcurl/c/libcurl-errors.html first for more details.
Error fetching https://faroutmagazine.co.uk/art/feed: Failed to perform, curl: (28) Connection timed out after 10002 milliseconds. See https://curl.se/libcurl/c/libcurl-errors.html first for more details.
Error fetching https://www.koncert.hu/rss/hirek: Failed to perform, curl: (28) Connection timed out after 10002 milliseconds. See https://curl.se/libcurl/c/libcurl-errors.html first for more details.
Error fetching https://hetediksor.hu/feed/: Failed to perform, curl: (28) Connection timed out after 10002 milliseconds. See https://curl.se/libcurl/c/libcurl-errors.html first for more details.
Error fetching https://www.theguardian.com/europe/rss: Failed to perform, curl: (28) Connection timed out after 10002 milliseconds. See https://curl.se/libcurl/c/libcurl-errors.html first for more details.
Error fetching https://androgeek.hu/rss/rss.php: Failed to perform, curl: (28) Connection timed out after 10001 milliseconds. See https://curl.se/libcurl/c/libcurl-errors.html first for more details.
Error fetching https://caravantimes.co.uk/feed: Failed to perform, curl: (28) Connection timed out after 10002 milliseconds. See https://curl.se/libcurl/c/libcurl-errors.html first for more details.
Error fetching https://www.tomshardware.com/feeds.xml: Failed to perform, curl: (7) Failed to connect to www.tomshardware.com port 443 after 156 ms: Could not connect to server. See https://curl.se/libcurl/c/libcurl-errors.html first for more details.
Error fetching https://minner.hu/feed/: Failed to perform, curl: (7) Failed to connect to minner.hu port 443 after 215 ms: Could not connect to server. See https://curl.se/libcurl/c/libcurl-errors.html first for more details.
Error fetching https://www.makeuseof.com/feed: Failed to perform, curl: (7) Failed to connect to www.makeuseof.com port 443 after 4390 ms: Could not connect to server. See https://curl.se/libcurl/c/libcurl-errors.html first for more details.
Error fetching https://www.xda-developers.com/feed: Failed to perform, curl: (28) Connection timed out after 10002 milliseconds. See https://curl.se/libcurl/c/libcurl-errors.html first for more details.
Error fetching https://www.theneuron.ai/newsletter/feed/: Failed to perform, curl: (28) Operation timed out after 35002 milliseconds with 1360 out of 7025 bytes received. See https://curl.se/libcurl/c/libcurl-errors.html first for more details.
[00:14:05] Summarizer: [DownloadWorker-7] SKIP (duplicate title): TRADING ECONOMICS...
[00:14:13] Summarizer: [DownloadWorker-0] SKIP (duplicate title): TRADING ECONOMICS...
[00:14:37] Image_Downloader: Download failed (https://www.joy.hu/imageproxy.php?url=https%3A%2F%2Fcms.static.marquardmedia.hu%2Fdata%2Fcikk%2F395%2F395656.1200x630.jpg): HTTPSConnectionPool(host='www.joy.hu', port=443): Read timed out. (read timeout=10)
[00:16:05] Summarizer: [Batch] No response from API (attempt 1/3)
[00:16:37] Summarizer: [Batch] No response from API (attempt 1/3)

===== PIPELINE RUN START 2026-08-30T00:19:21 [run_pipeline_persistent] =====

--- RSS Fetch Errors at 2026-08-30 00:20:58 ---
Error fetching https://caravantimes.co.uk/feed: Failed to perform, curl: (7) Failed to connect to caravantimes.co.uk port 443 after 593 ms: Could not connect to server. See https://curl.se/libcurl/c/libcurl-errors.html first for more details.
Error fetching https://prog.hu/hirek/rss: Failed to perform, curl: (7) Failed to connect to prog.hu port 443 after 2289 ms: Could not connect to server. See https://curl.se/libcurl/c/libcurl-errors.html first for more details.
Error fetching https://hetediksor.hu/feed/: Failed to perform, curl: (7) Failed to connect to hetediksor.hu port 443 after 565 ms: Could not connect to server. See https://curl.se/libcurl/c/libcurl-errors.html first for more details.
Error fetching https://bankless.com/feed: Failed to perform, curl: (28) Operation timed out after 35002 milliseconds with 0 bytes received. See https://curl.se/libcurl/c/libcurl-errors.html first for more details.
Error fetching https://azutazo.hu/feed: Failed to perform, curl: (28) Operation timed out after 35003 milliseconds with 0 bytes received. See https://curl.se/libcurl/c/libcurl-errors.html first for more details.
Error fetching https://faroutmagazine.co.uk/art/feed: Failed to perform, curl: (28) Operation timed out after 35002 milliseconds with 0 bytes received. See https://curl.se/libcurl/c/libcurl-errors.html first for more details.
Error fetching https://www.playboy.com/blog/feed/: Failed to perform, curl: (7) Failed to connect to playboyclub.com port 443 after 147 ms: Could not connect to server. See https://curl.se/libcurl/c/libcurl-errors.html first for more details.

===== PIPELINE RUN START 2026-08-30T00:24:22 [run_pipeline_persistent] =====
[00:26:10] Summarizer: [DownloadWorker-3] SKIP (duplicate title): Jensen Huang szerint már itt van az AGI,...
[00:26:16] Summarizer: [Batch] No response from API (attempt 1/3)

===== PIPELINE RUN START 2026-08-30T00:29:23 [run_pipeline_persistent] =====

--- RSS Fetch Errors at 2026-08-30 00:30:36 ---
Error fetching https://faroutmagazine.co.uk/travel/feed: Failed to perform, curl: (28) Connection timed out after 10003 milliseconds. See https://curl.se/libcurl/c/libcurl-errors.html first for more details.
[00:31:30] Image_Downloader: Download failed (https://static0.xdaimages.com/wordpress/wp-content/uploads/wm/2025/06/asus-rog-ally-running-half-life-2.jpg?w=1600&h=900&fit=crop): HTTPSConnectionPool(host='static0.xdaimages.com', port=443): Read timed out. (read timeout=10)

===== PIPELINE RUN START 2026-08-30T00:34:25 [run_pipeline_persistent] =====

===== PIPELINE RUN START 2026-08-30T00:39:27 [run_pipeline_persistent] =====

--- RSS Fetch Errors at 2026-08-30 00:40:38 ---
Error fetching https://www.playboy.com/read/celebrities/feed: Failed to perform, curl: (28) Connection timed out after 10002 milliseconds. See https://curl.se/libcurl/c/libcurl-errors.html first for more details.
Error fetching https://sokszinuvidek.24.hu/feed/: Failed to perform, curl: (28) Connection timed out after 10002 milliseconds. See https://curl.se/libcurl/c/libcurl-errors.html first for more details.

===== PIPELINE RUN START 2026-08-30T00:44:29 [run_pipeline_persistent] =====

===== PIPELINE RUN START 2026-08-30T00:49:31 [run_pipeline_persistent] =====

===== PIPELINE RUN START 2026-08-30T00:54:33 [run_pipeline_persistent] =====

--- RSS Fetch Errors at 2026-08-30 00:55:44 ---
Error fetching https://www.economx.hu/feed: Failed to perform, curl: (28) Connection timed out after 10003 milliseconds. See https://curl.se/libcurl/c/libcurl-errors.html first for more details.
Error fetching https://www.hwsw.hu/xml/latest_news_rss.xml: Failed to perform, curl: (28) Connection timed out after 10003 milliseconds. See https://curl.se/libcurl/c/libcurl-errors.html first for more details.

===== PIPELINE RUN START 2026-08-30T00:59:35 [run_pipeline_persistent] =====

===== PIPELINE RUN START 2026-08-30T01:04:39 [run_pipeline_persistent] =====

===== PIPELINE RUN START 2026-08-30T01:09:39 [run_pipeline_persistent] =====

--- RSS Fetch Errors at 2026-08-30 01:10:55 ---
Error fetching https://mult-kor.hu/feed: Failed to perform, curl: (28) Connection timed out after 10000 milliseconds. See https://curl.se/libcurl/c/libcurl-errors.html first for more details.

===== PIPELINE RUN START 2026-08-30T01:14:42 [run_pipeline_persistent] =====
[01:16:40] Summarizer: [Batch] No response from API (attempt 1/3)

===== PIPELINE RUN START 2026-08-30T01:19:44 [run_pipeline_persistent] =====
[01:21:18] Summarizer: [Batch] No response from API (attempt 1/3)

===== PIPELINE RUN START 2026-08-30T01:24:46 [run_pipeline_persistent] =====

===== PIPELINE RUN START 2026-08-30T01:29:47 [run_pipeline_persistent] =====
[01:31:38] Summarizer: [Batch] No response from API (attempt 1/3)
[01:33:18] Summarizer: [Batch] No response from API (attempt 2/3)

===== PIPELINE RUN START 2026-08-30T01:34:48 [run_pipeline_persistent] =====

--- RSS Fetch Errors at 2026-08-30 01:36:24 ---
Error fetching https://sokszinuvidek.24.hu/feed/: Failed to perform, curl: (28) Connection timed out after 10004 milliseconds. See https://curl.se/libcurl/c/libcurl-errors.html first for more details.
Error fetching https://sorozatjunkie.hu/feed: Failed to perform, curl: (28) Operation timed out after 35003 milliseconds with 0 bytes received. See https://curl.se/libcurl/c/libcurl-errors.html first for more details.

===== PIPELINE RUN START 2026-08-30T01:39:51 [run_pipeline_persistent] =====

===== PIPELINE RUN START 2026-08-30T01:44:53 [run_pipeline_persistent] =====

===== PIPELINE RUN START 2026-08-30T01:49:56 [run_pipeline_persistent] =====

--- RSS Fetch Errors at 2026-08-30 01:51:09 ---
Error fetching https://www.economx.hu/feed: Failed to perform, curl: (28) Connection timed out after 10003 milliseconds. See https://curl.se/libcurl/c/libcurl-errors.html first for more details.
Error fetching https://www.theguardian.com/europe/rss: Failed to perform, curl: (28) Connection timed out after 10003 milliseconds. See https://curl.se/libcurl/c/libcurl-errors.html first for more details.
Error fetching https://wmn.hu/feed/: Failed to perform, curl: (28) Connection timed out after 10002 milliseconds. See https://curl.se/libcurl/c/libcurl-errors.html first for more details.

===== PIPELINE RUN START 2026-08-30T01:54:57 [run_pipeline_persistent] =====

===== PIPELINE RUN START 2026-08-30T01:59:59 [run_pipeline_persistent] =====

--- RSS Fetch Errors at 2026-08-30 02:01:29 ---
Error fetching https://sorozatjunkie.hu/feed: Failed to perform, curl: (28) Connection timed out after 10004 milliseconds. See https://curl.se/libcurl/c/libcurl-errors.html first for more details.

===== PIPELINE RUN START 2026-08-30T02:05:00 [run_pipeline_persistent] =====

--- RSS Fetch Errors at 2026-08-30 02:06:47 ---
Error fetching https://www.todayifoundout.com/?feed=rss2: Failed to perform, curl: (28) Operation timed out after 35003 milliseconds with 0 bytes received. See https://curl.se/libcurl/c/libcurl-errors.html first for more details.

===== PIPELINE RUN START 2026-08-30T02:10:02 [run_pipeline_persistent] =====

--- RSS Fetch Errors at 2026-08-30 02:11:50 ---
Error fetching https://index.hu/tudomany/til/rss/: Failed to perform, curl: (28) Connection timed out after 10003 milliseconds. See https://curl.se/libcurl/c/libcurl-errors.html first for more details.

===== PIPELINE RUN START 2026-08-30T02:15:03 [run_pipeline_persistent] =====

--- RSS Fetch Errors at 2026-08-30 02:16:44 ---
Error fetching https://sokszinuvidek.24.hu/feed/: Failed to perform, curl: (28) Connection timed out after 10003 milliseconds. See https://curl.se/libcurl/c/libcurl-errors.html first for more details.
Error fetching https://quirkofhistory.com/feed.xml: Failed to perform, curl: (28) Connection timed out after 10002 milliseconds. See https://curl.se/libcurl/c/libcurl-errors.html first for more details.
Error fetching https://bankless.com/feed: Failed to perform, curl: (28) Operation timed out after 35695 milliseconds with 0 bytes received. See https://curl.se/libcurl/c/libcurl-errors.html first for more details.

===== PIPELINE RUN START 2026-08-30T02:20:04 [run_pipeline_persistent] =====

--- RSS Fetch Errors at 2026-08-30 02:21:21 ---
Error fetching https://www.hwsw.hu/xml/latest_news_rss.xml: Failed to perform, curl: (28) Connection timed out after 10002 milliseconds. See https://curl.se/libcurl/c/libcurl-errors.html first for more details.
Error fetching https://www.uniladtech.com/index.rss: Failed to perform, curl: (28) Connection timed out after 10003 milliseconds. See https://curl.se/libcurl/c/libcurl-errors.html first for more details.

===== PIPELINE RUN START 2026-08-30T02:25:06 [run_pipeline_persistent] =====

===== PIPELINE RUN START 2026-08-30T02:30:07 [run_pipeline_persistent] =====

===== PIPELINE RUN START 2026-08-30T02:35:09 [run_pipeline_persistent] =====

--- RSS Fetch Errors at 2026-08-30 02:36:54 ---
Error fetching https://www.playboy.com/read/celebrities/feed: Failed to perform, curl: (28) Connection timed out after 10004 milliseconds. See https://curl.se/libcurl/c/libcurl-errors.html first for more details.
Error fetching https://prog.hu/hirek/rss: Failed to perform, curl: (28) Operation timed out after 35088 milliseconds with 0 bytes received. See https://curl.se/libcurl/c/libcurl-errors.html first for more details.

===== PIPELINE RUN START 2026-08-30T02:40:11 [run_pipeline_persistent] =====

===== PIPELINE RUN START 2026-08-30T02:45:12 [run_pipeline_persistent] =====

--- RSS Fetch Errors at 2026-08-30 02:46:27 ---
Error fetching https://faroutmagazine.co.uk/film/feed: Failed to perform, curl: (28) Connection timed out after 10002 milliseconds. See https://curl.se/libcurl/c/libcurl-errors.html first for more details.

===== PIPELINE RUN START 2026-08-30T02:50:15 [run_pipeline_persistent] =====

--- RSS Fetch Errors at 2026-08-30 02:51:29 ---
Error fetching https://www.hwsw.hu/xml/latest_news_rss.xml: Failed to perform, curl: (28) Connection timed out after 10003 milliseconds. See https://curl.se/libcurl/c/libcurl-errors.html first for more details.

===== PIPELINE RUN START 2026-08-30T02:55:17 [run_pipeline_persistent] =====

===== PIPELINE RUN START 2026-08-30T03:00:19 [run_pipeline_persistent] =====

===== PIPELINE RUN START 2026-08-30T03:05:22 [run_pipeline_persistent] =====

===== PIPELINE RUN START 2026-08-30T03:10:24 [run_pipeline_persistent] =====

--- RSS Fetch Errors at 2026-08-30 03:12:09 ---
Error fetching https://mafab.hu/rss: Failed to perform, curl: (28) Operation timed out after 35001 milliseconds with 0 bytes received. See https://curl.se/libcurl/c/libcurl-errors.html first for more details.

===== PIPELINE RUN START 2026-08-30T03:15:26 [run_pipeline_persistent] =====

===== PIPELINE RUN START 2026-08-30T03:20:28 [run_pipeline_persistent] =====

--- RSS Fetch Errors at 2026-08-30 03:21:53 ---
Error fetching https://index.hu/tudomany/til/rss/: Failed to perform, curl: (28) Connection timed out after 10003 milliseconds. See https://curl.se/libcurl/c/libcurl-errors.html first for more details.
Error fetching https://www.theguardian.com/europe/rss: Failed to perform, curl: (28) Connection timed out after 10002 milliseconds. See https://curl.se/libcurl/c/libcurl-errors.html first for more details.

===== PIPELINE RUN START 2026-08-30T03:25:30 [run_pipeline_persistent] =====

--- RSS Fetch Errors at 2026-08-30 03:27:07 ---
Error fetching https://player.hu/feed: Failed to perform, curl: (28) Operation timed out after 35003 milliseconds with 0 bytes received. See https://curl.se/libcurl/c/libcurl-errors.html first for more details.
Error fetching https://roadster.hu/feed: Failed to perform, curl: (28) Operation timed out after 35002 milliseconds with 0 bytes received. See https://curl.se/libcurl/c/libcurl-errors.html first for more details.

===== PIPELINE RUN START 2026-08-30T03:30:32 [run_pipeline_persistent] =====

--- RSS Fetch Errors at 2026-08-30 03:32:09 ---
Error fetching https://www.economx.hu/feed: Failed to perform, curl: (28) Connection timed out after 10003 milliseconds. See https://curl.se/libcurl/c/libcurl-errors.html first for more details.
Error fetching https://www.maxim.com/feed: Failed to perform, curl: (28) Operation timed out after 35003 milliseconds with 0 bytes received. See https://curl.se/libcurl/c/libcurl-errors.html first for more details.

===== PIPELINE RUN START 2026-08-30T03:35:34 [run_pipeline_persistent] =====

--- RSS Fetch Errors at 2026-08-30 03:36:45 ---
Error fetching https://sorozatjunkie.hu/feed: Failed to perform, curl: (28) Connection timed out after 10002 milliseconds. See https://curl.se/libcurl/c/libcurl-errors.html first for more details.
Error fetching https://www.theguardian.com/europe/rss: Failed to perform, curl: (28) Connection timed out after 10003 milliseconds. See https://curl.se/libcurl/c/libcurl-errors.html first for more details.

===== PIPELINE RUN START 2026-08-30T03:40:35 [run_pipeline_persistent] =====
[03:42:03] Summarizer: [Batch] No response from API (attempt 1/3)

===== PIPELINE RUN START 2026-08-30T03:45:38 [run_pipeline_persistent] =====

===== PIPELINE RUN START 2026-08-30T03:50:39 [run_pipeline_persistent] =====

===== PIPELINE RUN START 2026-08-30T03:55:42 [run_pipeline_persistent] =====

===== PIPELINE RUN START 2026-08-30T04:00:43 [run_pipeline_persistent] =====

--- RSS Fetch Errors at 2026-08-30 04:02:04 ---
Error fetching https://www.hwsw.hu/xml/latest_news_rss.xml: Failed to perform, curl: (28) Connection timed out after 10003 milliseconds. See https://curl.se/libcurl/c/libcurl-errors.html first for more details.
Error fetching https://faroutmagazine.co.uk/film/feed: Failed to perform, curl: (28) Connection timed out after 10003 milliseconds. See https://curl.se/libcurl/c/libcurl-errors.html first for more details.

===== PIPELINE RUN START 2026-08-30T04:05:44 [run_pipeline_persistent] =====

--- RSS Fetch Errors at 2026-08-30 04:06:56 ---
Error fetching https://femina.hu/24ora/rss.xml: Failed to perform, curl: (28) Connection timed out after 10003 milliseconds. See https://curl.se/libcurl/c/libcurl-errors.html first for more details.

===== PIPELINE RUN START 2026-08-30T04:10:45 [run_pipeline_persistent] =====

===== PIPELINE RUN START 2026-08-30T04:15:46 [run_pipeline_persistent] =====

===== PIPELINE RUN START 2026-08-30T04:20:47 [run_pipeline_persistent] =====
[04:22:45] Summarizer: [Batch] No response from API (attempt 1/3)

===== PIPELINE RUN START 2026-08-30T04:25:47 [run_pipeline_persistent] =====

--- RSS Fetch Errors at 2026-08-30 04:27:02 ---
Error fetching https://www.playboy.com/read/celebrities/feed: Failed to perform, curl: (28) Connection timed out after 10002 milliseconds. See https://curl.se/libcurl/c/libcurl-errors.html first for more details.

===== PIPELINE RUN START 2026-08-30T04:30:49 [run_pipeline_persistent] =====

===== PIPELINE RUN START 2026-08-30T04:35:51 [run_pipeline_persistent] =====

--- RSS Fetch Errors at 2026-08-30 04:37:27 ---
Error fetching https://player.hu/feed: Failed to perform, curl: (28) Connection timed out after 10002 milliseconds. See https://curl.se/libcurl/c/libcurl-errors.html first for more details.

===== PIPELINE RUN START 2026-08-30T04:40:53 [run_pipeline_persistent] =====

--- RSS Fetch Errors at 2026-08-30 04:42:35 ---
Error fetching https://index.hu/tudomany/til/rss/: Failed to perform, curl: (28) Connection timed out after 10002 milliseconds. See https://curl.se/libcurl/c/libcurl-errors.html first for more details.
Error fetching https://mafab.hu/rss: Failed to perform, curl: (28) Operation timed out after 35004 milliseconds with 0 bytes received. See https://curl.se/libcurl/c/libcurl-errors.html first for more details.

===== PIPELINE RUN START 2026-08-30T04:45:56 [run_pipeline_persistent] =====

===== PIPELINE RUN START 2026-08-30T04:50:56 [run_pipeline_persistent] =====

===== PIPELINE RUN START 2026-08-30T04:55:58 [run_pipeline_persistent] =====

===== PIPELINE RUN START 2026-08-30T05:00:59 [run_pipeline_persistent] =====

===== PIPELINE RUN START 2026-08-30T05:06:01 [run_pipeline_persistent] =====

--- RSS Fetch Errors at 2026-08-30 05:07:13 ---
Error fetching https://femina.hu/24ora/rss.xml: Failed to perform, curl: (28) Connection timed out after 10004 milliseconds. See https://curl.se/libcurl/c/libcurl-errors.html first for more details.
Error fetching https://www.hwsw.hu/xml/latest_news_rss.xml: Failed to perform, curl: (28) Connection timed out after 10004 milliseconds. See https://curl.se/libcurl/c/libcurl-errors.html first for more details.
Error fetching https://index.hu/tudomany/til/rss/: Failed to perform, curl: (28) Connection timed out after 10003 milliseconds. See https://curl.se/libcurl/c/libcurl-errors.html first for more details.

===== PIPELINE RUN START 2026-08-30T05:11:03 [run_pipeline_persistent] =====

--- RSS Fetch Errors at 2026-08-30 05:12:17 ---
Error fetching https://sokszinuvidek.24.hu/feed/: Failed to perform, curl: (28) Connection timed out after 10003 milliseconds. See https://curl.se/libcurl/c/libcurl-errors.html first for more details.

===== PIPELINE RUN START 2026-08-30T05:16:05 [run_pipeline_persistent] =====

===== PIPELINE RUN START 2026-08-30T05:21:06 [run_pipeline_persistent] =====

--- RSS Fetch Errors at 2026-08-30 05:22:22 ---
Error fetching https://faroutmagazine.co.uk/film/feed: Failed to perform, curl: (28) Connection timed out after 10003 milliseconds. See https://curl.se/libcurl/c/libcurl-errors.html first for more details.

===== PIPELINE RUN START 2026-08-30T05:26:09 [run_pipeline_persistent] =====

===== PIPELINE RUN START 2026-08-30T05:31:11 [run_pipeline_persistent] =====

===== PIPELINE RUN START 2026-08-30T05:36:12 [run_pipeline_persistent] =====

===== PIPELINE RUN START 2026-08-30T05:41:14 [run_pipeline_persistent] =====

--- RSS Fetch Errors at 2026-08-30 05:42:36 ---
Error fetching https://femina.hu/24ora/rss.xml: Failed to perform, curl: (28) Connection timed out after 10002 milliseconds. See https://curl.se/libcurl/c/libcurl-errors.html first for more details.
Error fetching https://www.uniladtech.com/index.rss: Failed to perform, curl: (28) Connection timed out after 10001 milliseconds. See https://curl.se/libcurl/c/libcurl-errors.html first for more details.

===== PIPELINE RUN START 2026-08-30T05:46:14 [run_pipeline_persistent] =====

===== PIPELINE RUN START 2026-08-30T05:51:16 [run_pipeline_persistent] =====

===== PIPELINE RUN START 2026-08-30T05:56:18 [run_pipeline_persistent] =====

--- RSS Fetch Errors at 2026-08-30 05:57:37 ---
Error fetching https://aihirfolyam.hu/feed: Failed to perform, curl: (28) Connection timed out after 10002 milliseconds. See https://curl.se/libcurl/c/libcurl-errors.html first for more details.

===== PIPELINE RUN START 2026-08-30T06:01:40 [run_pipeline_persistent] =====

--- RSS Fetch Errors at 2026-08-30 06:03:50 ---
Error fetching https://www.vice.com/feed/: HTTP Error 404: 
[06:04:00] Summarizer: [Batch] No response from API (attempt 1/3)

===== PIPELINE RUN START 2026-08-30T06:06:20 [run_pipeline_persistent] =====

===== PIPELINE RUN START 2026-08-30T06:11:22 [run_pipeline_persistent] =====

===== PIPELINE RUN START 2026-08-30T06:16:24 [run_pipeline_persistent] =====

===== PIPELINE RUN START 2026-08-30T06:21:24 [run_pipeline_persistent] =====

===== PIPELINE RUN START 2026-08-30T06:26:27 [run_pipeline_persistent] =====

--- RSS Fetch Errors at 2026-08-30 06:28:07 ---
Error fetching https://www.playboy.com/read/classics/feed: Failed to perform, curl: (28) Operation timed out after 35003 milliseconds with 0 bytes received. See https://curl.se/libcurl/c/libcurl-errors.html first for more details.
Error fetching https://hetediksor.hu/feed/: Failed to perform, curl: (28) Operation timed out after 35003 milliseconds with 0 bytes received. See https://curl.se/libcurl/c/libcurl-errors.html first for more details.

===== PIPELINE RUN START 2026-08-30T06:31:28 [run_pipeline_persistent] =====

--- RSS Fetch Errors at 2026-08-30 06:33:51 ---
Error fetching https://mafab.hu/rss: HTTP Error 522: 
