
===== PIPELINE RUN START 2026-10-04T00:02:38 [run_pipeline_persistent] =====

--- RSS Fetch Errors at 2026-10-04 00:07:15 ---
Error fetching https://www.gsplus.hu/elet/a-pdsz-szerint-egyes-magyar-osztalyok-terhelese-4045-fosnek-felelhet-meg-ez-mar-gyereknek-es-tanarnak-is-sok-389036.html: Failed to perform, curl: (7) Failed to connect to www.gsplus.hu port 443 after 858 ms: Could not connect to server. See https://curl.se/libcurl/c/libcurl-errors.html first for more details.
Error fetching https://www.gsplus.hu/elet/a-mentok-sokkal-gyorsabbak-voltak-szeptemberben-de-meg-mindig-messze-az-idealis-25-perces-kierkezes-388932.html: Failed to perform, curl: (7) Failed to connect to www.gsplus.hu port 443 after 747 ms: Could not connect to server. See https://curl.se/libcurl/c/libcurl-errors.html first for more details.
Error fetching https://hu.euronews.com/rss: Failed to perform, curl: (7) Failed to connect to hu.euronews.com port 443 after 1160 ms: Could not connect to server. See https://curl.se/libcurl/c/libcurl-errors.html first for more details.
Error fetching https://travelmagazin.hu/feed: Failed to perform, curl: (7) Failed to connect to www.travelmagazin.hu port 443 after 861 ms: Could not connect to server. See https://curl.se/libcurl/c/libcurl-errors.html first for more details.
Error fetching https://9to5mac.com/feed/: Failed to perform, curl: (7) Failed to connect to 9to5mac.com port 443 after 867 ms: Could not connect to server. See https://curl.se/libcurl/c/libcurl-errors.html first for more details.
Error fetching https://allampapirkalkulator.hu/rss: Failed to perform, curl: (7) Failed to connect to allampapirkalkulator.hu port 443 after 1209 ms: Could not connect to server. See https://curl.se/libcurl/c/libcurl-errors.html first for more details.
Error fetching https://www.tomshardware.com/feeds.xml: Failed to perform, curl: (7) Failed to connect to www.tomshardware.com port 443 after 3160 ms: Could not connect to server. See https://curl.se/libcurl/c/libcurl-errors.html first for more details.

===== PIPELINE RUN START 2026-10-04T00:09:10 [run_pipeline_persistent] =====

===== PIPELINE RUN START 2026-10-04T00:14:12 [run_pipeline_persistent] =====

===== PIPELINE RUN START 2026-10-04T00:19:13 [run_pipeline_persistent] =====
[00:20:51] Summarizer: [DownloadWorker-0] SKIP (duplicate title): The air traffic controller who flies him...

===== PIPELINE RUN START 2026-10-04T00:24:15 [run_pipeline_persistent] =====

===== PIPELINE RUN START 2026-10-04T00:29:16 [run_pipeline_persistent] =====

===== PIPELINE RUN START 2026-10-04T00:34:18 [run_pipeline_persistent] =====

===== PIPELINE RUN START 2026-10-04T00:39:20 [run_pipeline_persistent] =====

===== PIPELINE RUN START 2026-10-04T00:44:22 [run_pipeline_persistent] =====

===== PIPELINE RUN START 2026-10-04T00:49:25 [run_pipeline_persistent] =====

===== PIPELINE RUN START 2026-10-04T00:54:27 [run_pipeline_persistent] =====

===== PIPELINE RUN START 2026-10-04T00:59:29 [run_pipeline_persistent] =====

===== PIPELINE RUN START 2026-10-04T01:04:31 [run_pipeline_persistent] =====

===== PIPELINE RUN START 2026-10-04T01:09:32 [run_pipeline_persistent] =====

===== PIPELINE RUN START 2026-10-04T01:14:35 [run_pipeline_persistent] =====

===== PIPELINE RUN START 2026-10-04T01:19:36 [run_pipeline_persistent] =====

===== PIPELINE RUN START 2026-10-04T01:24:38 [run_pipeline_persistent] =====

===== PIPELINE RUN START 2026-10-04T01:29:40 [run_pipeline_persistent] =====

===== PIPELINE RUN START 2026-10-04T01:34:40 [run_pipeline_persistent] =====

===== PIPELINE RUN START 2026-10-04T01:39:41 [run_pipeline_persistent] =====

===== PIPELINE RUN START 2026-10-04T01:44:42 [run_pipeline_persistent] =====

===== PIPELINE RUN START 2026-10-04T01:49:44 [run_pipeline_persistent] =====

===== PIPELINE RUN START 2026-10-04T01:54:45 [run_pipeline_persistent] =====

===== PIPELINE RUN START 2026-10-04T01:59:47 [run_pipeline_persistent] =====

===== PIPELINE RUN START 2026-10-04T02:04:49 [run_pipeline_persistent] =====

===== PIPELINE RUN START 2026-10-04T02:09:51 [run_pipeline_persistent] =====

===== PIPELINE RUN START 2026-10-04T02:14:52 [run_pipeline_persistent] =====

===== PIPELINE RUN START 2026-10-04T02:19:53 [run_pipeline_persistent] =====

===== PIPELINE RUN START 2026-10-04T02:24:55 [run_pipeline_persistent] =====

===== PIPELINE RUN START 2026-10-04T02:29:57 [run_pipeline_persistent] =====

===== PIPELINE RUN START 2026-10-04T02:34:58 [run_pipeline_persistent] =====

===== PIPELINE RUN START 2026-10-04T02:40:00 [run_pipeline_persistent] =====

===== PIPELINE RUN START 2026-10-04T02:45:02 [run_pipeline_persistent] =====

===== PIPELINE RUN START 2026-10-04T02:50:04 [run_pipeline_persistent] =====

===== PIPELINE RUN START 2026-10-04T02:55:05 [run_pipeline_persistent] =====

===== PIPELINE RUN START 2026-10-04T03:00:07 [run_pipeline_persistent] =====
