
--- RSS Fetch Errors at 2026-08-01 00:35:34 ---
Error fetching https://prohardver.hu/hirfolyam/anyagok/rss.xml: Failed to perform, curl: (56) Connection closed abruptly. See https://curl.se/libcurl/c/libcurl-errors.html first for more details.
Error fetching https://www.drive.com.au/feed/: HTTP Error 403: 
Error fetching https://leetgaming.com/feed/: Failed to perform, curl: (28) Connection timed out after 10003 milliseconds. See https://curl.se/libcurl/c/libcurl-errors.html first for more details.
Error fetching https://techpowerup.com/rss/news: HTTP Error 403: 
Error fetching https://feeds.feedburner.com/ign/tv-articles: Failed to perform, curl: (28) Connection timed out after 442954 milliseconds. See https://curl.se/libcurl/c/libcurl-errors.html first for more details.
Error fetching https://prog.hu/site/backend/proghu-rss.xml: Failed to perform, curl: (28) Operation timed out after 442348 milliseconds with 0 bytes received. See https://curl.se/libcurl/c/libcurl-errors.html first for more details.
Error fetching https://cliffhanger.hu/feed: HTTP Error 403: 
Error fetching https://velvet.hu/feed: HTTP Error 404: Not Found
Error fetching https://femina.hu/feed: HTTP Error 404: Not Found
Error fetching https://roadster.hu/feed: Failed to perform, curl: (28) Operation timed out after 865127 milliseconds with 0 bytes received. See https://curl.se/libcurl/c/libcurl-errors.html first for more details.
Error fetching https://funzine.hu/feed: Failed to perform, curl: (28) Resolving timed out after 867972 milliseconds. See https://curl.se/libcurl/c/libcurl-errors.html first for more details.
Error fetching https://www.playboy.com/wp-json/oembed/1.0/embed?url=https%3A%2F%2Fwww.playboy.com%2F&format=xml: Failed to perform, curl: (28) Operation timed out after 865972 milliseconds with 0 bytes received. See https://curl.se/libcurl/c/libcurl-errors.html first for more details.
Error fetching https://fhm.com/feed: Failed to perform, curl: (28) Operation timed out after 868019 milliseconds with 0 bytes received. See https://curl.se/libcurl/c/libcurl-errors.html first for more details.
Error fetching https://sorozatjunkie.hu/feed: Failed to perform, curl: (28) Resolving timed out after 863971 milliseconds. See https://curl.se/libcurl/c/libcurl-errors.html first for more details.
Error fetching https://instylemen.hu/feed: Failed to perform, curl: (28) Connection timed out after 864971 milliseconds. See https://curl.se/libcurl/c/libcurl-errors.html first for more details.
Error fetching https://www.playboy.com/read/sex-relationships/feed: Failed to perform, curl: (28) Resolving timed out after 863970 milliseconds. See https://curl.se/libcurl/c/libcurl-errors.html first for more details.
Error fetching https://faroutmagazine.co.uk/icon.svg: Failed to perform, curl: (28) Resolving timed out after 863970 milliseconds. See https://curl.se/libcurl/c/libcurl-errors.html first for more details.
Error fetching https://firstclass.hu/feed: Failed to perform, curl: (28) Connection timed out after 864971 milliseconds. See https://curl.se/libcurl/c/libcurl-errors.html first for more details.
Error fetching https://travelmagazin.hu/feed: Failed to perform, curl: (28) Resolving timed out after 863970 milliseconds. See https://curl.se/libcurl/c/libcurl-errors.html first for more details.
Error fetching https://www.playboy.com/read/celebrities/feed: Failed to perform, curl: (28) Resolving timed out after 864970 milliseconds. See https://curl.se/libcurl/c/libcurl-errors.html first for more details.
Error fetching https://azutazo.hu/feed: Failed to perform, curl: (28) Resolving timed out after 863968 milliseconds. See https://curl.se/libcurl/c/libcurl-errors.html first for more details.
Error fetching https://www.economx.hu/feed: Failed to perform, curl: (28) Resolving timed out after 868397 milliseconds. See https://curl.se/libcurl/c/libcurl-errors.html first for more details.
Error fetching https://player.hu/feed: Failed to perform, curl: (28) Resolving timed out after 865739 milliseconds. See https://curl.se/libcurl/c/libcurl-errors.html first for more details.
Error fetching https://bankless.com/feed: Failed to perform, curl: (28) Connection timed out after 864545 milliseconds. See https://curl.se/libcurl/c/libcurl-errors.html first for more details.
Error fetching https://www.playboy.com/read/classics/feed: Failed to perform, curl: (28) Connection timed out after 864717 milliseconds. See https://curl.se/libcurl/c/libcurl-errors.html first for more details.
Error fetching https://ng.24.hu/feed: Failed to perform, curl: (28) Operation timed out after 868541 milliseconds with 0 bytes received. See https://curl.se/libcurl/c/libcurl-errors.html first for more details.
Error fetching https://hwsw.hu/hirek/rss: Failed to perform, curl: (28) Connection timed out after 866623 milliseconds. See https://curl.se/libcurl/c/libcurl-errors.html first for more details.
Error fetching https://the-zone.hu/feed: Failed to perform, curl: (28) Operation timed out after 868556 milliseconds with 0 bytes received. See https://curl.se/libcurl/c/libcurl-errors.html first for more details.
Error fetching https://marieclaire.hu/feed: Failed to perform, curl: (28) Connection timed out after 868565 milliseconds. See https://curl.se/libcurl/c/libcurl-errors.html first for more details.
[01:08:44] Summarizer: [Batch] 4 item(s) missing from response → marked for reprocessing
[01:08:50] Summarizer: [Batch] 3 item(s) missing from response → marked for reprocessing
[01:08:59] Summarizer: [Batch] 2 item(s) missing from response → marked for reprocessing
[01:09:02] Summarizer: [Batch] 5 item(s) missing from response → marked for reprocessing
[01:21:21] Summarizer: [DownloadWorker-0] SKIP (duplicate title): Leállítják a jégelhárító JÉGER-rendszert...
[01:21:23] Summarizer: [Batch] 4 item(s) missing from response → marked for reprocessing
[01:21:52] Summarizer: [Batch] 2 item(s) missing from response → marked for reprocessing
[01:21:53] Summarizer: [DownloadWorker-6] SKIP (duplicate title): A Mercedes-gyár is csökkenti az energiaf...
[01:21:59] Summarizer: [DownloadWorker-3] SKIP (duplicate title): Megbízott vezetőket neveztek ki három or...
[01:22:00] Summarizer: [Batch] 2 item(s) missing from response → marked for reprocessing
[01:22:02] Summarizer: [DownloadWorker-6] SKIP (duplicate title): Megdőlt a fővárosi napi melegrekord...
[01:37:40] Image_Downloader: Download failed (https://bitcoinmagazine.com/wp-content/uploads/2026/07/tn2-3.webp): ('Connection aborted.', ConnectionResetError(54, 'Connection reset by peer'))
[01:37:41] Summarizer: [DownloadWorker-1] SKIP (duplicate title): A nap legfontosabb hírei – 2026.07.31....
[01:38:07] Summarizer: [DownloadWorker-6] SKIP (duplicate title): Emelkedéssel zártak az amerikai tőzsdék...
[01:38:08] Summarizer: [DownloadWorker-2] SKIP (duplicate title): What To Watch This Weekend: New Shows An...
[01:38:22] Summarizer: [DownloadWorker-4] SKIP (duplicate title): Best Rural Internet Providers for 2026...
[01:54:43] Summarizer: [DownloadWorker-1] SKIP (duplicate title): Új formában térhet vissza az Amnesia: Th...
[01:54:46] Summarizer: [DownloadWorker-5] SKIP (duplicate title): YouTube TV and DirecTV Subscribers Could...
[01:55:27] Summarizer: [DownloadWorker-1] SKIP (duplicate title): Itt a döntés: így változik holnap a benz...
[01:55:30] Summarizer: [DownloadWorker-5] SKIP (duplicate title): Everything Coming to HBO Max in August...
[02:11:14] Summarizer: TIMEOUT (180s) - backend call took too long
[02:11:14] Summarizer: [Batch] No response from API (attempt 1/3)
[02:11:23] Summarizer: [DownloadWorker-4] SKIP (duplicate title): The 4K-Capable Andromeda Insights Radeon...
[02:11:31] Summarizer: [MissingDetector] ⚠️ PAIRING FAIL: 'https://telex.hu/kulfold/2026/07/31/aszaly-svajc-brenets-t-kiszaradt-csapadekhiany' not found. KEEPING ITEM (Fallback).
[02:11:31] Summarizer: [Batch] 2 item(s) missing from response → marked for reprocessing
[02:11:31] Summarizer: [FreeGeminiAPI_1] ⚠️ PAIRING FAIL: 'https://telex.hu/kulfold/2026/07/31/aszaly-svajc-brenets-t-kiszaradt-csapadekhiany' not found. KEEPING ITEM (Fallback).
[02:11:38] Summarizer: [Batch] 1 item(s) missing from response → marked for reprocessing
[02:27:29] Summarizer: [DownloadWorker-6] SKIP (duplicate title): Korrigál az olaj ára, megtáltosodott a f...
[02:27:29] Summarizer: TIMEOUT (180s) - backend call took too long
[02:27:29] Summarizer: [Batch] No response from API (attempt 1/3)
[02:27:33] Summarizer: TIMEOUT (180s) - backend call took too long
[02:27:33] Summarizer: [Batch] No response from API (attempt 1/3)
[02:27:50] Summarizer: [Batch] 1 item(s) missing from response → marked for reprocessing
[02:43:32] Summarizer: [DownloadWorker-6] SKIP (duplicate title): Már lehet pályázni a CFO of the year díj...
[03:18:00] Summarizer: TIMEOUT (180s) - backend call took too long
[03:18:00] Summarizer: [Batch] No response from API (attempt 1/3)
[03:18:17] Summarizer: [Batch] 1 item(s) missing from response → marked for reprocessing
[03:18:22] Summarizer: [Batch] 3 item(s) missing from response → marked for reprocessing
[03:34:47] Summarizer: TIMEOUT (180s) - backend call took too long
[03:34:47] Summarizer: [Batch] No response from API (attempt 1/3)
[03:34:50] Summarizer: TIMEOUT (180s) - backend call took too long
[03:34:50] Summarizer: [Batch] No response from API (attempt 1/3)
[03:35:04] Summarizer: [Batch] 1 item(s) missing from response → marked for reprocessing
[03:35:07] Summarizer: [Batch] 1 item(s) missing from response → marked for reprocessing
[04:09:17] Summarizer: [Batch] No response from API (attempt 1/3)
[04:09:17] Summarizer: [Batch] No response from API (attempt 1/3)
[04:09:17] Summarizer: [Batch] No response from API (attempt 1/3)
[04:09:55] Summarizer: [Batch] 1 item(s) missing from response → marked for reprocessing
[04:09:56] Summarizer: [Batch] 2 item(s) missing from response → marked for reprocessing
[04:10:01] Image_Downloader: Download failed (https://www.cnet.com/wp-content/uploads/sites/2/fc8863b4-83bf-48f2-a918-160747e129c3.jpg): HTTPSConnectionPool(host='www.cnet.com', port=443): Read timed out. (read timeout=5)
[04:10:03] Summarizer: [Batch] 1 item(s) missing from response → marked for reprocessing
[04:10:10] Summarizer: [Batch] 2 item(s) missing from response → marked for reprocessing
[04:26:24] Image_Downloader: Download failed (https://s3-images.ctmedia.io/media/article-covers/papertether-dollar.jpg): ('Connection aborted.', ConnectionResetError(54, 'Connection reset by peer'))
[04:26:24] Summarizer: [Batch] No response from API (attempt 1/3)

--- RSS Fetch Errors at 2026-08-01 04:26:33 ---
Error fetching https://www.penzcentrum.hu/rss: Failed to perform, curl: (28) Resolving timed out after 436372 milliseconds. See https://curl.se/libcurl/c/libcurl-errors.html first for more details.
Error fetching https://www.portfolio.hu/rss/all.xml: Failed to perform, curl: (28) Resolving timed out after 437947 milliseconds. See https://curl.se/libcurl/c/libcurl-errors.html first for more details.
Error fetching https://www.portfolio.hu/rss/: Failed to perform, curl: (28) Connection timed out after 437948 milliseconds. See https://curl.se/libcurl/c/libcurl-errors.html first for more details.
Error fetching https://www.vezess.hu/feed/: Failed to perform, curl: (28) Resolving timed out after 436126 milliseconds. See https://curl.se/libcurl/c/libcurl-errors.html first for more details.
Error fetching https://raketa.hu/feed: Failed to perform, curl: (28) Resolving timed out after 435945 milliseconds. See https://curl.se/libcurl/c/libcurl-errors.html first for more details.
Error fetching https://esport1.hu/rss: Failed to perform, curl: (28) Resolving timed out after 435946 milliseconds. See https://curl.se/libcurl/c/libcurl-errors.html first for more details.
Error fetching https://welovebudapest.com/feed/: Failed to perform, curl: (28) Resolving timed out after 435946 milliseconds. See https://curl.se/libcurl/c/libcurl-errors.html first for more details.
Error fetching https://rss.nytimes.com/services/xml/rss/nyt/Technology.xml: Failed to perform, curl: (28) Resolving timed out after 435945 milliseconds. See https://curl.se/libcurl/c/libcurl-errors.html first for more details.
Error fetching https://hwsw.hu/xml/latest_news_rss.xml: Failed to perform, curl: (28) Connection timed out after 437949 milliseconds. See https://curl.se/libcurl/c/libcurl-errors.html first for more details.
Error fetching https://totalcar.hu/24ora/rss/: Failed to perform, curl: (28) Connection timed out after 436526 milliseconds. See https://curl.se/libcurl/c/libcurl-errors.html first for more details.
Error fetching https://hold.hu/holdblog/feed: Failed to perform, curl: (28) Resolving timed out after 437948 milliseconds. See https://curl.se/libcurl/c/libcurl-errors.html first for more details.
Error fetching https://forbes.hu/feed/: Failed to perform, curl: (28) Resolving timed out after 437948 milliseconds. See https://curl.se/libcurl/c/libcurl-errors.html first for more details.
Error fetching https://rss.nytimes.com/services/xml/rss/nyt/Science.xml: Failed to perform, curl: (28) Resolving timed out after 435946 milliseconds. See https://curl.se/libcurl/c/libcurl-errors.html first for more details.
Error fetching https://www.cnet.com/rss/all/: Failed to perform, curl: (28) Resolving timed out after 435856 milliseconds. See https://curl.se/libcurl/c/libcurl-errors.html first for more details.
Error fetching https://vezess.hu/rss: Failed to perform, curl: (28) Connection timed out after 436552 milliseconds. See https://curl.se/libcurl/c/libcurl-errors.html first for more details.
Error fetching https://index.hu/tudomany/rss/: Failed to perform, curl: (28) Resolving timed out after 439949 milliseconds. See https://curl.se/libcurl/c/libcurl-errors.html first for more details.
Error fetching https://leetgaming.com/feed/: Failed to perform, curl: (28) Connection timed out after 439948 milliseconds. See https://curl.se/libcurl/c/libcurl-errors.html first for more details.
Error fetching https://index.hu/24ora/rss: Failed to perform, curl: (28) Operation timed out after 439948 milliseconds with 0 bytes received. See https://curl.se/libcurl/c/libcurl-errors.html first for more details.
Error fetching https://index.hu/kulfold/rss/: Failed to perform, curl: (28) Operation timed out after 439949 milliseconds with 0 bytes received. See https://curl.se/libcurl/c/libcurl-errors.html first for more details.
Error fetching https://index.hu/belfold/rss/: Failed to perform, curl: (28) Connection timed out after 439949 milliseconds. See https://curl.se/libcurl/c/libcurl-errors.html first for more details.
Error fetching https://www.drive.com.au/feed/: HTTP Error 403: 
Error fetching https://techpowerup.com/rss/news: HTTP Error 403: 
Error fetching https://femina.hu/feed: HTTP Error 404: Not Found
Error fetching https://cliffhanger.hu/feed: HTTP Error 403: 
Error fetching https://hwsw.hu/hirek/rss: HTTP Error 404: 
Error fetching https://instylemen.hu/feed: HTTP Error 404: 
Error fetching https://velvet.hu/feed: HTTP Error 404: Not Found
Error fetching https://www.vezess.hu/wp-json/oembed/1.0/embed?url=https%3A%2F%2Fwww.vezess.hu%2F&format=xml: HTTP Error 401: Unauthorized
[04:26:43] Summarizer: [MissingDetector] ⚠️ PAIRING FAIL: 'https://index.hu/mindekozben/poszt/20260730/meglepo-kampany-egy-filmsztar-probalja-megmenteni-a-salatakat-a-kukatol/' not found. KEEPING ITEM (Fallback).
[04:26:43] Summarizer: [Batch] 3 item(s) missing from response → marked for reprocessing
[04:26:43] Summarizer: [FreeGeminiAPI_3] ⚠️ PAIRING FAIL: 'https://index.hu/mindekozben/poszt/20260730/meglepo-kampany-egy-filmsztar-probalja-megmenteni-a-salatakat-a-kukatol/' not found. KEEPING ITEM (Fallback).
[04:26:53] Summarizer: [Batch] 1 item(s) missing from response → marked for reprocessing
[04:26:56] Summarizer: [DownloadWorker-4] SKIP (duplicate title): The Ferrari Luce EV Proves The Haters Wr...
[04:27:00] Summarizer: [DownloadWorker-5] SKIP (duplicate title): Újra itt a kánikula, a strandon túl hová...
[04:27:03] Summarizer: [MissingDetector] ⚠️ PAIRING FAIL: 'https://nlc.hu/tabuk-nelkul/20260731/ne-hagyjuk-hogy-egy-nyari-baki-hazavagja-a-pihenest-mutatjuk-hogy-mi-legyen-az-uti-patikaban-x' not found. KEEPING ITEM (Fallback).
[04:27:03] Summarizer: [Batch] 3 item(s) missing from response → marked for reprocessing
[04:27:03] Summarizer: [FreeGeminiAPI_1] ⚠️ PAIRING FAIL: 'https://nlc.hu/tabuk-nelkul/20260731/ne-hagyjuk-hogy-egy-nyari-baki-hazavagja-a-pihenest-mutatjuk-hogy-mi-legyen-az-uti-patikaban-x' not found. KEEPING ITEM (Fallback).
[04:27:05] Summarizer: [Batch] 2 item(s) missing from response → marked for reprocessing
[04:27:06] Summarizer: [DownloadWorker-3] SKIP (duplicate title): A hét kérdése: zavaró, ha felismerhető a...
[04:43:02] Summarizer: [DownloadWorker-1] SKIP (duplicate title): TB 26-04 Webbings for Use in Elevated Ox...
[04:43:04] Summarizer: [DownloadWorker-5] SKIP (duplicate title): Podcast: Tesla/SpaceX merger, Rivian R2 ...
[04:43:15] Summarizer: [Batch] 2 item(s) missing from response → marked for reprocessing
[04:43:17] Summarizer: [DownloadWorker-2] SKIP (duplicate title): 3 csillagjegyekre végre rámosolyog a sze...
[04:43:21] Image_Downloader: Download failed (https://pcdn.hu/articles/images-xl/m/o/n/monte-paschi-543035.jpg): HTTPSConnectionPool(host='pcdn.hu', port=443): Read timed out. (read timeout=20)
[04:43:34] Summarizer: [DownloadWorker-5] SKIP (duplicate title): Ne hagyjuk, hogy egy nyári baki hazavágj...
[04:43:34] Summarizer: [Batch] 2 item(s) missing from response → marked for reprocessing
[04:43:37] Image_Downloader: Download failed (https://wmn.hu/picture/138078/normal/400/00400340.jpeg): HTTPSConnectionPool(host='wmn.hu', port=443): Read timed out. (read timeout=5)
[04:43:45] Summarizer: [DownloadWorker-9] SKIP (duplicate title): I made a hyper organised plant shop in L...
[04:59:20] Summarizer: [Batch] 1 item(s) missing from response → marked for reprocessing
[04:59:22] Summarizer: [Batch] 2 item(s) missing from response → marked for reprocessing
[04:59:59] Summarizer: TIMEOUT (180s) - backend call took too long
[04:59:59] Summarizer: [Batch] No response from API (attempt 1/3)
[05:00:15] Summarizer: [Batch] 2 item(s) missing from response → marked for reprocessing
[05:00:22] Summarizer: [Batch] 2 item(s) missing from response → marked for reprocessing
[05:00:28] Summarizer: TIMEOUT (180s) - backend call took too long
[05:00:28] Summarizer: [Batch] No response from API (attempt 1/3)
[05:16:31] Summarizer: [Batch] 1 item(s) missing from response → marked for reprocessing
[05:16:50] Summarizer: [MissingDetector] ⚠️ PAIRING FAIL: 'https://www.portfolio.hu/bank/20260730/intesa-vezerigazgado-teljesen-kizart-hogy-magasabb-ajanlatot-tegyenek-a-kiszemelt-penzintezetert-852996' not found. KEEPING ITEM (Fallback).
[05:16:50] Summarizer: [Batch] 3 item(s) missing from response → marked for reprocessing
[05:16:50] Summarizer: [FreeGeminiAPI_1] ⚠️ PAIRING FAIL: 'https://www.portfolio.hu/bank/20260730/intesa-vezerigazgado-teljesen-kizart-hogy-magasabb-ajanlatot-tegyenek-a-kiszemelt-penzintezetert-852996' not found. KEEPING ITEM (Fallback).
[05:16:54] Summarizer: TIMEOUT (180s) - backend call took too long
[05:16:54] Summarizer: [Batch] No response from API (attempt 1/3)
[05:16:57] Summarizer: TIMEOUT (180s) - backend call took too long
[05:16:57] Summarizer: [Batch] No response from API (attempt 1/3)
[05:33:00] Summarizer: [Batch] No response from API (attempt 1/3)
[05:33:04] Summarizer: [Batch] 1 item(s) missing from response → marked for reprocessing
[05:33:06] Summarizer: [Batch] 3 item(s) missing from response → marked for reprocessing
[05:33:12] Summarizer: Reprocessing 1 pairing failures from data.json
[05:33:18] Summarizer: [MissingDetector] ⚠️ PAIRING FAIL: 'https://www.portfolio.hu/unios-forrasok/20260722/megujul-a-teljes-gyori-vasuti-kozlekedes-a-cel-hogy-160-nal-lehessen-repesztene-851454' not found. KEEPING ITEM (Fallback).
[05:33:18] Summarizer: [Batch] 1 item(s) missing from response → marked for reprocessing
[05:33:18] Summarizer: [FreeGeminiAPI_2] ⚠️ PAIRING FAIL: 'https://www.portfolio.hu/unios-forrasok/20260722/megujul-a-teljes-gyori-vasuti-kozlekedes-a-cel-hogy-160-nal-lehessen-repesztene-851454' not found. KEEPING ITEM (Fallback).
[05:33:23] Summarizer: Reprocessing 3 pairing failures from data.json
[05:49:44] Image_Downloader: Download failed (https://raw.githubusercontent.com/Derushir/Kepek/main/67c6357751300334f52e35f893ac854f/news/teveteszt-mire-figyeljunk-ha-sportkozvetitesekhez-vasarolunk.jpg): 404 Client Error: Not Found for url: https://raw.githubusercontent.com/Derushir/Kepek/main/67c6357751300334f52e35f893ac854f/news/teveteszt-mire-figyeljunk-ha-sportkozvetitesekhez-vasarolunk.jpg
[05:49:44] Image_Downloader: Download failed (https://raw.githubusercontent.com/Derushir/Kepek/main/67c6357751300334f52e35f893ac854f/news/szeptember-1-jen-kezdodik-a-tanev-itt-az-uj-iskolai-menetren.jpg): 404 Client Error: Not Found for url: https://raw.githubusercontent.com/Derushir/Kepek/main/67c6357751300334f52e35f893ac854f/news/szeptember-1-jen-kezdodik-a-tanev-itt-az-uj-iskolai-menetren.jpg
[05:49:44] Image_Downloader: Download failed (https://raw.githubusercontent.com/Derushir/Kepek/main/67c6357751300334f52e35f893ac854f/news/atfogo-vasuti-fejlesztes-indul-gyorben-2030-ig.jpg): 404 Client Error: Not Found for url: https://raw.githubusercontent.com/Derushir/Kepek/main/67c6357751300334f52e35f893ac854f/news/atfogo-vasuti-fejlesztes-indul-gyorben-2030-ig.jpg
[05:49:44] Image_Downloader: Download failed (https://raw.githubusercontent.com/Derushir/Kepek/main/67c6357751300334f52e35f893ac854f/news/sajat-csapat-veszi-at-az-idojaras-jelentes-gyartasat-a-kozme.webp): 404 Client Error: Not Found for url: https://raw.githubusercontent.com/Derushir/Kepek/main/67c6357751300334f52e35f893ac854f/news/sajat-csapat-veszi-at-az-idojaras-jelentes-gyartasat-a-kozme.webp
[05:49:44] Image_Downloader: Download failed (https://raw.githubusercontent.com/Derushir/Kepek/main/67c6357751300334f52e35f893ac854f/news/vizsgaljak-a-vegrehajtasi-visszaeleseket-a-parlamentben.jpg): 404 Client Error: Not Found for url: https://raw.githubusercontent.com/Derushir/Kepek/main/67c6357751300334f52e35f893ac854f/news/vizsgaljak-a-vegrehajtasi-visszaeleseket-a-parlamentben.jpg
[05:49:44] Image_Downloader: Download failed (https://raw.githubusercontent.com/Derushir/Kepek/main/67c6357751300334f52e35f893ac854f/news/budapesti-melegrekord-dolt-meg-394-fokot-mertek-ujpesten.jpg): 404 Client Error: Not Found for url: https://raw.githubusercontent.com/Derushir/Kepek/main/67c6357751300334f52e35f893ac854f/news/budapesti-melegrekord-dolt-meg-394-fokot-mertek-ujpesten.jpg
[05:49:44] Image_Downloader: Download failed (https://raw.githubusercontent.com/Derushir/Kepek/main/67c6357751300334f52e35f893ac854f/news/jelentos-beremelest-kaphat-a-hun-ren-kutatohalozat.jpg): 404 Client Error: Not Found for url: https://raw.githubusercontent.com/Derushir/Kepek/main/67c6357751300334f52e35f893ac854f/news/jelentos-beremelest-kaphat-a-hun-ren-kutatohalozat.jpg
[05:49:44] Image_Downloader: Download failed (https://raw.githubusercontent.com/Derushir/Kepek/main/67c6357751300334f52e35f893ac854f/news/eroszakos-tuntetok-tamadtak-meg-az-olaszorszagi-lyon-torino-.jpg): 404 Client Error: Not Found for url: https://raw.githubusercontent.com/Derushir/Kepek/main/67c6357751300334f52e35f893ac854f/news/eroszakos-tuntetok-tamadtak-meg-az-olaszorszagi-lyon-torino-.jpg
[05:49:45] Image_Downloader: Download failed (https://raw.githubusercontent.com/Derushir/Kepek/main/67c6357751300334f52e35f893ac854f/news/texasban-bovul-az-usa-egyik-legnagyobb-naperomu-komplexuma.jpg): 404 Client Error: Not Found for url: https://raw.githubusercontent.com/Derushir/Kepek/main/67c6357751300334f52e35f893ac854f/news/texasban-bovul-az-usa-egyik-legnagyobb-naperomu-komplexuma.jpg
[05:49:45] Image_Downloader: Download failed (https://raw.githubusercontent.com/Derushir/Kepek/main/67c6357751300334f52e35f893ac854f/news/vegyes-architekturaval-erkezik-az-amd-zen-6-lp-processzorcsa.jpg): 404 Client Error: Not Found for url: https://raw.githubusercontent.com/Derushir/Kepek/main/67c6357751300334f52e35f893ac854f/news/vegyes-architekturaval-erkezik-az-amd-zen-6-lp-processzorcsa.jpg
[05:49:45] Image_Downloader: Download failed (https://raw.githubusercontent.com/Derushir/Kepek/main/67c6357751300334f52e35f893ac854f/news/tobb-mint-11-szazalekot-zuhant-a-meta-reszvenye-az-ai-koltes.jpg): 404 Client Error: Not Found for url: https://raw.githubusercontent.com/Derushir/Kepek/main/67c6357751300334f52e35f893ac854f/news/tobb-mint-11-szazalekot-zuhant-a-meta-reszvenye-az-ai-koltes.jpg
[05:49:46] Image_Downloader: Download failed (https://raw.githubusercontent.com/Derushir/Kepek/main/67c6357751300334f52e35f893ac854f/news/tim-cook-utalt-ra-hogy-az-uj-ai-alapu-siri-fizetos-szolgalta.png): 404 Client Error: Not Found for url: https://raw.githubusercontent.com/Derushir/Kepek/main/67c6357751300334f52e35f893ac854f/news/tim-cook-utalt-ra-hogy-az-uj-ai-alapu-siri-fizetos-szolgalta.png
[05:49:49] Image_Downloader: Download failed (https://raw.githubusercontent.com/Derushir/Kepek/main/67c6357751300334f52e35f893ac854f/news/ujabb-890-millio-euros-birsagot-kapott-a-google-az-europai-u.jpg): 404 Client Error: Not Found for url: https://raw.githubusercontent.com/Derushir/Kepek/main/67c6357751300334f52e35f893ac854f/news/ujabb-890-millio-euros-birsagot-kapott-a-google-az-europai-u.jpg
[05:49:49] Image_Downloader: Download failed (https://raw.githubusercontent.com/Derushir/Kepek/main/67c6357751300334f52e35f893ac854f/news/tobb-mint-100-millio-euros-ingatlanportfoliot-vasarolt-az-ap.jpg): 404 Client Error: Not Found for url: https://raw.githubusercontent.com/Derushir/Kepek/main/67c6357751300334f52e35f893ac854f/news/tobb-mint-100-millio-euros-ingatlanportfoliot-vasarolt-az-ap.jpg
[05:49:49] Image_Downloader: Download failed (https://raw.githubusercontent.com/Derushir/Kepek/main/67c6357751300334f52e35f893ac854f/news/uj-szelcsatornat-nyitott-a-nasa-a-repulestechnikai-kutatasok.jpg): 404 Client Error: Not Found for url: https://raw.githubusercontent.com/Derushir/Kepek/main/67c6357751300334f52e35f893ac854f/news/uj-szelcsatornat-nyitott-a-nasa-a-repulestechnikai-kutatasok.jpg
[05:49:50] Image_Downloader: Download failed (https://raw.githubusercontent.com/Derushir/Kepek/main/67c6357751300334f52e35f893ac854f/news/tiz-ev-utan-is-talpon-a-los-angeles-i-gwen-etterem-a-bezaras.jpg): 404 Client Error: Not Found for url: https://raw.githubusercontent.com/Derushir/Kepek/main/67c6357751300334f52e35f893ac854f/news/tiz-ev-utan-is-talpon-a-los-angeles-i-gwen-etterem-a-bezaras.jpg
[05:49:51] Image_Downloader: Download failed (https://raw.githubusercontent.com/Derushir/Kepek/main/67c6357751300334f52e35f893ac854f/news/vig-alapkezelo-massziv-korrekcio-az-ai-reszvenyeknel-bizonyt.jpg): 404 Client Error: Not Found for url: https://raw.githubusercontent.com/Derushir/Kepek/main/67c6357751300334f52e35f893ac854f/news/vig-alapkezelo-massziv-korrekcio-az-ai-reszvenyeknel-bizonyt.jpg
[05:49:51] Image_Downloader: Download failed (https://raw.githubusercontent.com/Derushir/Kepek/main/67c6357751300334f52e35f893ac854f/news/tortenelmi-bankfuzio-targyalasokba-kezdett-a-commerzbank-es-.jpg): 404 Client Error: Not Found for url: https://raw.githubusercontent.com/Derushir/Kepek/main/67c6357751300334f52e35f893ac854f/news/tortenelmi-bankfuzio-targyalasokba-kezdett-a-commerzbank-es-.jpg
[05:49:51] Image_Downloader: Download failed (https://raw.githubusercontent.com/Derushir/Kepek/main/67c6357751300334f52e35f893ac854f/news/uj-logisztikai-kozpont-epul-budapesten-az-otp-finanszirozasa.jpg): 404 Client Error: Not Found for url: https://raw.githubusercontent.com/Derushir/Kepek/main/67c6357751300334f52e35f893ac854f/news/uj-logisztikai-kozpont-epul-budapesten-az-otp-finanszirozasa.jpg
[05:49:52] Image_Downloader: Download failed (https://raw.githubusercontent.com/Derushir/Kepek/main/67c6357751300334f52e35f893ac854f/news/ujabb-ismeros-karakterek-tuntek-fel-a-stuart-az-univerzum-el.jpg): 404 Client Error: Not Found for url: https://raw.githubusercontent.com/Derushir/Kepek/main/67c6357751300334f52e35f893ac854f/news/ujabb-ismeros-karakterek-tuntek-fel-a-stuart-az-univerzum-el.jpg
[05:49:53] Image_Downloader: Download failed (https://raw.githubusercontent.com/Derushir/Kepek/main/67c6357751300334f52e35f893ac854f/news/ujra-elokerult-a-torolt-batman-gotham-by-gaslight-jatek-felv.jpg): 404 Client Error: Not Found for url: https://raw.githubusercontent.com/Derushir/Kepek/main/67c6357751300334f52e35f893ac854f/news/ujra-elokerult-a-torolt-batman-gotham-by-gaslight-jatek-felv.jpg
[05:49:54] Image_Downloader: Download failed (https://raw.githubusercontent.com/Derushir/Kepek/main/67c6357751300334f52e35f893ac854f/news/zendaya-szerint-is-az-erzelmi-feszultseg-teszi-emlekezetesse.jpg): 404 Client Error: Not Found for url: https://raw.githubusercontent.com/Derushir/Kepek/main/67c6357751300334f52e35f893ac854f/news/zendaya-szerint-is-az-erzelmi-feszultseg-teszi-emlekezetesse.jpg
[05:49:55] Image_Downloader: Download failed (https://raw.githubusercontent.com/Derushir/Kepek/main/67c6357751300334f52e35f893ac854f/news/the-weeknd-rajongasa-a-persona-sorozatert-es-a-lehetseges-ze.jpg): 404 Client Error: Not Found for url: https://raw.githubusercontent.com/Derushir/Kepek/main/67c6357751300334f52e35f893ac854f/news/the-weeknd-rajongasa-a-persona-sorozatert-es-a-lehetseges-ze.jpg
[05:49:55] Image_Downloader: Download failed (https://raw.githubusercontent.com/Derushir/Kepek/main/67c6357751300334f52e35f893ac854f/news/uj-kartyakat-mutatott-be-a-keszulo-cyberpunk-gyujtogetos-kar.jpg): 404 Client Error: Not Found for url: https://raw.githubusercontent.com/Derushir/Kepek/main/67c6357751300334f52e35f893ac854f/news/uj-kartyakat-mutatott-be-a-keszulo-cyberpunk-gyujtogetos-kar.jpg
[05:49:55] Image_Downloader: Download failed (https://raw.githubusercontent.com/Derushir/Kepek/main/67c6357751300334f52e35f893ac854f/news/terjeszkedik-a-uniswap-a-robinhood-chain-halozatan.png): 404 Client Error: Not Found for url: https://raw.githubusercontent.com/Derushir/Kepek/main/67c6357751300334f52e35f893ac854f/news/terjeszkedik-a-uniswap-a-robinhood-chain-halozatan.png
[05:49:56] Image_Downloader: Download failed (https://raw.githubusercontent.com/Derushir/Kepek/main/67c6357751300334f52e35f893ac854f/news/viztakarekossagi-tippek-es-a-hazai-vizellatas-kihivasai.jpg): 404 Client Error: Not Found for url: https://raw.githubusercontent.com/Derushir/Kepek/main/67c6357751300334f52e35f893ac854f/news/viztakarekossagi-tippek-es-a-hazai-vizellatas-kihivasai.jpg
[05:49:56] Image_Downloader: Download failed (https://raw.githubusercontent.com/Derushir/Kepek/main/67c6357751300334f52e35f893ac854f/news/ujra-hodit-a-szoknyanadrag-igy-viseljuk-stilusosan-a-szezon-.jpg): 404 Client Error: Not Found for url: https://raw.githubusercontent.com/Derushir/Kepek/main/67c6357751300334f52e35f893ac854f/news/ujra-hodit-a-szoknyanadrag-igy-viseljuk-stilusosan-a-szezon-.jpg
[05:49:57] Image_Downloader: Download failed (https://raw.githubusercontent.com/Derushir/Kepek/main/67c6357751300334f52e35f893ac854f/news/tucker-kraft-visszatert-a-green-bay-packers-edzeseire.jpg): 404 Client Error: Not Found for url: https://raw.githubusercontent.com/Derushir/Kepek/main/67c6357751300334f52e35f893ac854f/news/tucker-kraft-visszatert-a-green-bay-packers-edzeseire.jpg

--- RSS Fetch Errors at 2026-08-01 06:18:11 ---
Error fetching https://www.drive.com.au/feed/: HTTP Error 403: 
Error fetching https://techpowerup.com/rss/news: HTTP Error 403: 
Error fetching https://leetgaming.com/feed/: Failed to perform, curl: (28) Connection timed out after 10004 milliseconds. See https://curl.se/libcurl/c/libcurl-errors.html first for more details.
Error fetching https://femina.hu/feed: HTTP Error 404: Not Found
Error fetching https://hwsw.hu/hirek/rss: HTTP Error 404: 
Error fetching https://velvet.hu/feed: HTTP Error 404: Not Found
Error fetching https://instylemen.hu/feed: HTTP Error 404: 
Error fetching https://cliffhanger.hu/feed: HTTP Error 403: 
[06:18:56] Summarizer: [DownloadWorker-5] SKIP (duplicate title): What’s Up: August 2026 Skywatching Tips ...
[06:18:57] Summarizer: [DownloadWorker-4] SKIP (duplicate title): The Ferrari Luce EV Proves The Haters Wr...
[06:18:59] Summarizer: [DownloadWorker-7] SKIP (duplicate title): A hét kérdése: zavaró, ha felismerhető a...
[06:36:01] Summarizer: [DownloadWorker-3] SKIP (duplicate title): TB 26-04 Webbings for Use in Elevated Ox...
[06:36:04] Summarizer: [DownloadWorker-0] SKIP (duplicate title): Today’s NYT Strands Hints, Answers and H...
[06:36:05] Summarizer: [DownloadWorker-7] SKIP (duplicate title): Podcast: Tesla/SpaceX merger, Rivian R2 ...
[06:36:06] Summarizer: [DownloadWorker-8] SKIP (duplicate title): Sokan dísznövényként tartják őket, pedig...
[06:36:07] Summarizer: [Batch] No response from API (attempt 1/3)
[06:36:09] Summarizer: [DownloadWorker-0] SKIP (duplicate title): Újra itt a kánikula, a strandon túl hová...
[06:36:10] Summarizer: [DownloadWorker-2] SKIP (duplicate title): I made a hyper organised plant shop in L...
[06:36:13] Summarizer: [Batch] 3 item(s) missing from response → marked for reprocessing
[06:36:20] Summarizer: [DownloadWorker-0] SKIP (duplicate title): Meglepő kampány, egy filmsztár próbálja ...
[06:36:20] Summarizer: [Batch] 1 item(s) missing from response → marked for reprocessing
[06:36:28] Summarizer: [DownloadWorker-8] SKIP (duplicate title): Ne hagyjuk, hogy egy nyári baki hazavágj...
[06:36:34] Summarizer: [Batch] 2 item(s) missing from response → marked for reprocessing
[06:39:49] Summarizer: [DownloadWorker-2] SKIP (duplicate title): 3 csillagjegyekre végre rámosolyog a sze...
[06:39:52] Summarizer: [DownloadWorker-9] SKIP (duplicate title): RTR Cofounder Jennifer Hyman Reveals Her...
[06:40:08] Summarizer: [Batch] 3 item(s) missing from response → marked for reprocessing
[06:40:18] Image_Downloader: Download failed (https://pcdn.hu/articles/images-xl/c/e/u/ceuta-845846.jpg): HTTPSConnectionPool(host='pcdn.hu', port=443): Read timed out. (read timeout=5)
[06:57:00] Summarizer: [Batch] No response from API (attempt 1/3)
[06:57:14] Summarizer: [Batch] 4 item(s) missing from response → marked for reprocessing
[07:29:33] Summarizer: [Batch] No response from API (attempt 1/3)
[07:29:33] Summarizer: [Batch] No response from API (attempt 1/3)
[07:29:47] Summarizer: [Batch] 4 item(s) missing from response → marked for reprocessing
[07:46:19] Image_Downloader: Download failed (https://raw.githubusercontent.com/Derushir/Kepek/main/67c6357751300334f52e35f893ac854f/news/a-belmikrobiom-szerepe-az-immunrendszerben-es-a-nyari-egeszs.jpg): 404 Client Error: Not Found for url: https://raw.githubusercontent.com/Derushir/Kepek/main/67c6357751300334f52e35f893ac854f/news/a-belmikrobiom-szerepe-az-immunrendszerben-es-a-nyari-egeszs.jpg
[07:46:19] Image_Downloader: Download failed (https://raw.githubusercontent.com/Derushir/Kepek/main/67c6357751300334f52e35f893ac854f/news/a-diakok-es-a-szulok-bevonasat-szorgalmazza-a-pedagogusok-er.jpg): 404 Client Error: Not Found for url: https://raw.githubusercontent.com/Derushir/Kepek/main/67c6357751300334f52e35f893ac854f/news/a-diakok-es-a-szulok-bevonasat-szorgalmazza-a-pedagogusok-er.jpg
[07:46:19] Image_Downloader: Download failed (https://raw.githubusercontent.com/Derushir/Kepek/main/67c6357751300334f52e35f893ac854f/news/feszult-hangulat-munchenben-jurgen-klopp-es-a-bajor-identita.jpg): 404 Client Error: Not Found for url: https://raw.githubusercontent.com/Derushir/Kepek/main/67c6357751300334f52e35f893ac854f/news/feszult-hangulat-munchenben-jurgen-klopp-es-a-bajor-identita.jpg
[07:46:19] Image_Downloader: Download failed (https://raw.githubusercontent.com/Derushir/Kepek/main/67c6357751300334f52e35f893ac854f/news/kudarcot-vallott-robotok-az-ai-tanartol-a-lezuhano-pincerig.jpg): 404 Client Error: Not Found for url: https://raw.githubusercontent.com/Derushir/Kepek/main/67c6357751300334f52e35f893ac854f/news/kudarcot-vallott-robotok-az-ai-tanartol-a-lezuhano-pincerig.jpg
[07:46:19] Image_Downloader: Download failed (https://raw.githubusercontent.com/Derushir/Kepek/main/67c6357751300334f52e35f893ac854f/news/felhasznaloi-visszajelzesek-alapjan-ujult-meg-a-safari-az-io.jpg): 404 Client Error: Not Found for url: https://raw.githubusercontent.com/Derushir/Kepek/main/67c6357751300334f52e35f893ac854f/news/felhasznaloi-visszajelzesek-alapjan-ujult-meg-a-safari-az-io.jpg
[07:46:19] Image_Downloader: Download failed (https://raw.githubusercontent.com/Derushir/Kepek/main/67c6357751300334f52e35f893ac854f/news/kanikula-budapesten-arnyekos-programok-kisgyermekes-csaladok.jpg): 404 Client Error: Not Found for url: https://raw.githubusercontent.com/Derushir/Kepek/main/67c6357751300334f52e35f893ac854f/news/kanikula-budapesten-arnyekos-programok-kisgyermekes-csaladok.jpg
[07:46:19] Image_Downloader: Download failed (https://raw.githubusercontent.com/Derushir/Kepek/main/67c6357751300334f52e35f893ac854f/news/fenntarthato-kozlekedesi-technologiak-es-a-tesla-spacex-fuzi.jpg): 404 Client Error: Not Found for url: https://raw.githubusercontent.com/Derushir/Kepek/main/67c6357751300334f52e35f893ac854f/news/fenntarthato-kozlekedesi-technologiak-es-a-tesla-spacex-fuzi.jpg
[07:46:19] Image_Downloader: Download failed (https://raw.githubusercontent.com/Derushir/Kepek/main/67c6357751300334f52e35f893ac854f/news/kozossegi-alapu-hiv-ellatas-a-jamaicai-eve-for-life-modellje.jpg): 404 Client Error: Not Found for url: https://raw.githubusercontent.com/Derushir/Kepek/main/67c6357751300334f52e35f893ac854f/news/kozossegi-alapu-hiv-ellatas-a-jamaicai-eve-for-life-modellje.jpg
[07:46:19] Image_Downloader: Download failed (https://raw.githubusercontent.com/Derushir/Kepek/main/67c6357751300334f52e35f893ac854f/news/valtozatlan-alapkamat-mellett-is-uj-trendek-bontakozhatnak-k.jpg): 404 Client Error: Not Found for url: https://raw.githubusercontent.com/Derushir/Kepek/main/67c6357751300334f52e35f893ac854f/news/valtozatlan-alapkamat-mellett-is-uj-trendek-bontakozhatnak-k.jpg
[07:46:19] Image_Downloader: Download failed (https://raw.githubusercontent.com/Derushir/Kepek/main/67c6357751300334f52e35f893ac854f/news/latvanyos-felvetelek-a-pluto-3500-meteres-jeghegyeirol.jpg): 404 Client Error: Not Found for url: https://raw.githubusercontent.com/Derushir/Kepek/main/67c6357751300334f52e35f893ac854f/news/latvanyos-felvetelek-a-pluto-3500-meteres-jeghegyeirol.jpg
[07:46:19] Image_Downloader: Download failed (https://raw.githubusercontent.com/Derushir/Kepek/main/67c6357751300334f52e35f893ac854f/news/akar-egy-hetig-is-eltarthat-a-paksi-atomeromu-ujrainditasa-t.jpg): 404 Client Error: Not Found for url: https://raw.githubusercontent.com/Derushir/Kepek/main/67c6357751300334f52e35f893ac854f/news/akar-egy-hetig-is-eltarthat-a-paksi-atomeromu-ujrainditasa-t.jpg
[07:46:19] Image_Downloader: Download failed (https://raw.githubusercontent.com/Derushir/Kepek/main/67c6357751300334f52e35f893ac854f/news/miert-szamit-az-antarktisz-a-pilotak-egyik-legveszelyesebb-c.jpg): 404 Client Error: Not Found for url: https://raw.githubusercontent.com/Derushir/Kepek/main/67c6357751300334f52e35f893ac854f/news/miert-szamit-az-antarktisz-a-pilotak-egyik-legveszelyesebb-c.jpg
[07:46:19] Image_Downloader: Download failed (https://raw.githubusercontent.com/Derushir/Kepek/main/67c6357751300334f52e35f893ac854f/news/10-ezer-fenyev-hosszu-szuperszelet-fotozott-a-nasa-a-szivar-.jpg): 404 Client Error: Not Found for url: https://raw.githubusercontent.com/Derushir/Kepek/main/67c6357751300334f52e35f893ac854f/news/10-ezer-fenyev-hosszu-szuperszelet-fotozott-a-nasa-a-szivar-.jpg
[07:46:19] Image_Downloader: Download failed (https://raw.githubusercontent.com/Derushir/Kepek/main/67c6357751300334f52e35f893ac854f/news/uj-tuzallo-textilanyagokat-fejlesztett-a-nasa-a-hold-es-mars.png): 404 Client Error: Not Found for url: https://raw.githubusercontent.com/Derushir/Kepek/main/67c6357751300334f52e35f893ac854f/news/uj-tuzallo-textilanyagokat-fejlesztett-a-nasa-a-hold-es-mars.png
[07:46:20] Image_Downloader: Download failed (https://raw.githubusercontent.com/Derushir/Kepek/main/67c6357751300334f52e35f893ac854f/news/jelentos-vasuti-fejlesztesek-indulnak-gyorben-es-a-budapestg.jpg): 404 Client Error: Not Found for url: https://raw.githubusercontent.com/Derushir/Kepek/main/67c6357751300334f52e35f893ac854f/news/jelentos-vasuti-fejlesztesek-indulnak-gyorben-es-a-budapestg.jpg
[07:46:20] Image_Downloader: Download failed (https://raw.githubusercontent.com/Derushir/Kepek/main/67c6357751300334f52e35f893ac854f/news/jelentos-80-szazalekos-arengedmennyel-kinalnak-masszazsfunkc.jpg): 404 Client Error: Not Found for url: https://raw.githubusercontent.com/Derushir/Kepek/main/67c6357751300334f52e35f893ac854f/news/jelentos-80-szazalekos-arengedmennyel-kinalnak-masszazsfunkc.jpg
[07:46:20] Image_Downloader: Download failed (https://raw.githubusercontent.com/Derushir/Kepek/main/67c6357751300334f52e35f893ac854f/news/japan-kampany-a-salatapazarlas-ellen-filmsztar-figyelmeztet-.jpg): 404 Client Error: Not Found for url: https://raw.githubusercontent.com/Derushir/Kepek/main/67c6357751300334f52e35f893ac854f/news/japan-kampany-a-salatapazarlas-ellen-filmsztar-figyelmeztet-.jpg
[07:46:22] Image_Downloader: Download failed (https://raw.githubusercontent.com/Derushir/Kepek/main/67c6357751300334f52e35f893ac854f/news/rekordmerteku-53-milliard-dollaros-japan-piaci-intervencio-a.jpg): 404 Client Error: Not Found for url: https://raw.githubusercontent.com/Derushir/Kepek/main/67c6357751300334f52e35f893ac854f/news/rekordmerteku-53-milliard-dollaros-japan-piaci-intervencio-a.jpg
[07:46:23] Image_Downloader: Download failed (https://raw.githubusercontent.com/Derushir/Kepek/main/67c6357751300334f52e35f893ac854f/news/gyengulo-forint-a-piaci-hangulat-valtozasa-all-a-hatterben.jpg): 404 Client Error: Not Found for url: https://raw.githubusercontent.com/Derushir/Kepek/main/67c6357751300334f52e35f893ac854f/news/gyengulo-forint-a-piaci-hangulat-valtozasa-all-a-hatterben.jpg
[07:46:23] Image_Downloader: Download failed (https://raw.githubusercontent.com/Derushir/Kepek/main/67c6357751300334f52e35f893ac854f/news/jennifer-hyman-a-babylist-elere-all-mikozben-a-munkahelyi-di.jpg): 404 Client Error: Not Found for url: https://raw.githubusercontent.com/Derushir/Kepek/main/67c6357751300334f52e35f893ac854f/news/jennifer-hyman-a-babylist-elere-all-mikozben-a-munkahelyi-di.jpg
[07:46:23] Image_Downloader: Download failed (https://raw.githubusercontent.com/Derushir/Kepek/main/67c6357751300334f52e35f893ac854f/news/az-intesa-sanpaolo-elutasitja-a-veteli-ar-emeleset-a-monte-d.jpg): 404 Client Error: Not Found for url: https://raw.githubusercontent.com/Derushir/Kepek/main/67c6357751300334f52e35f893ac854f/news/az-intesa-sanpaolo-elutasitja-a-veteli-ar-emeleset-a-monte-d.jpg
[07:46:23] Image_Downloader: Download failed (https://raw.githubusercontent.com/Derushir/Kepek/main/67c6357751300334f52e35f893ac854f/news/magyar-sorozatok-kvize-felismeri-a-klasszikusokat-egyetlen-k.webp): 404 Client Error: Not Found for url: https://raw.githubusercontent.com/Derushir/Kepek/main/67c6357751300334f52e35f893ac854f/news/magyar-sorozatok-kvize-felismeri-a-klasszikusokat-egyetlen-k.webp
[07:46:23] Image_Downloader: Download failed (https://raw.githubusercontent.com/Derushir/Kepek/main/67c6357751300334f52e35f893ac854f/news/telt-hazas-bud-spencer-vetitesek-budapesten-miert-rajongunk-.jpg): 404 Client Error: Not Found for url: https://raw.githubusercontent.com/Derushir/Kepek/main/67c6357751300334f52e35f893ac854f/news/telt-hazas-bud-spencer-vetitesek-budapesten-miert-rajongunk-.jpg
[07:46:23] Image_Downloader: Download failed (https://raw.githubusercontent.com/Derushir/Kepek/main/67c6357751300334f52e35f893ac854f/news/egymilliard-dollaros-forgalmat-ert-el-a-lectric-ebikes.jpg): 404 Client Error: Not Found for url: https://raw.githubusercontent.com/Derushir/Kepek/main/67c6357751300334f52e35f893ac854f/news/egymilliard-dollaros-forgalmat-ert-el-a-lectric-ebikes.jpg
[07:46:23] Image_Downloader: Download failed (https://raw.githubusercontent.com/Derushir/Kepek/main/67c6357751300334f52e35f893ac854f/news/nara-smith-tiktok-influenszer-elhatarolodik-a-tradwife-cimke.jpg): 404 Client Error: Not Found for url: https://raw.githubusercontent.com/Derushir/Kepek/main/67c6357751300334f52e35f893ac854f/news/nara-smith-tiktok-influenszer-elhatarolodik-a-tradwife-cimke.jpg
[07:46:23] Image_Downloader: Download failed (https://raw.githubusercontent.com/Derushir/Kepek/main/67c6357751300334f52e35f893ac854f/news/a-severance-sorozat-sikere-a-munkahelyi-elidegenedes-valos-p.jpg): 404 Client Error: Not Found for url: https://raw.githubusercontent.com/Derushir/Kepek/main/67c6357751300334f52e35f893ac854f/news/a-severance-sorozat-sikere-a-munkahelyi-elidegenedes-valos-p.jpg
[07:46:23] Image_Downloader: Download failed (https://raw.githubusercontent.com/Derushir/Kepek/main/67c6357751300334f52e35f893ac854f/news/hetvegi-learazas-az-amazonnal-gyuruk-ura-temaju-ruhazati-ter.jpg): 404 Client Error: Not Found for url: https://raw.githubusercontent.com/Derushir/Kepek/main/67c6357751300334f52e35f893ac854f/news/hetvegi-learazas-az-amazonnal-gyuruk-ura-temaju-ruhazati-ter.jpg
[07:46:24] Image_Downloader: Download failed (https://raw.githubusercontent.com/Derushir/Kepek/main/67c6357751300334f52e35f893ac854f/news/kulonleges-gombas-lego-keszlet-jelent-meg-a-botanikai-kollek.jpg): 404 Client Error: Not Found for url: https://raw.githubusercontent.com/Derushir/Kepek/main/67c6357751300334f52e35f893ac854f/news/kulonleges-gombas-lego-keszlet-jelent-meg-a-botanikai-kollek.jpg
[07:46:24] Image_Downloader: Download failed (https://raw.githubusercontent.com/Derushir/Kepek/main/67c6357751300334f52e35f893ac854f/news/musimbe-dennis-a-humor-mint-a-traumafeldolgozas-eszkoze.jpg): 404 Client Error: Not Found for url: https://raw.githubusercontent.com/Derushir/Kepek/main/67c6357751300334f52e35f893ac854f/news/musimbe-dennis-a-humor-mint-a-traumafeldolgozas-eszkoze.jpg
[07:46:24] Image_Downloader: Download failed (https://raw.githubusercontent.com/Derushir/Kepek/main/67c6357751300334f52e35f893ac854f/news/a-72-ora-cimu-film-kihagyott-ziccer-a-generacios-konfliktuso.jpg): 404 Client Error: Not Found for url: https://raw.githubusercontent.com/Derushir/Kepek/main/67c6357751300334f52e35f893ac854f/news/a-72-ora-cimu-film-kihagyott-ziccer-a-generacios-konfliktuso.jpg
[07:46:24] Image_Downloader: Download failed (https://raw.githubusercontent.com/Derushir/Kepek/main/67c6357751300334f52e35f893ac854f/news/a-leafy-corner-menedzserjatekban-a-rendszerezettseg-es-a-kre.png): 404 Client Error: Not Found for url: https://raw.githubusercontent.com/Derushir/Kepek/main/67c6357751300334f52e35f893ac854f/news/a-leafy-corner-menedzserjatekban-a-rendszerezettseg-es-a-kre.png
[07:46:24] Image_Downloader: Download failed (https://raw.githubusercontent.com/Derushir/Kepek/main/67c6357751300334f52e35f893ac854f/news/15-eve-rejtett-zenei-utalast-talaltak-a-zelda-skyward-sword-.png): 404 Client Error: Not Found for url: https://raw.githubusercontent.com/Derushir/Kepek/main/67c6357751300334f52e35f893ac854f/news/15-eve-rejtett-zenei-utalast-talaltak-a-zelda-skyward-sword-.png
[07:46:25] Image_Downloader: Download failed (https://raw.githubusercontent.com/Derushir/Kepek/main/67c6357751300334f52e35f893ac854f/news/latvanyos-de-tartalmilag-megoszto-avatar-frontiers-of-pandor.jpg): 404 Client Error: Not Found for url: https://raw.githubusercontent.com/Derushir/Kepek/main/67c6357751300334f52e35f893ac854f/news/latvanyos-de-tartalmilag-megoszto-avatar-frontiers-of-pandor.jpg
[07:46:25] Image_Downloader: Download failed (https://raw.githubusercontent.com/Derushir/Kepek/main/67c6357751300334f52e35f893ac854f/news/a-diablo-immortal-a-szeria-30-evfordulojat-unnepli-uj-esemen.jpg): 404 Client Error: Not Found for url: https://raw.githubusercontent.com/Derushir/Kepek/main/67c6357751300334f52e35f893ac854f/news/a-diablo-immortal-a-szeria-30-evfordulojat-unnepli-uj-esemen.jpg
[07:46:26] Image_Downloader: Download failed (https://raw.githubusercontent.com/Derushir/Kepek/main/67c6357751300334f52e35f893ac854f/news/szivargas-sujtotta-az-uj-pokember-film-bemutatojat-az-x-en.jpg): 404 Client Error: Not Found for url: https://raw.githubusercontent.com/Derushir/Kepek/main/67c6357751300334f52e35f893ac854f/news/szivargas-sujtotta-az-uj-pokember-film-bemutatojat-az-x-en.jpg
[07:46:26] Image_Downloader: Download failed (https://raw.githubusercontent.com/Derushir/Kepek/main/67c6357751300334f52e35f893ac854f/news/harminc-eve-meg-a-pc-s-jatekosok-kegyeit-kereste-a-sony-16-o.jpg): 404 Client Error: Not Found for url: https://raw.githubusercontent.com/Derushir/Kepek/main/67c6357751300334f52e35f893ac854f/news/harminc-eve-meg-a-pc-s-jatekosok-kegyeit-kereste-a-sony-16-o.jpg
[07:46:26] Image_Downloader: Download failed (https://raw.githubusercontent.com/Derushir/Kepek/main/67c6357751300334f52e35f893ac854f/news/palworld-10-teszt-szorakoztato-alapok-de-identitaszavarral-k.jpg): 404 Client Error: Not Found for url: https://raw.githubusercontent.com/Derushir/Kepek/main/67c6357751300334f52e35f893ac854f/news/palworld-10-teszt-szorakoztato-alapok-de-identitaszavarral-k.jpg
[07:46:26] Image_Downloader: Download failed (https://raw.githubusercontent.com/Derushir/Kepek/main/67c6357751300334f52e35f893ac854f/news/augusztus-elejen-a-belso-elmelyules-es-a-multbeli-mintak-lez.jpg): 404 Client Error: Not Found for url: https://raw.githubusercontent.com/Derushir/Kepek/main/67c6357751300334f52e35f893ac854f/news/augusztus-elejen-a-belso-elmelyules-es-a-multbeli-mintak-lez.jpg
[07:46:26] Image_Downloader: Download failed (https://raw.githubusercontent.com/Derushir/Kepek/main/67c6357751300334f52e35f893ac854f/news/hogyan-keruljuk-el-a-nyari-strandolassal-jaro-egeszsegugyi-k.jpg): 404 Client Error: Not Found for url: https://raw.githubusercontent.com/Derushir/Kepek/main/67c6357751300334f52e35f893ac854f/news/hogyan-keruljuk-el-a-nyari-strandolassal-jaro-egeszsegugyi-k.jpg
[07:46:26] Image_Downloader: Download failed (https://raw.githubusercontent.com/Derushir/Kepek/main/67c6357751300334f52e35f893ac854f/news/a-bika-az-oroszlan-es-a-halak-szamara-is-szerencsesen-alakul.jpg): 404 Client Error: Not Found for url: https://raw.githubusercontent.com/Derushir/Kepek/main/67c6357751300334f52e35f893ac854f/news/a-bika-az-oroszlan-es-a-halak-szamara-is-szerencsesen-alakul.jpg
[07:46:27] Image_Downloader: Download failed (https://raw.githubusercontent.com/Derushir/Kepek/main/67c6357751300334f52e35f893ac854f/news/a-rejtett-folyadekhiany-veszelyei-miert-igyunk-akkor-is-ha-n.jpg): 404 Client Error: Not Found for url: https://raw.githubusercontent.com/Derushir/Kepek/main/67c6357751300334f52e35f893ac854f/news/a-rejtett-folyadekhiany-veszelyei-miert-igyunk-akkor-is-ha-n.jpg
[07:46:27] Image_Downloader: Download failed (https://raw.githubusercontent.com/Derushir/Kepek/main/67c6357751300334f52e35f893ac854f/news/miert-nem-erdemes-videohivassal-nyugtatni-a-kutyankat-nyaral.jpg): 404 Client Error: Not Found for url: https://raw.githubusercontent.com/Derushir/Kepek/main/67c6357751300334f52e35f893ac854f/news/miert-nem-erdemes-videohivassal-nyugtatni-a-kutyankat-nyaral.jpg
[07:46:27] Image_Downloader: Download failed (https://raw.githubusercontent.com/Derushir/Kepek/main/67c6357751300334f52e35f893ac854f/news/uti-patika-osszeallitasa-nyaralashoz-a-tudatos-felkeszules-a.jpg): 404 Client Error: Not Found for url: https://raw.githubusercontent.com/Derushir/Kepek/main/67c6357751300334f52e35f893ac854f/news/uti-patika-osszeallitasa-nyaralashoz-a-tudatos-felkeszules-a.jpg
[07:46:27] Image_Downloader: Download failed (https://raw.githubusercontent.com/Derushir/Kepek/main/67c6357751300334f52e35f893ac854f/news/miert-erezzuk-magunkat-faradtabbnak-nyaralas-utan-a-tulzott-.jpg): 404 Client Error: Not Found for url: https://raw.githubusercontent.com/Derushir/Kepek/main/67c6357751300334f52e35f893ac854f/news/miert-erezzuk-magunkat-faradtabbnak-nyaralas-utan-a-tulzott-.jpg
[07:46:27] Image_Downloader: Download failed (https://raw.githubusercontent.com/Derushir/Kepek/main/67c6357751300334f52e35f893ac854f/news/negy-vezetoi-vaksagi-folt-amelyek-a-sikeres-karrier-soran-al.jpg): 404 Client Error: Not Found for url: https://raw.githubusercontent.com/Derushir/Kepek/main/67c6357751300334f52e35f893ac854f/news/negy-vezetoi-vaksagi-folt-amelyek-a-sikeres-karrier-soran-al.jpg
[07:46:27] Image_Downloader: Download failed (https://raw.githubusercontent.com/Derushir/Kepek/main/67c6357751300334f52e35f893ac854f/news/felismeri-a-fuszernovenyeket-a-konyhai-alapanyagokon-tul.jpg): 404 Client Error: Not Found for url: https://raw.githubusercontent.com/Derushir/Kepek/main/67c6357751300334f52e35f893ac854f/news/felismeri-a-fuszernovenyeket-a-konyhai-alapanyagokon-tul.jpg
[07:46:27] Image_Downloader: Download failed (https://raw.githubusercontent.com/Derushir/Kepek/main/67c6357751300334f52e35f893ac854f/news/a-hatos-szabaly-egyszeru-modszer-a-hokupola-alatti-hidratalt.jpg): 404 Client Error: Not Found for url: https://raw.githubusercontent.com/Derushir/Kepek/main/67c6357751300334f52e35f893ac854f/news/a-hatos-szabaly-egyszeru-modszer-a-hokupola-alatti-hidratalt.jpg
[07:46:27] Image_Downloader: Download failed (https://raw.githubusercontent.com/Derushir/Kepek/main/67c6357751300334f52e35f893ac854f/news/gyogyhatasu-szobanovenyek-nemcsak-diszitenek-de-segithetnek-.jpg): 404 Client Error: Not Found for url: https://raw.githubusercontent.com/Derushir/Kepek/main/67c6357751300334f52e35f893ac854f/news/gyogyhatasu-szobanovenyek-nemcsak-diszitenek-de-segithetnek-.jpg
[07:46:28] Image_Downloader: Download failed (https://raw.githubusercontent.com/Derushir/Kepek/main/67c6357751300334f52e35f893ac854f/news/a-vizelet-visszatartasa-komoly-egeszsegugyi-kockazatot-jelen.jpg): 404 Client Error: Not Found for url: https://raw.githubusercontent.com/Derushir/Kepek/main/67c6357751300334f52e35f893ac854f/news/a-vizelet-visszatartasa-komoly-egeszsegugyi-kockazatot-jelen.jpg
[07:46:28] Image_Downloader: Download failed (https://raw.githubusercontent.com/Derushir/Kepek/main/67c6357751300334f52e35f893ac854f/news/felfazas-es-internetes-ondiagnozis-mikor-szukseges-orvoshoz-.jpg): 404 Client Error: Not Found for url: https://raw.githubusercontent.com/Derushir/Kepek/main/67c6357751300334f52e35f893ac854f/news/felfazas-es-internetes-ondiagnozis-mikor-szukseges-orvoshoz-.jpg
[07:46:28] Image_Downloader: Download failed (https://raw.githubusercontent.com/Derushir/Kepek/main/67c6357751300334f52e35f893ac854f/news/alvasi-tanacsok-kanikulara-igy-orizheto-meg-a-pihenteto-alva.jpg): 404 Client Error: Not Found for url: https://raw.githubusercontent.com/Derushir/Kepek/main/67c6357751300334f52e35f893ac854f/news/alvasi-tanacsok-kanikulara-igy-orizheto-meg-a-pihenteto-alva.jpg
[07:46:28] Image_Downloader: Download failed (https://raw.githubusercontent.com/Derushir/Kepek/main/67c6357751300334f52e35f893ac854f/news/a-funkcionalis-kimerultseg-paradoxona-amikor-kivulrol-minden.jpg): 404 Client Error: Not Found for url: https://raw.githubusercontent.com/Derushir/Kepek/main/67c6357751300334f52e35f893ac854f/news/a-funkcionalis-kimerultseg-paradoxona-amikor-kivulrol-minden.jpg
[07:46:28] Image_Downloader: Download failed (https://raw.githubusercontent.com/Derushir/Kepek/main/67c6357751300334f52e35f893ac854f/news/a-minosegi-alvas-a-munkahelyi-teljesitmeny-es-a-vezetoi-hate.jpg): 404 Client Error: Not Found for url: https://raw.githubusercontent.com/Derushir/Kepek/main/67c6357751300334f52e35f893ac854f/news/a-minosegi-alvas-a-munkahelyi-teljesitmeny-es-a-vezetoi-hate.jpg
[07:46:28] Image_Downloader: Download failed (https://raw.githubusercontent.com/Derushir/Kepek/main/67c6357751300334f52e35f893ac854f/news/nyolc-uj-gasztronomiai-es-kavezasi-pont-nyilt-budapesten-aug.jpg): 404 Client Error: Not Found for url: https://raw.githubusercontent.com/Derushir/Kepek/main/67c6357751300334f52e35f893ac854f/news/nyolc-uj-gasztronomiai-es-kavezasi-pont-nyilt-budapesten-aug.jpg
[07:46:29] Image_Downloader: Download failed (https://raw.githubusercontent.com/Derushir/Kepek/main/67c6357751300334f52e35f893ac854f/news/gasztronomiai-rangsor-ho-si-minh-varos-a-vilag-legjobb-stree.jpg): 404 Client Error: Not Found for url: https://raw.githubusercontent.com/Derushir/Kepek/main/67c6357751300334f52e35f893ac854f/news/gasztronomiai-rangsor-ho-si-minh-varos-a-vilag-legjobb-stree.jpg
[07:46:33] Image_Downloader: Download failed (https://raw.githubusercontent.com/Derushir/Kepek/main/67c6357751300334f52e35f893ac854f/news/caleb-williams-szerint-colston-loveland-lehet-az-nfl-legjobb.jpg): 404 Client Error: Not Found for url: https://raw.githubusercontent.com/Derushir/Kepek/main/67c6357751300334f52e35f893ac854f/news/caleb-williams-szerint-colston-loveland-lehet-az-nfl-legjobb.jpg
[07:46:34] Image_Downloader: Download failed (https://raw.githubusercontent.com/Derushir/Kepek/main/67c6357751300334f52e35f893ac854f/news/ot-hoturo-pozsgas-noveny-amelyek-a-legnagyobb-kanikulat-is-t.jpg): HTTPSConnectionPool(host='raw.githubusercontent.com', port=443): Read timed out. (read timeout=5)

--- RSS Fetch Errors at 2026-08-01 08:37:31 ---
Error fetching https://techpowerup.com/rss/news: HTTP Error 403: 
Error fetching https://www.drive.com.au/feed/: HTTP Error 403: 
Error fetching https://leetgaming.com/feed/: Failed to perform, curl: (28) Connection timed out after 10003 milliseconds. See https://curl.se/libcurl/c/libcurl-errors.html first for more details.
Error fetching https://cliffhanger.hu/feed: HTTP Error 403: 
Error fetching https://velvet.hu/feed: HTTP Error 404: Not Found
Error fetching https://femina.hu/feed: HTTP Error 404: Not Found
Error fetching https://hwsw.hu/hirek/rss: HTTP Error 404: 
Error fetching https://instylemen.hu/feed: HTTP Error 404: 
[08:37:40] Summarizer: [DownloadWorker-9] SKIP (duplicate title): Havi horoszkóp 2026 augusztusára Izing K...
[08:54:17] Summarizer: [DownloadWorker-6] SKIP (duplicate title): This Kansas City Coffee Shop Shows What ...
[08:54:34] Summarizer: [DownloadWorker-1] SKIP (duplicate title): NYT Strands Answers Today: Hints & Clues...
[08:54:41] Summarizer: [DownloadWorker-7] SKIP (duplicate title): How Kiki The Brand Took Over Summer Wear...
[08:54:46] Summarizer: [DownloadWorker-4] SKIP (duplicate title): Still Time: The Best Rooftops To Catch B...
[09:03:05] Summarizer: [DownloadWorker-8] SKIP (duplicate title): The Newest Skincare Luxury Is Body Care ...
