
===== PIPELINE RUN START 2026-09-05T00:00:51 [run_pipeline_persistent] =====

===== PIPELINE RUN START 2026-09-05T00:08:10 [run_pipeline_persistent] =====

===== PIPELINE RUN START 2026-09-05T00:15:43 [run_pipeline_persistent] =====

===== PIPELINE RUN START 2026-09-05T00:22:58 [run_pipeline_persistent] =====

===== PIPELINE RUN START 2026-09-05T00:30:32 [run_pipeline_persistent] =====

===== PIPELINE RUN START 2026-09-05T00:37:51 [run_pipeline_persistent] =====

===== PIPELINE RUN START 2026-09-05T00:45:21 [run_pipeline_persistent] =====

===== PIPELINE RUN START 2026-09-05T00:52:40 [run_pipeline_persistent] =====

===== PIPELINE RUN START 2026-09-05T01:00:10 [run_pipeline_persistent] =====

===== PIPELINE RUN START 2026-09-05T01:07:25 [run_pipeline_persistent] =====

===== PIPELINE RUN START 2026-09-05T01:14:55 [run_pipeline_persistent] =====

===== PIPELINE RUN START 2026-09-05T01:22:20 [run_pipeline_persistent] =====

===== PIPELINE RUN START 2026-09-05T01:29:59 [run_pipeline_persistent] =====

===== PIPELINE RUN START 2026-09-05T01:37:15 [run_pipeline_persistent] =====

===== PIPELINE RUN START 2026-09-05T01:44:51 [run_pipeline_persistent] =====

===== PIPELINE RUN START 2026-09-05T01:52:09 [run_pipeline_persistent] =====

===== PIPELINE RUN START 2026-09-05T01:59:39 [run_pipeline_persistent] =====

===== PIPELINE RUN START 2026-09-05T02:07:00 [run_pipeline_persistent] =====

===== PIPELINE RUN START 2026-09-05T02:14:33 [run_pipeline_persistent] =====

--- RSS Fetch Errors at 2026-09-05 02:21:49 ---
Error fetching https://funzine.hu/feed: Failed to perform, curl: (6) Could not resolve host: funzine.hu. See https://curl.se/libcurl/c/libcurl-errors.html first for more details.
Error fetching https://the-zone.hu/feed: Failed to perform, curl: (6) Could not resolve host: the-zone.hu. See https://curl.se/libcurl/c/libcurl-errors.html first for more details.
Error fetching https://totalcar.hu/feed: Failed to perform, curl: (6) Could not resolve host: totalcar.hu. See https://curl.se/libcurl/c/libcurl-errors.html first for more details.
Error fetching https://nlc.hu/feed: Failed to perform, curl: (6) Could not resolve host: nlc.hu. See https://curl.se/libcurl/c/libcurl-errors.html first for more details.
Error fetching https://prog.hu/hirek/rss: Failed to perform, curl: (6) Could not resolve host: prog.hu. See https://curl.se/libcurl/c/libcurl-errors.html first for more details.
Error fetching https://offmedia.hu/feed: Failed to perform, curl: (6) Could not resolve host: offmedia.hu. See https://curl.se/libcurl/c/libcurl-errors.html first for more details.
Error fetching https://sorozatjunkie.hu/feed: Failed to perform, curl: (6) Could not resolve host: sorozatjunkie.hu. See https://curl.se/libcurl/c/libcurl-errors.html first for more details.
Error fetching https://marieclaire.hu/feed: Failed to perform, curl: (6) Could not resolve host: marieclaire.hu. See https://curl.se/libcurl/c/libcurl-errors.html first for more details.
Error fetching https://www.maxim.com/feed: Failed to perform, curl: (6) Could not resolve host: www.maxim.com. See https://curl.se/libcurl/c/libcurl-errors.html first for more details.
Error fetching https://fhm.com/feed: Failed to perform, curl: (6) Could not resolve host: fhm.com. See https://curl.se/libcurl/c/libcurl-errors.html first for more details.
Error fetching https://www.hwsw.hu/xml/latest_news_rss.xml: Failed to perform, curl: (6) Could not resolve host: www.hwsw.hu. See https://curl.se/libcurl/c/libcurl-errors.html first for more details.
Error fetching https://ng.24.hu/feed: Failed to perform, curl: (6) Could not resolve host: ng.24.hu. See https://curl.se/libcurl/c/libcurl-errors.html first for more details.
Error fetching https://velvet.hu/24ora/rss/: Failed to perform, curl: (6) Could not resolve host: velvet.hu. See https://curl.se/libcurl/c/libcurl-errors.html first for more details.
Error fetching https://aihirfolyam.hu/feed: Failed to perform, curl: (6) Could not resolve host: aihirfolyam.hu. See https://curl.se/libcurl/c/libcurl-errors.html first for more details.
Error fetching https://www.economx.hu/feed: Failed to perform, curl: (6) Could not resolve host: www.economx.hu. See https://curl.se/libcurl/c/libcurl-errors.html first for more details.
Error fetching https://roadster.hu/feed: Failed to perform, curl: (6) Could not resolve host: roadster.hu. See https://curl.se/libcurl/c/libcurl-errors.html first for more details.
Error fetching https://player.hu/feed: Failed to perform, curl: (6) Could not resolve host: player.hu. See https://curl.se/libcurl/c/libcurl-errors.html first for more details.
Error fetching https://firstclass.hu/feed: Failed to perform, curl: (6) Could not resolve host: firstclass.hu. See https://curl.se/libcurl/c/libcurl-errors.html first for more details.
Error fetching https://azutazo.hu/feed: Failed to perform, curl: (6) Could not resolve host: azutazo.hu. See https://curl.se/libcurl/c/libcurl-errors.html first for more details.
Error fetching https://travelmagazin.hu/feed: Failed to perform, curl: (6) Could not resolve host: travelmagazin.hu. See https://curl.se/libcurl/c/libcurl-errors.html first for more details.
Error fetching https://caravantimes.co.uk/feed: Failed to perform, curl: (6) Could not resolve host: caravantimes.co.uk. See https://curl.se/libcurl/c/libcurl-errors.html first for more details.
Error fetching https://www.penzcentrum.hu/rss/all.xml: Failed to perform, curl: (6) Could not resolve host: www.penzcentrum.hu. See https://curl.se/libcurl/c/libcurl-errors.html first for more details.
Error fetching https://9to5mac.com/feed/: Failed to perform, curl: (6) Could not resolve host: 9to5mac.com. See https://curl.se/libcurl/c/libcurl-errors.html first for more details.

===== PIPELINE RUN START 2026-09-05T02:21:49 [run_pipeline_persistent] =====

===== PIPELINE RUN START 2026-09-05T02:29:23 [run_pipeline_persistent] =====

===== PIPELINE RUN START 2026-09-05T02:36:44 [run_pipeline_persistent] =====

===== PIPELINE RUN START 2026-09-05T02:44:14 [run_pipeline_persistent] =====

===== PIPELINE RUN START 2026-09-05T02:51:32 [run_pipeline_persistent] =====

===== PIPELINE RUN START 2026-09-05T02:59:05 [run_pipeline_persistent] =====

===== PIPELINE RUN START 2026-09-05T03:06:21 [run_pipeline_persistent] =====

===== PIPELINE RUN START 2026-09-05T03:13:54 [run_pipeline_persistent] =====

===== PIPELINE RUN START 2026-09-05T03:21:16 [run_pipeline_persistent] =====

===== PIPELINE RUN START 2026-09-05T03:28:49 [run_pipeline_persistent] =====

--- RSS Fetch Errors at 2026-09-05 03:36:06 ---
Error fetching https://femina.hu/24ora/rss.xml: Failed to perform, curl: (6) Could not resolve host: femina.hu. See https://curl.se/libcurl/c/libcurl-errors.html first for more details.

===== PIPELINE RUN START 2026-09-05T03:36:07 [run_pipeline_persistent] =====

===== PIPELINE RUN START 2026-09-05T03:43:45 [run_pipeline_persistent] =====

===== PIPELINE RUN START 2026-09-05T03:51:01 [run_pipeline_persistent] =====

===== PIPELINE RUN START 2026-09-05T03:58:32 [run_pipeline_persistent] =====

===== PIPELINE RUN START 2026-09-05T04:05:54 [run_pipeline_persistent] =====

--- RSS Fetch Errors at 2026-09-05 04:13:06 ---
Error fetching https://hu.ign.com/feed.xml: Failed to perform, curl: (6) Could not resolve host: hu.ign.com. See https://curl.se/libcurl/c/libcurl-errors.html first for more details.
Error fetching https://hu.ign.com/feed.xml: Failed to perform, curl: (6) Could not resolve host: hu.ign.com. See https://curl.se/libcurl/c/libcurl-errors.html first for more details.

===== PIPELINE RUN START 2026-09-05T04:13:20 [run_pipeline_persistent] =====

===== PIPELINE RUN START 2026-09-05T04:20:42 [run_pipeline_persistent] =====

===== PIPELINE RUN START 2026-09-05T04:28:11 [run_pipeline_persistent] =====

===== PIPELINE RUN START 2026-09-05T04:35:28 [run_pipeline_persistent] =====

--- RSS Fetch Errors at 2026-09-05 04:49:17 ---
Error fetching https://qubit.hu/feed: Failed to perform, curl: (6) Could not resolve host: qubit.hu. See https://curl.se/libcurl/c/libcurl-errors.html first for more details.
Error fetching https://www.sciencedaily.com/rss/top.xml: Failed to perform, curl: (6) Could not resolve host: www.sciencedaily.com. See https://curl.se/libcurl/c/libcurl-errors.html first for more details.
Error fetching https://444.hu/feed: Failed to perform, curl: (6) Could not resolve host: 444.hu. See https://curl.se/libcurl/c/libcurl-errors.html first for more details.
Error fetching https://www.livescience.com/feeds/all: Failed to perform, curl: (6) Could not resolve host: www.livescience.com. See https://curl.se/libcurl/c/libcurl-errors.html first for more details.
Error fetching https://rss.nytimes.com/services/xml/rss/nyt/Technology.xml: Failed to perform, curl: (6) Could not resolve host: rss.nytimes.com. See https://curl.se/libcurl/c/libcurl-errors.html first for more details.
Error fetching https://totalcar.hu/24ora/rss/: Failed to perform, curl: (6) Could not resolve host: totalcar.hu. See https://curl.se/libcurl/c/libcurl-errors.html first for more details.
Error fetching https://vezess.hu/rss: Failed to perform, curl: (6) Could not resolve host: vezess.hu. See https://curl.se/libcurl/c/libcurl-errors.html first for more details.
Error fetching https://index.hu/sitemap/friss.xml: Failed to perform, curl: (6) Could not resolve host: index.hu. See https://curl.se/libcurl/c/libcurl-errors.html first for more details.
Error fetching https://hold.hu/holdblog/feed: Failed to perform, curl: (6) Could not resolve host: hold.hu. See https://curl.se/libcurl/c/libcurl-errors.html first for more details.
Error fetching https://welovebudapest.com/feed/: Failed to perform, curl: (6) Could not resolve host: welovebudapest.com. See https://curl.se/libcurl/c/libcurl-errors.html first for more details.
Error fetching https://index.hu/24ora/rss: Failed to perform, curl: (6) Could not resolve host: index.hu. See https://curl.se/libcurl/c/libcurl-errors.html first for more details.
Error fetching https://www.space.com/feeds/all: Failed to perform, curl: (6) Could not resolve host: www.space.com. See https://curl.se/libcurl/c/libcurl-errors.html first for more details.
Error fetching https://telex.hu/rss: Failed to perform, curl: (6) Could not resolve host: telex.hu. See https://curl.se/libcurl/c/libcurl-errors.html first for more details.
Error fetching https://media.sg.hu/rss/rss.xml: Failed to perform, curl: (6) Could not resolve host: media.sg.hu. See https://curl.se/libcurl/c/libcurl-errors.html first for more details.
Error fetching https://futurism.com/feed: Failed to perform, curl: (6) Could not resolve host: futurism.com. See https://curl.se/libcurl/c/libcurl-errors.html first for more details.
Error fetching https://www.pcwplus.hu/site/rss/rss.xml: Failed to perform, curl: (6) Could not resolve host: www.pcwplus.hu. See https://curl.se/libcurl/c/libcurl-errors.html first for more details.
Error fetching https://444.hu/category/belfold/feed: Failed to perform, curl: (6) Could not resolve host: 444.hu. See https://curl.se/libcurl/c/libcurl-errors.html first for more details.
Error fetching https://insideevs.com/rss/articles/all: Failed to perform, curl: (6) Could not resolve host: insideevs.com. See https://curl.se/libcurl/c/libcurl-errors.html first for more details.
Error fetching https://sg.hu/plain/rss.xml: Failed to perform, curl: (6) Could not resolve host: sg.hu. See https://curl.se/libcurl/c/libcurl-errors.html first for more details.
Error fetching https://esport1.hu/rss: Failed to perform, curl: (6) Could not resolve host: esport1.hu. See https://curl.se/libcurl/c/libcurl-errors.html first for more details.
Error fetching https://sg.hu/rss: Failed to perform, curl: (6) Could not resolve host: sg.hu. See https://curl.se/libcurl/c/libcurl-errors.html first for more details.
Error fetching https://www.portfolio.hu/rss/: Failed to perform, curl: (6) Could not resolve host: www.portfolio.hu. See https://curl.se/libcurl/c/libcurl-errors.html first for more details.
Error fetching https://www.penzcentrum.hu/rss: Failed to perform, curl: (6) Could not resolve host: www.penzcentrum.hu. See https://curl.se/libcurl/c/libcurl-errors.html first for more details.
Error fetching https://techpowerup.com/rss/news: Failed to perform, curl: (6) Could not resolve host: techpowerup.com. See https://curl.se/libcurl/c/libcurl-errors.html first for more details.
Error fetching https://444.hu/category/tudomany/feed: Failed to perform, curl: (6) Could not resolve host: 444.hu. See https://curl.se/libcurl/c/libcurl-errors.html first for more details.
Error fetching https://www.vezess.hu/feed/: Failed to perform, curl: (6) Could not resolve host: www.vezess.hu. See https://curl.se/libcurl/c/libcurl-errors.html first for more details.
Error fetching https://index.hu/kulfold/rss/: Failed to perform, curl: (6) Could not resolve host: index.hu. See https://curl.se/libcurl/c/libcurl-errors.html first for more details.
Error fetching https://raketa.hu/feed: Failed to perform, curl: (6) Could not resolve host: raketa.hu. See https://curl.se/libcurl/c/libcurl-errors.html first for more details.
Error fetching https://www.sciencedaily.com/rss/all.xml: Failed to perform, curl: (6) Could not resolve host: www.sciencedaily.com. See https://curl.se/libcurl/c/libcurl-errors.html first for more details.
Error fetching https://telex.hu/rss/archivum?filters=%7B%22superTagSlugs%22%3A%5B%22eszkombajn%22%5D%2C%22parentId%22%3A%5B%22null%22%5D%7D&perPage=10: Failed to perform, curl: (6) Could not resolve host: telex.hu. See https://curl.se/libcurl/c/libcurl-errors.html first for more details.
Error fetching https://forbes.hu/feed/: Failed to perform, curl: (6) Could not resolve host: forbes.hu. See https://curl.se/libcurl/c/libcurl-errors.html first for more details.
Error fetching https://www.nasa.gov/rss/dyn/breaking_news.rss: Failed to perform, curl: (6) Could not resolve host: www.nasa.gov. See https://curl.se/libcurl/c/libcurl-errors.html first for more details.
Error fetching https://rss.nytimes.com/services/xml/rss/nyt/Science.xml: Failed to perform, curl: (6) Could not resolve host: rss.nytimes.com. See https://curl.se/libcurl/c/libcurl-errors.html first for more details.
Error fetching https://electrek.co/feed/: Failed to perform, curl: (6) Could not resolve host: electrek.co. See https://curl.se/libcurl/c/libcurl-errors.html first for more details.
Error fetching https://cointelegraph.com/rss: Failed to perform, curl: (6) Could not resolve host: cointelegraph.com. See https://curl.se/libcurl/c/libcurl-errors.html first for more details.
Error fetching https://blog.google/rss/: Failed to perform, curl: (6) Could not resolve host: blog.google. See https://curl.se/libcurl/c/libcurl-errors.html first for more details.
Error fetching https://feeds.forbes.com/real-time/feed2/: Failed to perform, curl: (6) Could not resolve host: feeds.forbes.com. See https://curl.se/libcurl/c/libcurl-errors.html first for more details.
Error fetching https://bitcoinmagazine.com/.rss/full/: Failed to perform, curl: (6) Could not resolve host: bitcoinmagazine.com. See https://curl.se/libcurl/c/libcurl-errors.html first for more details.
Error fetching https://bitcoinmagazine.com/feed: Failed to perform, curl: (6) Could not resolve host: bitcoinmagazine.com. See https://curl.se/libcurl/c/libcurl-errors.html first for more details.
Error fetching https://www.forbes.com/most-popular/feed/: Failed to perform, curl: (6) Could not resolve host: www.forbes.com. See https://curl.se/libcurl/c/libcurl-errors.html first for more details.
Error fetching https://github.blog/feed/: Failed to perform, curl: (6) Could not resolve host: github.blog. See https://curl.se/libcurl/c/libcurl-errors.html first for more details.
Error fetching https://decrypt.co/feed: Failed to perform, curl: (6) Could not resolve host: decrypt.co. See https://curl.se/libcurl/c/libcurl-errors.html first for more details.
Error fetching https://insideevs.com/rss/news/all/: Failed to perform, curl: (6) Could not resolve host: insideevs.com. See https://curl.se/libcurl/c/libcurl-errors.html first for more details.
Error fetching https://pcguru.hu/rss: Failed to perform, curl: (6) Could not resolve host: pcguru.hu. See https://curl.se/libcurl/c/libcurl-errors.html first for more details.
Error fetching https://hvg.hu/rss: Failed to perform, curl: (6) Could not resolve host: hvg.hu. See https://curl.se/libcurl/c/libcurl-errors.html first for more details.
Error fetching https://drive.hu/rss: Failed to perform, curl: (6) Could not resolve host: drive.hu. See https://curl.se/libcurl/c/libcurl-errors.html first for more details.
Error fetching https://feeds.feedburner.com/ign/all: Failed to perform, curl: (6) Could not resolve host: feeds.feedburner.com. See https://curl.se/libcurl/c/libcurl-errors.html first for more details.
Error fetching https://feeds.feedburner.com/ign/movies-articles: Failed to perform, curl: (6) Could not resolve host: feeds.feedburner.com. See https://curl.se/libcurl/c/libcurl-errors.html first for more details.
Error fetching https://24.hu/feed/: Failed to perform, curl: (6) Could not resolve host: 24.hu. See https://curl.se/libcurl/c/libcurl-errors.html first for more details.
Error fetching https://prog.hu/site/backend/proghu-rss.xml: Failed to perform, curl: (6) Could not resolve host: prog.hu. See https://curl.se/libcurl/c/libcurl-errors.html first for more details.
Error fetching https://feeds.feedburner.com/ign/tech-articles: Failed to perform, curl: (6) Could not resolve host: feeds.feedburner.com. See https://curl.se/libcurl/c/libcurl-errors.html first for more details.
Error fetching https://feeds.feedburner.com/ign/games-all: Failed to perform, curl: (6) Could not resolve host: feeds.feedburner.com. See https://curl.se/libcurl/c/libcurl-errors.html first for more details.
Error fetching https://gsplus.hu/site/rss/rss.xml: Failed to perform, curl: (6) Could not resolve host: gsplus.hu. See https://curl.se/libcurl/c/libcurl-errors.html first for more details.
Error fetching https://techcrunch.com/feed: Failed to perform, curl: (6) Could not resolve host: techcrunch.com. See https://curl.se/libcurl/c/libcurl-errors.html first for more details.
Error fetching https://www.portfolio.hu/rss/all.xml: Failed to perform, curl: (6) Could not resolve host: www.portfolio.hu. See https://curl.se/libcurl/c/libcurl-errors.html first for more details.
Error fetching https://hwsw.hu/xml/latest_news_rss.xml: Failed to perform, curl: (6) Could not resolve host: hwsw.hu. See https://curl.se/libcurl/c/libcurl-errors.html first for more details.
Error fetching https://www.pcgamer.com/rss/: Failed to perform, curl: (6) Could not resolve host: www.pcgamer.com. See https://curl.se/libcurl/c/libcurl-errors.html first for more details.
Error fetching https://www.cnet.com/rss/all/: Failed to perform, curl: (6) Could not resolve host: www.cnet.com. See https://curl.se/libcurl/c/libcurl-errors.html first for more details.
Error fetching https://prohardver.hu/hirfolyam/hirek/rss.xml: Failed to perform, curl: (6) Could not resolve host: prohardver.hu. See https://curl.se/libcurl/c/libcurl-errors.html first for more details.
Error fetching https://prohardver.hu/hirfolyam/anyagok/rss.xml: Failed to perform, curl: (6) Could not resolve host: prohardver.hu. See https://curl.se/libcurl/c/libcurl-errors.html first for more details.
Error fetching https://www.cnet.com/rss/news/: Failed to perform, curl: (6) Could not resolve host: www.cnet.com. See https://curl.se/libcurl/c/libcurl-errors.html first for more details.
Error fetching https://www.gamingbible.com/index.rss: Failed to perform, curl: (6) Could not resolve host: www.gamingbible.com. See https://curl.se/libcurl/c/libcurl-errors.html first for more details.
Error fetching https://feeds.feedburner.com/ign/tv-articles: Failed to perform, curl: (6) Could not resolve host: feeds.feedburner.com. See https://curl.se/libcurl/c/libcurl-errors.html first for more details.
Error fetching https://index.hu/belfold/rss/: Failed to perform, curl: (6) Could not resolve host: index.hu. See https://curl.se/libcurl/c/libcurl-errors.html first for more details.
Error fetching https://index.hu/tudomany/rss/: Failed to perform, curl: (6) Could not resolve host: index.hu. See https://curl.se/libcurl/c/libcurl-errors.html first for more details.

===== PIPELINE RUN START 2026-09-05T05:05:42 [run_pipeline_persistent] =====

===== PIPELINE RUN START 2026-09-05T05:12:57 [run_pipeline_persistent] =====

===== PIPELINE RUN START 2026-09-05T05:20:33 [run_pipeline_persistent] =====

===== PIPELINE RUN START 2026-09-05T05:27:52 [run_pipeline_persistent] =====

===== PIPELINE RUN START 2026-09-05T05:35:25 [run_pipeline_persistent] =====

===== PIPELINE RUN START 2026-09-05T05:42:50 [run_pipeline_persistent] =====

===== PIPELINE RUN START 2026-09-05T05:50:21 [run_pipeline_persistent] =====

===== PIPELINE RUN START 2026-09-05T05:57:37 [run_pipeline_persistent] =====

===== PIPELINE RUN START 2026-09-05T06:05:19 [run_pipeline_persistent] =====

===== PIPELINE RUN START 2026-09-05T06:12:35 [run_pipeline_persistent] =====

===== PIPELINE RUN START 2026-09-05T06:20:08 [run_pipeline_persistent] =====

===== PIPELINE RUN START 2026-09-05T06:27:24 [run_pipeline_persistent] =====

===== PIPELINE RUN START 2026-09-05T06:35:00 [run_pipeline_persistent] =====

===== PIPELINE RUN START 2026-09-05T06:42:23 [run_pipeline_persistent] =====

===== PIPELINE RUN START 2026-09-05T06:49:53 [run_pipeline_persistent] =====

===== PIPELINE RUN START 2026-09-05T06:57:11 [run_pipeline_persistent] =====

===== PIPELINE RUN START 2026-09-05T07:04:43 [run_pipeline_persistent] =====

===== PIPELINE RUN START 2026-09-05T07:12:03 [run_pipeline_persistent] =====

===== PIPELINE RUN START 2026-09-05T07:19:38 [run_pipeline_persistent] =====

===== PIPELINE RUN START 2026-09-05T07:27:00 [run_pipeline_persistent] =====

===== PIPELINE RUN START 2026-09-05T07:34:30 [run_pipeline_persistent] =====

===== PIPELINE RUN START 2026-09-05T07:41:49 [run_pipeline_persistent] =====

===== PIPELINE RUN START 2026-09-05T07:49:18 [run_pipeline_persistent] =====

===== PIPELINE RUN START 2026-09-05T07:56:35 [run_pipeline_persistent] =====

===== PIPELINE RUN START 2026-09-05T08:04:10 [run_pipeline_persistent] =====

===== PIPELINE RUN START 2026-09-05T08:11:29 [run_pipeline_persistent] =====

===== PIPELINE RUN START 2026-09-05T08:18:59 [run_pipeline_persistent] =====

--- RSS Fetch Errors at 2026-09-05 08:26:10 ---
Error fetching https://marieclaire.hu/feed: Failed to perform, curl: (6) Could not resolve host: marieclaire.hu. See https://curl.se/libcurl/c/libcurl-errors.html first for more details.
Error fetching https://aihirfolyam.hu/feed: Failed to perform, curl: (6) Could not resolve host: aihirfolyam.hu. See https://curl.se/libcurl/c/libcurl-errors.html first for more details.
Error fetching https://ng.24.hu/feed: Failed to perform, curl: (6) Could not resolve host: ng.24.hu. See https://curl.se/libcurl/c/libcurl-errors.html first for more details.
Error fetching https://prog.hu/hirek/rss: Failed to perform, curl: (6) Could not resolve host: prog.hu. See https://curl.se/libcurl/c/libcurl-errors.html first for more details.
Error fetching https://www.economx.hu/feed: Failed to perform, curl: (6) Could not resolve host: www.economx.hu. See https://curl.se/libcurl/c/libcurl-errors.html first for more details.
Error fetching https://totalcar.hu/feed: Failed to perform, curl: (6) Could not resolve host: totalcar.hu. See https://curl.se/libcurl/c/libcurl-errors.html first for more details.
Error fetching https://nlc.hu/feed: Failed to perform, curl: (6) Could not resolve host: nlc.hu. See https://curl.se/libcurl/c/libcurl-errors.html first for more details.
Error fetching https://funzine.hu/feed: Failed to perform, curl: (6) Could not resolve host: funzine.hu. See https://curl.se/libcurl/c/libcurl-errors.html first for more details.
Error fetching https://sorozatjunkie.hu/feed: Failed to perform, curl: (6) Could not resolve host: sorozatjunkie.hu. See https://curl.se/libcurl/c/libcurl-errors.html first for more details.
Error fetching https://www.maxim.com/feed: Failed to perform, curl: (6) Could not resolve host: www.maxim.com. See https://curl.se/libcurl/c/libcurl-errors.html first for more details.
Error fetching https://www.hwsw.hu/xml/latest_news_rss.xml: Failed to perform, curl: (6) Could not resolve host: www.hwsw.hu. See https://curl.se/libcurl/c/libcurl-errors.html first for more details.
Error fetching https://offmedia.hu/feed: Failed to perform, curl: (6) Could not resolve host: offmedia.hu. See https://curl.se/libcurl/c/libcurl-errors.html first for more details.
Error fetching https://velvet.hu/24ora/rss/: Failed to perform, curl: (6) Could not resolve host: velvet.hu. See https://curl.se/libcurl/c/libcurl-errors.html first for more details.
Error fetching https://fhm.com/feed: Failed to perform, curl: (6) Could not resolve host: fhm.com. See https://curl.se/libcurl/c/libcurl-errors.html first for more details.
Error fetching https://the-zone.hu/feed: Failed to perform, curl: (6) Could not resolve host: the-zone.hu. See https://curl.se/libcurl/c/libcurl-errors.html first for more details.
Error fetching https://player.hu/feed: Failed to perform, curl: (6) Could not resolve host: player.hu. See https://curl.se/libcurl/c/libcurl-errors.html first for more details.
Error fetching https://roadster.hu/feed: Failed to perform, curl: (6) Could not resolve host: roadster.hu. See https://curl.se/libcurl/c/libcurl-errors.html first for more details.
Error fetching https://firstclass.hu/feed: Failed to perform, curl: (6) Could not resolve host: firstclass.hu. See https://curl.se/libcurl/c/libcurl-errors.html first for more details.
Error fetching https://azutazo.hu/feed: Failed to perform, curl: (6) Could not resolve host: azutazo.hu. See https://curl.se/libcurl/c/libcurl-errors.html first for more details.
Error fetching https://caravantimes.co.uk/feed: Failed to perform, curl: (6) Could not resolve host: caravantimes.co.uk. See https://curl.se/libcurl/c/libcurl-errors.html first for more details.
Error fetching https://travelmagazin.hu/feed: Failed to perform, curl: (6) Could not resolve host: travelmagazin.hu. See https://curl.se/libcurl/c/libcurl-errors.html first for more details.
Error fetching https://www.penzcentrum.hu/rss/all.xml: Failed to perform, curl: (6) Could not resolve host: www.penzcentrum.hu. See https://curl.se/libcurl/c/libcurl-errors.html first for more details.
Error fetching https://9to5mac.com/feed/: Failed to perform, curl: (6) Could not resolve host: 9to5mac.com. See https://curl.se/libcurl/c/libcurl-errors.html first for more details.

===== PIPELINE RUN START 2026-09-05T08:26:11 [run_pipeline_persistent] =====

===== PIPELINE RUN START 2026-09-05T08:33:40 [run_pipeline_persistent] =====

===== PIPELINE RUN START 2026-09-05T08:41:02 [run_pipeline_persistent] =====

===== PIPELINE RUN START 2026-09-05T08:48:30 [run_pipeline_persistent] =====

===== PIPELINE RUN START 2026-09-05T08:55:51 [run_pipeline_persistent] =====

===== PIPELINE RUN START 2026-09-05T09:03:27 [run_pipeline_persistent] =====

===== PIPELINE RUN START 2026-09-05T09:10:39 [run_pipeline_persistent] =====

===== PIPELINE RUN START 2026-09-05T09:18:12 [run_pipeline_persistent] =====

===== PIPELINE RUN START 2026-09-05T09:25:37 [run_pipeline_persistent] =====

===== PIPELINE RUN START 2026-09-05T09:33:15 [run_pipeline_persistent] =====

--- RSS Fetch Errors at 2026-09-05 09:40:33 ---
Error fetching https://femina.hu/24ora/rss.xml: Failed to perform, curl: (6) Could not resolve host: femina.hu. See https://curl.se/libcurl/c/libcurl-errors.html first for more details.

===== PIPELINE RUN START 2026-09-05T09:40:34 [run_pipeline_persistent] =====

===== PIPELINE RUN START 2026-09-05T09:48:06 [run_pipeline_persistent] =====

===== PIPELINE RUN START 2026-09-05T09:55:31 [run_pipeline_persistent] =====

===== PIPELINE RUN START 2026-09-05T10:03:03 [run_pipeline_persistent] =====

===== PIPELINE RUN START 2026-09-05T10:10:20 [run_pipeline_persistent] =====

--- RSS Fetch Errors at 2026-09-05 10:17:31 ---
Error fetching https://hu.ign.com/feed.xml: Failed to perform, curl: (6) Could not resolve host: hu.ign.com. See https://curl.se/libcurl/c/libcurl-errors.html first for more details.
Error fetching https://hu.ign.com/feed.xml: Failed to perform, curl: (6) Could not resolve host: hu.ign.com. See https://curl.se/libcurl/c/libcurl-errors.html first for more details.

===== PIPELINE RUN START 2026-09-05T10:17:46 [run_pipeline_persistent] =====

===== PIPELINE RUN START 2026-09-05T10:25:04 [run_pipeline_persistent] =====

===== PIPELINE RUN START 2026-09-05T10:32:39 [run_pipeline_persistent] =====

===== PIPELINE RUN START 2026-09-05T10:40:01 [run_pipeline_persistent] =====

--- RSS Fetch Errors at 2026-09-05 10:53:48 ---
Error fetching https://vezess.hu/rss: Failed to perform, curl: (6) Could not resolve host: vezess.hu. See https://curl.se/libcurl/c/libcurl-errors.html first for more details.
Error fetching https://forbes.hu/feed/: Failed to perform, curl: (6) Could not resolve host: forbes.hu. See https://curl.se/libcurl/c/libcurl-errors.html first for more details.
Error fetching https://totalcar.hu/24ora/rss/: Failed to perform, curl: (6) Could not resolve host: totalcar.hu. See https://curl.se/libcurl/c/libcurl-errors.html first for more details.
Error fetching https://www.penzcentrum.hu/rss: Failed to perform, curl: (6) Could not resolve host: www.penzcentrum.hu. See https://curl.se/libcurl/c/libcurl-errors.html first for more details.
Error fetching https://www.portfolio.hu/rss/: Failed to perform, curl: (6) Could not resolve host: www.portfolio.hu. See https://curl.se/libcurl/c/libcurl-errors.html first for more details.
Error fetching https://444.hu/category/belfold/feed: Failed to perform, curl: (6) Could not resolve host: 444.hu. See https://curl.se/libcurl/c/libcurl-errors.html first for more details.
Error fetching https://index.hu/sitemap/friss.xml: Failed to perform, curl: (6) Could not resolve host: index.hu. See https://curl.se/libcurl/c/libcurl-errors.html first for more details.
Error fetching https://hold.hu/holdblog/feed: Failed to perform, curl: (6) Could not resolve host: hold.hu. See https://curl.se/libcurl/c/libcurl-errors.html first for more details.
Error fetching https://hwsw.hu/xml/latest_news_rss.xml: Failed to perform, curl: (6) Could not resolve host: hwsw.hu. See https://curl.se/libcurl/c/libcurl-errors.html first for more details.
Error fetching https://index.hu/24ora/rss: Failed to perform, curl: (6) Could not resolve host: index.hu. See https://curl.se/libcurl/c/libcurl-errors.html first for more details.
Error fetching https://www.portfolio.hu/rss/all.xml: Failed to perform, curl: (6) Could not resolve host: www.portfolio.hu. See https://curl.se/libcurl/c/libcurl-errors.html first for more details.
Error fetching https://telex.hu/rss: Failed to perform, curl: (6) Could not resolve host: telex.hu. See https://curl.se/libcurl/c/libcurl-errors.html first for more details.
Error fetching https://media.sg.hu/rss/rss.xml: Failed to perform, curl: (6) Could not resolve host: media.sg.hu. See https://curl.se/libcurl/c/libcurl-errors.html first for more details.
Error fetching https://index.hu/tudomany/rss/: Failed to perform, curl: (6) Could not resolve host: index.hu. See https://curl.se/libcurl/c/libcurl-errors.html first for more details.
Error fetching https://prohardver.hu/hirfolyam/anyagok/rss.xml: Failed to perform, curl: (6) Could not resolve host: prohardver.hu. See https://curl.se/libcurl/c/libcurl-errors.html first for more details.
Error fetching https://sg.hu/plain/rss.xml: Failed to perform, curl: (6) Could not resolve host: sg.hu. See https://curl.se/libcurl/c/libcurl-errors.html first for more details.
Error fetching https://sg.hu/rss: Failed to perform, curl: (6) Could not resolve host: sg.hu. See https://curl.se/libcurl/c/libcurl-errors.html first for more details.
Error fetching https://444.hu/feed: Failed to perform, curl: (6) Could not resolve host: 444.hu. See https://curl.se/libcurl/c/libcurl-errors.html first for more details.
Error fetching https://rss.nytimes.com/services/xml/rss/nyt/Science.xml: Failed to perform, curl: (6) Could not resolve host: rss.nytimes.com. See https://curl.se/libcurl/c/libcurl-errors.html first for more details.
Error fetching https://rss.nytimes.com/services/xml/rss/nyt/Technology.xml: Failed to perform, curl: (6) Could not resolve host: rss.nytimes.com. See https://curl.se/libcurl/c/libcurl-errors.html first for more details.
Error fetching https://444.hu/category/tudomany/feed: Failed to perform, curl: (6) Could not resolve host: 444.hu. See https://curl.se/libcurl/c/libcurl-errors.html first for more details.
Error fetching https://prohardver.hu/hirfolyam/hirek/rss.xml: Failed to perform, curl: (6) Could not resolve host: prohardver.hu. See https://curl.se/libcurl/c/libcurl-errors.html first for more details.
Error fetching https://www.pcwplus.hu/site/rss/rss.xml: Failed to perform, curl: (6) Could not resolve host: www.pcwplus.hu. See https://curl.se/libcurl/c/libcurl-errors.html first for more details.
Error fetching https://www.cnet.com/rss/all/: Failed to perform, curl: (6) Could not resolve host: www.cnet.com. See https://curl.se/libcurl/c/libcurl-errors.html first for more details.
Error fetching https://welovebudapest.com/feed/: Failed to perform, curl: (6) Could not resolve host: welovebudapest.com. See https://curl.se/libcurl/c/libcurl-errors.html first for more details.
Error fetching https://qubit.hu/feed: Failed to perform, curl: (6) Could not resolve host: qubit.hu. See https://curl.se/libcurl/c/libcurl-errors.html first for more details.
Error fetching https://esport1.hu/rss: Failed to perform, curl: (6) Could not resolve host: esport1.hu. See https://curl.se/libcurl/c/libcurl-errors.html first for more details.
Error fetching https://raketa.hu/feed: Failed to perform, curl: (6) Could not resolve host: raketa.hu. See https://curl.se/libcurl/c/libcurl-errors.html first for more details.
Error fetching https://telex.hu/rss/archivum?filters=%7B%22superTagSlugs%22%3A%5B%22eszkombajn%22%5D%2C%22parentId%22%3A%5B%22null%22%5D%7D&perPage=10: Failed to perform, curl: (6) Could not resolve host: telex.hu. See https://curl.se/libcurl/c/libcurl-errors.html first for more details.
Error fetching https://index.hu/belfold/rss/: Failed to perform, curl: (6) Could not resolve host: index.hu. See https://curl.se/libcurl/c/libcurl-errors.html first for more details.
Error fetching https://futurism.com/feed: Failed to perform, curl: (6) Could not resolve host: futurism.com. See https://curl.se/libcurl/c/libcurl-errors.html first for more details.
Error fetching https://www.gamingbible.com/index.rss: Failed to perform, curl: (6) Could not resolve host: www.gamingbible.com. See https://curl.se/libcurl/c/libcurl-errors.html first for more details.
Error fetching https://www.space.com/feeds/all: Failed to perform, curl: (6) Could not resolve host: www.space.com. See https://curl.se/libcurl/c/libcurl-errors.html first for more details.
Error fetching https://decrypt.co/feed: Failed to perform, curl: (6) Could not resolve host: decrypt.co. See https://curl.se/libcurl/c/libcurl-errors.html first for more details.
Error fetching https://www.nasa.gov/rss/dyn/breaking_news.rss: Failed to perform, curl: (6) Could not resolve host: www.nasa.gov. See https://curl.se/libcurl/c/libcurl-errors.html first for more details.
Error fetching https://www.cnet.com/rss/news/: Failed to perform, curl: (6) Could not resolve host: www.cnet.com. See https://curl.se/libcurl/c/libcurl-errors.html first for more details.
Error fetching https://insideevs.com/rss/news/all/: Failed to perform, curl: (6) Could not resolve host: insideevs.com. See https://curl.se/libcurl/c/libcurl-errors.html first for more details.
Error fetching https://blog.google/rss/: Failed to perform, curl: (6) Could not resolve host: blog.google. See https://curl.se/libcurl/c/libcurl-errors.html first for more details.
Error fetching https://www.sciencedaily.com/rss/all.xml: Failed to perform, curl: (6) Could not resolve host: www.sciencedaily.com. See https://curl.se/libcurl/c/libcurl-errors.html first for more details.
Error fetching https://techpowerup.com/rss/news: Failed to perform, curl: (6) Could not resolve host: techpowerup.com. See https://curl.se/libcurl/c/libcurl-errors.html first for more details.
Error fetching https://bitcoinmagazine.com/feed: Failed to perform, curl: (6) Could not resolve host: bitcoinmagazine.com. See https://curl.se/libcurl/c/libcurl-errors.html first for more details.
Error fetching https://cointelegraph.com/rss: Failed to perform, curl: (6) Could not resolve host: cointelegraph.com. See https://curl.se/libcurl/c/libcurl-errors.html first for more details.
Error fetching https://techcrunch.com/feed: Failed to perform, curl: (6) Could not resolve host: techcrunch.com. See https://curl.se/libcurl/c/libcurl-errors.html first for more details.
Error fetching https://feeds.feedburner.com/ign/movies-articles: Failed to perform, curl: (6) Could not resolve host: feeds.feedburner.com. See https://curl.se/libcurl/c/libcurl-errors.html first for more details.
Error fetching https://pcguru.hu/rss: Failed to perform, curl: (6) Could not resolve host: pcguru.hu. See https://curl.se/libcurl/c/libcurl-errors.html first for more details.
Error fetching https://bitcoinmagazine.com/.rss/full/: Failed to perform, curl: (6) Could not resolve host: bitcoinmagazine.com. See https://curl.se/libcurl/c/libcurl-errors.html first for more details.
Error fetching https://electrek.co/feed/: Failed to perform, curl: (6) Could not resolve host: electrek.co. See https://curl.se/libcurl/c/libcurl-errors.html first for more details.
Error fetching https://github.blog/feed/: Failed to perform, curl: (6) Could not resolve host: github.blog. See https://curl.se/libcurl/c/libcurl-errors.html first for more details.
Error fetching https://www.forbes.com/most-popular/feed/: Failed to perform, curl: (6) Could not resolve host: www.forbes.com. See https://curl.se/libcurl/c/libcurl-errors.html first for more details.
Error fetching https://gsplus.hu/site/rss/rss.xml: Failed to perform, curl: (6) Could not resolve host: gsplus.hu. See https://curl.se/libcurl/c/libcurl-errors.html first for more details.
Error fetching https://feeds.forbes.com/real-time/feed2/: Failed to perform, curl: (6) Could not resolve host: feeds.forbes.com. See https://curl.se/libcurl/c/libcurl-errors.html first for more details.
Error fetching https://insideevs.com/rss/articles/all: Failed to perform, curl: (6) Could not resolve host: insideevs.com. See https://curl.se/libcurl/c/libcurl-errors.html first for more details.
Error fetching https://feeds.feedburner.com/ign/tv-articles: Failed to perform, curl: (6) Could not resolve host: feeds.feedburner.com. See https://curl.se/libcurl/c/libcurl-errors.html first for more details.
Error fetching https://24.hu/feed/: Failed to perform, curl: (6) Could not resolve host: 24.hu. See https://curl.se/libcurl/c/libcurl-errors.html first for more details.
Error fetching https://feeds.feedburner.com/ign/all: Failed to perform, curl: (6) Could not resolve host: feeds.feedburner.com. See https://curl.se/libcurl/c/libcurl-errors.html first for more details.
Error fetching https://feeds.feedburner.com/ign/tech-articles: Failed to perform, curl: (6) Could not resolve host: feeds.feedburner.com. See https://curl.se/libcurl/c/libcurl-errors.html first for more details.
Error fetching https://prog.hu/site/backend/proghu-rss.xml: Failed to perform, curl: (6) Could not resolve host: prog.hu. See https://curl.se/libcurl/c/libcurl-errors.html first for more details.
Error fetching https://hvg.hu/rss: Failed to perform, curl: (6) Could not resolve host: hvg.hu. See https://curl.se/libcurl/c/libcurl-errors.html first for more details.
Error fetching https://feeds.feedburner.com/ign/games-all: Failed to perform, curl: (6) Could not resolve host: feeds.feedburner.com. See https://curl.se/libcurl/c/libcurl-errors.html first for more details.
Error fetching https://www.livescience.com/feeds/all: Failed to perform, curl: (6) Could not resolve host: www.livescience.com. See https://curl.se/libcurl/c/libcurl-errors.html first for more details.
Error fetching https://www.sciencedaily.com/rss/top.xml: Failed to perform, curl: (6) Could not resolve host: www.sciencedaily.com. See https://curl.se/libcurl/c/libcurl-errors.html first for more details.
Error fetching https://www.vezess.hu/feed/: Failed to perform, curl: (6) Could not resolve host: www.vezess.hu. See https://curl.se/libcurl/c/libcurl-errors.html first for more details.
Error fetching https://index.hu/kulfold/rss/: Failed to perform, curl: (6) Could not resolve host: index.hu. See https://curl.se/libcurl/c/libcurl-errors.html first for more details.
Error fetching https://www.pcgamer.com/rss/: Failed to perform, curl: (6) Could not resolve host: www.pcgamer.com. See https://curl.se/libcurl/c/libcurl-errors.html first for more details.
Error fetching https://drive.hu/rss: Failed to perform, curl: (6) Could not resolve host: drive.hu. See https://curl.se/libcurl/c/libcurl-errors.html first for more details.

===== PIPELINE RUN START 2026-09-05T11:10:15 [run_pipeline_persistent] =====

===== PIPELINE RUN START 2026-09-05T11:17:31 [run_pipeline_persistent] =====

===== PIPELINE RUN START 2026-09-05T11:25:10 [run_pipeline_persistent] =====

===== PIPELINE RUN START 2026-09-05T11:32:32 [run_pipeline_persistent] =====

===== PIPELINE RUN START 2026-09-05T11:39:59 [run_pipeline_persistent] =====

===== PIPELINE RUN START 2026-09-05T11:47:20 [run_pipeline_persistent] =====

===== PIPELINE RUN START 2026-09-05T11:54:53 [run_pipeline_persistent] =====

===== PIPELINE RUN START 2026-09-05T12:02:16 [run_pipeline_persistent] =====

===== PIPELINE RUN START 2026-09-05T12:09:45 [run_pipeline_persistent] =====

===== PIPELINE RUN START 2026-09-05T12:17:04 [run_pipeline_persistent] =====

===== PIPELINE RUN START 2026-09-05T12:24:48 [run_pipeline_persistent] =====

===== PIPELINE RUN START 2026-09-05T12:32:00 [run_pipeline_persistent] =====

===== PIPELINE RUN START 2026-09-05T12:39:31 [run_pipeline_persistent] =====

===== PIPELINE RUN START 2026-09-05T12:46:47 [run_pipeline_persistent] =====

===== PIPELINE RUN START 2026-09-05T12:54:20 [run_pipeline_persistent] =====

===== PIPELINE RUN START 2026-09-05T13:01:32 [run_pipeline_persistent] =====

===== PIPELINE RUN START 2026-09-05T13:09:05 [run_pipeline_persistent] =====

===== PIPELINE RUN START 2026-09-05T13:16:24 [run_pipeline_persistent] =====

===== PIPELINE RUN START 2026-09-05T13:23:59 [run_pipeline_persistent] =====

===== PIPELINE RUN START 2026-09-05T13:31:17 [run_pipeline_persistent] =====

===== PIPELINE RUN START 2026-09-05T13:38:49 [run_pipeline_persistent] =====

===== PIPELINE RUN START 2026-09-05T13:46:08 [run_pipeline_persistent] =====

===== PIPELINE RUN START 2026-09-05T13:53:50 [run_pipeline_persistent] =====

===== PIPELINE RUN START 2026-09-05T14:01:08 [run_pipeline_persistent] =====

===== PIPELINE RUN START 2026-09-05T14:08:46 [run_pipeline_persistent] =====

===== PIPELINE RUN START 2026-09-05T14:16:05 [run_pipeline_persistent] =====

===== PIPELINE RUN START 2026-09-05T14:23:46 [run_pipeline_persistent] =====

--- RSS Fetch Errors at 2026-09-05 14:31:08 ---
Error fetching https://aihirfolyam.hu/feed: Failed to perform, curl: (6) Could not resolve host: aihirfolyam.hu. See https://curl.se/libcurl/c/libcurl-errors.html first for more details.
Error fetching https://ng.24.hu/feed: Failed to perform, curl: (6) Could not resolve host: ng.24.hu. See https://curl.se/libcurl/c/libcurl-errors.html first for more details.
Error fetching https://offmedia.hu/feed: Failed to perform, curl: (6) Could not resolve host: offmedia.hu. See https://curl.se/libcurl/c/libcurl-errors.html first for more details.
Error fetching https://prog.hu/hirek/rss: Failed to perform, curl: (6) Could not resolve host: prog.hu. See https://curl.se/libcurl/c/libcurl-errors.html first for more details.
Error fetching https://www.economx.hu/feed: Failed to perform, curl: (6) Could not resolve host: www.economx.hu. See https://curl.se/libcurl/c/libcurl-errors.html first for more details.
Error fetching https://velvet.hu/24ora/rss/: Failed to perform, curl: (6) Could not resolve host: velvet.hu. See https://curl.se/libcurl/c/libcurl-errors.html first for more details.
Error fetching https://fhm.com/feed: Failed to perform, curl: (6) Could not resolve host: fhm.com. See https://curl.se/libcurl/c/libcurl-errors.html first for more details.
Error fetching https://funzine.hu/feed: Failed to perform, curl: (6) Could not resolve host: funzine.hu. See https://curl.se/libcurl/c/libcurl-errors.html first for more details.
Error fetching https://the-zone.hu/feed: Failed to perform, curl: (6) Could not resolve host: the-zone.hu. See https://curl.se/libcurl/c/libcurl-errors.html first for more details.
Error fetching https://totalcar.hu/feed: Failed to perform, curl: (6) Could not resolve host: totalcar.hu. See https://curl.se/libcurl/c/libcurl-errors.html first for more details.
Error fetching https://www.maxim.com/feed: Failed to perform, curl: (6) Could not resolve host: www.maxim.com. See https://curl.se/libcurl/c/libcurl-errors.html first for more details.
Error fetching https://www.hwsw.hu/xml/latest_news_rss.xml: Failed to perform, curl: (6) Could not resolve host: www.hwsw.hu. See https://curl.se/libcurl/c/libcurl-errors.html first for more details.
Error fetching https://sorozatjunkie.hu/feed: Failed to perform, curl: (6) Could not resolve host: sorozatjunkie.hu. See https://curl.se/libcurl/c/libcurl-errors.html first for more details.
Error fetching https://marieclaire.hu/feed: Failed to perform, curl: (6) Could not resolve host: marieclaire.hu. See https://curl.se/libcurl/c/libcurl-errors.html first for more details.
Error fetching https://nlc.hu/feed: Failed to perform, curl: (6) Could not resolve host: nlc.hu. See https://curl.se/libcurl/c/libcurl-errors.html first for more details.
Error fetching https://player.hu/feed: Failed to perform, curl: (6) Could not resolve host: player.hu. See https://curl.se/libcurl/c/libcurl-errors.html first for more details.
Error fetching https://firstclass.hu/feed: Failed to perform, curl: (6) Could not resolve host: firstclass.hu. See https://curl.se/libcurl/c/libcurl-errors.html first for more details.
Error fetching https://roadster.hu/feed: Failed to perform, curl: (6) Could not resolve host: roadster.hu. See https://curl.se/libcurl/c/libcurl-errors.html first for more details.
Error fetching https://azutazo.hu/feed: Failed to perform, curl: (6) Could not resolve host: azutazo.hu. See https://curl.se/libcurl/c/libcurl-errors.html first for more details.
Error fetching https://caravantimes.co.uk/feed: Failed to perform, curl: (6) Could not resolve host: caravantimes.co.uk. See https://curl.se/libcurl/c/libcurl-errors.html first for more details.
Error fetching https://travelmagazin.hu/feed: Failed to perform, curl: (6) Could not resolve host: travelmagazin.hu. See https://curl.se/libcurl/c/libcurl-errors.html first for more details.
Error fetching https://www.penzcentrum.hu/rss/all.xml: Failed to perform, curl: (6) Could not resolve host: www.penzcentrum.hu. See https://curl.se/libcurl/c/libcurl-errors.html first for more details.
Error fetching https://9to5mac.com/feed/: Failed to perform, curl: (6) Could not resolve host: 9to5mac.com. See https://curl.se/libcurl/c/libcurl-errors.html first for more details.

===== PIPELINE RUN START 2026-09-05T14:31:09 [run_pipeline_persistent] =====

===== PIPELINE RUN START 2026-09-05T14:38:47 [run_pipeline_persistent] =====

===== PIPELINE RUN START 2026-09-05T14:46:00 [run_pipeline_persistent] =====

===== PIPELINE RUN START 2026-09-05T14:53:36 [run_pipeline_persistent] =====

===== PIPELINE RUN START 2026-09-05T15:00:50 [run_pipeline_persistent] =====

===== PIPELINE RUN START 2026-09-05T15:08:26 [run_pipeline_persistent] =====

===== PIPELINE RUN START 2026-09-05T15:15:44 [run_pipeline_persistent] =====

===== PIPELINE RUN START 2026-09-05T15:23:17 [run_pipeline_persistent] =====

===== PIPELINE RUN START 2026-09-05T15:30:39 [run_pipeline_persistent] =====

===== PIPELINE RUN START 2026-09-05T15:38:12 [run_pipeline_persistent] =====

--- RSS Fetch Errors at 2026-09-05 15:45:30 ---
Error fetching https://femina.hu/24ora/rss.xml: Failed to perform, curl: (6) Could not resolve host: femina.hu. See https://curl.se/libcurl/c/libcurl-errors.html first for more details.

===== PIPELINE RUN START 2026-09-05T15:45:31 [run_pipeline_persistent] =====

===== PIPELINE RUN START 2026-09-05T15:53:12 [run_pipeline_persistent] =====

===== PIPELINE RUN START 2026-09-05T16:00:27 [run_pipeline_persistent] =====

===== PIPELINE RUN START 2026-09-05T16:07:57 [run_pipeline_persistent] =====

===== PIPELINE RUN START 2026-09-05T16:15:27 [run_pipeline_persistent] =====

--- RSS Fetch Errors at 2026-09-05 16:22:42 ---
Error fetching https://hu.ign.com/feed.xml: Failed to perform, curl: (6) Could not resolve host: hu.ign.com. See https://curl.se/libcurl/c/libcurl-errors.html first for more details.
Error fetching https://hu.ign.com/feed.xml: Failed to perform, curl: (6) Could not resolve host: hu.ign.com. See https://curl.se/libcurl/c/libcurl-errors.html first for more details.

===== PIPELINE RUN START 2026-09-05T16:22:56 [run_pipeline_persistent] =====

===== PIPELINE RUN START 2026-09-05T16:30:14 [run_pipeline_persistent] =====

===== PIPELINE RUN START 2026-09-05T16:37:51 [run_pipeline_persistent] =====

===== PIPELINE RUN START 2026-09-05T16:45:09 [run_pipeline_persistent] =====

--- RSS Fetch Errors at 2026-09-05 16:58:52 ---
Error fetching https://totalcar.hu/24ora/rss/: Failed to perform, curl: (6) Could not resolve host: totalcar.hu. See https://curl.se/libcurl/c/libcurl-errors.html first for more details.
Error fetching https://welovebudapest.com/feed/: Failed to perform, curl: (6) Could not resolve host: welovebudapest.com. See https://curl.se/libcurl/c/libcurl-errors.html first for more details.
Error fetching https://hold.hu/holdblog/feed: Failed to perform, curl: (6) Could not resolve host: hold.hu. See https://curl.se/libcurl/c/libcurl-errors.html first for more details.
Error fetching https://444.hu/category/tudomany/feed: Failed to perform, curl: (6) Could not resolve host: 444.hu. See https://curl.se/libcurl/c/libcurl-errors.html first for more details.
Error fetching https://www.portfolio.hu/rss/all.xml: Failed to perform, curl: (6) Could not resolve host: www.portfolio.hu. See https://curl.se/libcurl/c/libcurl-errors.html first for more details.
Error fetching https://index.hu/24ora/rss: Failed to perform, curl: (6) Could not resolve host: index.hu. See https://curl.se/libcurl/c/libcurl-errors.html first for more details.
Error fetching https://telex.hu/rss: Failed to perform, curl: (6) Could not resolve host: telex.hu. See https://curl.se/libcurl/c/libcurl-errors.html first for more details.
Error fetching https://index.hu/sitemap/friss.xml: Failed to perform, curl: (6) Could not resolve host: index.hu. See https://curl.se/libcurl/c/libcurl-errors.html first for more details.
Error fetching https://prohardver.hu/hirfolyam/anyagok/rss.xml: Failed to perform, curl: (6) Could not resolve host: prohardver.hu. See https://curl.se/libcurl/c/libcurl-errors.html first for more details.
Error fetching https://www.pcwplus.hu/site/rss/rss.xml: Failed to perform, curl: (6) Could not resolve host: www.pcwplus.hu. See https://curl.se/libcurl/c/libcurl-errors.html first for more details.
Error fetching https://444.hu/category/belfold/feed: Failed to perform, curl: (6) Could not resolve host: 444.hu. See https://curl.se/libcurl/c/libcurl-errors.html first for more details.
Error fetching https://sg.hu/rss: Failed to perform, curl: (6) Could not resolve host: sg.hu. See https://curl.se/libcurl/c/libcurl-errors.html first for more details.
Error fetching https://index.hu/tudomany/rss/: Failed to perform, curl: (6) Could not resolve host: index.hu. See https://curl.se/libcurl/c/libcurl-errors.html first for more details.
Error fetching https://prohardver.hu/hirfolyam/hirek/rss.xml: Failed to perform, curl: (6) Could not resolve host: prohardver.hu. See https://curl.se/libcurl/c/libcurl-errors.html first for more details.
Error fetching https://index.hu/belfold/rss/: Failed to perform, curl: (6) Could not resolve host: index.hu. See https://curl.se/libcurl/c/libcurl-errors.html first for more details.
Error fetching https://index.hu/kulfold/rss/: Failed to perform, curl: (6) Could not resolve host: index.hu. See https://curl.se/libcurl/c/libcurl-errors.html first for more details.
Error fetching https://vezess.hu/rss: Failed to perform, curl: (6) Could not resolve host: vezess.hu. See https://curl.se/libcurl/c/libcurl-errors.html first for more details.
Error fetching https://qubit.hu/feed: Failed to perform, curl: (6) Could not resolve host: qubit.hu. See https://curl.se/libcurl/c/libcurl-errors.html first for more details.
Error fetching https://telex.hu/rss/archivum?filters=%7B%22superTagSlugs%22%3A%5B%22eszkombajn%22%5D%2C%22parentId%22%3A%5B%22null%22%5D%7D&perPage=10: Failed to perform, curl: (6) Could not resolve host: telex.hu. See https://curl.se/libcurl/c/libcurl-errors.html first for more details.
Error fetching https://hwsw.hu/xml/latest_news_rss.xml: Failed to perform, curl: (6) Could not resolve host: hwsw.hu. See https://curl.se/libcurl/c/libcurl-errors.html first for more details.
Error fetching https://www.cnet.com/rss/news/: Failed to perform, curl: (6) Could not resolve host: www.cnet.com. See https://curl.se/libcurl/c/libcurl-errors.html first for more details.
Error fetching https://raketa.hu/feed: Failed to perform, curl: (6) Could not resolve host: raketa.hu. See https://curl.se/libcurl/c/libcurl-errors.html first for more details.
Error fetching https://esport1.hu/rss: Failed to perform, curl: (6) Could not resolve host: esport1.hu. See https://curl.se/libcurl/c/libcurl-errors.html first for more details.
Error fetching https://rss.nytimes.com/services/xml/rss/nyt/Technology.xml: Failed to perform, curl: (6) Could not resolve host: rss.nytimes.com. See https://curl.se/libcurl/c/libcurl-errors.html first for more details.
Error fetching https://www.nasa.gov/rss/dyn/breaking_news.rss: Failed to perform, curl: (6) Could not resolve host: www.nasa.gov. See https://curl.se/libcurl/c/libcurl-errors.html first for more details.
Error fetching https://sg.hu/plain/rss.xml: Failed to perform, curl: (6) Could not resolve host: sg.hu. See https://curl.se/libcurl/c/libcurl-errors.html first for more details.
Error fetching https://www.sciencedaily.com/rss/all.xml: Failed to perform, curl: (6) Could not resolve host: www.sciencedaily.com. See https://curl.se/libcurl/c/libcurl-errors.html first for more details.
Error fetching https://techpowerup.com/rss/news: Failed to perform, curl: (6) Could not resolve host: techpowerup.com. See https://curl.se/libcurl/c/libcurl-errors.html first for more details.
Error fetching https://www.gamingbible.com/index.rss: Failed to perform, curl: (6) Could not resolve host: www.gamingbible.com. See https://curl.se/libcurl/c/libcurl-errors.html first for more details.
Error fetching https://rss.nytimes.com/services/xml/rss/nyt/Science.xml: Failed to perform, curl: (6) Could not resolve host: rss.nytimes.com. See https://curl.se/libcurl/c/libcurl-errors.html first for more details.
Error fetching https://www.cnet.com/rss/all/: Failed to perform, curl: (6) Could not resolve host: www.cnet.com. See https://curl.se/libcurl/c/libcurl-errors.html first for more details.
Error fetching https://www.sciencedaily.com/rss/top.xml: Failed to perform, curl: (6) Could not resolve host: www.sciencedaily.com. See https://curl.se/libcurl/c/libcurl-errors.html first for more details.
Error fetching https://insideevs.com/rss/news/all/: Failed to perform, curl: (6) Could not resolve host: insideevs.com. See https://curl.se/libcurl/c/libcurl-errors.html first for more details.
Error fetching https://futurism.com/feed: Failed to perform, curl: (6) Could not resolve host: futurism.com. See https://curl.se/libcurl/c/libcurl-errors.html first for more details.
Error fetching https://www.pcgamer.com/rss/: Failed to perform, curl: (6) Could not resolve host: www.pcgamer.com. See https://curl.se/libcurl/c/libcurl-errors.html first for more details.
Error fetching https://forbes.hu/feed/: Failed to perform, curl: (6) Could not resolve host: forbes.hu. See https://curl.se/libcurl/c/libcurl-errors.html first for more details.
Error fetching https://insideevs.com/rss/articles/all: Failed to perform, curl: (6) Could not resolve host: insideevs.com. See https://curl.se/libcurl/c/libcurl-errors.html first for more details.
Error fetching https://blog.google/rss/: Failed to perform, curl: (6) Could not resolve host: blog.google. See https://curl.se/libcurl/c/libcurl-errors.html first for more details.
Error fetching https://feeds.forbes.com/real-time/feed2/: Failed to perform, curl: (6) Could not resolve host: feeds.forbes.com. See https://curl.se/libcurl/c/libcurl-errors.html first for more details.
Error fetching https://decrypt.co/feed: Failed to perform, curl: (6) Could not resolve host: decrypt.co. See https://curl.se/libcurl/c/libcurl-errors.html first for more details.
Error fetching https://drive.hu/rss: Failed to perform, curl: (6) Could not resolve host: drive.hu. See https://curl.se/libcurl/c/libcurl-errors.html first for more details.
Error fetching https://electrek.co/feed/: Failed to perform, curl: (6) Could not resolve host: electrek.co. See https://curl.se/libcurl/c/libcurl-errors.html first for more details.
Error fetching https://www.space.com/feeds/all: Failed to perform, curl: (6) Could not resolve host: www.space.com. See https://curl.se/libcurl/c/libcurl-errors.html first for more details.
Error fetching https://www.forbes.com/most-popular/feed/: Failed to perform, curl: (6) Could not resolve host: www.forbes.com. See https://curl.se/libcurl/c/libcurl-errors.html first for more details.
Error fetching https://www.livescience.com/feeds/all: Failed to perform, curl: (6) Could not resolve host: www.livescience.com. See https://curl.se/libcurl/c/libcurl-errors.html first for more details.
Error fetching https://bitcoinmagazine.com/.rss/full/: Failed to perform, curl: (6) Could not resolve host: bitcoinmagazine.com. See https://curl.se/libcurl/c/libcurl-errors.html first for more details.
Error fetching https://gsplus.hu/site/rss/rss.xml: Failed to perform, curl: (6) Could not resolve host: gsplus.hu. See https://curl.se/libcurl/c/libcurl-errors.html first for more details.
Error fetching https://pcguru.hu/rss: Failed to perform, curl: (6) Could not resolve host: pcguru.hu. See https://curl.se/libcurl/c/libcurl-errors.html first for more details.
Error fetching https://feeds.feedburner.com/ign/tech-articles: Failed to perform, curl: (6) Could not resolve host: feeds.feedburner.com. See https://curl.se/libcurl/c/libcurl-errors.html first for more details.
Error fetching https://feeds.feedburner.com/ign/tv-articles: Failed to perform, curl: (6) Could not resolve host: feeds.feedburner.com. See https://curl.se/libcurl/c/libcurl-errors.html first for more details.
Error fetching https://cointelegraph.com/rss: Failed to perform, curl: (6) Could not resolve host: cointelegraph.com. See https://curl.se/libcurl/c/libcurl-errors.html first for more details.
Error fetching https://github.blog/feed/: Failed to perform, curl: (6) Could not resolve host: github.blog. See https://curl.se/libcurl/c/libcurl-errors.html first for more details.
Error fetching https://feeds.feedburner.com/ign/all: Failed to perform, curl: (6) Could not resolve host: feeds.feedburner.com. See https://curl.se/libcurl/c/libcurl-errors.html first for more details.
Error fetching https://feeds.feedburner.com/ign/games-all: Failed to perform, curl: (6) Could not resolve host: feeds.feedburner.com. See https://curl.se/libcurl/c/libcurl-errors.html first for more details.
Error fetching https://techcrunch.com/feed: Failed to perform, curl: (6) Could not resolve host: techcrunch.com. See https://curl.se/libcurl/c/libcurl-errors.html first for more details.
Error fetching https://prog.hu/site/backend/proghu-rss.xml: Failed to perform, curl: (6) Could not resolve host: prog.hu. See https://curl.se/libcurl/c/libcurl-errors.html first for more details.
Error fetching https://feeds.feedburner.com/ign/movies-articles: Failed to perform, curl: (6) Could not resolve host: feeds.feedburner.com. See https://curl.se/libcurl/c/libcurl-errors.html first for more details.
Error fetching https://24.hu/feed/: Failed to perform, curl: (6) Could not resolve host: 24.hu. See https://curl.se/libcurl/c/libcurl-errors.html first for more details.
Error fetching https://bitcoinmagazine.com/feed: Failed to perform, curl: (6) Could not resolve host: bitcoinmagazine.com. See https://curl.se/libcurl/c/libcurl-errors.html first for more details.
Error fetching https://www.vezess.hu/feed/: Failed to perform, curl: (6) Could not resolve host: www.vezess.hu. See https://curl.se/libcurl/c/libcurl-errors.html first for more details.
Error fetching https://hvg.hu/rss: Failed to perform, curl: (6) Could not resolve host: hvg.hu. See https://curl.se/libcurl/c/libcurl-errors.html first for more details.
Error fetching https://444.hu/feed: Failed to perform, curl: (6) Could not resolve host: 444.hu. See https://curl.se/libcurl/c/libcurl-errors.html first for more details.
Error fetching https://media.sg.hu/rss/rss.xml: Failed to perform, curl: (6) Could not resolve host: media.sg.hu. See https://curl.se/libcurl/c/libcurl-errors.html first for more details.
Error fetching https://www.portfolio.hu/rss/: Failed to perform, curl: (6) Could not resolve host: www.portfolio.hu. See https://curl.se/libcurl/c/libcurl-errors.html first for more details.
Error fetching https://www.penzcentrum.hu/rss: Failed to perform, curl: (6) Could not resolve host: www.penzcentrum.hu. See https://curl.se/libcurl/c/libcurl-errors.html first for more details.

===== PIPELINE RUN START 2026-09-05T17:15:51 [run_pipeline_persistent] =====

===== PIPELINE RUN START 2026-09-05T17:23:37 [run_pipeline_persistent] =====

===== PIPELINE RUN START 2026-09-05T17:31:04 [run_pipeline_persistent] =====

===== PIPELINE RUN START 2026-09-05T17:38:32 [run_pipeline_persistent] =====
