
===== PIPELINE RUN START 2026-08-16T00:06:39 [run_pipeline_persistent] =====

===== PIPELINE RUN START 2026-08-16T00:11:40 [run_pipeline_persistent] =====

===== PIPELINE RUN START 2026-08-16T00:16:42 [run_pipeline_persistent] =====

===== PIPELINE RUN START 2026-08-16T00:21:45 [run_pipeline_persistent] =====

--- RSS Fetch Errors at 2026-08-16 00:22:33 ---
Error fetching https://www.economx.hu/feed: Failed to perform, curl: (35) TLS connect error: error:00000000:invalid library (0):OPENSSL_internal:invalid library (0). See https://curl.se/libcurl/c/libcurl-errors.html first for more details.
Error fetching https://velvet.hu/24ora/rss/: Failed to perform, curl: (35) TLS connect error: error:00000000:invalid library (0):OPENSSL_internal:invalid library (0). See https://curl.se/libcurl/c/libcurl-errors.html first for more details.

===== PIPELINE RUN START 2026-08-16T00:26:47 [run_pipeline_persistent] =====

===== PIPELINE RUN START 2026-08-16T00:31:49 [run_pipeline_persistent] =====

===== PIPELINE RUN START 2026-08-16T00:36:51 [run_pipeline_persistent] =====

===== PIPELINE RUN START 2026-08-16T00:41:52 [run_pipeline_persistent] =====

===== PIPELINE RUN START 2026-08-16T00:46:54 [run_pipeline_persistent] =====

===== PIPELINE RUN START 2026-08-16T00:51:57 [run_pipeline_persistent] =====

===== PIPELINE RUN START 2026-08-16T00:56:59 [run_pipeline_persistent] =====

===== PIPELINE RUN START 2026-08-16T01:02:02 [run_pipeline_persistent] =====

===== PIPELINE RUN START 2026-08-16T01:07:02 [run_pipeline_persistent] =====

===== PIPELINE RUN START 2026-08-16T01:12:05 [run_pipeline_persistent] =====

===== PIPELINE RUN START 2026-08-16T01:17:07 [run_pipeline_persistent] =====

===== PIPELINE RUN START 2026-08-16T01:22:09 [run_pipeline_persistent] =====

===== PIPELINE RUN START 2026-08-16T01:27:12 [run_pipeline_persistent] =====

===== PIPELINE RUN START 2026-08-16T01:32:14 [run_pipeline_persistent] =====

===== PIPELINE RUN START 2026-08-16T01:37:17 [run_pipeline_persistent] =====

===== PIPELINE RUN START 2026-08-16T01:42:19 [run_pipeline_persistent] =====

===== PIPELINE RUN START 2026-08-16T01:47:21 [run_pipeline_persistent] =====

===== PIPELINE RUN START 2026-08-16T01:52:21 [run_pipeline_persistent] =====

===== PIPELINE RUN START 2026-08-16T01:57:23 [run_pipeline_persistent] =====

===== PIPELINE RUN START 2026-08-16T02:02:26 [run_pipeline_persistent] =====

===== PIPELINE RUN START 2026-08-16T02:07:28 [run_pipeline_persistent] =====

===== PIPELINE RUN START 2026-08-16T02:12:30 [run_pipeline_persistent] =====

===== PIPELINE RUN START 2026-08-16T02:17:33 [run_pipeline_persistent] =====

===== PIPELINE RUN START 2026-08-16T02:22:35 [run_pipeline_persistent] =====

===== PIPELINE RUN START 2026-08-16T02:27:38 [run_pipeline_persistent] =====

===== PIPELINE RUN START 2026-08-16T02:32:39 [run_pipeline_persistent] =====

===== PIPELINE RUN START 2026-08-16T02:37:41 [run_pipeline_persistent] =====

===== PIPELINE RUN START 2026-08-16T02:42:44 [run_pipeline_persistent] =====

===== PIPELINE RUN START 2026-08-16T02:47:46 [run_pipeline_persistent] =====

===== PIPELINE RUN START 2026-08-16T02:52:48 [run_pipeline_persistent] =====

===== PIPELINE RUN START 2026-08-16T02:57:51 [run_pipeline_persistent] =====

===== PIPELINE RUN START 2026-08-16T03:02:52 [run_pipeline_persistent] =====

===== PIPELINE RUN START 2026-08-16T03:07:54 [run_pipeline_persistent] =====

--- RSS Fetch Errors at 2026-08-16 03:08:43 ---
Error fetching https://www.vice.com/feed/: HTTP Error 404: 

===== PIPELINE RUN START 2026-08-16T03:12:56 [run_pipeline_persistent] =====

===== PIPELINE RUN START 2026-08-16T03:17:58 [run_pipeline_persistent] =====

===== PIPELINE RUN START 2026-08-16T03:23:00 [run_pipeline_persistent] =====

===== PIPELINE RUN START 2026-08-16T03:28:02 [run_pipeline_persistent] =====

===== PIPELINE RUN START 2026-08-16T03:33:05 [run_pipeline_persistent] =====

===== PIPELINE RUN START 2026-08-16T03:38:07 [run_pipeline_persistent] =====

===== PIPELINE RUN START 2026-08-16T03:43:09 [run_pipeline_persistent] =====

===== PIPELINE RUN START 2026-08-16T03:48:11 [run_pipeline_persistent] =====

===== PIPELINE RUN START 2026-08-16T03:53:13 [run_pipeline_persistent] =====

===== PIPELINE RUN START 2026-08-16T03:58:15 [run_pipeline_persistent] =====

===== PIPELINE RUN START 2026-08-16T04:03:17 [run_pipeline_persistent] =====

===== PIPELINE RUN START 2026-08-16T04:08:18 [run_pipeline_persistent] =====

===== PIPELINE RUN START 2026-08-16T04:13:20 [run_pipeline_persistent] =====

===== PIPELINE RUN START 2026-08-16T04:18:20 [run_pipeline_persistent] =====

===== PIPELINE RUN START 2026-08-16T04:23:23 [run_pipeline_persistent] =====

===== PIPELINE RUN START 2026-08-16T04:28:25 [run_pipeline_persistent] =====

===== PIPELINE RUN START 2026-08-16T04:33:27 [run_pipeline_persistent] =====

===== PIPELINE RUN START 2026-08-16T04:38:29 [run_pipeline_persistent] =====

===== PIPELINE RUN START 2026-08-16T04:43:31 [run_pipeline_persistent] =====

===== PIPELINE RUN START 2026-08-16T04:48:33 [run_pipeline_persistent] =====

===== PIPELINE RUN START 2026-08-16T04:53:36 [run_pipeline_persistent] =====

===== PIPELINE RUN START 2026-08-16T04:58:38 [run_pipeline_persistent] =====

===== PIPELINE RUN START 2026-08-16T05:03:39 [run_pipeline_persistent] =====

===== PIPELINE RUN START 2026-08-16T05:08:42 [run_pipeline_persistent] =====

===== PIPELINE RUN START 2026-08-16T05:13:44 [run_pipeline_persistent] =====

===== PIPELINE RUN START 2026-08-16T05:18:47 [run_pipeline_persistent] =====

===== PIPELINE RUN START 2026-08-16T05:23:49 [run_pipeline_persistent] =====

===== PIPELINE RUN START 2026-08-16T05:28:52 [run_pipeline_persistent] =====

===== PIPELINE RUN START 2026-08-16T05:33:54 [run_pipeline_persistent] =====

===== PIPELINE RUN START 2026-08-16T05:38:56 [run_pipeline_persistent] =====

===== PIPELINE RUN START 2026-08-16T05:43:59 [run_pipeline_persistent] =====

===== PIPELINE RUN START 2026-08-16T05:49:01 [run_pipeline_persistent] =====

===== PIPELINE RUN START 2026-08-16T05:54:04 [run_pipeline_persistent] =====

===== PIPELINE RUN START 2026-08-16T05:59:05 [run_pipeline_persistent] =====

===== PIPELINE RUN START 2026-08-16T09:01:54 [run_pipeline_persistent] =====
[09:03:21] Summarizer: [DownloadWorker-0] SKIP (duplicate title): Mintegy 10 milliós veszteséggel kezdett ...
[09:03:24] Summarizer: [DownloadWorker-7] SKIP (duplicate title): Kvíz: Felismered egy fotó alapján, melyi...
[09:03:25] Summarizer: [DownloadWorker-0] SKIP (duplicate title): Heti amerikai nézettség (08.03-09.)...
[09:03:27] Summarizer: [DownloadWorker-3] SKIP (duplicate title): Too Many Requests (429)...
[09:03:34] Summarizer: [DownloadWorker-3] SKIP (duplicate title): Napi üzenet vasárnap – 2026. 08. 16....

===== PIPELINE RUN START 2026-08-16T09:07:21 [run_pipeline_persistent] =====

===== PIPELINE RUN START 2026-08-16T09:12:23 [run_pipeline_persistent] =====

--- RSS Fetch Errors at 2026-08-16 09:13:50 ---
Error fetching https://www.economx.hu/feed: Failed to perform, curl: (28) Connection timed out after 10003 milliseconds. See https://curl.se/libcurl/c/libcurl-errors.html first for more details.
Error fetching https://femina.hu/24ora/rss.xml: Failed to perform, curl: (28) Connection timed out after 10002 milliseconds. See https://curl.se/libcurl/c/libcurl-errors.html first for more details.
Error fetching https://www.vice.com/feed/: HTTP Error 404: 
Error fetching https://sokszinuvidek.24.hu/?oembed=true&format=xml&url=https%3A%2F%2Fsokszinuvidek.24.hu%2F: Failed to perform, curl: (28) Connection timed out after 10003 milliseconds. See https://curl.se/libcurl/c/libcurl-errors.html first for more details.

===== PIPELINE RUN START 2026-08-16T09:17:26 [run_pipeline_persistent] =====

--- RSS Fetch Errors at 2026-08-16 09:18:55 ---
Error fetching https://aihirfolyam.hu/feed: Failed to perform, curl: (28) Connection timed out after 10003 milliseconds. See https://curl.se/libcurl/c/libcurl-errors.html first for more details.
Error fetching https://www.hwsw.hu/xml/latest_news_rss.xml: Failed to perform, curl: (28) Resolving timed out after 10000 milliseconds. See https://curl.se/libcurl/c/libcurl-errors.html first for more details.
Error fetching https://www.maxim.com/feed: Failed to perform, curl: (28) Connection timed out after 10003 milliseconds. See https://curl.se/libcurl/c/libcurl-errors.html first for more details.

===== PIPELINE RUN START 2026-08-16T09:22:28 [run_pipeline_persistent] =====

--- RSS Fetch Errors at 2026-08-16 09:24:19 ---
Error fetching https://sorozatjunkie.hu/feed: Failed to perform, curl: (28) Connection timed out after 10002 milliseconds. See https://curl.se/libcurl/c/libcurl-errors.html first for more details.
Error fetching https://starity.hu/magazin/rss/: Failed to perform, curl: (28) Connection timed out after 10001 milliseconds. See https://curl.se/libcurl/c/libcurl-errors.html first for more details.
Error fetching https://sokszinuvidek.24.hu/feed/: Failed to perform, curl: (28) Connection timed out after 10003 milliseconds. See https://curl.se/libcurl/c/libcurl-errors.html first for more details.

===== PIPELINE RUN START 2026-08-16T09:27:30 [run_pipeline_persistent] =====

--- RSS Fetch Errors at 2026-08-16 09:28:59 ---
Error fetching https://azutazo.hu/feed: Failed to perform, curl: (28) Connection timed out after 10003 milliseconds. See https://curl.se/libcurl/c/libcurl-errors.html first for more details.

===== PIPELINE RUN START 2026-08-16T09:32:33 [run_pipeline_persistent] =====

===== PIPELINE RUN START 2026-08-16T09:37:36 [run_pipeline_persistent] =====

===== PIPELINE RUN START 2026-08-16T09:42:39 [run_pipeline_persistent] =====

--- RSS Fetch Errors at 2026-08-16 09:44:11 ---
Error fetching https://index.hu/tudomany/til/rss/: Failed to perform, curl: (28) Connection timed out after 10002 milliseconds. See https://curl.se/libcurl/c/libcurl-errors.html first for more details.
Error fetching https://www.playboy.com/read/sex-relationships/feed: Failed to perform, curl: (28) Resolving timed out after 10002 milliseconds. See https://curl.se/libcurl/c/libcurl-errors.html first for more details.
Error fetching https://www.playboy.com/read/classics/feed: Failed to perform, curl: (28) Connection timed out after 10002 milliseconds. See https://curl.se/libcurl/c/libcurl-errors.html first for more details.

===== PIPELINE RUN START 2026-08-16T09:47:42 [run_pipeline_persistent] =====

--- RSS Fetch Errors at 2026-08-16 09:49:38 ---
Error fetching https://femina.hu/24ora/rss.xml: Failed to perform, curl: (28) Connection timed out after 10002 milliseconds. See https://curl.se/libcurl/c/libcurl-errors.html first for more details.
Error fetching https://www.maxim.com/feed: Failed to perform, curl: (28) Connection timed out after 10003 milliseconds. See https://curl.se/libcurl/c/libcurl-errors.html first for more details.
Error fetching https://sorozatjunkie.hu/feed: Failed to perform, curl: (28) Connection timed out after 10002 milliseconds. See https://curl.se/libcurl/c/libcurl-errors.html first for more details.
Error fetching https://player.hu/feed: Failed to perform, curl: (28) Connection timed out after 10003 milliseconds. See https://curl.se/libcurl/c/libcurl-errors.html first for more details.

===== PIPELINE RUN START 2026-08-16T09:52:43 [run_pipeline_persistent] =====

--- RSS Fetch Errors at 2026-08-16 09:54:10 ---
Error fetching https://aihirfolyam.hu/feed: Failed to perform, curl: (28) Connection timed out after 10003 milliseconds. See https://curl.se/libcurl/c/libcurl-errors.html first for more details.
Error fetching https://www.hwsw.hu/xml/latest_news_rss.xml: Failed to perform, curl: (28) Connection timed out after 10002 milliseconds. See https://curl.se/libcurl/c/libcurl-errors.html first for more details.

===== PIPELINE RUN START 2026-08-16T09:57:46 [run_pipeline_persistent] =====

--- RSS Fetch Errors at 2026-08-16 09:59:51 ---
Error fetching https://femina.hu/24ora/rss.xml: Failed to perform, curl: (28) Connection timed out after 10002 milliseconds. See https://curl.se/libcurl/c/libcurl-errors.html first for more details.
Error fetching https://roadster.hu/feed: Failed to perform, curl: (28) Connection timed out after 10002 milliseconds. See https://curl.se/libcurl/c/libcurl-errors.html first for more details.
Error fetching https://azutazo.hu/feed: Failed to perform, curl: (28) Connection timed out after 10002 milliseconds. See https://curl.se/libcurl/c/libcurl-errors.html first for more details.
Error fetching https://www.economx.hu/feed: Failed to perform, curl: (28) Operation timed out after 25002 milliseconds with 0 bytes received. See https://curl.se/libcurl/c/libcurl-errors.html first for more details.

===== PIPELINE RUN START 2026-08-16T10:02:47 [run_pipeline_persistent] =====

===== PIPELINE RUN START 2026-08-16T10:07:49 [run_pipeline_persistent] =====

--- RSS Fetch Errors at 2026-08-16 10:09:36 ---
Error fetching https://wallstreetzen.com/blog/feed/: Failed to perform, curl: (6) Could not resolve host: wallstreetzen.com. See https://curl.se/libcurl/c/libcurl-errors.html first for more details.
Error fetching https://www.penzcentrum.hu/rss/all.xml: Failed to perform, curl: (28) Connection timed out after 10002 milliseconds. See https://curl.se/libcurl/c/libcurl-errors.html first for more details.
Error fetching https://www.koncert.hu/rss/hirek: Failed to perform, curl: (28) Connection timed out after 10002 milliseconds. See https://curl.se/libcurl/c/libcurl-errors.html first for more details.
Error fetching https://travelmagazin.hu/feed: Failed to perform, curl: (28) Connection timed out after 10002 milliseconds. See https://curl.se/libcurl/c/libcurl-errors.html first for more details.
Error fetching https://fhm.com/feed: Failed to perform, curl: (28) Operation timed out after 25001 milliseconds with 0 bytes received. See https://curl.se/libcurl/c/libcurl-errors.html first for more details.
Error fetching https://sorozatjunkie.hu/feed: Failed to perform, curl: (28) Operation timed out after 25004 milliseconds with 0 bytes received. See https://curl.se/libcurl/c/libcurl-errors.html first for more details.
Error fetching https://aihirfolyam.hu/feed: Failed to perform, curl: (28) Operation timed out after 25119 milliseconds with 0 bytes received. See https://curl.se/libcurl/c/libcurl-errors.html first for more details.
Error fetching https://www.playboy.com/read/sex-relationships/feed: Failed to perform, curl: (28) Operation timed out after 25003 milliseconds with 0 bytes received. See https://curl.se/libcurl/c/libcurl-errors.html first for more details.
Error fetching https://www.playboy.com/read/celebrities/feed: Failed to perform, curl: (28) Operation timed out after 25018 milliseconds with 0 bytes received. See https://curl.se/libcurl/c/libcurl-errors.html first for more details.
Error fetching https://www.playboy.com/read/classics/feed: Failed to perform, curl: (28) Operation timed out after 25002 milliseconds with 0 bytes received. See https://curl.se/libcurl/c/libcurl-errors.html first for more details.
Error fetching https://azutazo.hu/feed: Failed to perform, curl: (28) Operation timed out after 25002 milliseconds with 0 bytes received. See https://curl.se/libcurl/c/libcurl-errors.html first for more details.
Error fetching https://caravantimes.co.uk/feed: Failed to perform, curl: (28) Operation timed out after 25001 milliseconds with 0 bytes received. See https://curl.se/libcurl/c/libcurl-errors.html first for more details.
Error fetching https://bankless.com/feed: Failed to perform, curl: (28) Operation timed out after 25003 milliseconds with 0 bytes received. See https://curl.se/libcurl/c/libcurl-errors.html first for more details.
Error fetching https://wmn.hu/feed/: Failed to perform, curl: (28) Operation timed out after 25002 milliseconds with 0 bytes received. See https://curl.se/libcurl/c/libcurl-errors.html first for more details.
Error fetching https://hetediksor.hu/feed/: Failed to perform, curl: (28) Operation timed out after 25002 milliseconds with 0 bytes received. See https://curl.se/libcurl/c/libcurl-errors.html first for more details.

===== PIPELINE RUN START 2026-08-16T10:12:50 [run_pipeline_persistent] =====

===== PIPELINE RUN START 2026-08-16T10:17:51 [run_pipeline_persistent] =====
[10:19:52] Summarizer: [DownloadWorker-3] SKIP (duplicate title): Délelőtti videó 1.: NCIS: Origins...

===== PIPELINE RUN START 2026-08-16T10:22:53 [run_pipeline_persistent] =====
[10:25:03] Image_Downloader: Download failed (https://twitter.com/TennisChannel/status/1824000000000000000): 404 Client Error: Not Found for url: https://x.com/TennisChannel/status/1824000000000000000

===== PIPELINE RUN START 2026-08-16T10:30:19 [run_pipeline_persistent] =====

--- RSS Fetch Errors at 2026-08-16 10:31:13 ---
Error fetching https://index.hu/tudomany/til/rss/: Failed to perform, curl: (7) Failed to connect to index.hu port 443 after 2004 ms: Could not connect to server. See https://curl.se/libcurl/c/libcurl-errors.html first for more details.
Error fetching https://www.playboy.com/read/sex-relationships/feed: Failed to perform, curl: (7) Failed to connect to www.playboy.com port 443 after 2028 ms: Could not connect to server. See https://curl.se/libcurl/c/libcurl-errors.html first for more details.

===== PIPELINE RUN START 2026-08-16T10:35:22 [run_pipeline_persistent] =====

===== PIPELINE RUN START 2026-08-16T10:40:24 [run_pipeline_persistent] =====

===== PIPELINE RUN START 2026-08-16T10:45:26 [run_pipeline_persistent] =====

===== PIPELINE RUN START 2026-08-16T10:50:28 [run_pipeline_persistent] =====

===== PIPELINE RUN START 2026-08-16T10:55:31 [run_pipeline_persistent] =====

===== PIPELINE RUN START 2026-08-16T11:00:32 [run_pipeline_persistent] =====

===== PIPELINE RUN START 2026-08-16T11:05:33 [run_pipeline_persistent] =====

===== PIPELINE RUN START 2026-08-16T11:10:34 [run_pipeline_persistent] =====

===== PIPELINE RUN START 2026-08-16T11:15:36 [run_pipeline_persistent] =====

===== PIPELINE RUN START 2026-08-16T11:20:37 [run_pipeline_persistent] =====

===== PIPELINE RUN START 2026-08-16T11:25:38 [run_pipeline_persistent] =====

===== PIPELINE RUN START 2026-08-16T11:30:40 [run_pipeline_persistent] =====
[11:34:02] Summarizer: [Batch] No response from API (attempt 1/3)
[11:34:16] Image_Downloader: Download failed (http://starity.hu/media/cache/article_main/upload/articles/104738/a-sajat-teves-multjaval-vagott-vissza-a-netflix-tyra-banksnek.jpg): 404 Client Error: Not Found for url: https://starity.hu/media/cache/article_main/upload/articles/104738/a-sajat-teves-multjaval-vagott-vissza-a-netflix-tyra-banksnek.jpg

===== PIPELINE RUN START 2026-08-16T11:35:41 [run_pipeline_persistent] =====

--- RSS Fetch Errors at 2026-08-16 11:37:10 ---
Error fetching https://femina.hu/24ora/rss.xml: Failed to perform, curl: (28) Connection timed out after 10002 milliseconds. See https://curl.se/libcurl/c/libcurl-errors.html first for more details.

===== PIPELINE RUN START 2026-08-16T11:40:42 [run_pipeline_persistent] =====

--- RSS Fetch Errors at 2026-08-16 11:42:12 ---
Error fetching https://www.hwsw.hu/xml/latest_news_rss.xml: Failed to perform, curl: (28) Connection timed out after 10002 milliseconds. See https://curl.se/libcurl/c/libcurl-errors.html first for more details.
Error fetching https://index.hu/tudomany/til/rss/: Failed to perform, curl: (28) Connection timed out after 10002 milliseconds. See https://curl.se/libcurl/c/libcurl-errors.html first for more details.
[11:42:39] Image_Downloader: Download failed (https://upload.wikimedia.org/wikipedia/commons/thumb/e/e0/Sid_Wilson_of_Slipknot_at_Rock_on_the_Range_2016.jpg/800px-Sid_Wilson_of_Slipknot_at_Rock_on_the_Range_2016.jpg): 400 Client Error: Use thumbnail sizes listed on https://w.wiki/GHai for url: https://upload.wikimedia.org/wikipedia/commons/thumb/e/e0/Sid_Wilson_of_Slipknot_at_Rock_on_the_Range_2016.jpg/800px-Sid_Wilson_of_Slipknot_at_Rock_on_the_Range_2016.jpg

===== PIPELINE RUN START 2026-08-16T11:45:43 [run_pipeline_persistent] =====

--- RSS Fetch Errors at 2026-08-16 11:48:19 ---
Error fetching https://www.maxim.com/feed: Failed to perform, curl: (28) Connection timed out after 10002 milliseconds. See https://curl.se/libcurl/c/libcurl-errors.html first for more details.

===== PIPELINE RUN START 2026-08-16T11:50:44 [run_pipeline_persistent] =====

--- RSS Fetch Errors at 2026-08-16 11:52:33 ---
Error fetching https://travelmagazin.hu/feed: Failed to perform, curl: (28) Resolving timed out after 10000 milliseconds. See https://curl.se/libcurl/c/libcurl-errors.html first for more details.

===== PIPELINE RUN START 2026-08-16T11:55:45 [run_pipeline_persistent] =====

--- RSS Fetch Errors at 2026-08-16 11:57:22 ---
Error fetching https://www.maxim.com/feed: Failed to perform, curl: (28) Connection timed out after 10001 milliseconds. See https://curl.se/libcurl/c/libcurl-errors.html first for more details.
Error fetching https://starity.hu/magazin/rss/: Failed to perform, curl: (28) Connection timed out after 10001 milliseconds. See https://curl.se/libcurl/c/libcurl-errors.html first for more details.
Error fetching https://index.hu/tudomany/til/rss/: Failed to perform, curl: (28) Connection timed out after 10001 milliseconds. See https://curl.se/libcurl/c/libcurl-errors.html first for more details.
Error fetching https://www.playboy.com/read/classics/feed: Failed to perform, curl: (28) Connection timed out after 10002 milliseconds. See https://curl.se/libcurl/c/libcurl-errors.html first for more details.

===== PIPELINE RUN START 2026-08-16T12:00:46 [run_pipeline_persistent] =====

--- RSS Fetch Errors at 2026-08-16 12:02:13 ---
Error fetching https://femina.hu/24ora/rss.xml: Failed to perform, curl: (28) Connection timed out after 10001 milliseconds. See https://curl.se/libcurl/c/libcurl-errors.html first for more details.

===== PIPELINE RUN START 2026-08-16T12:05:47 [run_pipeline_persistent] =====

--- RSS Fetch Errors at 2026-08-16 12:07:19 ---
Error fetching https://www.hwsw.hu/xml/latest_news_rss.xml: Failed to perform, curl: (28) Connection timed out after 10002 milliseconds. See https://curl.se/libcurl/c/libcurl-errors.html first for more details.
Error fetching https://player.hu/feed: Failed to perform, curl: (28) Connection timed out after 10002 milliseconds. See https://curl.se/libcurl/c/libcurl-errors.html first for more details.

===== PIPELINE RUN START 2026-08-16T12:10:49 [run_pipeline_persistent] =====

===== PIPELINE RUN START 2026-08-16T12:15:50 [run_pipeline_persistent] =====

--- RSS Fetch Errors at 2026-08-16 12:17:21 ---
Error fetching https://www.maxim.com/feed: Failed to perform, curl: (28) Operation timed out after 25002 milliseconds with 0 bytes received. See https://curl.se/libcurl/c/libcurl-errors.html first for more details.

===== PIPELINE RUN START 2026-08-16T12:20:51 [run_pipeline_persistent] =====

--- RSS Fetch Errors at 2026-08-16 12:22:35 ---
Error fetching https://sorozatjunkie.hu/feed: Failed to perform, curl: (28) Connection timed out after 10000 milliseconds. See https://curl.se/libcurl/c/libcurl-errors.html first for more details.
Error fetching https://www.playboy.com/read/sex-relationships/feed: Failed to perform, curl: (28) Connection timed out after 10002 milliseconds. See https://curl.se/libcurl/c/libcurl-errors.html first for more details.
Error fetching https://sokszinuvidek.24.hu/feed/: Failed to perform, curl: (28) Connection timed out after 10000 milliseconds. See https://curl.se/libcurl/c/libcurl-errors.html first for more details.
[12:23:14] Summarizer: [Batch] No response from API (attempt 1/3)

===== PIPELINE RUN START 2026-08-16T12:25:52 [run_pipeline_persistent] =====

===== PIPELINE RUN START 2026-08-16T12:30:54 [run_pipeline_persistent] =====

===== PIPELINE RUN START 2026-08-16T12:50:00 [run_pipeline_persistent] =====

===== PIPELINE RUN START 2026-08-16T13:03:35 [run_pipeline_persistent] =====
[13:04:29] Summarizer: [DownloadWorker-8] SKIP (duplicate title): A nagybeteg Bruce Willis is ott volt a l...
[13:06:09] Summarizer: [Batch] No response from API (attempt 1/3)

===== PIPELINE RUN START 2026-08-16T13:08:35 [run_pipeline_persistent] =====

--- RSS Fetch Errors at 2026-08-16 13:09:59 ---
Error fetching https://prog.hu/hirek/rss: Failed to perform, curl: (28) Resolving timed out after 10001 milliseconds. See https://curl.se/libcurl/c/libcurl-errors.html first for more details.
Error fetching https://www.hwsw.hu/xml/latest_news_rss.xml: Failed to perform, curl: (28) Connection timed out after 10002 milliseconds. See https://curl.se/libcurl/c/libcurl-errors.html first for more details.

===== PIPELINE RUN START 2026-08-16T13:13:35 [run_pipeline_persistent] =====

===== PIPELINE RUN START 2026-08-16T13:18:35 [run_pipeline_persistent] =====

--- RSS Fetch Errors at 2026-08-16 13:20:01 ---
Error fetching https://firstclass.hu/feed: Failed to perform, curl: (28) Resolving timed out after 10002 milliseconds. See https://curl.se/libcurl/c/libcurl-errors.html first for more details.
Error fetching https://index.hu/tudomany/til/rss/: Failed to perform, curl: (28) Connection timed out after 10002 milliseconds. See https://curl.se/libcurl/c/libcurl-errors.html first for more details.

===== PIPELINE RUN START 2026-08-16T13:23:35 [run_pipeline_persistent] =====

===== PIPELINE RUN START 2026-08-16T13:28:35 [run_pipeline_persistent] =====

===== PIPELINE RUN START 2026-08-16T13:33:35 [run_pipeline_persistent] =====

===== PIPELINE RUN START 2026-08-16T13:38:35 [run_pipeline_persistent] =====

===== PIPELINE RUN START 2026-08-16T13:43:35 [run_pipeline_persistent] =====

===== PIPELINE RUN START 2026-08-16T13:48:35 [run_pipeline_persistent] =====

--- RSS Fetch Errors at 2026-08-16 13:50:27 ---
Error fetching https://femina.hu/24ora/rss.xml: Failed to perform, curl: (28) Connection timed out after 10002 milliseconds. See https://curl.se/libcurl/c/libcurl-errors.html first for more details.
Error fetching https://roadster.hu/feed: Failed to perform, curl: (28) Connection timed out after 10002 milliseconds. See https://curl.se/libcurl/c/libcurl-errors.html first for more details.

===== PIPELINE RUN START 2026-08-16T13:53:36 [run_pipeline_persistent] =====

--- RSS Fetch Errors at 2026-08-16 13:55:00 ---
Error fetching https://aihirfolyam.hu/feed: Failed to perform, curl: (28) Connection timed out after 10002 milliseconds. See https://curl.se/libcurl/c/libcurl-errors.html first for more details.
Error fetching https://www.hwsw.hu/xml/latest_news_rss.xml: Failed to perform, curl: (28) Connection timed out after 10001 milliseconds. See https://curl.se/libcurl/c/libcurl-errors.html first for more details.
Error fetching https://starity.hu/magazin/rss/: Failed to perform, curl: (28) Connection timed out after 10002 milliseconds. See https://curl.se/libcurl/c/libcurl-errors.html first for more details.

===== PIPELINE RUN START 2026-08-16T13:58:36 [run_pipeline_persistent] =====

===== PIPELINE RUN START 2026-08-16T14:03:36 [run_pipeline_persistent] =====

===== PIPELINE RUN START 2026-08-16T14:08:36 [run_pipeline_persistent] =====
[14:09:30] Summarizer: [DownloadWorker-2] SKIP (duplicate title): A Sárkányok háza sárkányáról neveztek el...

===== PIPELINE RUN START 2026-08-16T14:13:36 [run_pipeline_persistent] =====

===== PIPELINE RUN START 2026-08-16T14:18:36 [run_pipeline_persistent] =====

--- RSS Fetch Errors at 2026-08-16 14:20:40 ---
Error fetching https://www.economx.hu/feed: Failed to perform, curl: (28) Connection timed out after 10003 milliseconds. See https://curl.se/libcurl/c/libcurl-errors.html first for more details.
Error fetching https://starity.hu/magazin/rss/: Failed to perform, curl: (28) Connection timed out after 10003 milliseconds. See https://curl.se/libcurl/c/libcurl-errors.html first for more details.
Error fetching https://www.hwsw.hu/xml/latest_news_rss.xml: Failed to perform, curl: (28) Connection timed out after 10003 milliseconds. See https://curl.se/libcurl/c/libcurl-errors.html first for more details.
Error fetching https://roadster.hu/feed: Failed to perform, curl: (28) Connection timed out after 10003 milliseconds. See https://curl.se/libcurl/c/libcurl-errors.html first for more details.

===== PIPELINE RUN START 2026-08-16T14:23:36 [run_pipeline_persistent] =====

===== PIPELINE RUN START 2026-08-16T14:28:36 [run_pipeline_persistent] =====

===== PIPELINE RUN START 2026-08-16T14:33:37 [run_pipeline_persistent] =====
[14:36:22] Summarizer: [Batch] No response from API (attempt 1/3)

===== PIPELINE RUN START 2026-08-16T14:38:37 [run_pipeline_persistent] =====

--- RSS Fetch Errors at 2026-08-16 14:39:59 ---
Error fetching https://index.hu/tudomany/til/rss/: Failed to perform, curl: (28) Connection timed out after 10003 milliseconds. See https://curl.se/libcurl/c/libcurl-errors.html first for more details.

===== PIPELINE RUN START 2026-08-16T14:43:37 [run_pipeline_persistent] =====

===== PIPELINE RUN START 2026-08-16T14:48:37 [run_pipeline_persistent] =====

===== PIPELINE RUN START 2026-08-16T14:53:37 [run_pipeline_persistent] =====

--- RSS Fetch Errors at 2026-08-16 14:55:01 ---
Error fetching https://www.economx.hu/feed: Failed to perform, curl: (28) Connection timed out after 10002 milliseconds. See https://curl.se/libcurl/c/libcurl-errors.html first for more details.
Error fetching https://aihirfolyam.hu/feed: Failed to perform, curl: (28) Connection timed out after 10003 milliseconds. See https://curl.se/libcurl/c/libcurl-errors.html first for more details.
Error fetching https://www.hwsw.hu/xml/latest_news_rss.xml: Failed to perform, curl: (28) Connection timed out after 10003 milliseconds. See https://curl.se/libcurl/c/libcurl-errors.html first for more details.

===== PIPELINE RUN START 2026-08-16T14:58:37 [run_pipeline_persistent] =====

===== PIPELINE RUN START 2026-08-16T15:03:38 [run_pipeline_persistent] =====

===== PIPELINE RUN START 2026-08-16T15:08:38 [run_pipeline_persistent] =====

===== PIPELINE RUN START 2026-08-16T15:13:38 [run_pipeline_persistent] =====

--- RSS Fetch Errors at 2026-08-16 15:15:29 ---
Error fetching https://www.vice.com/feed/: HTTP Error 404: 

===== PIPELINE RUN START 2026-08-16T15:18:38 [run_pipeline_persistent] =====

--- RSS Fetch Errors at 2026-08-16 15:20:04 ---
Error fetching https://index.hu/tudomany/til/rss/: Failed to perform, curl: (28) Connection timed out after 10003 milliseconds. See https://curl.se/libcurl/c/libcurl-errors.html first for more details.
Error fetching https://sokszinuvidek.24.hu/feed/: Failed to perform, curl: (28) Connection timed out after 10003 milliseconds. See https://curl.se/libcurl/c/libcurl-errors.html first for more details.

===== PIPELINE RUN START 2026-08-16T15:23:38 [run_pipeline_persistent] =====

--- RSS Fetch Errors at 2026-08-16 15:25:11 ---
Error fetching https://www.economx.hu/feed: Failed to perform, curl: (28) Connection timed out after 10002 milliseconds. See https://curl.se/libcurl/c/libcurl-errors.html first for more details.
Error fetching https://www.maxim.com/feed: Failed to perform, curl: (28) Connection timed out after 10002 milliseconds. See https://curl.se/libcurl/c/libcurl-errors.html first for more details.

===== PIPELINE RUN START 2026-08-16T15:28:38 [run_pipeline_persistent] =====

===== PIPELINE RUN START 2026-08-16T15:33:39 [run_pipeline_persistent] =====

--- RSS Fetch Errors at 2026-08-16 15:35:18 ---
Error fetching https://aihirfolyam.hu/feed: Failed to perform, curl: (28) Connection timed out after 10001 milliseconds. See https://curl.se/libcurl/c/libcurl-errors.html first for more details.
Error fetching https://sorozatjunkie.hu/feed: Failed to perform, curl: (28) Connection timed out after 10002 milliseconds. See https://curl.se/libcurl/c/libcurl-errors.html first for more details.
[15:35:44] Image_Downloader: Download failed (https://img.444.hu/2026/08/16/vindics-toth-lili-ezustermes-szabo-nora-negyedik-maratonon): 404 Client Error: Not Found for url: https://img.444.hu/2026/08/16/vindics-toth-lili-ezustermes-szabo-nora-negyedik-maratonon

===== PIPELINE RUN START 2026-08-16T15:38:39 [run_pipeline_persistent] =====

--- RSS Fetch Errors at 2026-08-16 15:40:15 ---
Error fetching https://www.playboy.com/read/sex-relationships/feed: Failed to perform, curl: (28) Connection timed out after 10003 milliseconds. See https://curl.se/libcurl/c/libcurl-errors.html first for more details.

===== PIPELINE RUN START 2026-08-16T15:43:39 [run_pipeline_persistent] =====

--- RSS Fetch Errors at 2026-08-16 15:45:12 ---
Error fetching https://aihirfolyam.hu/feed: Failed to perform, curl: (28) Connection timed out after 10003 milliseconds. See https://curl.se/libcurl/c/libcurl-errors.html first for more details.
Error fetching https://www.maxim.com/feed: Failed to perform, curl: (28) Connection timed out after 10002 milliseconds. See https://curl.se/libcurl/c/libcurl-errors.html first for more details.
Error fetching https://player.hu/feed: Failed to perform, curl: (28) Connection timed out after 10003 milliseconds. See https://curl.se/libcurl/c/libcurl-errors.html first for more details.

===== PIPELINE RUN START 2026-08-16T15:48:39 [run_pipeline_persistent] =====

===== PIPELINE RUN START 2026-08-16T15:53:39 [run_pipeline_persistent] =====

===== PIPELINE RUN START 2026-08-16T15:58:40 [run_pipeline_persistent] =====

--- RSS Fetch Errors at 2026-08-16 16:00:23 ---
Error fetching https://www.economx.hu/feed: Failed to perform, curl: (28) Connection timed out after 10003 milliseconds. See https://curl.se/libcurl/c/libcurl-errors.html first for more details.
Error fetching https://player.hu/feed: Failed to perform, curl: (28) Connection timed out after 10003 milliseconds. See https://curl.se/libcurl/c/libcurl-errors.html first for more details.
Error fetching https://azutazo.hu/feed: Failed to perform, curl: (28) Connection timed out after 10002 milliseconds. See https://curl.se/libcurl/c/libcurl-errors.html first for more details.

===== PIPELINE RUN START 2026-08-16T16:03:40 [run_pipeline_persistent] =====

===== PIPELINE RUN START 2026-08-16T16:08:40 [run_pipeline_persistent] =====

===== PIPELINE RUN START 2026-08-16T16:13:40 [run_pipeline_persistent] =====

===== PIPELINE RUN START 2026-08-16T16:18:40 [run_pipeline_persistent] =====

--- RSS Fetch Errors at 2026-08-16 16:20:11 ---
Error fetching https://www.hwsw.hu/xml/latest_news_rss.xml: Failed to perform, curl: (28) Connection timed out after 10003 milliseconds. See https://curl.se/libcurl/c/libcurl-errors.html first for more details.

===== PIPELINE RUN START 2026-08-16T16:23:40 [run_pipeline_persistent] =====

--- RSS Fetch Errors at 2026-08-16 16:25:28 ---
Error fetching https://aihirfolyam.hu/feed: Failed to perform, curl: (28) Connection timed out after 10003 milliseconds. See https://curl.se/libcurl/c/libcurl-errors.html first for more details.
Error fetching https://sorozatjunkie.hu/feed: Failed to perform, curl: (28) Connection timed out after 10004 milliseconds. See https://curl.se/libcurl/c/libcurl-errors.html first for more details.
Error fetching https://index.hu/tudomany/til/rss/: Failed to perform, curl: (28) Connection timed out after 10003 milliseconds. See https://curl.se/libcurl/c/libcurl-errors.html first for more details.
Error fetching https://sokszinuvidek.24.hu/feed/: Failed to perform, curl: (28) Connection timed out after 10001 milliseconds. See https://curl.se/libcurl/c/libcurl-errors.html first for more details.

===== PIPELINE RUN START 2026-08-16T16:28:41 [run_pipeline_persistent] =====

--- RSS Fetch Errors at 2026-08-16 16:30:14 ---
Error fetching https://femina.hu/24ora/rss.xml: Failed to perform, curl: (28) Connection timed out after 10003 milliseconds. See https://curl.se/libcurl/c/libcurl-errors.html first for more details.
Error fetching https://starity.hu/magazin/rss/: Failed to perform, curl: (28) Connection timed out after 10002 milliseconds. See https://curl.se/libcurl/c/libcurl-errors.html first for more details.

===== PIPELINE RUN START 2026-08-16T16:33:41 [run_pipeline_persistent] =====

--- RSS Fetch Errors at 2026-08-16 16:35:14 ---
Error fetching https://aihirfolyam.hu/feed: Failed to perform, curl: (28) Connection timed out after 10002 milliseconds. See https://curl.se/libcurl/c/libcurl-errors.html first for more details.
Error fetching https://www.maxim.com/feed: Failed to perform, curl: (28) Connection timed out after 10001 milliseconds. See https://curl.se/libcurl/c/libcurl-errors.html first for more details.
Error fetching https://www.hwsw.hu/xml/latest_news_rss.xml: Failed to perform, curl: (28) Connection timed out after 10002 milliseconds. See https://curl.se/libcurl/c/libcurl-errors.html first for more details.

===== PIPELINE RUN START 2026-08-16T16:38:41 [run_pipeline_persistent] =====

--- RSS Fetch Errors at 2026-08-16 16:41:16 ---
Error fetching https://femina.hu/24ora/rss.xml: Failed to perform, curl: (28) Operation timed out after 25000 milliseconds with 0 bytes received. See https://curl.se/libcurl/c/libcurl-errors.html first for more details.
[16:41:38] Summarizer: [DownloadWorker-3] SKIP (duplicate title): Supergirl (film, 2026) | Kritikák, videó...
[16:41:48] Summarizer: [DownloadWorker-5] SKIP (duplicate title): A Velázquez-rejtély (film, 2025) | Kriti...
[16:41:50] Summarizer: [DownloadWorker-6] SKIP (duplicate title): 72 óra (film, 2026) | Kritikák, videók, ...
[16:41:56] Summarizer: [DownloadWorker-8] SKIP (duplicate title): Testépítők (film, 2018) | Kritikák, vide...
[16:42:00] Summarizer: [DownloadWorker-7] SKIP (duplicate title): Kétség (film, 2026) | Kritikák, videók, ...

===== PIPELINE RUN START 2026-08-16T16:43:41 [run_pipeline_persistent] =====

===== PIPELINE RUN START 2026-08-16T16:48:41 [run_pipeline_persistent] =====

--- RSS Fetch Errors at 2026-08-16 16:50:24 ---
Error fetching https://sokszinuvidek.24.hu/feed/: Failed to perform, curl: (28) Connection timed out after 10002 milliseconds. See https://curl.se/libcurl/c/libcurl-errors.html first for more details.
Error fetching https://www.hwsw.hu/xml/latest_news_rss.xml: Failed to perform, curl: (28) Operation timed out after 25002 milliseconds with 0 bytes received. See https://curl.se/libcurl/c/libcurl-errors.html first for more details.

===== PIPELINE RUN START 2026-08-16T16:53:41 [run_pipeline_persistent] =====

===== PIPELINE RUN START 2026-08-16T16:58:41 [run_pipeline_persistent] =====

--- RSS Fetch Errors at 2026-08-16 17:00:11 ---
Error fetching https://www.economx.hu/feed: Failed to perform, curl: (28) Connection timed out after 10002 milliseconds. See https://curl.se/libcurl/c/libcurl-errors.html first for more details.
Error fetching https://www.hwsw.hu/xml/latest_news_rss.xml: Failed to perform, curl: (28) Connection timed out after 10002 milliseconds. See https://curl.se/libcurl/c/libcurl-errors.html first for more details.
Error fetching https://www.playboy.com/read/celebrities/feed: Failed to perform, curl: (28) Connection timed out after 10002 milliseconds. See https://curl.se/libcurl/c/libcurl-errors.html first for more details.
Error fetching https://sokszinuvidek.24.hu/feed/: Failed to perform, curl: (28) Connection timed out after 10002 milliseconds. See https://curl.se/libcurl/c/libcurl-errors.html first for more details.

===== PIPELINE RUN START 2026-08-16T17:03:41 [run_pipeline_persistent] =====
[17:08:53] Summarizer: [DownloadWorker-3] SKIP (duplicate title): Too Many Requests (429)...
[17:08:57] Summarizer: [DownloadWorker-8] SKIP (duplicate title): Too Many Requests (429)...

===== PIPELINE RUN START 2026-08-16T17:10:33 [run_pipeline_persistent] =====

--- RSS Fetch Errors at 2026-08-16 17:11:33 ---
Error fetching https://totalcar.hu/24ora/rss/: Failed to perform, curl: (35) TLS connect error: error:00000000:invalid library (0):OPENSSL_internal:invalid library (0). See https://curl.se/libcurl/c/libcurl-errors.html first for more details.
Error fetching https://totalcar.hu/feed: Failed to perform, curl: (35) TLS connect error: error:00000000:invalid library (0):OPENSSL_internal:invalid library (0). See https://curl.se/libcurl/c/libcurl-errors.html first for more details.
Error fetching https://femina.hu/24ora/rss.xml: Failed to perform, curl: (35) TLS connect error: error:00000000:invalid library (0):OPENSSL_internal:invalid library (0). See https://curl.se/libcurl/c/libcurl-errors.html first for more details.
Error fetching https://index.hu/tudomany/til/rss/: Failed to perform, curl: (35) TLS connect error: error:00000000:invalid library (0):OPENSSL_internal:invalid library (0). See https://curl.se/libcurl/c/libcurl-errors.html first for more details.

===== PIPELINE RUN START 2026-08-16T17:15:33 [run_pipeline_persistent] =====

===== PIPELINE RUN START 2026-08-16T17:20:33 [run_pipeline_persistent] =====

===== PIPELINE RUN START 2026-08-16T17:25:33 [run_pipeline_persistent] =====

===== PIPELINE RUN START 2026-08-16T17:30:33 [run_pipeline_persistent] =====

===== PIPELINE RUN START 2026-08-16T17:35:33 [run_pipeline_persistent] =====

===== PIPELINE RUN START 2026-08-16T17:40:33 [run_pipeline_persistent] =====

===== PIPELINE RUN START 2026-08-16T17:45:33 [run_pipeline_persistent] =====

===== PIPELINE RUN START 2026-08-16T17:50:33 [run_pipeline_persistent] =====

===== PIPELINE RUN START 2026-08-16T17:55:33 [run_pipeline_persistent] =====

===== PIPELINE RUN START 2026-08-16T18:00:33 [run_pipeline_persistent] =====

===== PIPELINE RUN START 2026-08-16T18:05:33 [run_pipeline_persistent] =====
[18:07:37] Summarizer: [MissingDetector] ⚠️ PAIRING FAIL: 'https://www.penzcentrum.hu/kviz/20260816/kviz-sokan-rosszul-hasznaljak-ezeket-a-latin-kifejezéseket-tudod-mit-jelent-a-vice-versa-alter-ego-et-cetera-1203731' not found. KEEPING ITEM (Fallback).
[18:07:37] Summarizer: [Batch] 2 item(s) missing from response → marked for reprocessing
[18:07:37] Summarizer: [FreeGeminiAPI_1] ⚠️ PAIRING FAIL: 'https://www.penzcentrum.hu/kviz/20260816/kviz-sokan-rosszul-hasznaljak-ezeket-a-latin-kifejezéseket-tudod-mit-jelent-a-vice-versa-alter-ego-et-cetera-1203731' not found. KEEPING ITEM (Fallback).
[18:08:33] Summarizer: Reprocessing 1 pairing failures from data.json

===== PIPELINE RUN START 2026-08-16T18:10:34 [run_pipeline_persistent] =====

--- RSS Fetch Errors at 2026-08-16 18:11:25 ---
Error fetching https://prog.hu/hirek/rss: HTTP Error 500: 

===== PIPELINE RUN START 2026-08-16T18:15:34 [run_pipeline_persistent] =====

--- RSS Fetch Errors at 2026-08-16 18:17:08 ---
Error fetching https://www.playboy.com/read/sex-relationships/feed: Failed to perform, curl: (28) Connection timed out after 10002 milliseconds. See https://curl.se/libcurl/c/libcurl-errors.html first for more details.
Error fetching https://index.hu/tudomany/til/rss/: Failed to perform, curl: (28) Connection timed out after 10001 milliseconds. See https://curl.se/libcurl/c/libcurl-errors.html first for more details.

===== PIPELINE RUN START 2026-08-16T18:20:34 [run_pipeline_persistent] =====

--- RSS Fetch Errors at 2026-08-16 18:22:07 ---
Error fetching https://www.playboy.com/read/classics/feed: Failed to perform, curl: (28) Connection timed out after 10002 milliseconds. See https://curl.se/libcurl/c/libcurl-errors.html first for more details.
Error fetching https://wmn.hu/feed/: Failed to perform, curl: (28) Connection timed out after 10001 milliseconds. See https://curl.se/libcurl/c/libcurl-errors.html first for more details.

===== PIPELINE RUN START 2026-08-16T18:25:34 [run_pipeline_persistent] =====
[18:28:22] Summarizer: [Batch] No response from API (attempt 1/3)

===== PIPELINE RUN START 2026-08-16T18:30:34 [run_pipeline_persistent] =====

--- RSS Fetch Errors at 2026-08-16 18:31:33 ---
Error fetching https://prog.hu/hirek/rss: HTTP Error 500: 

===== PIPELINE RUN START 2026-08-16T18:35:34 [run_pipeline_persistent] =====

===== PIPELINE RUN START 2026-08-16T18:40:34 [run_pipeline_persistent] =====

===== PIPELINE RUN START 2026-08-16T18:45:34 [run_pipeline_persistent] =====

===== PIPELINE RUN START 2026-08-16T18:50:34 [run_pipeline_persistent] =====

===== PIPELINE RUN START 2026-08-16T18:55:34 [run_pipeline_persistent] =====

--- RSS Fetch Errors at 2026-08-16 18:56:23 ---
Error fetching https://prog.hu/hirek/rss: HTTP Error 500: 
[18:57:41] Summarizer: [Batch] No response from API (attempt 1/3)

===== PIPELINE RUN START 2026-08-16T19:00:34 [run_pipeline_persistent] =====
[19:02:27] Summarizer: [DownloadWorker-0] SKIP (duplicate title): Az Android 17 új tesztverziójában teljes...

===== PIPELINE RUN START 2026-08-16T19:05:34 [run_pipeline_persistent] =====

===== PIPELINE RUN START 2026-08-16T19:10:35 [run_pipeline_persistent] =====

===== PIPELINE RUN START 2026-08-16T19:15:35 [run_pipeline_persistent] =====

===== PIPELINE RUN START 2026-08-16T19:20:35 [run_pipeline_persistent] =====

===== PIPELINE RUN START 2026-08-16T19:25:35 [run_pipeline_persistent] =====

===== PIPELINE RUN START 2026-08-16T19:30:35 [run_pipeline_persistent] =====

===== PIPELINE RUN START 2026-08-16T19:35:35 [run_pipeline_persistent] =====

===== PIPELINE RUN START 2026-08-16T19:40:35 [run_pipeline_persistent] =====

--- RSS Fetch Errors at 2026-08-16 19:42:06 ---
Error fetching https://www.maxim.com/feed: Failed to perform, curl: (28) Connection timed out after 10001 milliseconds. See https://curl.se/libcurl/c/libcurl-errors.html first for more details.
Error fetching https://index.hu/tudomany/til/rss/: Failed to perform, curl: (28) Connection timed out after 10003 milliseconds. See https://curl.se/libcurl/c/libcurl-errors.html first for more details.

===== PIPELINE RUN START 2026-08-16T19:45:35 [run_pipeline_persistent] =====

--- RSS Fetch Errors at 2026-08-16 19:48:04 ---
Error fetching https://www.playboy.com/read/sex-relationships/feed: Failed to perform, curl: (28) Connection timed out after 10002 milliseconds. See https://curl.se/libcurl/c/libcurl-errors.html first for more details.
Error fetching https://www.playboy.com/read/classics/feed: Failed to perform, curl: (28) Connection timed out after 10001 milliseconds. See https://curl.se/libcurl/c/libcurl-errors.html first for more details.

===== PIPELINE RUN START 2026-08-16T19:50:35 [run_pipeline_persistent] =====

===== PIPELINE RUN START 2026-08-16T19:55:35 [run_pipeline_persistent] =====

--- RSS Fetch Errors at 2026-08-16 19:56:25 ---
Error fetching https://www.hwsw.hu/xml/latest_news_rss.xml: Failed to perform, curl: (7) Failed to connect to www.hwsw.hu port 443 after 2016 ms: Could not connect to server. See https://curl.se/libcurl/c/libcurl-errors.html first for more details.

===== PIPELINE RUN START 2026-08-16T20:00:35 [run_pipeline_persistent] =====

===== PIPELINE RUN START 2026-08-16T20:06:02 [run_pipeline_persistent] =====

===== PIPELINE RUN START 2026-08-16T20:11:02 [run_pipeline_persistent] =====

--- RSS Fetch Errors at 2026-08-16 20:11:56 ---
Error fetching https://prog.hu/hirek/rss: HTTP Error 500: 

===== PIPELINE RUN START 2026-08-16T20:16:02 [run_pipeline_persistent] =====

===== PIPELINE RUN START 2026-08-16T20:21:02 [run_pipeline_persistent] =====

--- RSS Fetch Errors at 2026-08-16 20:21:53 ---
Error fetching https://prog.hu/hirek/rss: HTTP Error 500: 
[20:23:00] Summarizer: [DownloadWorker-1] SKIP (duplicate title): A hét alakítása...

===== PIPELINE RUN START 2026-08-16T20:26:02 [run_pipeline_persistent] =====

--- RSS Fetch Errors at 2026-08-16 20:27:33 ---
Error fetching https://wallstreetzen.com/blog/feed/: Failed to perform, curl: (28) Resolving timed out after 10001 milliseconds. See https://curl.se/libcurl/c/libcurl-errors.html first for more details.
[20:27:39] Summarizer: [DownloadWorker-0] SKIP (duplicate title): The Good, Bad And Ugly From The Packers’...

===== PIPELINE RUN START 2026-08-16T20:31:02 [run_pipeline_persistent] =====

===== PIPELINE RUN START 2026-08-16T20:36:02 [run_pipeline_persistent] =====

--- RSS Fetch Errors at 2026-08-16 20:37:38 ---
Error fetching https://aihirfolyam.hu/feed: Failed to perform, curl: (28) Connection timed out after 10002 milliseconds. See https://curl.se/libcurl/c/libcurl-errors.html first for more details.
Error fetching https://www.hwsw.hu/xml/latest_news_rss.xml: Failed to perform, curl: (28) Connection timed out after 10002 milliseconds. See https://curl.se/libcurl/c/libcurl-errors.html first for more details.
Error fetching https://index.hu/tudomany/til/rss/: Failed to perform, curl: (28) Connection timed out after 10001 milliseconds. See https://curl.se/libcurl/c/libcurl-errors.html first for more details.

===== PIPELINE RUN START 2026-08-16T20:41:02 [run_pipeline_persistent] =====

--- RSS Fetch Errors at 2026-08-16 20:42:45 ---
Error fetching https://azutazo.hu/feed: Failed to perform, curl: (28) Connection timed out after 10002 milliseconds. See https://curl.se/libcurl/c/libcurl-errors.html first for more details.

===== PIPELINE RUN START 2026-08-16T20:46:02 [run_pipeline_persistent] =====

===== PIPELINE RUN START 2026-08-16T20:51:03 [run_pipeline_persistent] =====

===== PIPELINE RUN START 2026-08-16T20:56:03 [run_pipeline_persistent] =====

===== PIPELINE RUN START 2026-08-16T21:01:03 [run_pipeline_persistent] =====

===== PIPELINE RUN START 2026-08-16T21:06:03 [run_pipeline_persistent] =====

===== PIPELINE RUN START 2026-08-16T21:11:03 [run_pipeline_persistent] =====

--- RSS Fetch Errors at 2026-08-16 21:12:20 ---
Error fetching https://www.hwsw.hu/xml/latest_news_rss.xml: Failed to perform, curl: (28) Operation timed out after 25002 milliseconds with 0 bytes received. See https://curl.se/libcurl/c/libcurl-errors.html first for more details.
Error fetching https://www.maxim.com/feed: Failed to perform, curl: (28) Operation timed out after 25002 milliseconds with 0 bytes received. See https://curl.se/libcurl/c/libcurl-errors.html first for more details.

===== PIPELINE RUN START 2026-08-16T21:16:03 [run_pipeline_persistent] =====

--- RSS Fetch Errors at 2026-08-16 21:17:30 ---
Error fetching https://www.vice.com/feed/: HTTP Error 404: 
Error fetching https://index.hu/tudomany/til/rss/: Failed to perform, curl: (28) Connection timed out after 10003 milliseconds. See https://curl.se/libcurl/c/libcurl-errors.html first for more details.

===== PIPELINE RUN START 2026-08-16T21:21:03 [run_pipeline_persistent] =====

===== PIPELINE RUN START 2026-08-16T21:26:03 [run_pipeline_persistent] =====

===== PIPELINE RUN START 2026-08-16T21:31:03 [run_pipeline_persistent] =====

===== PIPELINE RUN START 2026-08-16T21:36:03 [run_pipeline_persistent] =====

--- RSS Fetch Errors at 2026-08-16 21:37:28 ---
Error fetching https://femina.hu/24ora/rss.xml: Failed to perform, curl: (28) Connection timed out after 10002 milliseconds. See https://curl.se/libcurl/c/libcurl-errors.html first for more details.
Error fetching https://index.hu/tudomany/til/rss/: Failed to perform, curl: (28) Connection timed out after 10003 milliseconds. See https://curl.se/libcurl/c/libcurl-errors.html first for more details.
Error fetching https://sokszinuvidek.24.hu/?oembed=true&format=xml&url=https%3A%2F%2Fsokszinuvidek.24.hu%2F: Failed to perform, curl: (28) Connection timed out after 10002 milliseconds. See https://curl.se/libcurl/c/libcurl-errors.html first for more details.
[21:37:32] Summarizer: [DownloadWorker-0] SKIP (duplicate title): A nap legfontosabb hírei – 2026. 08. 16....

===== PIPELINE RUN START 2026-08-16T21:41:04 [run_pipeline_persistent] =====

===== PIPELINE RUN START 2026-08-16T21:46:04 [run_pipeline_persistent] =====

--- RSS Fetch Errors at 2026-08-16 21:47:23 ---
Error fetching https://sorozatjunkie.hu/feed: Failed to perform, curl: (28) Connection timed out after 10002 milliseconds. See https://curl.se/libcurl/c/libcurl-errors.html first for more details.
Error fetching https://index.hu/tudomany/til/rss/: Failed to perform, curl: (28) Connection timed out after 10001 milliseconds. See https://curl.se/libcurl/c/libcurl-errors.html first for more details.

===== PIPELINE RUN START 2026-08-16T21:51:04 [run_pipeline_persistent] =====

--- RSS Fetch Errors at 2026-08-16 21:52:08 ---
Error fetching https://bankless.com/feed: Failed to perform, curl: (28) Connection timed out after 10002 milliseconds. See https://curl.se/libcurl/c/libcurl-errors.html first for more details.

===== PIPELINE RUN START 2026-08-16T21:56:04 [run_pipeline_persistent] =====

===== PIPELINE RUN START 2026-08-16T22:01:04 [run_pipeline_persistent] =====

--- RSS Fetch Errors at 2026-08-16 22:02:24 ---
Error fetching https://www.hwsw.hu/xml/latest_news_rss.xml: Failed to perform, curl: (28) Connection timed out after 10003 milliseconds. See https://curl.se/libcurl/c/libcurl-errors.html first for more details.
Error fetching https://sokszinuvidek.24.hu/feed/: Failed to perform, curl: (28) Connection timed out after 10001 milliseconds. See https://curl.se/libcurl/c/libcurl-errors.html first for more details.

===== PIPELINE RUN START 2026-08-16T22:06:04 [run_pipeline_persistent] =====

===== PIPELINE RUN START 2026-08-16T22:11:04 [run_pipeline_persistent] =====

--- RSS Fetch Errors at 2026-08-16 22:12:16 ---
Error fetching https://www.hwsw.hu/xml/latest_news_rss.xml: Failed to perform, curl: (28) Connection timed out after 10002 milliseconds. See https://curl.se/libcurl/c/libcurl-errors.html first for more details.

===== PIPELINE RUN START 2026-08-16T22:16:04 [run_pipeline_persistent] =====

===== PIPELINE RUN START 2026-08-16T22:21:04 [run_pipeline_persistent] =====

--- RSS Fetch Errors at 2026-08-16 22:22:28 ---
Error fetching https://www.economx.hu/feed: Failed to perform, curl: (28) Connection timed out after 10002 milliseconds. See https://curl.se/libcurl/c/libcurl-errors.html first for more details.

===== PIPELINE RUN START 2026-08-16T22:26:05 [run_pipeline_persistent] =====

===== PIPELINE RUN START 2026-08-16T22:31:05 [run_pipeline_persistent] =====

===== PIPELINE RUN START 2026-08-16T22:36:05 [run_pipeline_persistent] =====

--- RSS Fetch Errors at 2026-08-16 22:37:27 ---
Error fetching https://player.hu/feed: Failed to perform, curl: (28) Operation timed out after 25001 milliseconds with 0 bytes received. See https://curl.se/libcurl/c/libcurl-errors.html first for more details.

===== PIPELINE RUN START 2026-08-16T22:41:05 [run_pipeline_persistent] =====

--- RSS Fetch Errors at 2026-08-16 22:42:09 ---
Error fetching https://index.hu/tudomany/til/rss/: Failed to perform, curl: (28) Connection timed out after 10003 milliseconds. See https://curl.se/libcurl/c/libcurl-errors.html first for more details.

===== PIPELINE RUN START 2026-08-16T22:46:05 [run_pipeline_persistent] =====

--- RSS Fetch Errors at 2026-08-16 22:47:13 ---
Error fetching https://sokszinuvidek.24.hu/feed/: Failed to perform, curl: (28) Connection timed out after 10002 milliseconds. See https://curl.se/libcurl/c/libcurl-errors.html first for more details.

===== PIPELINE RUN START 2026-08-16T22:51:05 [run_pipeline_persistent] =====

===== PIPELINE RUN START 2026-08-16T22:56:05 [run_pipeline_persistent] =====

--- RSS Fetch Errors at 2026-08-16 22:57:17 ---
Error fetching https://index.hu/tudomany/til/rss/: Failed to perform, curl: (28) Connection timed out after 10002 milliseconds. See https://curl.se/libcurl/c/libcurl-errors.html first for more details.

===== PIPELINE RUN START 2026-08-16T23:01:05 [run_pipeline_persistent] =====

--- RSS Fetch Errors at 2026-08-16 23:02:28 ---
Error fetching https://www.economx.hu/feed: Failed to perform, curl: (28) Connection timed out after 10002 milliseconds. See https://curl.se/libcurl/c/libcurl-errors.html first for more details.
Error fetching https://sokszinuvidek.24.hu/?oembed=true&format=xml&url=https%3A%2F%2Fsokszinuvidek.24.hu%2F: Failed to perform, curl: (28) Connection timed out after 10002 milliseconds. See https://curl.se/libcurl/c/libcurl-errors.html first for more details.

===== PIPELINE RUN START 2026-08-16T23:06:05 [run_pipeline_persistent] =====

--- RSS Fetch Errors at 2026-08-16 23:07:23 ---
Error fetching https://sokszinuvidek.24.hu/feed/: Failed to perform, curl: (28) Connection timed out after 10002 milliseconds. See https://curl.se/libcurl/c/libcurl-errors.html first for more details.

===== PIPELINE RUN START 2026-08-16T23:11:06 [run_pipeline_persistent] =====

===== PIPELINE RUN START 2026-08-16T23:16:06 [run_pipeline_persistent] =====

===== PIPELINE RUN START 2026-08-16T23:21:06 [run_pipeline_persistent] =====

--- RSS Fetch Errors at 2026-08-16 23:22:26 ---
Error fetching https://www.economx.hu/feed: Failed to perform, curl: (28) Connection timed out after 10002 milliseconds. See https://curl.se/libcurl/c/libcurl-errors.html first for more details.
Error fetching https://aihirfolyam.hu/feed: Failed to perform, curl: (28) Operation timed out after 25002 milliseconds with 0 bytes received. See https://curl.se/libcurl/c/libcurl-errors.html first for more details.

===== PIPELINE RUN START 2026-08-16T23:26:06 [run_pipeline_persistent] =====

===== PIPELINE RUN START 2026-08-16T23:31:06 [run_pipeline_persistent] =====

--- RSS Fetch Errors at 2026-08-16 23:32:29 ---
Error fetching https://www.hwsw.hu/xml/latest_news_rss.xml: Failed to perform, curl: (28) Connection timed out after 10002 milliseconds. See https://curl.se/libcurl/c/libcurl-errors.html first for more details.
Error fetching https://player.hu/feed: Failed to perform, curl: (28) Connection timed out after 10002 milliseconds. See https://curl.se/libcurl/c/libcurl-errors.html first for more details.

===== PIPELINE RUN START 2026-08-16T23:36:06 [run_pipeline_persistent] =====

===== PIPELINE RUN START 2026-08-16T23:41:06 [run_pipeline_persistent] =====

--- RSS Fetch Errors at 2026-08-16 23:42:13 ---
Error fetching https://www.hwsw.hu/xml/latest_news_rss.xml: Failed to perform, curl: (28) Connection timed out after 10002 milliseconds. See https://curl.se/libcurl/c/libcurl-errors.html first for more details.
Error fetching https://sokszinuvidek.24.hu/feed/: Failed to perform, curl: (28) Connection timed out after 10003 milliseconds. See https://curl.se/libcurl/c/libcurl-errors.html first for more details.

===== PIPELINE RUN START 2026-08-16T23:46:06 [run_pipeline_persistent] =====

===== PIPELINE RUN START 2026-08-16T23:51:06 [run_pipeline_persistent] =====

===== PIPELINE RUN START 2026-08-16T23:56:07 [run_pipeline_persistent] =====

--- RSS Fetch Errors at 2026-08-16 23:57:14 ---
Error fetching https://www.maxim.com/feed: Failed to perform, curl: (28) Connection timed out after 10001 milliseconds. See https://curl.se/libcurl/c/libcurl-errors.html first for more details.
Error fetching https://sokszinuvidek.24.hu/?oembed=true&format=xml&url=https%3A%2F%2Fsokszinuvidek.24.hu%2F: Failed to perform, curl: (28) Connection timed out after 10001 milliseconds. See https://curl.se/libcurl/c/libcurl-errors.html first for more details.
