
===== PIPELINE RUN START 2026-10-07T00:04:51 [run_pipeline_persistent] =====

--- RSS Fetch Errors at 2026-10-07 00:07:29 ---
Error fetching https://techpowerup.com/rss/news: HTTP Error 403: 
Error fetching https://9to5mac.com/feed/: Failed to perform, curl: (7) Failed to connect to 9to5mac.com port 443 after 66 ms: Could not connect to server. See https://curl.se/libcurl/c/libcurl-errors.html first for more details.
Error fetching https://allampapirkalkulator.hu/rss: Failed to perform, curl: (7) Failed to connect to allampapirkalkulator.hu port 443 after 80 ms: Could not connect to server. See https://curl.se/libcurl/c/libcurl-errors.html first for more details.
Error fetching https://fhm.com/feed: Failed to perform, curl: (7) Failed to connect to fhm.com port 443 after 1605 ms: Could not connect to server. See https://curl.se/libcurl/c/libcurl-errors.html first for more details.
Error fetching https://www.thestreet.com/.rss/full/: Failed to perform, curl: (7) Failed to connect to www.thestreet.com port 443 after 5152 ms: Could not connect to server. See https://curl.se/libcurl/c/libcurl-errors.html first for more details.
Error fetching https://offmedia.hu/feed: Failed to perform, curl: (7) Failed to connect to offmedia.hu port 443 after 1604 ms: Could not connect to server. See https://curl.se/libcurl/c/libcurl-errors.html first for more details.
Error fetching https://caravantimes.co.uk/feed: Failed to perform, curl: (7) Failed to connect to caravantimes.co.uk port 443 after 521 ms: Could not connect to server. See https://curl.se/libcurl/c/libcurl-errors.html first for more details.
Error fetching https://firstclass.hu/feed: Failed to perform, curl: (7) Failed to connect to firstclass.hu port 443 after 111 ms: Could not connect to server. See https://curl.se/libcurl/c/libcurl-errors.html first for more details.
Error fetching https://www.tomshardware.com/feeds.xml: Failed to perform, curl: (7) Failed to connect to www.tomshardware.com port 443 after 84 ms: Could not connect to server. See https://curl.se/libcurl/c/libcurl-errors.html first for more details.
Error fetching https://www.koncert.hu/rss/hirek: Failed to perform, curl: (7) Failed to connect to www.koncert.hu port 443 after 525 ms: Could not connect to server. See https://curl.se/libcurl/c/libcurl-errors.html first for more details.
Error fetching https://hetediksor.hu/feed/: Failed to perform, curl: (7) Failed to connect to hetediksor.hu port 443 after 1225 ms: Could not connect to server. See https://curl.se/libcurl/c/libcurl-errors.html first for more details.
Error fetching https://femina.hu/24ora/rss/: Failed to perform, curl: (7) Failed to connect to femina.hu port 443 after 8788 ms: Could not connect to server. See https://curl.se/libcurl/c/libcurl-errors.html first for more details.
Error fetching https://nlc.hu/feed: Failed to perform, curl: (28) Connection timed out after 10003 milliseconds. See https://curl.se/libcurl/c/libcurl-errors.html first for more details.
Error fetching https://travelmagazin.hu/feed: Failed to perform, curl: (28) Connection timed out after 10002 milliseconds. See https://curl.se/libcurl/c/libcurl-errors.html first for more details.
Error fetching https://totalcar.hu/feed: Failed to perform, curl: (28) Connection timed out after 10003 milliseconds. See https://curl.se/libcurl/c/libcurl-errors.html first for more details.
Error fetching https://the-zone.hu/feed: Failed to perform, curl: (28) Connection timed out after 10003 milliseconds. See https://curl.se/libcurl/c/libcurl-errors.html first for more details.
Error fetching https://marieclaire.hu/feed: Failed to perform, curl: (28) Connection timed out after 10003 milliseconds. See https://curl.se/libcurl/c/libcurl-errors.html first for more details.
[00:07:36] Summarizer: [DownloadWorker-3] SKIP (duplicate title): Milk Road...
[00:07:36] Summarizer: [DownloadWorker-9] SKIP (duplicate title): Eseménynaptár - 2026. október 27. (kedd)...
[00:07:40] Summarizer: [DownloadWorker-1] SKIP (duplicate title): Eseménynaptár - 2026. október 30. (pénte...
[00:07:44] Summarizer: [DownloadWorker-3] SKIP (duplicate title): Milk Road...
[00:07:54] Summarizer: [DownloadWorker-0] SKIP (duplicate title): Milk Road...
[00:08:02] Summarizer: [DownloadWorker-4] SKIP (duplicate title): Milk Road...
[00:08:22] Image_Downloader: Download failed (https://images.euronews.com/articles/stories/09/94/18/88/1200x675_cmsv2_572863c9-215a-5afb-ada1-db5e5f97edf6-9941888.jpg): HTTPSConnectionPool(host='images.euronews.com', port=443): Max retries exceeded with url: /articles/stories/09/94/18/88/1200x675_cmsv2_572863c9-215a-5afb-ada1-db5e5f97edf6-9941888.jpg (Caused by NewConnectionError("HTTPSConnection(host='images.euronews.com', port=443): Failed to establish a new connection: [Errno 61] Connection refused"))
[00:08:27] Summarizer: [Batch] 1 item(s) missing from response → marked for reprocessing
