
===== PIPELINE RUN START 2026-09-09T00:03:13 [run_pipeline_persistent] =====

--- RSS Fetch Errors at 2026-09-09 00:08:30 ---
Error fetching https://firstclass.hu/feed: Failed to perform, curl: (7) Failed to connect to firstclass.hu port 443 after 108 ms: Could not connect to server. See https://curl.se/libcurl/c/libcurl-errors.html first for more details.
Error fetching https://fhm.com/feed: Failed to perform, curl: (7) Failed to connect to fhm.com port 443 after 2124 ms: Could not connect to server. See https://curl.se/libcurl/c/libcurl-errors.html first for more details.
Error fetching https://starity.hu/magazin/rss/: Failed to perform, curl: (7) Failed to connect to starity.hu port 443 after 2123 ms: Could not connect to server. See https://curl.se/libcurl/c/libcurl-errors.html first for more details.
Error fetching https://travelmagazin.hu/feed: Failed to perform, curl: (7) Failed to connect to travelmagazin.hu port 443 after 154 ms: Could not connect to server. See https://curl.se/libcurl/c/libcurl-errors.html first for more details.
Error fetching https://caravantimes.co.uk/feed: Failed to perform, curl: (7) Failed to connect to caravantimes.co.uk port 443 after 971 ms: Could not connect to server. See https://curl.se/libcurl/c/libcurl-errors.html first for more details.
Error fetching https://www.penzcentrum.hu/rss/all.xml: Failed to perform, curl: (7) Failed to connect to www.penzcentrum.hu port 443 after 871 ms: Could not connect to server. See https://curl.se/libcurl/c/libcurl-errors.html first for more details.
Error fetching https://androgeek.hu/rss/rss.php: Failed to perform, curl: (7) Failed to connect to androgeek.hu port 443 after 785 ms: Could not connect to server. See https://curl.se/libcurl/c/libcurl-errors.html first for more details.
Error fetching https://www.koncert.hu/rss/hirek: Failed to perform, curl: (7) Failed to connect to www.koncert.hu port 443 after 1976 ms: Could not connect to server. See https://curl.se/libcurl/c/libcurl-errors.html first for more details.
Error fetching https://9to5mac.com/feed/: Failed to perform, curl: (7) Failed to connect to 9to5mac.com port 443 after 646 ms: Could not connect to server. See https://curl.se/libcurl/c/libcurl-errors.html first for more details.
Error fetching https://hetediksor.hu/feed/: Failed to perform, curl: (7) Failed to connect to hetediksor.hu port 443 after 1705 ms: Could not connect to server. See https://curl.se/libcurl/c/libcurl-errors.html first for more details.
Error fetching https://allampapirkalkulator.hu/rss: Failed to perform, curl: (7) Failed to connect to allampapirkalkulator.hu port 443 after 632 ms: Could not connect to server. See https://curl.se/libcurl/c/libcurl-errors.html first for more details.
Error fetching https://hu.euronews.com/rss: Failed to perform, curl: (7) Failed to connect to hu.euronews.com port 443 after 1853 ms: Could not connect to server. See https://curl.se/libcurl/c/libcurl-errors.html first for more details.
Error fetching https://www.tomshardware.com/feeds.xml: Failed to perform, curl: (7) Failed to connect to www.tomshardware.com port 443 after 1091 ms: Could not connect to server. See https://curl.se/libcurl/c/libcurl-errors.html first for more details.
Error fetching https://www.gsplus.hu/hir/a-life-is-strange-dijnyertes-fejlesztoi-a-csod-szelen-allnak-387825.html: Failed to perform, curl: (7) Failed to connect to www.gsplus.hu port 443 after 808 ms: Could not connect to server. See https://curl.se/libcurl/c/libcurl-errors.html first for more details.
Error fetching https://minner.hu/feed/: Failed to perform, curl: (7) Failed to connect to minner.hu port 443 after 743 ms: Could not connect to server. See https://curl.se/libcurl/c/libcurl-errors.html first for more details.
Error fetching https://www.gsplus.hu/hir/11-eves-lett-a-world-of-warships-komoly-ajandekcsomaggal-unnepel-a-wargaming-387818.html: Failed to perform, curl: (7) Failed to connect to www.gsplus.hu port 443 after 2285 ms: Could not connect to server. See https://curl.se/libcurl/c/libcurl-errors.html first for more details.
Error fetching https://www.gsplus.hu/elet/tortenelmi-melypontra-sullyedt-a-duna-vizszintje-budapesten-387833.html: Failed to perform, curl: (7) Failed to connect to www.gsplus.hu port 443 after 2400 ms: Could not connect to server. See https://curl.se/libcurl/c/libcurl-errors.html first for more details.
Error fetching https://www.playboy.com/blog/feed/: Failed to perform, curl: (7) Failed to connect to playboyclub.com port 443 after 2978 ms: Could not connect to server. See https://curl.se/libcurl/c/libcurl-errors.html first for more details.
[00:08:37] Summarizer: [Batch] No response from API (attempt 1/3)
[00:09:02] Summarizer: [Batch] No response from API (attempt 1/3)

===== PIPELINE RUN START 2026-09-09T00:10:42 [run_pipeline_persistent] =====

--- RSS Fetch Errors at 2026-09-09 00:12:02 ---
Error fetching https://index.hu/tudomany/til/rss/: Failed to perform, curl: (28) Connection timed out after 10003 milliseconds. See https://curl.se/libcurl/c/libcurl-errors.html first for more details.
Error fetching https://sokszinuvidek.24.hu/feed/: Failed to perform, curl: (28) Connection timed out after 10002 milliseconds. See https://curl.se/libcurl/c/libcurl-errors.html first for more details.
Error fetching https://www.theguardian.com/europe/rss: Failed to perform, curl: (28) Connection timed out after 10003 milliseconds. See https://curl.se/libcurl/c/libcurl-errors.html first for more details.
[00:12:56] Summarizer: [Batch] No response from API (attempt 1/3)

===== PIPELINE RUN START 2026-09-09T00:15:44 [run_pipeline_persistent] =====
[00:17:17] Summarizer: [Batch] No response from API (attempt 1/3)

===== PIPELINE RUN START 2026-09-09T00:20:45 [run_pipeline_persistent] =====

--- RSS Fetch Errors at 2026-09-09 00:22:36 ---
Error fetching https://tldr.tech/rss: HTTP Error 429: 

===== PIPELINE RUN START 2026-09-09T00:25:46 [run_pipeline_persistent] =====

--- RSS Fetch Errors at 2026-09-09 00:27:09 ---
Error fetching https://faroutmagazine.co.uk/art/feed: Failed to perform, curl: (28) Connection timed out after 10004 milliseconds. See https://curl.se/libcurl/c/libcurl-errors.html first for more details.

===== PIPELINE RUN START 2026-09-09T00:30:46 [run_pipeline_persistent] =====

--- RSS Fetch Errors at 2026-09-09 00:32:35 ---
Error fetching https://tldr.tech/rss: HTTP Error 429: 

===== PIPELINE RUN START 2026-09-09T00:35:47 [run_pipeline_persistent] =====

===== PIPELINE RUN START 2026-09-09T00:40:48 [run_pipeline_persistent] =====

===== PIPELINE RUN START 2026-09-09T00:45:50 [run_pipeline_persistent] =====

===== PIPELINE RUN START 2026-09-09T00:50:53 [run_pipeline_persistent] =====

--- RSS Fetch Errors at 2026-09-09 00:52:38 ---
Error fetching https://tldr.tech/rss: HTTP Error 429: 

===== PIPELINE RUN START 2026-09-09T00:55:55 [run_pipeline_persistent] =====

===== PIPELINE RUN START 2026-09-09T01:00:56 [run_pipeline_persistent] =====

--- RSS Fetch Errors at 2026-09-09 01:02:12 ---
Error fetching https://www.hwsw.hu/xml/latest_news_rss.xml: Failed to perform, curl: (28) Connection timed out after 10001 milliseconds. See https://curl.se/libcurl/c/libcurl-errors.html first for more details.

===== PIPELINE RUN START 2026-09-09T01:05:58 [run_pipeline_persistent] =====

===== PIPELINE RUN START 2026-09-09T01:10:59 [run_pipeline_persistent] =====

===== PIPELINE RUN START 2026-09-09T01:16:00 [run_pipeline_persistent] =====

===== PIPELINE RUN START 2026-09-09T01:21:02 [run_pipeline_persistent] =====

===== PIPELINE RUN START 2026-09-09T01:26:05 [run_pipeline_persistent] =====

===== PIPELINE RUN START 2026-09-09T01:31:07 [run_pipeline_persistent] =====

--- RSS Fetch Errors at 2026-09-09 01:32:21 ---
Error fetching https://tldr.tech/rss: HTTP Error 429: 

===== PIPELINE RUN START 2026-09-09T01:36:08 [run_pipeline_persistent] =====

--- RSS Fetch Errors at 2026-09-09 01:37:51 ---
Error fetching https://tldr.tech/rss: HTTP Error 429: 

===== PIPELINE RUN START 2026-09-09T01:41:09 [run_pipeline_persistent] =====

===== PIPELINE RUN START 2026-09-09T01:46:11 [run_pipeline_persistent] =====

--- RSS Fetch Errors at 2026-09-09 01:47:32 ---
Error fetching https://www.hwsw.hu/xml/latest_news_rss.xml: Failed to perform, curl: (28) Connection timed out after 10002 milliseconds. See https://curl.se/libcurl/c/libcurl-errors.html first for more details.

===== PIPELINE RUN START 2026-09-09T01:51:13 [run_pipeline_persistent] =====

===== PIPELINE RUN START 2026-09-09T01:56:16 [run_pipeline_persistent] =====

--- RSS Fetch Errors at 2026-09-09 01:57:58 ---
Error fetching https://tldr.tech/rss: HTTP Error 429: 

===== PIPELINE RUN START 2026-09-09T02:01:17 [run_pipeline_persistent] =====

--- RSS Fetch Errors at 2026-09-09 02:02:32 ---
Error fetching https://www.hwsw.hu/xml/latest_news_rss.xml: Failed to perform, curl: (28) Connection timed out after 10001 milliseconds. See https://curl.se/libcurl/c/libcurl-errors.html first for more details.

===== PIPELINE RUN START 2026-09-09T02:06:18 [run_pipeline_persistent] =====

===== PIPELINE RUN START 2026-09-09T02:11:20 [run_pipeline_persistent] =====

===== PIPELINE RUN START 2026-09-09T02:16:22 [run_pipeline_persistent] =====

--- RSS Fetch Errors at 2026-09-09 02:17:37 ---
Error fetching https://www.economx.hu/feed: Failed to perform, curl: (28) Connection timed out after 10002 milliseconds. See https://curl.se/libcurl/c/libcurl-errors.html first for more details.
[02:18:34] Summarizer: [Batch] No response from API (attempt 1/3)

===== PIPELINE RUN START 2026-09-09T02:21:23 [run_pipeline_persistent] =====
