
===== PIPELINE RUN START 2026-10-03T00:03:25 [run_pipeline_persistent] =====

--- RSS Fetch Errors at 2026-10-03 00:08:43 ---
Error fetching https://techpowerup.com/rss/news: HTTP Error 403: 
Error fetching https://the-zone.hu/feed: Failed to perform, curl: (7) Failed to connect to the-zone.hu port 443 after 460 ms: Could not connect to server. See https://curl.se/libcurl/c/libcurl-errors.html first for more details.
Error fetching https://nlc.hu/feed: Failed to perform, curl: (7) Failed to connect to nlc.hu port 443 after 472 ms: Could not connect to server. See https://curl.se/libcurl/c/libcurl-errors.html first for more details.
Error fetching https://firstclass.hu/feed: Failed to perform, curl: (7) Failed to connect to firstclass.hu port 443 after 119 ms: Could not connect to server. See https://curl.se/libcurl/c/libcurl-errors.html first for more details.
Error fetching https://caravantimes.co.uk/feed: Failed to perform, curl: (7) Failed to connect to caravantimes.co.uk port 443 after 219 ms: Could not connect to server. See https://curl.se/libcurl/c/libcurl-errors.html first for more details.
Error fetching https://www.koncert.hu/rss/hirek: Failed to perform, curl: (7) Failed to connect to www.koncert.hu port 443 after 94 ms: Could not connect to server. See https://curl.se/libcurl/c/libcurl-errors.html first for more details.
Error fetching https://femina.hu/24ora/rss/: Failed to perform, curl: (7) Failed to connect to femina.hu port 443 after 1922 ms: Could not connect to server. See https://curl.se/libcurl/c/libcurl-errors.html first for more details.
Error fetching https://9to5mac.com/feed/: Failed to perform, curl: (7) Failed to connect to 9to5mac.com port 443 after 71 ms: Could not connect to server. See https://curl.se/libcurl/c/libcurl-errors.html first for more details.
Error fetching https://allampapirkalkulator.hu/rss: Failed to perform, curl: (7) Failed to connect to allampapirkalkulator.hu port 443 after 91 ms: Could not connect to server. See https://curl.se/libcurl/c/libcurl-errors.html first for more details.
Error fetching https://www.gsplus.hu/hir/ea-sports-fc-27-teszt-most-mar-nekunk-is-meg-kell-tanulnunk-focizni-388946.html: Failed to perform, curl: (7) Failed to connect to www.gsplus.hu port 443 after 84 ms: Could not connect to server. See https://curl.se/libcurl/c/libcurl-errors.html first for more details.
Error fetching https://velvet.hu/24ora/rss/: Failed to perform, curl: (28) Connection timed out after 10002 milliseconds. See https://curl.se/libcurl/c/libcurl-errors.html first for more details.
Error fetching https://ng.24.hu/feed: Failed to perform, curl: (7) Failed to connect to ng.24.hu port 443 after 422 ms: Could not connect to server. See https://curl.se/libcurl/c/libcurl-errors.html first for more details.
Error fetching https://funzine.hu/feed: Failed to perform, curl: (7) Failed to connect to funzine.hu port 443 after 441 ms: Could not connect to server. See https://curl.se/libcurl/c/libcurl-errors.html first for more details.
Error fetching https://marieclaire.hu/feed: Failed to perform, curl: (7) Failed to connect to marieclaire.hu port 443 after 503 ms: Could not connect to server. See https://curl.se/libcurl/c/libcurl-errors.html first for more details.
Error fetching https://www.thestreet.com/.rss/full/: Failed to perform, curl: (7) Failed to connect to www.thestreet.com port 443 after 203 ms: Could not connect to server. See https://curl.se/libcurl/c/libcurl-errors.html first for more details.
Error fetching https://www.gsplus.hu/gstv/vegre-megerkezett-az-episode-i-racer-melto-orokose-388967.html: Failed to perform, curl: (7) Failed to connect to www.gsplus.hu port 443 after 68 ms: Could not connect to server. See https://curl.se/libcurl/c/libcurl-errors.html first for more details.
Error fetching https://fhm.com/feed: Failed to perform, curl: (28) Connection timed out after 10003 milliseconds. See https://curl.se/libcurl/c/libcurl-errors.html first for more details.
Error fetching https://totalcar.hu/feed: Failed to perform, curl: (7) Failed to connect to totalcar.hu port 443 after 428 ms: Could not connect to server. See https://curl.se/libcurl/c/libcurl-errors.html first for more details.
Error fetching https://offmedia.hu/feed: Failed to perform, curl: (7) Failed to connect to offmedia.hu port 443 after 487 ms: Could not connect to server. See https://curl.se/libcurl/c/libcurl-errors.html first for more details.
Error fetching https://hetediksor.hu/feed/: Failed to perform, curl: (7) Failed to connect to hetediksor.hu port 443 after 67 ms: Could not connect to server. See https://curl.se/libcurl/c/libcurl-errors.html first for more details.
Error fetching https://hu.euronews.com/rss: Failed to perform, curl: (7) Failed to connect to hu.euronews.com port 443 after 85 ms: Could not connect to server. See https://curl.se/libcurl/c/libcurl-errors.html first for more details.
Error fetching https://travelmagazin.hu/feed: Failed to perform, curl: (7) Failed to connect to travelmagazin.hu port 443 after 196 ms: Could not connect to server. See https://curl.se/libcurl/c/libcurl-errors.html first for more details.
Error fetching https://minner.hu/feed/: Failed to perform, curl: (7) Failed to connect to minner.hu port 443 after 68 ms: Could not connect to server. See https://curl.se/libcurl/c/libcurl-errors.html first for more details.
[00:08:48] Summarizer: [DownloadWorker-1] SKIP (duplicate title): Borsod-Abaúj-Zemplén megye - Programturi...
[00:08:52] Summarizer: [DownloadWorker-7] SKIP (duplicate title): Zala megye - Programturizmus, az élményn...
[00:08:54] Summarizer: [DownloadWorker-6] SKIP (duplicate title): Heves megye - Programturizmus, az élmény...
[00:08:58] Summarizer: [DownloadWorker-3] SKIP (duplicate title): Eseménynaptár - 2026. október 3. (szomba...
